ASxxxx Linker V03.00 + NoICE + sdld,  page 1.
Hexadecimal  [32-Bits]

Area                                    Addr        Size        Decimal Bytes (Attributes)
--------------------------------        ----        ----        ------- ----- ------------
.  .ABS.                            00000000    00000000 =           0. bytes (ABS,CON)

      Value  Global                              Global Defined In Module
      -----  --------------------------------   ------------------------
     00000000  .__.ABS.                           
     00000000  l__BSEG                         
     00000000  l__BSS                          
     00000000  l__CABS                         
     00000000  l__DABS                         
     00000000  l__DATA                         
     00000000  l__HEADER                       
     00000000  l__HEAP                         
     00000000  l__HOME                         
     00000000  l__INITIALIZED                  
     00000000  l__INITIALIZER                  
     00000000  s__CABS                         
     00000000  s__DABS                         
     00000000  s__HEADER                       
     00000000  s__HEADER0                      
     00000000  s__HEADER1                      
     00000000  s__HEADER2                      
     00000000  s__HEADER3                      
     00000000  s__HEADER4                      
     00000000  s__HEADER5                      
     00000000  s__HEADER6                      
     00000000  s__HEADER7                      
     00000000  s__HEADER8                      
     00000001  l__GSFINAL                      
     00000003  l__HEADER0                      
     00000003  l__HEADER2                      
     00000003  l__HEADER3                      
     00000003  l__HEADER4                      
     00000003  l__HEADER5                      
     00000003  l__HEADER6                      
     00000003  l__HEADER7                      
     00000004  l__HEADER1                      
     0000000C  l__HEADER8                      
     0000000F  l__GSINIT                       
     00000200  s__CODE                         
     00001664  l__CODE                         
     00001864  s__GSINIT                       
     00001864  s__HOME                         
     00001864  s__INITIALIZER                  
     00001873  s__GSFINAL                      
     00008000  s__BSEG                         
     00008000  s__BSS                          
     00008000  s__DATA                         
     00008000  s__HEAP                         
     00008000  s__INITIALIZED                  
ASxxxx Linker V03.00 + NoICE + sdld,  page 2.
Hexadecimal  [32-Bits]

Area                                    Addr        Size        Decimal Bytes (Attributes)
--------------------------------        ----        ----        ------- ----- ------------
_CODE                               00000200    00001664 =        5732. bytes (REL,CON)

      Value  Global                              Global Defined In Module
      -----  --------------------------------   ------------------------
     00000200  __clock                            crt0
     00000204  _exit                              crt0
     0000020A  A$aes192_z80_sdcc_O2_binaries/ae   aes192
     0000020A  C$aes192.c$6$0_0$35                aes192
     0000020A  G$putchar$0$0                      aes192
     0000020A  _putchar                           aes192
     0000020B  A$aes192_z80_sdcc_O2_binaries/ae   aes192
     0000020C  A$aes192_z80_sdcc_O2_binaries/ae   aes192
     0000020D  A$aes192_z80_sdcc_O2_binaries/ae   aes192
     0000020E  A$aes192_z80_sdcc_O2_binaries/ae   aes192
     0000020E  C$aes192.c$6$1_0$35                aes192
     0000020E  XG$putchar$0$0                     aes192
     0000020F  A$aes192_z80_sdcc_O2_binaries/ae   aes192
     0000020F  C$aes192.c$36$1_0$37               aes192
     0000020F  Faes192$xt$0$0                     aes192
     00000211  A$aes192_z80_sdcc_O2_binaries/ae   aes192
     00000215  A$aes192_z80_sdcc_O2_binaries/ae   aes192
     00000217  A$aes192_z80_sdcc_O2_binaries/ae   aes192
     00000217  C$aes192.c$37$1_0$37               aes192
     0000021A  A$aes192_z80_sdcc_O2_binaries/ae   aes192
     0000021B  A$aes192_z80_sdcc_O2_binaries/ae   aes192
     0000021C  A$aes192_z80_sdcc_O2_binaries/ae   aes192
     0000021F  A$aes192_z80_sdcc_O2_binaries/ae   aes192
     00000220  A$aes192_z80_sdcc_O2_binaries/ae   aes192
     00000222  A$aes192_z80_sdcc_O2_binaries/ae   aes192
     00000225  A$aes192_z80_sdcc_O2_binaries/ae   aes192
     00000227  A$aes192_z80_sdcc_O2_binaries/ae   aes192
     0000022A  A$aes192_z80_sdcc_O2_binaries/ae   aes192
     0000022B  A$aes192_z80_sdcc_O2_binaries/ae   aes192
     0000022C  A$aes192_z80_sdcc_O2_binaries/ae   aes192
     0000022D  A$aes192_z80_sdcc_O2_binaries/ae   aes192
     0000022E  A$aes192_z80_sdcc_O2_binaries/ae   aes192
     0000022F  A$aes192_z80_sdcc_O2_binaries/ae   aes192
     00000230  A$aes192_z80_sdcc_O2_binaries/ae   aes192
     00000231  A$aes192_z80_sdcc_O2_binaries/ae   aes192
     00000232  A$aes192_z80_sdcc_O2_binaries/ae   aes192
     00000233  A$aes192_z80_sdcc_O2_binaries/ae   aes192
     00000235  A$aes192_z80_sdcc_O2_binaries/ae   aes192
     00000235  C$aes192.c$38$1_0$37               aes192
     00000235  XFaes192$xt$0$0                    aes192
     00000236  Faes192$SBOX$0_0$0                 aes192
     00000336  Faes192$RCON$0_0$0                 aes192
     00000343  A$aes192_z80_sdcc_O2_binaries/ae   aes192
     00000343  C$aes192.c$40$1_0$40               aes192
     00000343  Faes192$SubBytes$0$0               aes192
     00000345  A$aes192_z80_sdcc_O2_binaries/ae   aes192
     00000349  A$aes192_z80_sdcc_O2_binaries/ae   aes192
     0000034B  A$aes192_z80_sdcc_O2_binaries/ae   aes192
     0000034E  A$aes192_z80_sdcc_O2_binaries/ae   aes192
     0000034F  A$aes192_z80_sdcc_O2_binaries/ae   aes192
ASxxxx Linker V03.00 + NoICE + sdld,  page 3.
Hexadecimal  [32-Bits]

Area                                    Addr        Size        Decimal Bytes (Attributes)
--------------------------------        ----        ----        ------- ----- ------------
_CODE                               00000200    00001664 =        5732. bytes (REL,CON)

      Value  Global                              Global Defined In Module
      -----  --------------------------------   ------------------------
     00000351  A$aes192_z80_sdcc_O2_binaries/ae   aes192
     00000352  A$aes192_z80_sdcc_O2_binaries/ae   aes192
     00000353  A$aes192_z80_sdcc_O2_binaries/ae   aes192
     00000354  A$aes192_z80_sdcc_O2_binaries/ae   aes192
     00000355  A$aes192_z80_sdcc_O2_binaries/ae   aes192
     00000357  A$aes192_z80_sdcc_O2_binaries/ae   aes192
     00000359  A$aes192_z80_sdcc_O2_binaries/ae   aes192
     00000359  C$aes192.c$42$2_0$40               aes192
     0000035C  A$aes192_z80_sdcc_O2_binaries/ae   aes192
     0000035D  A$aes192_z80_sdcc_O2_binaries/ae   aes192
     0000035E  A$aes192_z80_sdcc_O2_binaries/ae   aes192
     00000361  A$aes192_z80_sdcc_O2_binaries/ae   aes192
     00000362  A$aes192_z80_sdcc_O2_binaries/ae   aes192
     00000363  A$aes192_z80_sdcc_O2_binaries/ae   aes192
     00000364  A$aes192_z80_sdcc_O2_binaries/ae   aes192
     00000366  A$aes192_z80_sdcc_O2_binaries/ae   aes192
     00000367  A$aes192_z80_sdcc_O2_binaries/ae   aes192
     00000369  A$aes192_z80_sdcc_O2_binaries/ae   aes192
     0000036B  A$aes192_z80_sdcc_O2_binaries/ae   aes192
     0000036C  A$aes192_z80_sdcc_O2_binaries/ae   aes192
     0000036D  A$aes192_z80_sdcc_O2_binaries/ae   aes192
     0000036E  A$aes192_z80_sdcc_O2_binaries/ae   aes192
     0000036E  C$aes192.c$41$2_0$40               aes192
     0000036F  A$aes192_z80_sdcc_O2_binaries/ae   aes192
     00000371  A$aes192_z80_sdcc_O2_binaries/ae   aes192
     00000373  A$aes192_z80_sdcc_O2_binaries/ae   aes192
     00000373  C$aes192.c$43$2_0$40               aes192
     00000373  XFaes192$SubBytes$0$0              aes192
     00000374  A$aes192_z80_sdcc_O2_binaries/ae   aes192
     00000374  C$aes192.c$45$2_0$42               aes192
     00000374  Faes192$ShiftRows$0$0              aes192
     00000376  A$aes192_z80_sdcc_O2_binaries/ae   aes192
     0000037A  A$aes192_z80_sdcc_O2_binaries/ae   aes192
     0000037C  A$aes192_z80_sdcc_O2_binaries/ae   aes192
     0000037F  A$aes192_z80_sdcc_O2_binaries/ae   aes192
     00000380  A$aes192_z80_sdcc_O2_binaries/ae   aes192
     00000381  A$aes192_z80_sdcc_O2_binaries/ae   aes192
     00000381  C$aes192.c$47$1_0$42               aes192
     00000384  A$aes192_z80_sdcc_O2_binaries/ae   aes192
     00000385  A$aes192_z80_sdcc_O2_binaries/ae   aes192
     00000386  A$aes192_z80_sdcc_O2_binaries/ae   aes192
     00000387  A$aes192_z80_sdcc_O2_binaries/ae   aes192
     00000388  A$aes192_z80_sdcc_O2_binaries/ae   aes192
     00000389  A$aes192_z80_sdcc_O2_binaries/ae   aes192
     0000038C  A$aes192_z80_sdcc_O2_binaries/ae   aes192
     0000038F  A$aes192_z80_sdcc_O2_binaries/ae   aes192
     00000390  A$aes192_z80_sdcc_O2_binaries/ae   aes192
     00000393  A$aes192_z80_sdcc_O2_binaries/ae   aes192
     00000395  A$aes192_z80_sdcc_O2_binaries/ae   aes192
     00000396  A$aes192_z80_sdcc_O2_binaries/ae   aes192
     00000396  C$aes192.c$49$1_0$42               aes192
ASxxxx Linker V03.00 + NoICE + sdld,  page 4.
Hexadecimal  [32-Bits]

Area                                    Addr        Size        Decimal Bytes (Attributes)
--------------------------------        ----        ----        ------- ----- ------------
_CODE                               00000200    00001664 =        5732. bytes (REL,CON)

      Value  Global                              Global Defined In Module
      -----  --------------------------------   ------------------------
     00000399  A$aes192_z80_sdcc_O2_binaries/ae   aes192
     0000039C  A$aes192_z80_sdcc_O2_binaries/ae   aes192
     0000039D  A$aes192_z80_sdcc_O2_binaries/ae   aes192
     0000039E  A$aes192_z80_sdcc_O2_binaries/ae   aes192
     0000039F  A$aes192_z80_sdcc_O2_binaries/ae   aes192
     000003A0  A$aes192_z80_sdcc_O2_binaries/ae   aes192
     000003A1  A$aes192_z80_sdcc_O2_binaries/ae   aes192
     000003A2  A$aes192_z80_sdcc_O2_binaries/ae   aes192
     000003A3  A$aes192_z80_sdcc_O2_binaries/ae   aes192
     000003A4  A$aes192_z80_sdcc_O2_binaries/ae   aes192
     000003A5  A$aes192_z80_sdcc_O2_binaries/ae   aes192
     000003A6  A$aes192_z80_sdcc_O2_binaries/ae   aes192
     000003A9  A$aes192_z80_sdcc_O2_binaries/ae   aes192
     000003AB  A$aes192_z80_sdcc_O2_binaries/ae   aes192
     000003AC  A$aes192_z80_sdcc_O2_binaries/ae   aes192
     000003AF  A$aes192_z80_sdcc_O2_binaries/ae   aes192
     000003B1  A$aes192_z80_sdcc_O2_binaries/ae   aes192
     000003B2  A$aes192_z80_sdcc_O2_binaries/ae   aes192
     000003B3  A$aes192_z80_sdcc_O2_binaries/ae   aes192
     000003B4  A$aes192_z80_sdcc_O2_binaries/ae   aes192
     000003B5  A$aes192_z80_sdcc_O2_binaries/ae   aes192
     000003B8  A$aes192_z80_sdcc_O2_binaries/ae   aes192
     000003B9  A$aes192_z80_sdcc_O2_binaries/ae   aes192
     000003BA  A$aes192_z80_sdcc_O2_binaries/ae   aes192
     000003BB  A$aes192_z80_sdcc_O2_binaries/ae   aes192
     000003BC  A$aes192_z80_sdcc_O2_binaries/ae   aes192
     000003BF  A$aes192_z80_sdcc_O2_binaries/ae   aes192
     000003C1  A$aes192_z80_sdcc_O2_binaries/ae   aes192
     000003C2  A$aes192_z80_sdcc_O2_binaries/ae   aes192
     000003C5  A$aes192_z80_sdcc_O2_binaries/ae   aes192
     000003C7  A$aes192_z80_sdcc_O2_binaries/ae   aes192
     000003C8  A$aes192_z80_sdcc_O2_binaries/ae   aes192
     000003C9  A$aes192_z80_sdcc_O2_binaries/ae   aes192
     000003CA  A$aes192_z80_sdcc_O2_binaries/ae   aes192
     000003CB  A$aes192_z80_sdcc_O2_binaries/ae   aes192
     000003CE  A$aes192_z80_sdcc_O2_binaries/ae   aes192
     000003CF  A$aes192_z80_sdcc_O2_binaries/ae   aes192
     000003D0  A$aes192_z80_sdcc_O2_binaries/ae   aes192
     000003D1  A$aes192_z80_sdcc_O2_binaries/ae   aes192
     000003D2  A$aes192_z80_sdcc_O2_binaries/ae   aes192
     000003D5  A$aes192_z80_sdcc_O2_binaries/ae   aes192
     000003D7  A$aes192_z80_sdcc_O2_binaries/ae   aes192
     000003D8  A$aes192_z80_sdcc_O2_binaries/ae   aes192
     000003DB  A$aes192_z80_sdcc_O2_binaries/ae   aes192
     000003DD  A$aes192_z80_sdcc_O2_binaries/ae   aes192
     000003DE  A$aes192_z80_sdcc_O2_binaries/ae   aes192
     000003DF  A$aes192_z80_sdcc_O2_binaries/ae   aes192
     000003E0  A$aes192_z80_sdcc_O2_binaries/ae   aes192
     000003E1  A$aes192_z80_sdcc_O2_binaries/ae   aes192
     000003E2  A$aes192_z80_sdcc_O2_binaries/ae   aes192
     000003E3  A$aes192_z80_sdcc_O2_binaries/ae   aes192
ASxxxx Linker V03.00 + NoICE + sdld,  page 5.
Hexadecimal  [32-Bits]

Area                                    Addr        Size        Decimal Bytes (Attributes)
--------------------------------        ----        ----        ------- ----- ------------
_CODE                               00000200    00001664 =        5732. bytes (REL,CON)

      Value  Global                              Global Defined In Module
      -----  --------------------------------   ------------------------
     000003E3  C$aes192.c$50$1_0$42               aes192
     000003E6  A$aes192_z80_sdcc_O2_binaries/ae   aes192
     000003E9  A$aes192_z80_sdcc_O2_binaries/ae   aes192
     000003EA  A$aes192_z80_sdcc_O2_binaries/ae   aes192
     000003EB  A$aes192_z80_sdcc_O2_binaries/ae   aes192
     000003EC  A$aes192_z80_sdcc_O2_binaries/ae   aes192
     000003ED  A$aes192_z80_sdcc_O2_binaries/ae   aes192
     000003EE  A$aes192_z80_sdcc_O2_binaries/ae   aes192
     000003F1  A$aes192_z80_sdcc_O2_binaries/ae   aes192
     000003F2  A$aes192_z80_sdcc_O2_binaries/ae   aes192
     000003F3  A$aes192_z80_sdcc_O2_binaries/ae   aes192
     000003F4  A$aes192_z80_sdcc_O2_binaries/ae   aes192
     000003F5  A$aes192_z80_sdcc_O2_binaries/ae   aes192
     000003F8  A$aes192_z80_sdcc_O2_binaries/ae   aes192
     000003FA  A$aes192_z80_sdcc_O2_binaries/ae   aes192
     000003FB  A$aes192_z80_sdcc_O2_binaries/ae   aes192
     000003FE  A$aes192_z80_sdcc_O2_binaries/ae   aes192
     00000400  A$aes192_z80_sdcc_O2_binaries/ae   aes192
     00000401  A$aes192_z80_sdcc_O2_binaries/ae   aes192
     00000402  A$aes192_z80_sdcc_O2_binaries/ae   aes192
     00000403  A$aes192_z80_sdcc_O2_binaries/ae   aes192
     00000404  A$aes192_z80_sdcc_O2_binaries/ae   aes192
     00000405  A$aes192_z80_sdcc_O2_binaries/ae   aes192
     00000406  A$aes192_z80_sdcc_O2_binaries/ae   aes192
     00000407  A$aes192_z80_sdcc_O2_binaries/ae   aes192
     0000040A  A$aes192_z80_sdcc_O2_binaries/ae   aes192
     0000040C  A$aes192_z80_sdcc_O2_binaries/ae   aes192
     0000040D  A$aes192_z80_sdcc_O2_binaries/ae   aes192
     00000410  A$aes192_z80_sdcc_O2_binaries/ae   aes192
     00000412  A$aes192_z80_sdcc_O2_binaries/ae   aes192
     00000413  A$aes192_z80_sdcc_O2_binaries/ae   aes192
     00000414  A$aes192_z80_sdcc_O2_binaries/ae   aes192
     00000415  A$aes192_z80_sdcc_O2_binaries/ae   aes192
     00000416  A$aes192_z80_sdcc_O2_binaries/ae   aes192
     00000419  A$aes192_z80_sdcc_O2_binaries/ae   aes192
     0000041A  A$aes192_z80_sdcc_O2_binaries/ae   aes192
     0000041B  A$aes192_z80_sdcc_O2_binaries/ae   aes192
     0000041C  A$aes192_z80_sdcc_O2_binaries/ae   aes192
     0000041D  A$aes192_z80_sdcc_O2_binaries/ae   aes192
     00000420  A$aes192_z80_sdcc_O2_binaries/ae   aes192
     00000422  A$aes192_z80_sdcc_O2_binaries/ae   aes192
     00000423  A$aes192_z80_sdcc_O2_binaries/ae   aes192
     00000426  A$aes192_z80_sdcc_O2_binaries/ae   aes192
     00000428  A$aes192_z80_sdcc_O2_binaries/ae   aes192
     00000429  A$aes192_z80_sdcc_O2_binaries/ae   aes192
     0000042A  A$aes192_z80_sdcc_O2_binaries/ae   aes192
     0000042B  A$aes192_z80_sdcc_O2_binaries/ae   aes192
     0000042C  A$aes192_z80_sdcc_O2_binaries/ae   aes192
     0000042F  A$aes192_z80_sdcc_O2_binaries/ae   aes192
     00000430  A$aes192_z80_sdcc_O2_binaries/ae   aes192
     00000431  A$aes192_z80_sdcc_O2_binaries/ae   aes192
ASxxxx Linker V03.00 + NoICE + sdld,  page 6.
Hexadecimal  [32-Bits]

Area                                    Addr        Size        Decimal Bytes (Attributes)
--------------------------------        ----        ----        ------- ----- ------------
_CODE                               00000200    00001664 =        5732. bytes (REL,CON)

      Value  Global                              Global Defined In Module
      -----  --------------------------------   ------------------------
     00000432  A$aes192_z80_sdcc_O2_binaries/ae   aes192
     00000433  A$aes192_z80_sdcc_O2_binaries/ae   aes192
     00000433  C$aes192.c$51$1_0$42               aes192
     00000436  A$aes192_z80_sdcc_O2_binaries/ae   aes192
     00000439  A$aes192_z80_sdcc_O2_binaries/ae   aes192
     0000043A  A$aes192_z80_sdcc_O2_binaries/ae   aes192
     0000043B  A$aes192_z80_sdcc_O2_binaries/ae   aes192
     0000043C  A$aes192_z80_sdcc_O2_binaries/ae   aes192
     0000043D  A$aes192_z80_sdcc_O2_binaries/ae   aes192
     0000043E  A$aes192_z80_sdcc_O2_binaries/ae   aes192
     0000043F  A$aes192_z80_sdcc_O2_binaries/ae   aes192
     00000442  A$aes192_z80_sdcc_O2_binaries/ae   aes192
     00000443  A$aes192_z80_sdcc_O2_binaries/ae   aes192
     00000444  A$aes192_z80_sdcc_O2_binaries/ae   aes192
     00000445  A$aes192_z80_sdcc_O2_binaries/ae   aes192
     00000446  A$aes192_z80_sdcc_O2_binaries/ae   aes192
     00000449  A$aes192_z80_sdcc_O2_binaries/ae   aes192
     0000044B  A$aes192_z80_sdcc_O2_binaries/ae   aes192
     0000044C  A$aes192_z80_sdcc_O2_binaries/ae   aes192
     0000044F  A$aes192_z80_sdcc_O2_binaries/ae   aes192
     00000451  A$aes192_z80_sdcc_O2_binaries/ae   aes192
     00000452  A$aes192_z80_sdcc_O2_binaries/ae   aes192
     00000453  A$aes192_z80_sdcc_O2_binaries/ae   aes192
     00000454  A$aes192_z80_sdcc_O2_binaries/ae   aes192
     00000455  A$aes192_z80_sdcc_O2_binaries/ae   aes192
     00000456  A$aes192_z80_sdcc_O2_binaries/ae   aes192
     00000457  A$aes192_z80_sdcc_O2_binaries/ae   aes192
     00000458  A$aes192_z80_sdcc_O2_binaries/ae   aes192
     00000459  A$aes192_z80_sdcc_O2_binaries/ae   aes192
     0000045C  A$aes192_z80_sdcc_O2_binaries/ae   aes192
     0000045E  A$aes192_z80_sdcc_O2_binaries/ae   aes192
     0000045F  A$aes192_z80_sdcc_O2_binaries/ae   aes192
     00000462  A$aes192_z80_sdcc_O2_binaries/ae   aes192
     00000464  A$aes192_z80_sdcc_O2_binaries/ae   aes192
     00000465  A$aes192_z80_sdcc_O2_binaries/ae   aes192
     00000466  A$aes192_z80_sdcc_O2_binaries/ae   aes192
     00000467  A$aes192_z80_sdcc_O2_binaries/ae   aes192
     00000468  A$aes192_z80_sdcc_O2_binaries/ae   aes192
     0000046B  A$aes192_z80_sdcc_O2_binaries/ae   aes192
     0000046C  A$aes192_z80_sdcc_O2_binaries/ae   aes192
     0000046D  A$aes192_z80_sdcc_O2_binaries/ae   aes192
     0000046E  A$aes192_z80_sdcc_O2_binaries/ae   aes192
     0000046F  A$aes192_z80_sdcc_O2_binaries/ae   aes192
     00000472  A$aes192_z80_sdcc_O2_binaries/ae   aes192
     00000474  A$aes192_z80_sdcc_O2_binaries/ae   aes192
     00000475  A$aes192_z80_sdcc_O2_binaries/ae   aes192
     00000478  A$aes192_z80_sdcc_O2_binaries/ae   aes192
     0000047A  A$aes192_z80_sdcc_O2_binaries/ae   aes192
     0000047B  A$aes192_z80_sdcc_O2_binaries/ae   aes192
     0000047C  A$aes192_z80_sdcc_O2_binaries/ae   aes192
     0000047D  A$aes192_z80_sdcc_O2_binaries/ae   aes192
ASxxxx Linker V03.00 + NoICE + sdld,  page 7.
Hexadecimal  [32-Bits]

Area                                    Addr        Size        Decimal Bytes (Attributes)
--------------------------------        ----        ----        ------- ----- ------------
_CODE                               00000200    00001664 =        5732. bytes (REL,CON)

      Value  Global                              Global Defined In Module
      -----  --------------------------------   ------------------------
     00000480  A$aes192_z80_sdcc_O2_binaries/ae   aes192
     00000481  A$aes192_z80_sdcc_O2_binaries/ae   aes192
     00000482  A$aes192_z80_sdcc_O2_binaries/ae   aes192
     00000483  A$aes192_z80_sdcc_O2_binaries/ae   aes192
     00000485  A$aes192_z80_sdcc_O2_binaries/ae   aes192
     00000487  A$aes192_z80_sdcc_O2_binaries/ae   aes192
     00000487  C$aes192.c$52$1_0$42               aes192
     00000487  XFaes192$ShiftRows$0$0             aes192
     00000488  A$aes192_z80_sdcc_O2_binaries/ae   aes192
     00000488  C$aes192.c$54$1_0$45               aes192
     00000488  Faes192$MixColumns$0$0             aes192
     0000048A  A$aes192_z80_sdcc_O2_binaries/ae   aes192
     0000048E  A$aes192_z80_sdcc_O2_binaries/ae   aes192
     00000490  A$aes192_z80_sdcc_O2_binaries/ae   aes192
     00000493  A$aes192_z80_sdcc_O2_binaries/ae   aes192
     00000494  A$aes192_z80_sdcc_O2_binaries/ae   aes192
     00000495  A$aes192_z80_sdcc_O2_binaries/ae   aes192
     00000498  A$aes192_z80_sdcc_O2_binaries/ae   aes192
     00000499  A$aes192_z80_sdcc_O2_binaries/ae   aes192
     0000049B  A$aes192_z80_sdcc_O2_binaries/ae   aes192
     0000049C  A$aes192_z80_sdcc_O2_binaries/ae   aes192
     0000049D  A$aes192_z80_sdcc_O2_binaries/ae   aes192
     0000049E  A$aes192_z80_sdcc_O2_binaries/ae   aes192
     0000049F  A$aes192_z80_sdcc_O2_binaries/ae   aes192
     000004A1  A$aes192_z80_sdcc_O2_binaries/ae   aes192
     000004A4  A$aes192_z80_sdcc_O2_binaries/ae   aes192
     000004A4  C$aes192.c$56$3_0$46               aes192
     000004A5  A$aes192_z80_sdcc_O2_binaries/ae   aes192
     000004A6  A$aes192_z80_sdcc_O2_binaries/ae   aes192
     000004A8  A$aes192_z80_sdcc_O2_binaries/ae   aes192
     000004AA  A$aes192_z80_sdcc_O2_binaries/ae   aes192
     000004AC  A$aes192_z80_sdcc_O2_binaries/ae   aes192
     000004AE  A$aes192_z80_sdcc_O2_binaries/ae   aes192
     000004B1  A$aes192_z80_sdcc_O2_binaries/ae   aes192
     000004B2  A$aes192_z80_sdcc_O2_binaries/ae   aes192
     000004B5  A$aes192_z80_sdcc_O2_binaries/ae   aes192
     000004B8  A$aes192_z80_sdcc_O2_binaries/ae   aes192
     000004B9  A$aes192_z80_sdcc_O2_binaries/ae   aes192
     000004BC  A$aes192_z80_sdcc_O2_binaries/ae   aes192
     000004BD  A$aes192_z80_sdcc_O2_binaries/ae   aes192
     000004BE  A$aes192_z80_sdcc_O2_binaries/ae   aes192
     000004BF  A$aes192_z80_sdcc_O2_binaries/ae   aes192
     000004C2  A$aes192_z80_sdcc_O2_binaries/ae   aes192
     000004C5  A$aes192_z80_sdcc_O2_binaries/ae   aes192
     000004C6  A$aes192_z80_sdcc_O2_binaries/ae   aes192
     000004C9  A$aes192_z80_sdcc_O2_binaries/ae   aes192
     000004CC  A$aes192_z80_sdcc_O2_binaries/ae   aes192
     000004CF  A$aes192_z80_sdcc_O2_binaries/ae   aes192
     000004D2  A$aes192_z80_sdcc_O2_binaries/ae   aes192
     000004D5  A$aes192_z80_sdcc_O2_binaries/ae   aes192
     000004D8  A$aes192_z80_sdcc_O2_binaries/ae   aes192
ASxxxx Linker V03.00 + NoICE + sdld,  page 8.
Hexadecimal  [32-Bits]

Area                                    Addr        Size        Decimal Bytes (Attributes)
--------------------------------        ----        ----        ------- ----- ------------
_CODE                               00000200    00001664 =        5732. bytes (REL,CON)

      Value  Global                              Global Defined In Module
      -----  --------------------------------   ------------------------
     000004DB  A$aes192_z80_sdcc_O2_binaries/ae   aes192
     000004DE  A$aes192_z80_sdcc_O2_binaries/ae   aes192
     000004E1  A$aes192_z80_sdcc_O2_binaries/ae   aes192
     000004E4  A$aes192_z80_sdcc_O2_binaries/ae   aes192
     000004E5  A$aes192_z80_sdcc_O2_binaries/ae   aes192
     000004E8  A$aes192_z80_sdcc_O2_binaries/ae   aes192
     000004EB  A$aes192_z80_sdcc_O2_binaries/ae   aes192
     000004EC  A$aes192_z80_sdcc_O2_binaries/ae   aes192
     000004EF  A$aes192_z80_sdcc_O2_binaries/ae   aes192
     000004F2  A$aes192_z80_sdcc_O2_binaries/ae   aes192
     000004F5  A$aes192_z80_sdcc_O2_binaries/ae   aes192
     000004F8  A$aes192_z80_sdcc_O2_binaries/ae   aes192
     000004FB  A$aes192_z80_sdcc_O2_binaries/ae   aes192
     000004FE  A$aes192_z80_sdcc_O2_binaries/ae   aes192
     00000501  A$aes192_z80_sdcc_O2_binaries/ae   aes192
     00000504  A$aes192_z80_sdcc_O2_binaries/ae   aes192
     00000507  A$aes192_z80_sdcc_O2_binaries/ae   aes192
     0000050A  A$aes192_z80_sdcc_O2_binaries/ae   aes192
     0000050B  A$aes192_z80_sdcc_O2_binaries/ae   aes192
     0000050E  A$aes192_z80_sdcc_O2_binaries/ae   aes192
     0000050F  A$aes192_z80_sdcc_O2_binaries/ae   aes192
     00000510  A$aes192_z80_sdcc_O2_binaries/ae   aes192
     00000511  A$aes192_z80_sdcc_O2_binaries/ae   aes192
     00000512  A$aes192_z80_sdcc_O2_binaries/ae   aes192
     00000515  A$aes192_z80_sdcc_O2_binaries/ae   aes192
     00000518  A$aes192_z80_sdcc_O2_binaries/ae   aes192
     00000519  A$aes192_z80_sdcc_O2_binaries/ae   aes192
     0000051C  A$aes192_z80_sdcc_O2_binaries/ae   aes192
     0000051F  A$aes192_z80_sdcc_O2_binaries/ae   aes192
     00000522  A$aes192_z80_sdcc_O2_binaries/ae   aes192
     00000525  A$aes192_z80_sdcc_O2_binaries/ae   aes192
     00000526  A$aes192_z80_sdcc_O2_binaries/ae   aes192
     00000526  C$aes192.c$57$3_0$46               aes192
     00000527  A$aes192_z80_sdcc_O2_binaries/ae   aes192
     00000528  A$aes192_z80_sdcc_O2_binaries/ae   aes192
     0000052B  A$aes192_z80_sdcc_O2_binaries/ae   aes192
     0000052C  A$aes192_z80_sdcc_O2_binaries/ae   aes192
     0000052D  A$aes192_z80_sdcc_O2_binaries/ae   aes192
     00000530  A$aes192_z80_sdcc_O2_binaries/ae   aes192
     00000531  A$aes192_z80_sdcc_O2_binaries/ae   aes192
     00000532  A$aes192_z80_sdcc_O2_binaries/ae   aes192
     00000533  A$aes192_z80_sdcc_O2_binaries/ae   aes192
     00000534  A$aes192_z80_sdcc_O2_binaries/ae   aes192
     00000535  A$aes192_z80_sdcc_O2_binaries/ae   aes192
     00000536  A$aes192_z80_sdcc_O2_binaries/ae   aes192
     00000539  A$aes192_z80_sdcc_O2_binaries/ae   aes192
     0000053A  A$aes192_z80_sdcc_O2_binaries/ae   aes192
     0000053B  A$aes192_z80_sdcc_O2_binaries/ae   aes192
     0000053E  A$aes192_z80_sdcc_O2_binaries/ae   aes192
     0000053F  A$aes192_z80_sdcc_O2_binaries/ae   aes192
     00000540  A$aes192_z80_sdcc_O2_binaries/ae   aes192
ASxxxx Linker V03.00 + NoICE + sdld,  page 9.
Hexadecimal  [32-Bits]

Area                                    Addr        Size        Decimal Bytes (Attributes)
--------------------------------        ----        ----        ------- ----- ------------
_CODE                               00000200    00001664 =        5732. bytes (REL,CON)

      Value  Global                              Global Defined In Module
      -----  --------------------------------   ------------------------
     00000541  A$aes192_z80_sdcc_O2_binaries/ae   aes192
     00000542  A$aes192_z80_sdcc_O2_binaries/ae   aes192
     00000543  A$aes192_z80_sdcc_O2_binaries/ae   aes192
     00000544  A$aes192_z80_sdcc_O2_binaries/ae   aes192
     00000547  A$aes192_z80_sdcc_O2_binaries/ae   aes192
     0000054A  A$aes192_z80_sdcc_O2_binaries/ae   aes192
     0000054B  A$aes192_z80_sdcc_O2_binaries/ae   aes192
     0000054C  A$aes192_z80_sdcc_O2_binaries/ae   aes192
     0000054D  A$aes192_z80_sdcc_O2_binaries/ae   aes192
     0000054E  A$aes192_z80_sdcc_O2_binaries/ae   aes192
     0000054E  C$aes192.c$58$3_0$46               aes192
     0000054F  A$aes192_z80_sdcc_O2_binaries/ae   aes192
     00000550  A$aes192_z80_sdcc_O2_binaries/ae   aes192
     00000553  A$aes192_z80_sdcc_O2_binaries/ae   aes192
     00000554  A$aes192_z80_sdcc_O2_binaries/ae   aes192
     00000555  A$aes192_z80_sdcc_O2_binaries/ae   aes192
     00000558  A$aes192_z80_sdcc_O2_binaries/ae   aes192
     00000559  A$aes192_z80_sdcc_O2_binaries/ae   aes192
     0000055A  A$aes192_z80_sdcc_O2_binaries/ae   aes192
     0000055B  A$aes192_z80_sdcc_O2_binaries/ae   aes192
     0000055C  A$aes192_z80_sdcc_O2_binaries/ae   aes192
     0000055F  A$aes192_z80_sdcc_O2_binaries/ae   aes192
     00000560  A$aes192_z80_sdcc_O2_binaries/ae   aes192
     00000561  A$aes192_z80_sdcc_O2_binaries/ae   aes192
     00000562  A$aes192_z80_sdcc_O2_binaries/ae   aes192
     00000565  A$aes192_z80_sdcc_O2_binaries/ae   aes192
     00000566  A$aes192_z80_sdcc_O2_binaries/ae   aes192
     00000567  A$aes192_z80_sdcc_O2_binaries/ae   aes192
     0000056A  A$aes192_z80_sdcc_O2_binaries/ae   aes192
     0000056B  A$aes192_z80_sdcc_O2_binaries/ae   aes192
     0000056C  A$aes192_z80_sdcc_O2_binaries/ae   aes192
     0000056D  A$aes192_z80_sdcc_O2_binaries/ae   aes192
     0000056E  A$aes192_z80_sdcc_O2_binaries/ae   aes192
     0000056F  A$aes192_z80_sdcc_O2_binaries/ae   aes192
     00000572  A$aes192_z80_sdcc_O2_binaries/ae   aes192
     00000573  A$aes192_z80_sdcc_O2_binaries/ae   aes192
     00000576  A$aes192_z80_sdcc_O2_binaries/ae   aes192
     00000579  A$aes192_z80_sdcc_O2_binaries/ae   aes192
     0000057A  A$aes192_z80_sdcc_O2_binaries/ae   aes192
     0000057A  C$aes192.c$59$3_0$46               aes192
     0000057D  A$aes192_z80_sdcc_O2_binaries/ae   aes192
     00000580  A$aes192_z80_sdcc_O2_binaries/ae   aes192
     00000581  A$aes192_z80_sdcc_O2_binaries/ae   aes192
     00000582  A$aes192_z80_sdcc_O2_binaries/ae   aes192
     00000583  A$aes192_z80_sdcc_O2_binaries/ae   aes192
     00000586  A$aes192_z80_sdcc_O2_binaries/ae   aes192
     00000587  A$aes192_z80_sdcc_O2_binaries/ae   aes192
     00000588  A$aes192_z80_sdcc_O2_binaries/ae   aes192
     0000058B  A$aes192_z80_sdcc_O2_binaries/ae   aes192
     0000058C  A$aes192_z80_sdcc_O2_binaries/ae   aes192
     0000058D  A$aes192_z80_sdcc_O2_binaries/ae   aes192
ASxxxx Linker V03.00 + NoICE + sdld,  page 10.
Hexadecimal  [32-Bits]

Area                                    Addr        Size        Decimal Bytes (Attributes)
--------------------------------        ----        ----        ------- ----- ------------
_CODE                               00000200    00001664 =        5732. bytes (REL,CON)

      Value  Global                              Global Defined In Module
      -----  --------------------------------   ------------------------
     0000058E  A$aes192_z80_sdcc_O2_binaries/ae   aes192
     0000058F  A$aes192_z80_sdcc_O2_binaries/ae   aes192
     00000590  A$aes192_z80_sdcc_O2_binaries/ae   aes192
     00000591  A$aes192_z80_sdcc_O2_binaries/ae   aes192
     00000592  A$aes192_z80_sdcc_O2_binaries/ae   aes192
     00000593  A$aes192_z80_sdcc_O2_binaries/ae   aes192
     00000594  A$aes192_z80_sdcc_O2_binaries/ae   aes192
     00000595  A$aes192_z80_sdcc_O2_binaries/ae   aes192
     00000596  A$aes192_z80_sdcc_O2_binaries/ae   aes192
     00000599  A$aes192_z80_sdcc_O2_binaries/ae   aes192
     0000059A  A$aes192_z80_sdcc_O2_binaries/ae   aes192
     0000059B  A$aes192_z80_sdcc_O2_binaries/ae   aes192
     0000059C  A$aes192_z80_sdcc_O2_binaries/ae   aes192
     0000059D  A$aes192_z80_sdcc_O2_binaries/ae   aes192
     0000059E  A$aes192_z80_sdcc_O2_binaries/ae   aes192
     0000059F  A$aes192_z80_sdcc_O2_binaries/ae   aes192
     000005A2  A$aes192_z80_sdcc_O2_binaries/ae   aes192
     000005A5  A$aes192_z80_sdcc_O2_binaries/ae   aes192
     000005A6  A$aes192_z80_sdcc_O2_binaries/ae   aes192
     000005A6  C$aes192.c$60$3_0$46               aes192
     000005A7  A$aes192_z80_sdcc_O2_binaries/ae   aes192
     000005A8  A$aes192_z80_sdcc_O2_binaries/ae   aes192
     000005AB  A$aes192_z80_sdcc_O2_binaries/ae   aes192
     000005AC  A$aes192_z80_sdcc_O2_binaries/ae   aes192
     000005AD  A$aes192_z80_sdcc_O2_binaries/ae   aes192
     000005B0  A$aes192_z80_sdcc_O2_binaries/ae   aes192
     000005B1  A$aes192_z80_sdcc_O2_binaries/ae   aes192
     000005B2  A$aes192_z80_sdcc_O2_binaries/ae   aes192
     000005B3  A$aes192_z80_sdcc_O2_binaries/ae   aes192
     000005B4  A$aes192_z80_sdcc_O2_binaries/ae   aes192
     000005B7  A$aes192_z80_sdcc_O2_binaries/ae   aes192
     000005BA  A$aes192_z80_sdcc_O2_binaries/ae   aes192
     000005BD  A$aes192_z80_sdcc_O2_binaries/ae   aes192
     000005BE  A$aes192_z80_sdcc_O2_binaries/ae   aes192
     000005BF  A$aes192_z80_sdcc_O2_binaries/ae   aes192
     000005C0  A$aes192_z80_sdcc_O2_binaries/ae   aes192
     000005C1  A$aes192_z80_sdcc_O2_binaries/ae   aes192
     000005C2  A$aes192_z80_sdcc_O2_binaries/ae   aes192
     000005C3  A$aes192_z80_sdcc_O2_binaries/ae   aes192
     000005C6  A$aes192_z80_sdcc_O2_binaries/ae   aes192
     000005C7  A$aes192_z80_sdcc_O2_binaries/ae   aes192
     000005C8  A$aes192_z80_sdcc_O2_binaries/ae   aes192
     000005C9  A$aes192_z80_sdcc_O2_binaries/ae   aes192
     000005CA  A$aes192_z80_sdcc_O2_binaries/ae   aes192
     000005CB  A$aes192_z80_sdcc_O2_binaries/ae   aes192
     000005CE  A$aes192_z80_sdcc_O2_binaries/ae   aes192
     000005D1  A$aes192_z80_sdcc_O2_binaries/ae   aes192
     000005D2  A$aes192_z80_sdcc_O2_binaries/ae   aes192
     000005D2  C$aes192.c$55$2_0$45               aes192
     000005D3  A$aes192_z80_sdcc_O2_binaries/ae   aes192
     000005D6  A$aes192_z80_sdcc_O2_binaries/ae   aes192
ASxxxx Linker V03.00 + NoICE + sdld,  page 11.
Hexadecimal  [32-Bits]

Area                                    Addr        Size        Decimal Bytes (Attributes)
--------------------------------        ----        ----        ------- ----- ------------
_CODE                               00000200    00001664 =        5732. bytes (REL,CON)

      Value  Global                              Global Defined In Module
      -----  --------------------------------   ------------------------
     000005D8  A$aes192_z80_sdcc_O2_binaries/ae   aes192
     000005DA  A$aes192_z80_sdcc_O2_binaries/ae   aes192
     000005DA  C$aes192.c$62$2_0$45               aes192
     000005DA  XFaes192$MixColumns$0$0            aes192
     000005DB  A$aes192_z80_sdcc_O2_binaries/ae   aes192
     000005DB  C$aes192.c$64$2_0$49               aes192
     000005DB  Faes192$AddRoundKey$0$0            aes192
     000005DD  A$aes192_z80_sdcc_O2_binaries/ae   aes192
     000005E1  A$aes192_z80_sdcc_O2_binaries/ae   aes192
     000005E3  A$aes192_z80_sdcc_O2_binaries/ae   aes192
     000005E4  A$aes192_z80_sdcc_O2_binaries/ae   aes192
     000005E4  C$aes192.c$65$2_0$49               aes192
     000005E7  A$aes192_z80_sdcc_O2_binaries/ae   aes192
     000005E8  A$aes192_z80_sdcc_O2_binaries/ae   aes192
     000005EA  A$aes192_z80_sdcc_O2_binaries/ae   aes192
     000005EB  A$aes192_z80_sdcc_O2_binaries/ae   aes192
     000005EC  A$aes192_z80_sdcc_O2_binaries/ae   aes192
     000005ED  A$aes192_z80_sdcc_O2_binaries/ae   aes192
     000005EE  A$aes192_z80_sdcc_O2_binaries/ae   aes192
     000005F0  A$aes192_z80_sdcc_O2_binaries/ae   aes192
     000005F2  A$aes192_z80_sdcc_O2_binaries/ae   aes192
     000005F5  A$aes192_z80_sdcc_O2_binaries/ae   aes192
     000005F6  A$aes192_z80_sdcc_O2_binaries/ae   aes192
     000005F7  A$aes192_z80_sdcc_O2_binaries/ae   aes192
     000005FA  A$aes192_z80_sdcc_O2_binaries/ae   aes192
     000005FB  A$aes192_z80_sdcc_O2_binaries/ae   aes192
     000005FC  A$aes192_z80_sdcc_O2_binaries/ae   aes192
     000005FD  A$aes192_z80_sdcc_O2_binaries/ae   aes192
     00000600  A$aes192_z80_sdcc_O2_binaries/ae   aes192
     00000603  A$aes192_z80_sdcc_O2_binaries/ae   aes192
     00000606  A$aes192_z80_sdcc_O2_binaries/ae   aes192
     00000607  A$aes192_z80_sdcc_O2_binaries/ae   aes192
     00000608  A$aes192_z80_sdcc_O2_binaries/ae   aes192
     0000060B  A$aes192_z80_sdcc_O2_binaries/ae   aes192
     0000060C  A$aes192_z80_sdcc_O2_binaries/ae   aes192
     0000060D  A$aes192_z80_sdcc_O2_binaries/ae   aes192
     0000060F  A$aes192_z80_sdcc_O2_binaries/ae   aes192
     00000610  A$aes192_z80_sdcc_O2_binaries/ae   aes192
     00000612  A$aes192_z80_sdcc_O2_binaries/ae   aes192
     00000612  C$aes192.c$66$2_0$49               aes192
     00000612  XFaes192$AddRoundKey$0$0           aes192
     00000613  A$aes192_z80_sdcc_O2_binaries/ae   aes192
     00000613  C$aes192.c$68$2_0$51               aes192
     00000613  Faes192$KeyExpansion$0$0           aes192
     00000615  A$aes192_z80_sdcc_O2_binaries/ae   aes192
     00000619  A$aes192_z80_sdcc_O2_binaries/ae   aes192
     0000061B  A$aes192_z80_sdcc_O2_binaries/ae   aes192
     0000061E  A$aes192_z80_sdcc_O2_binaries/ae   aes192
     0000061F  A$aes192_z80_sdcc_O2_binaries/ae   aes192
     00000620  A$aes192_z80_sdcc_O2_binaries/ae   aes192
     00000620  C$aes192.c$72$1_0$51               aes192
ASxxxx Linker V03.00 + NoICE + sdld,  page 12.
Hexadecimal  [32-Bits]

Area                                    Addr        Size        Decimal Bytes (Attributes)
--------------------------------        ----        ----        ------- ----- ------------
_CODE                               00000200    00001664 =        5732. bytes (REL,CON)

      Value  Global                              Global Defined In Module
      -----  --------------------------------   ------------------------
     00000623  A$aes192_z80_sdcc_O2_binaries/ae   aes192
     00000624  A$aes192_z80_sdcc_O2_binaries/ae   aes192
     00000627  A$aes192_z80_sdcc_O2_binaries/ae   aes192
     0000062A  A$aes192_z80_sdcc_O2_binaries/ae   aes192
     0000062B  A$aes192_z80_sdcc_O2_binaries/ae   aes192
     0000062E  A$aes192_z80_sdcc_O2_binaries/ae   aes192
     00000631  A$aes192_z80_sdcc_O2_binaries/ae   aes192
     00000634  A$aes192_z80_sdcc_O2_binaries/ae   aes192
     00000636  A$aes192_z80_sdcc_O2_binaries/ae   aes192
     00000636  C$aes192.c$74$2_0$52               aes192
     0000063A  A$aes192_z80_sdcc_O2_binaries/ae   aes192
     0000063B  A$aes192_z80_sdcc_O2_binaries/ae   aes192
     0000063E  A$aes192_z80_sdcc_O2_binaries/ae   aes192
     0000063E  C$aes192.c$77$3_1$54               aes192
     00000641  A$aes192_z80_sdcc_O2_binaries/ae   aes192
     00000642  A$aes192_z80_sdcc_O2_binaries/ae   aes192
     00000645  A$aes192_z80_sdcc_O2_binaries/ae   aes192
     00000648  A$aes192_z80_sdcc_O2_binaries/ae   aes192
     0000064B  A$aes192_z80_sdcc_O2_binaries/ae   aes192
     0000064E  A$aes192_z80_sdcc_O2_binaries/ae   aes192
     00000651  A$aes192_z80_sdcc_O2_binaries/ae   aes192
     00000654  A$aes192_z80_sdcc_O2_binaries/ae   aes192
     00000658  A$aes192_z80_sdcc_O2_binaries/ae   aes192
     00000659  A$aes192_z80_sdcc_O2_binaries/ae   aes192
     0000065C  A$aes192_z80_sdcc_O2_binaries/ae   aes192
     0000065F  A$aes192_z80_sdcc_O2_binaries/ae   aes192
     00000661  A$aes192_z80_sdcc_O2_binaries/ae   aes192
     00000664  A$aes192_z80_sdcc_O2_binaries/ae   aes192
     00000665  A$aes192_z80_sdcc_O2_binaries/ae   aes192
     00000666  A$aes192_z80_sdcc_O2_binaries/ae   aes192
     00000667  A$aes192_z80_sdcc_O2_binaries/ae   aes192
     00000669  A$aes192_z80_sdcc_O2_binaries/ae   aes192
     0000066C  A$aes192_z80_sdcc_O2_binaries/ae   aes192
     0000066F  A$aes192_z80_sdcc_O2_binaries/ae   aes192
     00000671  A$aes192_z80_sdcc_O2_binaries/ae   aes192
     00000674  A$aes192_z80_sdcc_O2_binaries/ae   aes192
     00000677  A$aes192_z80_sdcc_O2_binaries/ae   aes192
     00000679  A$aes192_z80_sdcc_O2_binaries/ae   aes192
     0000067C  A$aes192_z80_sdcc_O2_binaries/ae   aes192
     0000067F  A$aes192_z80_sdcc_O2_binaries/ae   aes192
     00000680  A$aes192_z80_sdcc_O2_binaries/ae   aes192
     00000682  A$aes192_z80_sdcc_O2_binaries/ae   aes192
     00000683  A$aes192_z80_sdcc_O2_binaries/ae   aes192
     00000684  A$aes192_z80_sdcc_O2_binaries/ae   aes192
     00000685  A$aes192_z80_sdcc_O2_binaries/ae   aes192
     00000686  A$aes192_z80_sdcc_O2_binaries/ae   aes192
     00000688  A$aes192_z80_sdcc_O2_binaries/ae   aes192
     0000068A  A$aes192_z80_sdcc_O2_binaries/ae   aes192
     0000068A  C$aes192.c$79$3_1$54               aes192
     0000068D  A$aes192_z80_sdcc_O2_binaries/ae   aes192
     0000068E  A$aes192_z80_sdcc_O2_binaries/ae   aes192
ASxxxx Linker V03.00 + NoICE + sdld,  page 13.
Hexadecimal  [32-Bits]

Area                                    Addr        Size        Decimal Bytes (Attributes)
--------------------------------        ----        ----        ------- ----- ------------
_CODE                               00000200    00001664 =        5732. bytes (REL,CON)

      Value  Global                              Global Defined In Module
      -----  --------------------------------   ------------------------
     00000691  A$aes192_z80_sdcc_O2_binaries/ae   aes192
     00000694  A$aes192_z80_sdcc_O2_binaries/ae   aes192
     00000695  A$aes192_z80_sdcc_O2_binaries/ae   aes192
     00000698  A$aes192_z80_sdcc_O2_binaries/ae   aes192
     0000069B  A$aes192_z80_sdcc_O2_binaries/ae   aes192
     0000069C  A$aes192_z80_sdcc_O2_binaries/ae   aes192
     0000069D  A$aes192_z80_sdcc_O2_binaries/ae   aes192
     000006A0  A$aes192_z80_sdcc_O2_binaries/ae   aes192
     000006A1  A$aes192_z80_sdcc_O2_binaries/ae   aes192
     000006A2  A$aes192_z80_sdcc_O2_binaries/ae   aes192
     000006A3  A$aes192_z80_sdcc_O2_binaries/ae   aes192
     000006A6  A$aes192_z80_sdcc_O2_binaries/ae   aes192
     000006A7  A$aes192_z80_sdcc_O2_binaries/ae   aes192
     000006A8  A$aes192_z80_sdcc_O2_binaries/ae   aes192
     000006AB  A$aes192_z80_sdcc_O2_binaries/ae   aes192
     000006AC  A$aes192_z80_sdcc_O2_binaries/ae   aes192
     000006AD  A$aes192_z80_sdcc_O2_binaries/ae   aes192
     000006B0  A$aes192_z80_sdcc_O2_binaries/ae   aes192
     000006B3  A$aes192_z80_sdcc_O2_binaries/ae   aes192
     000006B4  A$aes192_z80_sdcc_O2_binaries/ae   aes192
     000006B4  C$aes192.c$78$3_1$54               aes192
     000006B5  A$aes192_z80_sdcc_O2_binaries/ae   aes192
     000006B7  A$aes192_z80_sdcc_O2_binaries/ae   aes192
     000006B7  C$aes192.c$81$2_1$51               aes192
     000006BA  A$aes192_z80_sdcc_O2_binaries/ae   aes192
     000006BB  A$aes192_z80_sdcc_O2_binaries/ae   aes192
     000006BE  A$aes192_z80_sdcc_O2_binaries/ae   aes192
     000006C1  A$aes192_z80_sdcc_O2_binaries/ae   aes192
     000006C2  A$aes192_z80_sdcc_O2_binaries/ae   aes192
     000006C5  A$aes192_z80_sdcc_O2_binaries/ae   aes192
     000006C6  A$aes192_z80_sdcc_O2_binaries/ae   aes192
     000006C7  A$aes192_z80_sdcc_O2_binaries/ae   aes192
     000006C8  A$aes192_z80_sdcc_O2_binaries/ae   aes192
     000006C9  A$aes192_z80_sdcc_O2_binaries/ae   aes192
     000006CA  A$aes192_z80_sdcc_O2_binaries/ae   aes192
     000006CC  A$aes192_z80_sdcc_O2_binaries/ae   aes192
     000006CC  C$aes192.c$82$3_1$55               aes192
     000006CF  A$aes192_z80_sdcc_O2_binaries/ae   aes192
     000006D2  A$aes192_z80_sdcc_O2_binaries/ae   aes192
     000006D3  A$aes192_z80_sdcc_O2_binaries/ae   aes192
     000006D6  A$aes192_z80_sdcc_O2_binaries/ae   aes192
     000006D6  C$aes192.c$83$3_1$55               aes192
     000006D9  A$aes192_z80_sdcc_O2_binaries/ae   aes192
     000006DC  A$aes192_z80_sdcc_O2_binaries/ae   aes192
     000006DD  A$aes192_z80_sdcc_O2_binaries/ae   aes192
     000006DE  A$aes192_z80_sdcc_O2_binaries/ae   aes192
     000006E0  A$aes192_z80_sdcc_O2_binaries/ae   aes192
     000006E1  A$aes192_z80_sdcc_O2_binaries/ae   aes192
     000006E3  A$aes192_z80_sdcc_O2_binaries/ae   aes192
     000006E5  A$aes192_z80_sdcc_O2_binaries/ae   aes192
     000006E6  A$aes192_z80_sdcc_O2_binaries/ae   aes192
ASxxxx Linker V03.00 + NoICE + sdld,  page 14.
Hexadecimal  [32-Bits]

Area                                    Addr        Size        Decimal Bytes (Attributes)
--------------------------------        ----        ----        ------- ----- ------------
_CODE                               00000200    00001664 =        5732. bytes (REL,CON)

      Value  Global                              Global Defined In Module
      -----  --------------------------------   ------------------------
     000006E7  A$aes192_z80_sdcc_O2_binaries/ae   aes192
     000006EA  A$aes192_z80_sdcc_O2_binaries/ae   aes192
     000006ED  A$aes192_z80_sdcc_O2_binaries/ae   aes192
     000006F0  A$aes192_z80_sdcc_O2_binaries/ae   aes192
     000006F3  A$aes192_z80_sdcc_O2_binaries/ae   aes192
     000006F4  A$aes192_z80_sdcc_O2_binaries/ae   aes192
     000006F4  C$aes192.c$84$3_1$55               aes192
     000006F7  A$aes192_z80_sdcc_O2_binaries/ae   aes192
     000006FA  A$aes192_z80_sdcc_O2_binaries/ae   aes192
     000006FB  A$aes192_z80_sdcc_O2_binaries/ae   aes192
     000006FC  A$aes192_z80_sdcc_O2_binaries/ae   aes192
     000006FD  A$aes192_z80_sdcc_O2_binaries/ae   aes192
     000006FF  A$aes192_z80_sdcc_O2_binaries/ae   aes192
     00000700  A$aes192_z80_sdcc_O2_binaries/ae   aes192
     00000702  A$aes192_z80_sdcc_O2_binaries/ae   aes192
     00000704  A$aes192_z80_sdcc_O2_binaries/ae   aes192
     00000705  A$aes192_z80_sdcc_O2_binaries/ae   aes192
     00000706  A$aes192_z80_sdcc_O2_binaries/ae   aes192
     00000707  A$aes192_z80_sdcc_O2_binaries/ae   aes192
     00000707  C$aes192.c$85$3_1$55               aes192
     0000070A  A$aes192_z80_sdcc_O2_binaries/ae   aes192
     0000070D  A$aes192_z80_sdcc_O2_binaries/ae   aes192
     0000070E  A$aes192_z80_sdcc_O2_binaries/ae   aes192
     0000070F  A$aes192_z80_sdcc_O2_binaries/ae   aes192
     00000710  A$aes192_z80_sdcc_O2_binaries/ae   aes192
     00000711  A$aes192_z80_sdcc_O2_binaries/ae   aes192
     00000713  A$aes192_z80_sdcc_O2_binaries/ae   aes192
     00000714  A$aes192_z80_sdcc_O2_binaries/ae   aes192
     00000716  A$aes192_z80_sdcc_O2_binaries/ae   aes192
     00000718  A$aes192_z80_sdcc_O2_binaries/ae   aes192
     00000719  A$aes192_z80_sdcc_O2_binaries/ae   aes192
     0000071A  A$aes192_z80_sdcc_O2_binaries/ae   aes192
     0000071B  A$aes192_z80_sdcc_O2_binaries/ae   aes192
     0000071B  C$aes192.c$86$3_1$55               aes192
     0000071D  A$aes192_z80_sdcc_O2_binaries/ae   aes192
     00000720  A$aes192_z80_sdcc_O2_binaries/ae   aes192
     00000721  A$aes192_z80_sdcc_O2_binaries/ae   aes192
     00000723  A$aes192_z80_sdcc_O2_binaries/ae   aes192
     00000725  A$aes192_z80_sdcc_O2_binaries/ae   aes192
     00000726  A$aes192_z80_sdcc_O2_binaries/ae   aes192
     00000727  A$aes192_z80_sdcc_O2_binaries/ae   aes192
     00000728  A$aes192_z80_sdcc_O2_binaries/ae   aes192
     00000728  C$aes192.c$87$3_1$55               aes192
     0000072A  A$aes192_z80_sdcc_O2_binaries/ae   aes192
     0000072D  A$aes192_z80_sdcc_O2_binaries/ae   aes192
     0000072E  A$aes192_z80_sdcc_O2_binaries/ae   aes192
     00000730  A$aes192_z80_sdcc_O2_binaries/ae   aes192
     00000733  A$aes192_z80_sdcc_O2_binaries/ae   aes192
     00000734  A$aes192_z80_sdcc_O2_binaries/ae   aes192
     00000737  A$aes192_z80_sdcc_O2_binaries/ae   aes192
     00000739  A$aes192_z80_sdcc_O2_binaries/ae   aes192
ASxxxx Linker V03.00 + NoICE + sdld,  page 15.
Hexadecimal  [32-Bits]

Area                                    Addr        Size        Decimal Bytes (Attributes)
--------------------------------        ----        ----        ------- ----- ------------
_CODE                               00000200    00001664 =        5732. bytes (REL,CON)

      Value  Global                              Global Defined In Module
      -----  --------------------------------   ------------------------
     0000073C  A$aes192_z80_sdcc_O2_binaries/ae   aes192
     0000073D  A$aes192_z80_sdcc_O2_binaries/ae   aes192
     00000740  A$aes192_z80_sdcc_O2_binaries/ae   aes192
     00000743  A$aes192_z80_sdcc_O2_binaries/ae   aes192
     00000746  A$aes192_z80_sdcc_O2_binaries/ae   aes192
     00000747  A$aes192_z80_sdcc_O2_binaries/ae   aes192
     00000747  C$aes192.c$90$2_1$51               aes192
     0000074A  A$aes192_z80_sdcc_O2_binaries/ae   aes192
     0000074D  A$aes192_z80_sdcc_O2_binaries/ae   aes192
     00000750  A$aes192_z80_sdcc_O2_binaries/ae   aes192
     00000753  A$aes192_z80_sdcc_O2_binaries/ae   aes192
     00000754  A$aes192_z80_sdcc_O2_binaries/ae   aes192
     00000757  A$aes192_z80_sdcc_O2_binaries/ae   aes192
     0000075A  A$aes192_z80_sdcc_O2_binaries/ae   aes192
     0000075D  A$aes192_z80_sdcc_O2_binaries/ae   aes192
     0000075F  A$aes192_z80_sdcc_O2_binaries/ae   aes192
     00000762  A$aes192_z80_sdcc_O2_binaries/ae   aes192
     00000763  A$aes192_z80_sdcc_O2_binaries/ae   aes192
     00000764  A$aes192_z80_sdcc_O2_binaries/ae   aes192
     00000765  A$aes192_z80_sdcc_O2_binaries/ae   aes192
     00000767  A$aes192_z80_sdcc_O2_binaries/ae   aes192
     0000076A  A$aes192_z80_sdcc_O2_binaries/ae   aes192
     0000076A  C$aes192.c$91$3_1$56               aes192
     0000076D  A$aes192_z80_sdcc_O2_binaries/ae   aes192
     00000770  A$aes192_z80_sdcc_O2_binaries/ae   aes192
     00000773  A$aes192_z80_sdcc_O2_binaries/ae   aes192
     00000775  A$aes192_z80_sdcc_O2_binaries/ae   aes192
     00000778  A$aes192_z80_sdcc_O2_binaries/ae   aes192
     0000077B  A$aes192_z80_sdcc_O2_binaries/ae   aes192
     0000077E  A$aes192_z80_sdcc_O2_binaries/ae   aes192
     00000781  A$aes192_z80_sdcc_O2_binaries/ae   aes192
     00000784  A$aes192_z80_sdcc_O2_binaries/ae   aes192
     00000787  A$aes192_z80_sdcc_O2_binaries/ae   aes192
     00000788  A$aes192_z80_sdcc_O2_binaries/ae   aes192
     00000789  A$aes192_z80_sdcc_O2_binaries/ae   aes192
     0000078C  A$aes192_z80_sdcc_O2_binaries/ae   aes192
     0000078D  A$aes192_z80_sdcc_O2_binaries/ae   aes192
     0000078E  A$aes192_z80_sdcc_O2_binaries/ae   aes192
     00000791  A$aes192_z80_sdcc_O2_binaries/ae   aes192
     00000793  A$aes192_z80_sdcc_O2_binaries/ae   aes192
     00000794  A$aes192_z80_sdcc_O2_binaries/ae   aes192
     00000797  A$aes192_z80_sdcc_O2_binaries/ae   aes192
     00000799  A$aes192_z80_sdcc_O2_binaries/ae   aes192
     0000079A  A$aes192_z80_sdcc_O2_binaries/ae   aes192
     0000079D  A$aes192_z80_sdcc_O2_binaries/ae   aes192
     0000079E  A$aes192_z80_sdcc_O2_binaries/ae   aes192
     0000079F  A$aes192_z80_sdcc_O2_binaries/ae   aes192
     000007A2  A$aes192_z80_sdcc_O2_binaries/ae   aes192
     000007A3  A$aes192_z80_sdcc_O2_binaries/ae   aes192
     000007A4  A$aes192_z80_sdcc_O2_binaries/ae   aes192
     000007A5  A$aes192_z80_sdcc_O2_binaries/ae   aes192
ASxxxx Linker V03.00 + NoICE + sdld,  page 16.
Hexadecimal  [32-Bits]

Area                                    Addr        Size        Decimal Bytes (Attributes)
--------------------------------        ----        ----        ------- ----- ------------
_CODE                               00000200    00001664 =        5732. bytes (REL,CON)

      Value  Global                              Global Defined In Module
      -----  --------------------------------   ------------------------
     000007A6  A$aes192_z80_sdcc_O2_binaries/ae   aes192
     000007A9  A$aes192_z80_sdcc_O2_binaries/ae   aes192
     000007AC  A$aes192_z80_sdcc_O2_binaries/ae   aes192
     000007AD  A$aes192_z80_sdcc_O2_binaries/ae   aes192
     000007B0  A$aes192_z80_sdcc_O2_binaries/ae   aes192
     000007B3  A$aes192_z80_sdcc_O2_binaries/ae   aes192
     000007B4  A$aes192_z80_sdcc_O2_binaries/ae   aes192
     000007B5  A$aes192_z80_sdcc_O2_binaries/ae   aes192
     000007B6  A$aes192_z80_sdcc_O2_binaries/ae   aes192
     000007B7  A$aes192_z80_sdcc_O2_binaries/ae   aes192
     000007B8  A$aes192_z80_sdcc_O2_binaries/ae   aes192
     000007B8  C$aes192.c$90$3_1$56               aes192
     000007BB  A$aes192_z80_sdcc_O2_binaries/ae   aes192
     000007BD  A$aes192_z80_sdcc_O2_binaries/ae   aes192
     000007C0  A$aes192_z80_sdcc_O2_binaries/ae   aes192
     000007C2  A$aes192_z80_sdcc_O2_binaries/ae   aes192
     000007C2  C$aes192.c$94$2_1$51               aes192
     000007C3  A$aes192_z80_sdcc_O2_binaries/ae   aes192
     000007C6  A$aes192_z80_sdcc_O2_binaries/ae   aes192
     000007C9  A$aes192_z80_sdcc_O2_binaries/ae   aes192
     000007CC  A$aes192_z80_sdcc_O2_binaries/ae   aes192
     000007CE  A$aes192_z80_sdcc_O2_binaries/ae   aes192
     000007D1  A$aes192_z80_sdcc_O2_binaries/ae   aes192
     000007D2  A$aes192_z80_sdcc_O2_binaries/ae   aes192
     000007D3  A$aes192_z80_sdcc_O2_binaries/ae   aes192
     000007D4  A$aes192_z80_sdcc_O2_binaries/ae   aes192
     000007D6  A$aes192_z80_sdcc_O2_binaries/ae   aes192
     000007D8  A$aes192_z80_sdcc_O2_binaries/ae   aes192
     000007D8  C$aes192.c$95$2_1$57               aes192
     000007DB  A$aes192_z80_sdcc_O2_binaries/ae   aes192
     000007DE  A$aes192_z80_sdcc_O2_binaries/ae   aes192
     000007E0  A$aes192_z80_sdcc_O2_binaries/ae   aes192
     000007E2  A$aes192_z80_sdcc_O2_binaries/ae   aes192
     000007E4  A$aes192_z80_sdcc_O2_binaries/ae   aes192
     000007E6  A$aes192_z80_sdcc_O2_binaries/ae   aes192
     000007E8  A$aes192_z80_sdcc_O2_binaries/ae   aes192
     000007EA  A$aes192_z80_sdcc_O2_binaries/ae   aes192
     000007EC  A$aes192_z80_sdcc_O2_binaries/ae   aes192
     000007EE  A$aes192_z80_sdcc_O2_binaries/ae   aes192
     000007F1  A$aes192_z80_sdcc_O2_binaries/ae   aes192
     000007F4  A$aes192_z80_sdcc_O2_binaries/ae   aes192
     000007F5  A$aes192_z80_sdcc_O2_binaries/ae   aes192
     000007F6  A$aes192_z80_sdcc_O2_binaries/ae   aes192
     000007F9  A$aes192_z80_sdcc_O2_binaries/ae   aes192
     000007FA  A$aes192_z80_sdcc_O2_binaries/ae   aes192
     000007FB  A$aes192_z80_sdcc_O2_binaries/ae   aes192
     000007FE  A$aes192_z80_sdcc_O2_binaries/ae   aes192
     000007FF  A$aes192_z80_sdcc_O2_binaries/ae   aes192
     00000800  A$aes192_z80_sdcc_O2_binaries/ae   aes192
     00000801  A$aes192_z80_sdcc_O2_binaries/ae   aes192
     00000804  A$aes192_z80_sdcc_O2_binaries/ae   aes192
ASxxxx Linker V03.00 + NoICE + sdld,  page 17.
Hexadecimal  [32-Bits]

Area                                    Addr        Size        Decimal Bytes (Attributes)
--------------------------------        ----        ----        ------- ----- ------------
_CODE                               00000200    00001664 =        5732. bytes (REL,CON)

      Value  Global                              Global Defined In Module
      -----  --------------------------------   ------------------------
     00000806  A$aes192_z80_sdcc_O2_binaries/ae   aes192
     00000806  C$aes192.c$94$2_1$57               aes192
     00000809  A$aes192_z80_sdcc_O2_binaries/ae   aes192
     0000080B  A$aes192_z80_sdcc_O2_binaries/ae   aes192
     0000080E  A$aes192_z80_sdcc_O2_binaries/ae   aes192
     00000810  A$aes192_z80_sdcc_O2_binaries/ae   aes192
     00000812  A$aes192_z80_sdcc_O2_binaries/ae   aes192
     00000814  A$aes192_z80_sdcc_O2_binaries/ae   aes192
     00000814  C$aes192.c$96$2_1$51               aes192
     00000814  XFaes192$KeyExpansion$0$0          aes192
     00000815  A$aes192_z80_sdcc_O2_binaries/ae   aes192
     00000815  C$aes192.c$98$2_1$59               aes192
     00000815  G$AES192_Encrypt$0$0               aes192
     00000815  _AES192_Encrypt                    aes192
     00000817  A$aes192_z80_sdcc_O2_binaries/ae   aes192
     0000081B  A$aes192_z80_sdcc_O2_binaries/ae   aes192
     0000081D  A$aes192_z80_sdcc_O2_binaries/ae   aes192
     00000820  A$aes192_z80_sdcc_O2_binaries/ae   aes192
     00000821  A$aes192_z80_sdcc_O2_binaries/ae   aes192
     00000822  A$aes192_z80_sdcc_O2_binaries/ae   aes192
     00000822  C$aes192.c$102$1_0$59              aes192
     00000825  A$aes192_z80_sdcc_O2_binaries/ae   aes192
     00000826  A$aes192_z80_sdcc_O2_binaries/ae   aes192
     00000827  A$aes192_z80_sdcc_O2_binaries/ae   aes192
     00000828  A$aes192_z80_sdcc_O2_binaries/ae   aes192
     00000829  A$aes192_z80_sdcc_O2_binaries/ae   aes192
     0000082A  A$aes192_z80_sdcc_O2_binaries/ae   aes192
     0000082D  A$aes192_z80_sdcc_O2_binaries/ae   aes192
     00000830  A$aes192_z80_sdcc_O2_binaries/ae   aes192
     00000831  A$aes192_z80_sdcc_O2_binaries/ae   aes192
     00000834  A$aes192_z80_sdcc_O2_binaries/ae   aes192
     00000836  A$aes192_z80_sdcc_O2_binaries/ae   aes192
     00000837  A$aes192_z80_sdcc_O2_binaries/ae   aes192
     00000837  C$aes192.c$103$1_0$59              aes192
     0000083A  A$aes192_z80_sdcc_O2_binaries/ae   aes192
     0000083B  A$aes192_z80_sdcc_O2_binaries/ae   aes192
     0000083C  A$aes192_z80_sdcc_O2_binaries/ae   aes192
     0000083D  A$aes192_z80_sdcc_O2_binaries/ae   aes192
     00000840  A$aes192_z80_sdcc_O2_binaries/ae   aes192
     00000843  A$aes192_z80_sdcc_O2_binaries/ae   aes192
     00000844  A$aes192_z80_sdcc_O2_binaries/ae   aes192
     00000847  A$aes192_z80_sdcc_O2_binaries/ae   aes192
     00000848  A$aes192_z80_sdcc_O2_binaries/ae   aes192
     00000849  A$aes192_z80_sdcc_O2_binaries/ae   aes192
     0000084A  A$aes192_z80_sdcc_O2_binaries/ae   aes192
     0000084A  C$aes192.c$105$1_0$59              aes192
     0000084D  A$aes192_z80_sdcc_O2_binaries/ae   aes192
     0000084E  A$aes192_z80_sdcc_O2_binaries/ae   aes192
     0000084F  A$aes192_z80_sdcc_O2_binaries/ae   aes192
     00000850  A$aes192_z80_sdcc_O2_binaries/ae   aes192
     00000851  A$aes192_z80_sdcc_O2_binaries/ae   aes192
ASxxxx Linker V03.00 + NoICE + sdld,  page 18.
Hexadecimal  [32-Bits]

Area                                    Addr        Size        Decimal Bytes (Attributes)
--------------------------------        ----        ----        ------- ----- ------------
_CODE                               00000200    00001664 =        5732. bytes (REL,CON)

      Value  Global                              Global Defined In Module
      -----  --------------------------------   ------------------------
     00000852  A$aes192_z80_sdcc_O2_binaries/ae   aes192
     00000853  A$aes192_z80_sdcc_O2_binaries/ae   aes192
     00000856  A$aes192_z80_sdcc_O2_binaries/ae   aes192
     00000857  A$aes192_z80_sdcc_O2_binaries/ae   aes192
     00000858  A$aes192_z80_sdcc_O2_binaries/ae   aes192
     00000859  A$aes192_z80_sdcc_O2_binaries/ae   aes192
     00000859  C$aes192.c$107$3_0$61              aes192
     0000085C  A$aes192_z80_sdcc_O2_binaries/ae   aes192
     0000085F  A$aes192_z80_sdcc_O2_binaries/ae   aes192
     00000862  A$aes192_z80_sdcc_O2_binaries/ae   aes192
     00000865  A$aes192_z80_sdcc_O2_binaries/ae   aes192
     00000868  A$aes192_z80_sdcc_O2_binaries/ae   aes192
     0000086B  A$aes192_z80_sdcc_O2_binaries/ae   aes192
     0000086E  A$aes192_z80_sdcc_O2_binaries/ae   aes192
     0000086F  A$aes192_z80_sdcc_O2_binaries/ae   aes192
     00000872  A$aes192_z80_sdcc_O2_binaries/ae   aes192
     00000875  A$aes192_z80_sdcc_O2_binaries/ae   aes192
     00000878  A$aes192_z80_sdcc_O2_binaries/ae   aes192
     0000087B  A$aes192_z80_sdcc_O2_binaries/ae   aes192
     0000087F  A$aes192_z80_sdcc_O2_binaries/ae   aes192
     00000880  A$aes192_z80_sdcc_O2_binaries/ae   aes192
     00000883  A$aes192_z80_sdcc_O2_binaries/ae   aes192
     00000886  A$aes192_z80_sdcc_O2_binaries/ae   aes192
     00000888  A$aes192_z80_sdcc_O2_binaries/ae   aes192
     0000088B  A$aes192_z80_sdcc_O2_binaries/ae   aes192
     0000088C  A$aes192_z80_sdcc_O2_binaries/ae   aes192
     0000088D  A$aes192_z80_sdcc_O2_binaries/ae   aes192
     0000088E  A$aes192_z80_sdcc_O2_binaries/ae   aes192
     00000890  A$aes192_z80_sdcc_O2_binaries/ae   aes192
     00000892  A$aes192_z80_sdcc_O2_binaries/ae   aes192
     00000892  C$aes192.c$108$3_0$61              aes192
     00000895  A$aes192_z80_sdcc_O2_binaries/ae   aes192
     00000898  A$aes192_z80_sdcc_O2_binaries/ae   aes192
     00000899  A$aes192_z80_sdcc_O2_binaries/ae   aes192
     0000089A  A$aes192_z80_sdcc_O2_binaries/ae   aes192
     0000089D  A$aes192_z80_sdcc_O2_binaries/ae   aes192
     0000089E  A$aes192_z80_sdcc_O2_binaries/ae   aes192
     0000089F  A$aes192_z80_sdcc_O2_binaries/ae   aes192
     0000089F  C$aes192.c$109$3_0$61              aes192
     000008A2  A$aes192_z80_sdcc_O2_binaries/ae   aes192
     000008A5  A$aes192_z80_sdcc_O2_binaries/ae   aes192
     000008A6  A$aes192_z80_sdcc_O2_binaries/ae   aes192
     000008A7  A$aes192_z80_sdcc_O2_binaries/ae   aes192
     000008AA  A$aes192_z80_sdcc_O2_binaries/ae   aes192
     000008AB  A$aes192_z80_sdcc_O2_binaries/ae   aes192
     000008AC  A$aes192_z80_sdcc_O2_binaries/ae   aes192
     000008AC  C$aes192.c$110$3_0$61              aes192
     000008AF  A$aes192_z80_sdcc_O2_binaries/ae   aes192
     000008B2  A$aes192_z80_sdcc_O2_binaries/ae   aes192
     000008B3  A$aes192_z80_sdcc_O2_binaries/ae   aes192
     000008B4  A$aes192_z80_sdcc_O2_binaries/ae   aes192
ASxxxx Linker V03.00 + NoICE + sdld,  page 19.
Hexadecimal  [32-Bits]

Area                                    Addr        Size        Decimal Bytes (Attributes)
--------------------------------        ----        ----        ------- ----- ------------
_CODE                               00000200    00001664 =        5732. bytes (REL,CON)

      Value  Global                              Global Defined In Module
      -----  --------------------------------   ------------------------
     000008B7  A$aes192_z80_sdcc_O2_binaries/ae   aes192
     000008B8  A$aes192_z80_sdcc_O2_binaries/ae   aes192
     000008B9  A$aes192_z80_sdcc_O2_binaries/ae   aes192
     000008B9  C$aes192.c$111$3_0$61              aes192
     000008BC  A$aes192_z80_sdcc_O2_binaries/ae   aes192
     000008BF  A$aes192_z80_sdcc_O2_binaries/ae   aes192
     000008C1  A$aes192_z80_sdcc_O2_binaries/ae   aes192
     000008C3  A$aes192_z80_sdcc_O2_binaries/ae   aes192
     000008C5  A$aes192_z80_sdcc_O2_binaries/ae   aes192
     000008C7  A$aes192_z80_sdcc_O2_binaries/ae   aes192
     000008C9  A$aes192_z80_sdcc_O2_binaries/ae   aes192
     000008CB  A$aes192_z80_sdcc_O2_binaries/ae   aes192
     000008CD  A$aes192_z80_sdcc_O2_binaries/ae   aes192
     000008CF  A$aes192_z80_sdcc_O2_binaries/ae   aes192
     000008D0  A$aes192_z80_sdcc_O2_binaries/ae   aes192
     000008D3  A$aes192_z80_sdcc_O2_binaries/ae   aes192
     000008D4  A$aes192_z80_sdcc_O2_binaries/ae   aes192
     000008D5  A$aes192_z80_sdcc_O2_binaries/ae   aes192
     000008D8  A$aes192_z80_sdcc_O2_binaries/ae   aes192
     000008D9  A$aes192_z80_sdcc_O2_binaries/ae   aes192
     000008DC  A$aes192_z80_sdcc_O2_binaries/ae   aes192
     000008DF  A$aes192_z80_sdcc_O2_binaries/ae   aes192
     000008E0  A$aes192_z80_sdcc_O2_binaries/ae   aes192
     000008E1  A$aes192_z80_sdcc_O2_binaries/ae   aes192
     000008E2  A$aes192_z80_sdcc_O2_binaries/ae   aes192
     000008E5  A$aes192_z80_sdcc_O2_binaries/ae   aes192
     000008E6  A$aes192_z80_sdcc_O2_binaries/ae   aes192
     000008E7  A$aes192_z80_sdcc_O2_binaries/ae   aes192
     000008E8  A$aes192_z80_sdcc_O2_binaries/ae   aes192
     000008E8  C$aes192.c$107$2_0$60              aes192
     000008EB  A$aes192_z80_sdcc_O2_binaries/ae   aes192
     000008ED  A$aes192_z80_sdcc_O2_binaries/ae   aes192
     000008F0  A$aes192_z80_sdcc_O2_binaries/ae   aes192
     000008F2  A$aes192_z80_sdcc_O2_binaries/ae   aes192
     000008F2  C$aes192.c$114$1_0$59              aes192
     000008F3  A$aes192_z80_sdcc_O2_binaries/ae   aes192
     000008F4  A$aes192_z80_sdcc_O2_binaries/ae   aes192
     000008F5  A$aes192_z80_sdcc_O2_binaries/ae   aes192
     000008F6  A$aes192_z80_sdcc_O2_binaries/ae   aes192
     000008F9  A$aes192_z80_sdcc_O2_binaries/ae   aes192
     000008FA  A$aes192_z80_sdcc_O2_binaries/ae   aes192
     000008FB  A$aes192_z80_sdcc_O2_binaries/ae   aes192
     000008FB  C$aes192.c$115$1_0$59              aes192
     000008FC  A$aes192_z80_sdcc_O2_binaries/ae   aes192
     000008FD  A$aes192_z80_sdcc_O2_binaries/ae   aes192
     000008FE  A$aes192_z80_sdcc_O2_binaries/ae   aes192
     000008FF  A$aes192_z80_sdcc_O2_binaries/ae   aes192
     00000902  A$aes192_z80_sdcc_O2_binaries/ae   aes192
     00000903  A$aes192_z80_sdcc_O2_binaries/ae   aes192
     00000904  A$aes192_z80_sdcc_O2_binaries/ae   aes192
     00000904  C$aes192.c$116$1_0$59              aes192
ASxxxx Linker V03.00 + NoICE + sdld,  page 20.
Hexadecimal  [32-Bits]

Area                                    Addr        Size        Decimal Bytes (Attributes)
--------------------------------        ----        ----        ------- ----- ------------
_CODE                               00000200    00001664 =        5732. bytes (REL,CON)

      Value  Global                              Global Defined In Module
      -----  --------------------------------   ------------------------
     00000907  A$aes192_z80_sdcc_O2_binaries/ae   aes192
     00000909  A$aes192_z80_sdcc_O2_binaries/ae   aes192
     0000090A  A$aes192_z80_sdcc_O2_binaries/ae   aes192
     0000090D  A$aes192_z80_sdcc_O2_binaries/ae   aes192
     0000090F  A$aes192_z80_sdcc_O2_binaries/ae   aes192
     00000910  A$aes192_z80_sdcc_O2_binaries/ae   aes192
     00000911  A$aes192_z80_sdcc_O2_binaries/ae   aes192
     00000912  A$aes192_z80_sdcc_O2_binaries/ae   aes192
     00000913  A$aes192_z80_sdcc_O2_binaries/ae   aes192
     00000914  A$aes192_z80_sdcc_O2_binaries/ae   aes192
     00000915  A$aes192_z80_sdcc_O2_binaries/ae   aes192
     00000918  A$aes192_z80_sdcc_O2_binaries/ae   aes192
     00000919  A$aes192_z80_sdcc_O2_binaries/ae   aes192
     0000091A  A$aes192_z80_sdcc_O2_binaries/ae   aes192
     0000091B  A$aes192_z80_sdcc_O2_binaries/ae   aes192
     0000091B  C$aes192.c$118$1_0$59              aes192
     0000091E  A$aes192_z80_sdcc_O2_binaries/ae   aes192
     00000921  A$aes192_z80_sdcc_O2_binaries/ae   aes192
     00000922  A$aes192_z80_sdcc_O2_binaries/ae   aes192
     00000923  A$aes192_z80_sdcc_O2_binaries/ae   aes192
     00000926  A$aes192_z80_sdcc_O2_binaries/ae   aes192
     00000928  A$aes192_z80_sdcc_O2_binaries/ae   aes192
     0000092A  A$aes192_z80_sdcc_O2_binaries/ae   aes192
     0000092C  A$aes192_z80_sdcc_O2_binaries/ae   aes192
     0000092C  C$aes192.c$119$1_0$59              aes192
     0000092C  XG$AES192_Encrypt$0$0              aes192
     0000092D  A$aes192_z80_sdcc_O2_binaries/ae   aes192
     0000092D  C$aes192.c$121$1_0$62              aes192
     0000092D  G$main$0$0                         aes192
     0000092D  _main                              aes192
     0000092F  A$aes192_z80_sdcc_O2_binaries/ae   aes192
     00000933  A$aes192_z80_sdcc_O2_binaries/ae   aes192
     00000935  A$aes192_z80_sdcc_O2_binaries/ae   aes192
     00000938  A$aes192_z80_sdcc_O2_binaries/ae   aes192
     00000939  A$aes192_z80_sdcc_O2_binaries/ae   aes192
     0000093A  A$aes192_z80_sdcc_O2_binaries/ae   aes192
     0000093A  C$aes192.c$122$2_0$62              aes192
     0000093D  A$aes192_z80_sdcc_O2_binaries/ae   aes192
     0000093E  A$aes192_z80_sdcc_O2_binaries/ae   aes192
     0000093F  A$aes192_z80_sdcc_O2_binaries/ae   aes192
     00000941  A$aes192_z80_sdcc_O2_binaries/ae   aes192
     00000942  A$aes192_z80_sdcc_O2_binaries/ae   aes192
     00000943  A$aes192_z80_sdcc_O2_binaries/ae   aes192
     00000944  A$aes192_z80_sdcc_O2_binaries/ae   aes192
     00000945  A$aes192_z80_sdcc_O2_binaries/ae   aes192
     00000947  A$aes192_z80_sdcc_O2_binaries/ae   aes192
     00000948  A$aes192_z80_sdcc_O2_binaries/ae   aes192
     00000949  A$aes192_z80_sdcc_O2_binaries/ae   aes192
     0000094A  A$aes192_z80_sdcc_O2_binaries/ae   aes192
     0000094B  A$aes192_z80_sdcc_O2_binaries/ae   aes192
     0000094D  A$aes192_z80_sdcc_O2_binaries/ae   aes192
ASxxxx Linker V03.00 + NoICE + sdld,  page 21.
Hexadecimal  [32-Bits]

Area                                    Addr        Size        Decimal Bytes (Attributes)
--------------------------------        ----        ----        ------- ----- ------------
_CODE                               00000200    00001664 =        5732. bytes (REL,CON)

      Value  Global                              Global Defined In Module
      -----  --------------------------------   ------------------------
     0000094E  A$aes192_z80_sdcc_O2_binaries/ae   aes192
     0000094F  A$aes192_z80_sdcc_O2_binaries/ae   aes192
     00000950  A$aes192_z80_sdcc_O2_binaries/ae   aes192
     00000951  A$aes192_z80_sdcc_O2_binaries/ae   aes192
     00000952  A$aes192_z80_sdcc_O2_binaries/ae   aes192
     00000954  A$aes192_z80_sdcc_O2_binaries/ae   aes192
     00000957  A$aes192_z80_sdcc_O2_binaries/ae   aes192
     00000958  A$aes192_z80_sdcc_O2_binaries/ae   aes192
     0000095A  A$aes192_z80_sdcc_O2_binaries/ae   aes192
     0000095D  A$aes192_z80_sdcc_O2_binaries/ae   aes192
     0000095E  A$aes192_z80_sdcc_O2_binaries/ae   aes192
     00000960  A$aes192_z80_sdcc_O2_binaries/ae   aes192
     00000963  A$aes192_z80_sdcc_O2_binaries/ae   aes192
     00000964  A$aes192_z80_sdcc_O2_binaries/ae   aes192
     00000966  A$aes192_z80_sdcc_O2_binaries/ae   aes192
     00000969  A$aes192_z80_sdcc_O2_binaries/ae   aes192
     0000096A  A$aes192_z80_sdcc_O2_binaries/ae   aes192
     0000096C  A$aes192_z80_sdcc_O2_binaries/ae   aes192
     0000096F  A$aes192_z80_sdcc_O2_binaries/ae   aes192
     00000970  A$aes192_z80_sdcc_O2_binaries/ae   aes192
     00000972  A$aes192_z80_sdcc_O2_binaries/ae   aes192
     00000975  A$aes192_z80_sdcc_O2_binaries/ae   aes192
     00000976  A$aes192_z80_sdcc_O2_binaries/ae   aes192
     00000978  A$aes192_z80_sdcc_O2_binaries/ae   aes192
     0000097B  A$aes192_z80_sdcc_O2_binaries/ae   aes192
     0000097C  A$aes192_z80_sdcc_O2_binaries/ae   aes192
     0000097E  A$aes192_z80_sdcc_O2_binaries/ae   aes192
     00000981  A$aes192_z80_sdcc_O2_binaries/ae   aes192
     00000982  A$aes192_z80_sdcc_O2_binaries/ae   aes192
     00000984  A$aes192_z80_sdcc_O2_binaries/ae   aes192
     00000987  A$aes192_z80_sdcc_O2_binaries/ae   aes192
     00000988  A$aes192_z80_sdcc_O2_binaries/ae   aes192
     0000098A  A$aes192_z80_sdcc_O2_binaries/ae   aes192
     0000098D  A$aes192_z80_sdcc_O2_binaries/ae   aes192
     0000098E  A$aes192_z80_sdcc_O2_binaries/ae   aes192
     00000990  A$aes192_z80_sdcc_O2_binaries/ae   aes192
     00000993  A$aes192_z80_sdcc_O2_binaries/ae   aes192
     00000994  A$aes192_z80_sdcc_O2_binaries/ae   aes192
     00000996  A$aes192_z80_sdcc_O2_binaries/ae   aes192
     00000999  A$aes192_z80_sdcc_O2_binaries/ae   aes192
     0000099A  A$aes192_z80_sdcc_O2_binaries/ae   aes192
     0000099C  A$aes192_z80_sdcc_O2_binaries/ae   aes192
     0000099F  A$aes192_z80_sdcc_O2_binaries/ae   aes192
     000009A0  A$aes192_z80_sdcc_O2_binaries/ae   aes192
     000009A2  A$aes192_z80_sdcc_O2_binaries/ae   aes192
     000009A5  A$aes192_z80_sdcc_O2_binaries/ae   aes192
     000009A6  A$aes192_z80_sdcc_O2_binaries/ae   aes192
     000009A8  A$aes192_z80_sdcc_O2_binaries/ae   aes192
     000009AB  A$aes192_z80_sdcc_O2_binaries/ae   aes192
     000009AC  A$aes192_z80_sdcc_O2_binaries/ae   aes192
     000009AE  A$aes192_z80_sdcc_O2_binaries/ae   aes192
ASxxxx Linker V03.00 + NoICE + sdld,  page 22.
Hexadecimal  [32-Bits]

Area                                    Addr        Size        Decimal Bytes (Attributes)
--------------------------------        ----        ----        ------- ----- ------------
_CODE                               00000200    00001664 =        5732. bytes (REL,CON)

      Value  Global                              Global Defined In Module
      -----  --------------------------------   ------------------------
     000009B1  A$aes192_z80_sdcc_O2_binaries/ae   aes192
     000009B2  A$aes192_z80_sdcc_O2_binaries/ae   aes192
     000009B4  A$aes192_z80_sdcc_O2_binaries/ae   aes192
     000009B7  A$aes192_z80_sdcc_O2_binaries/ae   aes192
     000009B8  A$aes192_z80_sdcc_O2_binaries/ae   aes192
     000009BA  A$aes192_z80_sdcc_O2_binaries/ae   aes192
     000009BD  A$aes192_z80_sdcc_O2_binaries/ae   aes192
     000009BE  A$aes192_z80_sdcc_O2_binaries/ae   aes192
     000009C0  A$aes192_z80_sdcc_O2_binaries/ae   aes192
     000009C3  A$aes192_z80_sdcc_O2_binaries/ae   aes192
     000009C4  A$aes192_z80_sdcc_O2_binaries/ae   aes192
     000009C6  A$aes192_z80_sdcc_O2_binaries/ae   aes192
     000009C9  A$aes192_z80_sdcc_O2_binaries/ae   aes192
     000009CA  A$aes192_z80_sdcc_O2_binaries/ae   aes192
     000009CC  A$aes192_z80_sdcc_O2_binaries/ae   aes192
     000009CC  C$aes192.c$128$2_0$62              aes192
     000009CF  A$aes192_z80_sdcc_O2_binaries/ae   aes192
     000009D0  A$aes192_z80_sdcc_O2_binaries/ae   aes192
     000009D1  A$aes192_z80_sdcc_O2_binaries/ae   aes192
     000009D2  A$aes192_z80_sdcc_O2_binaries/ae   aes192
     000009D4  A$aes192_z80_sdcc_O2_binaries/ae   aes192
     000009D5  A$aes192_z80_sdcc_O2_binaries/ae   aes192
     000009D6  A$aes192_z80_sdcc_O2_binaries/ae   aes192
     000009D7  A$aes192_z80_sdcc_O2_binaries/ae   aes192
     000009D8  A$aes192_z80_sdcc_O2_binaries/ae   aes192
     000009DA  A$aes192_z80_sdcc_O2_binaries/ae   aes192
     000009DB  A$aes192_z80_sdcc_O2_binaries/ae   aes192
     000009DC  A$aes192_z80_sdcc_O2_binaries/ae   aes192
     000009DD  A$aes192_z80_sdcc_O2_binaries/ae   aes192
     000009DE  A$aes192_z80_sdcc_O2_binaries/ae   aes192
     000009E0  A$aes192_z80_sdcc_O2_binaries/ae   aes192
     000009E1  A$aes192_z80_sdcc_O2_binaries/ae   aes192
     000009E2  A$aes192_z80_sdcc_O2_binaries/ae   aes192
     000009E3  A$aes192_z80_sdcc_O2_binaries/ae   aes192
     000009E4  A$aes192_z80_sdcc_O2_binaries/ae   aes192
     000009E5  A$aes192_z80_sdcc_O2_binaries/ae   aes192
     000009E7  A$aes192_z80_sdcc_O2_binaries/ae   aes192
     000009EA  A$aes192_z80_sdcc_O2_binaries/ae   aes192
     000009EB  A$aes192_z80_sdcc_O2_binaries/ae   aes192
     000009ED  A$aes192_z80_sdcc_O2_binaries/ae   aes192
     000009F0  A$aes192_z80_sdcc_O2_binaries/ae   aes192
     000009F1  A$aes192_z80_sdcc_O2_binaries/ae   aes192
     000009F3  A$aes192_z80_sdcc_O2_binaries/ae   aes192
     000009F6  A$aes192_z80_sdcc_O2_binaries/ae   aes192
     000009F7  A$aes192_z80_sdcc_O2_binaries/ae   aes192
     000009F9  A$aes192_z80_sdcc_O2_binaries/ae   aes192
     000009FC  A$aes192_z80_sdcc_O2_binaries/ae   aes192
     000009FD  A$aes192_z80_sdcc_O2_binaries/ae   aes192
     000009FF  A$aes192_z80_sdcc_O2_binaries/ae   aes192
     00000A02  A$aes192_z80_sdcc_O2_binaries/ae   aes192
     00000A03  A$aes192_z80_sdcc_O2_binaries/ae   aes192
ASxxxx Linker V03.00 + NoICE + sdld,  page 23.
Hexadecimal  [32-Bits]

Area                                    Addr        Size        Decimal Bytes (Attributes)
--------------------------------        ----        ----        ------- ----- ------------
_CODE                               00000200    00001664 =        5732. bytes (REL,CON)

      Value  Global                              Global Defined In Module
      -----  --------------------------------   ------------------------
     00000A05  A$aes192_z80_sdcc_O2_binaries/ae   aes192
     00000A08  A$aes192_z80_sdcc_O2_binaries/ae   aes192
     00000A09  A$aes192_z80_sdcc_O2_binaries/ae   aes192
     00000A0B  A$aes192_z80_sdcc_O2_binaries/ae   aes192
     00000A0E  A$aes192_z80_sdcc_O2_binaries/ae   aes192
     00000A0F  A$aes192_z80_sdcc_O2_binaries/ae   aes192
     00000A11  A$aes192_z80_sdcc_O2_binaries/ae   aes192
     00000A14  A$aes192_z80_sdcc_O2_binaries/ae   aes192
     00000A15  A$aes192_z80_sdcc_O2_binaries/ae   aes192
     00000A17  A$aes192_z80_sdcc_O2_binaries/ae   aes192
     00000A1A  A$aes192_z80_sdcc_O2_binaries/ae   aes192
     00000A1B  A$aes192_z80_sdcc_O2_binaries/ae   aes192
     00000A1D  A$aes192_z80_sdcc_O2_binaries/ae   aes192
     00000A20  A$aes192_z80_sdcc_O2_binaries/ae   aes192
     00000A21  A$aes192_z80_sdcc_O2_binaries/ae   aes192
     00000A23  A$aes192_z80_sdcc_O2_binaries/ae   aes192
     00000A26  A$aes192_z80_sdcc_O2_binaries/ae   aes192
     00000A27  A$aes192_z80_sdcc_O2_binaries/ae   aes192
     00000A29  A$aes192_z80_sdcc_O2_binaries/ae   aes192
     00000A2C  A$aes192_z80_sdcc_O2_binaries/ae   aes192
     00000A2D  A$aes192_z80_sdcc_O2_binaries/ae   aes192
     00000A2F  A$aes192_z80_sdcc_O2_binaries/ae   aes192
     00000A2F  C$aes192.c$135$1_0$62              aes192
     00000A32  A$aes192_z80_sdcc_O2_binaries/ae   aes192
     00000A33  A$aes192_z80_sdcc_O2_binaries/ae   aes192
     00000A36  A$aes192_z80_sdcc_O2_binaries/ae   aes192
     00000A39  A$aes192_z80_sdcc_O2_binaries/ae   aes192
     00000A3A  A$aes192_z80_sdcc_O2_binaries/ae   aes192
     00000A3B  A$aes192_z80_sdcc_O2_binaries/ae   aes192
     00000A3C  A$aes192_z80_sdcc_O2_binaries/ae   aes192
     00000A3F  A$aes192_z80_sdcc_O2_binaries/ae   aes192
     00000A42  A$aes192_z80_sdcc_O2_binaries/ae   aes192
     00000A43  A$aes192_z80_sdcc_O2_binaries/ae   aes192
     00000A44  A$aes192_z80_sdcc_O2_binaries/ae   aes192
     00000A44  C$aes192.c$137$1_0$62              aes192
     00000A47  A$aes192_z80_sdcc_O2_binaries/ae   aes192
     00000A48  A$aes192_z80_sdcc_O2_binaries/ae   aes192
     00000A4B  A$aes192_z80_sdcc_O2_binaries/ae   aes192
     00000A4C  A$aes192_z80_sdcc_O2_binaries/ae   aes192
     00000A4F  A$aes192_z80_sdcc_O2_binaries/ae   aes192
     00000A50  A$aes192_z80_sdcc_O2_binaries/ae   aes192
     00000A52  A$aes192_z80_sdcc_O2_binaries/ae   aes192
     00000A53  A$aes192_z80_sdcc_O2_binaries/ae   aes192
     00000A54  A$aes192_z80_sdcc_O2_binaries/ae   aes192
     00000A55  A$aes192_z80_sdcc_O2_binaries/ae   aes192
     00000A56  A$aes192_z80_sdcc_O2_binaries/ae   aes192
     00000A58  A$aes192_z80_sdcc_O2_binaries/ae   aes192
     00000A5A  A$aes192_z80_sdcc_O2_binaries/ae   aes192
     00000A5A  C$aes192.c$139$2_0$63              aes192
     00000A5D  A$aes192_z80_sdcc_O2_binaries/ae   aes192
     00000A60  A$aes192_z80_sdcc_O2_binaries/ae   aes192
ASxxxx Linker V03.00 + NoICE + sdld,  page 24.
Hexadecimal  [32-Bits]

Area                                    Addr        Size        Decimal Bytes (Attributes)
--------------------------------        ----        ----        ------- ----- ------------
_CODE                               00000200    00001664 =        5732. bytes (REL,CON)

      Value  Global                              Global Defined In Module
      -----  --------------------------------   ------------------------
     00000A61  A$aes192_z80_sdcc_O2_binaries/ae   aes192
     00000A62  A$aes192_z80_sdcc_O2_binaries/ae   aes192
     00000A64  A$aes192_z80_sdcc_O2_binaries/ae   aes192
     00000A65  A$aes192_z80_sdcc_O2_binaries/ae   aes192
     00000A66  A$aes192_z80_sdcc_O2_binaries/ae   aes192
     00000A69  A$aes192_z80_sdcc_O2_binaries/ae   aes192
     00000A6A  A$aes192_z80_sdcc_O2_binaries/ae   aes192
     00000A6D  A$aes192_z80_sdcc_O2_binaries/ae   aes192
     00000A6E  A$aes192_z80_sdcc_O2_binaries/ae   aes192
     00000A6F  A$aes192_z80_sdcc_O2_binaries/ae   aes192
     00000A70  A$aes192_z80_sdcc_O2_binaries/ae   aes192
     00000A70  C$aes192.c$138$2_0$63              aes192
     00000A71  A$aes192_z80_sdcc_O2_binaries/ae   aes192
     00000A73  A$aes192_z80_sdcc_O2_binaries/ae   aes192
     00000A73  C$aes192.c$140$1_0$62              aes192
     00000A76  A$aes192_z80_sdcc_O2_binaries/ae   aes192
     00000A77  A$aes192_z80_sdcc_O2_binaries/ae   aes192
     00000A7A  A$aes192_z80_sdcc_O2_binaries/ae   aes192
     00000A7B  A$aes192_z80_sdcc_O2_binaries/ae   aes192
     00000A7B  C$aes192.c$142$1_0$62              aes192
     00000A7E  A$aes192_z80_sdcc_O2_binaries/ae   aes192
     00000A80  A$aes192_z80_sdcc_O2_binaries/ae   aes192
     00000A82  A$aes192_z80_sdcc_O2_binaries/ae   aes192
     00000A82  C$aes192.c$143$1_0$62              aes192
     00000A82  XG$main$0$0                        aes192
     00000A83  Faes192$__str_1$0_0$0              aes192
     00000A9E  Faes192$__str_2$0_0$0              aes192
     00000AA4  Faes192$__str_4$0_0$0              aes192
     00000AA5  _puts                              puts
     00000AD7  _vprintf                           vprintf
     00000AFF  _printf                            vprintf
     00000B1C  __modschar                         
     00000B29  __modsint                          
     00000C5B  __print_format                     printf_large
     000017CB  __divsint                          
     000017D4  __divschar                         
     000017DB  __div8                             
     000017DF  __div_signexte                     
     000017E3  __div16                            
     00001809  __get_remainder                    
     00001813  __divuint                          
     0000181B  __divuchar                         
     00001822  __divu8                            
     00001825  __divu16                           
     00001854  ___sdcc_call_hl                    
     00001855  _strlen                            
ASxxxx Linker V03.00 + NoICE + sdld,  page 25.
Hexadecimal  [32-Bits]

Area                                    Addr        Size        Decimal Bytes (Attributes)
--------------------------------        ----        ----        ------- ----- ------------
_HEADER0                            00000000    00000003 =           3. bytes (ABS,CON)

      Value  Global                              Global Defined In Module
      -----  --------------------------------   ------------------------
ASxxxx Linker V03.00 + NoICE + sdld,  page 26.
Hexadecimal  [32-Bits]

Area                                    Addr        Size        Decimal Bytes (Attributes)
--------------------------------        ----        ----        ------- ----- ------------
_HEADER1                            00000000    00000004 =           4. bytes (ABS,CON)

      Value  Global                              Global Defined In Module
      -----  --------------------------------   ------------------------
ASxxxx Linker V03.00 + NoICE + sdld,  page 27.
Hexadecimal  [32-Bits]

Area                                    Addr        Size        Decimal Bytes (Attributes)
--------------------------------        ----        ----        ------- ----- ------------
_HEADER2                            00000000    00000003 =           3. bytes (ABS,CON)

      Value  Global                              Global Defined In Module
      -----  --------------------------------   ------------------------
ASxxxx Linker V03.00 + NoICE + sdld,  page 28.
Hexadecimal  [32-Bits]

Area                                    Addr        Size        Decimal Bytes (Attributes)
--------------------------------        ----        ----        ------- ----- ------------
_HEADER3                            00000000    00000003 =           3. bytes (ABS,CON)

      Value  Global                              Global Defined In Module
      -----  --------------------------------   ------------------------
ASxxxx Linker V03.00 + NoICE + sdld,  page 29.
Hexadecimal  [32-Bits]

Area                                    Addr        Size        Decimal Bytes (Attributes)
--------------------------------        ----        ----        ------- ----- ------------
_HEADER4                            00000000    00000003 =           3. bytes (ABS,CON)

      Value  Global                              Global Defined In Module
      -----  --------------------------------   ------------------------
ASxxxx Linker V03.00 + NoICE + sdld,  page 30.
Hexadecimal  [32-Bits]

Area                                    Addr        Size        Decimal Bytes (Attributes)
--------------------------------        ----        ----        ------- ----- ------------
_HEADER5                            00000000    00000003 =           3. bytes (ABS,CON)

      Value  Global                              Global Defined In Module
      -----  --------------------------------   ------------------------
ASxxxx Linker V03.00 + NoICE + sdld,  page 31.
Hexadecimal  [32-Bits]

Area                                    Addr        Size        Decimal Bytes (Attributes)
--------------------------------        ----        ----        ------- ----- ------------
_HEADER6                            00000000    00000003 =           3. bytes (ABS,CON)

      Value  Global                              Global Defined In Module
      -----  --------------------------------   ------------------------
ASxxxx Linker V03.00 + NoICE + sdld,  page 32.
Hexadecimal  [32-Bits]

Area                                    Addr        Size        Decimal Bytes (Attributes)
--------------------------------        ----        ----        ------- ----- ------------
_HEADER7                            00000000    00000003 =           3. bytes (ABS,CON)

      Value  Global                              Global Defined In Module
      -----  --------------------------------   ------------------------
ASxxxx Linker V03.00 + NoICE + sdld,  page 33.
Hexadecimal  [32-Bits]

Area                                    Addr        Size        Decimal Bytes (Attributes)
--------------------------------        ----        ----        ------- ----- ------------
_HEADER8                            00000000    0000000C =          12. bytes (ABS,CON)

      Value  Global                              Global Defined In Module
      -----  --------------------------------   ------------------------
ASxxxx Linker V03.00 + NoICE + sdld,  page 34.
Hexadecimal  [32-Bits]

Area                                    Addr        Size        Decimal Bytes (Attributes)
--------------------------------        ----        ----        ------- ----- ------------
_GSINIT                             00001864    0000000F =          15. bytes (REL,CON)

      Value  Global                              Global Defined In Module
      -----  --------------------------------   ------------------------
     00001864  gsinit                             crt0

ASxxxx Linker V03.00 + NoICE + sdld,  page 35.
Hexadecimal  [32-Bits]

Area                                    Addr        Size        Decimal Bytes (Attributes)
--------------------------------        ----        ----        ------- ----- ------------
_GSFINAL                            00001873    00000001 =           1. bytes (REL,CON)

      Value  Global                              Global Defined In Module
      -----  --------------------------------   ------------------------
ASxxxx Linker V03.00 + NoICE + sdld,  page 36.

Files Linked                              [ module(s) ]

/usr/bin/../share/sdcc/lib/z80/crt0.rel   [ crt0 ]
/work/test_dataset_binaries/aes192_z80_sdcc_O2.rel
                                          [ aes192 ]


Libraries Linked                          [ object file ]

/usr/bin/../share/sdcc/lib/z80/z80.lib    [ puts.rel ]
/usr/bin/../share/sdcc/lib/z80/z80.lib    [ vprintf.rel ]
/usr/bin/../share/sdcc/lib/z80/z80.lib    [ modsigned.rel ]
/usr/bin/../share/sdcc/lib/z80/z80.lib    [ printf_large.rel ]
/usr/bin/../share/sdcc/lib/z80/z80.lib    [ divsigned.rel ]
/usr/bin/../share/sdcc/lib/z80/z80.lib    [ divunsigned.rel ]
/usr/bin/../share/sdcc/lib/z80/z80.lib    [ __sdcc_call_hl.rel ]
/usr/bin/../share/sdcc/lib/z80/z80.lib    [ strlen.rel ]

ASxxxx Linker V03.00 + NoICE + sdld,  page 37.

User Base Address Definitions

_CODE = 0x0200
_DATA = 0x8000

