ASxxxx Linker V03.00 + NoICE + sdld,  page 1.
Hexadecimal  [32-Bits]

Area                                    Addr        Size        Decimal Bytes (Attributes)
--------------------------------        ----        ----        ------- ----- ------------
.  .ABS.                            00000000    00000000 =           0. bytes (ABS,CON)

      Value  Global                              Global Defined In Module
      -----  --------------------------------   ------------------------
     00000000  .__.ABS.                           
     00000000  _putchar                        
     00000000  l__BSEG                         
     00000000  l__BSS                          
     00000000  l__CABS                         
     00000000  l__DABS                         
     00000000  l__DATA                         
     00000000  l__HEADER                       
     00000000  l__HEAP                         
     00000000  l__HOME                         
     00000000  l__INITIALIZED                  
     00000000  l__INITIALIZER                  
     00000000  s__CABS                         
     00000000  s__DABS                         
     00000000  s__HEADER                       
     00000000  s__HEADER0                      
     00000000  s__HEADER1                      
     00000000  s__HEADER2                      
     00000000  s__HEADER3                      
     00000000  s__HEADER4                      
     00000000  s__HEADER5                      
     00000000  s__HEADER6                      
     00000000  s__HEADER7                      
     00000000  s__HEADER8                      
     00000001  l__GSFINAL                      
     00000003  l__HEADER0                      
     00000003  l__HEADER2                      
     00000003  l__HEADER3                      
     00000003  l__HEADER4                      
     00000003  l__HEADER5                      
     00000003  l__HEADER6                      
     00000003  l__HEADER7                      
     00000004  l__HEADER1                      
     0000000C  l__HEADER8                      
     0000000F  l__GSINIT                       
     00000200  s__CODE                         
     000017F6  l__CODE                         
     000019F6  s__GSINIT                       
     000019F6  s__HOME                         
     000019F6  s__INITIALIZER                  
     00001A05  s__GSFINAL                      
     00008000  s__BSEG                         
     00008000  s__BSS                          
     00008000  s__DATA                         
     00008000  s__HEAP                         
     00008000  s__INITIALIZED                  

ASxxxx Linker V03.00 + NoICE + sdld,  page 2.
Hexadecimal  [32-Bits]

Area                                    Addr        Size        Decimal Bytes (Attributes)
--------------------------------        ----        ----        ------- ----- ------------
_CODE                               00000200    000017F6 =        6134. bytes (REL,CON)

      Value  Global                              Global Defined In Module
      -----  --------------------------------   ------------------------
     00000200  __clock                            crt0
     00000204  _exit                              crt0
     0000020A  A$aes256_z80_sdcc_O2_binaries/ae   aes256
     0000020A  C$aes256.c$33$0_0$35               aes256
     0000020A  Faes256$xtime$0$0                  aes256
     0000020C  A$aes256_z80_sdcc_O2_binaries/ae   aes256
     00000210  A$aes256_z80_sdcc_O2_binaries/ae   aes256
     00000212  A$aes256_z80_sdcc_O2_binaries/ae   aes256
     00000212  C$aes256.c$34$1_0$35               aes256
     00000215  A$aes256_z80_sdcc_O2_binaries/ae   aes256
     00000216  A$aes256_z80_sdcc_O2_binaries/ae   aes256
     00000217  A$aes256_z80_sdcc_O2_binaries/ae   aes256
     0000021A  A$aes256_z80_sdcc_O2_binaries/ae   aes256
     0000021B  A$aes256_z80_sdcc_O2_binaries/ae   aes256
     0000021D  A$aes256_z80_sdcc_O2_binaries/ae   aes256
     00000220  A$aes256_z80_sdcc_O2_binaries/ae   aes256
     00000222  A$aes256_z80_sdcc_O2_binaries/ae   aes256
     00000225  A$aes256_z80_sdcc_O2_binaries/ae   aes256
     00000226  A$aes256_z80_sdcc_O2_binaries/ae   aes256
     00000227  A$aes256_z80_sdcc_O2_binaries/ae   aes256
     00000228  A$aes256_z80_sdcc_O2_binaries/ae   aes256
     00000229  A$aes256_z80_sdcc_O2_binaries/ae   aes256
     0000022A  A$aes256_z80_sdcc_O2_binaries/ae   aes256
     0000022B  A$aes256_z80_sdcc_O2_binaries/ae   aes256
     0000022C  A$aes256_z80_sdcc_O2_binaries/ae   aes256
     0000022D  A$aes256_z80_sdcc_O2_binaries/ae   aes256
     0000022E  A$aes256_z80_sdcc_O2_binaries/ae   aes256
     00000230  A$aes256_z80_sdcc_O2_binaries/ae   aes256
     00000230  C$aes256.c$35$1_0$35               aes256
     00000230  XFaes256$xtime$0$0                 aes256
     00000231  Faes256$SBOX$0_0$0                 aes256
     00000331  Faes256$RCON$0_0$0                 aes256
     00000340  A$aes256_z80_sdcc_O2_binaries/ae   aes256
     00000340  C$aes256.c$37$1_0$38               aes256
     00000340  Faes256$SubBytes$0$0               aes256
     00000342  A$aes256_z80_sdcc_O2_binaries/ae   aes256
     00000346  A$aes256_z80_sdcc_O2_binaries/ae   aes256
     00000348  A$aes256_z80_sdcc_O2_binaries/ae   aes256
     00000348  C$aes256.c$38$2_0$38               aes256
     0000034B  A$aes256_z80_sdcc_O2_binaries/ae   aes256
     0000034C  A$aes256_z80_sdcc_O2_binaries/ae   aes256
     0000034E  A$aes256_z80_sdcc_O2_binaries/ae   aes256
     0000034F  A$aes256_z80_sdcc_O2_binaries/ae   aes256
     00000350  A$aes256_z80_sdcc_O2_binaries/ae   aes256
     00000351  A$aes256_z80_sdcc_O2_binaries/ae   aes256
     00000352  A$aes256_z80_sdcc_O2_binaries/ae   aes256
     00000354  A$aes256_z80_sdcc_O2_binaries/ae   aes256
     00000356  A$aes256_z80_sdcc_O2_binaries/ae   aes256
     00000359  A$aes256_z80_sdcc_O2_binaries/ae   aes256
     0000035A  A$aes256_z80_sdcc_O2_binaries/ae   aes256
ASxxxx Linker V03.00 + NoICE + sdld,  page 3.
Hexadecimal  [32-Bits]

Area                                    Addr        Size        Decimal Bytes (Attributes)
--------------------------------        ----        ----        ------- ----- ------------
_CODE                               00000200    000017F6 =        6134. bytes (REL,CON)

      Value  Global                              Global Defined In Module
      -----  --------------------------------   ------------------------
     0000035B  A$aes256_z80_sdcc_O2_binaries/ae   aes256
     0000035E  A$aes256_z80_sdcc_O2_binaries/ae   aes256
     0000035F  A$aes256_z80_sdcc_O2_binaries/ae   aes256
     00000360  A$aes256_z80_sdcc_O2_binaries/ae   aes256
     00000361  A$aes256_z80_sdcc_O2_binaries/ae   aes256
     00000363  A$aes256_z80_sdcc_O2_binaries/ae   aes256
     00000364  A$aes256_z80_sdcc_O2_binaries/ae   aes256
     00000366  A$aes256_z80_sdcc_O2_binaries/ae   aes256
     00000368  A$aes256_z80_sdcc_O2_binaries/ae   aes256
     00000369  A$aes256_z80_sdcc_O2_binaries/ae   aes256
     0000036A  A$aes256_z80_sdcc_O2_binaries/ae   aes256
     0000036B  A$aes256_z80_sdcc_O2_binaries/ae   aes256
     0000036C  A$aes256_z80_sdcc_O2_binaries/ae   aes256
     0000036E  A$aes256_z80_sdcc_O2_binaries/ae   aes256
     00000370  A$aes256_z80_sdcc_O2_binaries/ae   aes256
     00000370  C$aes256.c$39$2_0$38               aes256
     00000370  XFaes256$SubBytes$0$0              aes256
     00000371  A$aes256_z80_sdcc_O2_binaries/ae   aes256
     00000371  C$aes256.c$41$2_0$40               aes256
     00000371  Faes256$ShiftRows$0$0              aes256
     00000373  A$aes256_z80_sdcc_O2_binaries/ae   aes256
     00000377  A$aes256_z80_sdcc_O2_binaries/ae   aes256
     00000379  A$aes256_z80_sdcc_O2_binaries/ae   aes256
     0000037C  A$aes256_z80_sdcc_O2_binaries/ae   aes256
     0000037D  A$aes256_z80_sdcc_O2_binaries/ae   aes256
     0000037E  A$aes256_z80_sdcc_O2_binaries/ae   aes256
     0000037E  C$aes256.c$43$1_0$40               aes256
     00000381  A$aes256_z80_sdcc_O2_binaries/ae   aes256
     00000382  A$aes256_z80_sdcc_O2_binaries/ae   aes256
     00000383  A$aes256_z80_sdcc_O2_binaries/ae   aes256
     00000384  A$aes256_z80_sdcc_O2_binaries/ae   aes256
     00000385  A$aes256_z80_sdcc_O2_binaries/ae   aes256
     00000386  A$aes256_z80_sdcc_O2_binaries/ae   aes256
     00000389  A$aes256_z80_sdcc_O2_binaries/ae   aes256
     0000038C  A$aes256_z80_sdcc_O2_binaries/ae   aes256
     0000038D  A$aes256_z80_sdcc_O2_binaries/ae   aes256
     00000390  A$aes256_z80_sdcc_O2_binaries/ae   aes256
     00000392  A$aes256_z80_sdcc_O2_binaries/ae   aes256
     00000393  A$aes256_z80_sdcc_O2_binaries/ae   aes256
     00000393  C$aes256.c$44$1_0$40               aes256
     00000396  A$aes256_z80_sdcc_O2_binaries/ae   aes256
     00000399  A$aes256_z80_sdcc_O2_binaries/ae   aes256
     0000039A  A$aes256_z80_sdcc_O2_binaries/ae   aes256
     0000039B  A$aes256_z80_sdcc_O2_binaries/ae   aes256
     0000039C  A$aes256_z80_sdcc_O2_binaries/ae   aes256
     0000039D  A$aes256_z80_sdcc_O2_binaries/ae   aes256
     0000039E  A$aes256_z80_sdcc_O2_binaries/ae   aes256
     0000039F  A$aes256_z80_sdcc_O2_binaries/ae   aes256
     000003A0  A$aes256_z80_sdcc_O2_binaries/ae   aes256
     000003A1  A$aes256_z80_sdcc_O2_binaries/ae   aes256
     000003A2  A$aes256_z80_sdcc_O2_binaries/ae   aes256
ASxxxx Linker V03.00 + NoICE + sdld,  page 4.
Hexadecimal  [32-Bits]

Area                                    Addr        Size        Decimal Bytes (Attributes)
--------------------------------        ----        ----        ------- ----- ------------
_CODE                               00000200    000017F6 =        6134. bytes (REL,CON)

      Value  Global                              Global Defined In Module
      -----  --------------------------------   ------------------------
     000003A3  A$aes256_z80_sdcc_O2_binaries/ae   aes256
     000003A6  A$aes256_z80_sdcc_O2_binaries/ae   aes256
     000003A8  A$aes256_z80_sdcc_O2_binaries/ae   aes256
     000003A9  A$aes256_z80_sdcc_O2_binaries/ae   aes256
     000003AC  A$aes256_z80_sdcc_O2_binaries/ae   aes256
     000003AE  A$aes256_z80_sdcc_O2_binaries/ae   aes256
     000003AF  A$aes256_z80_sdcc_O2_binaries/ae   aes256
     000003B0  A$aes256_z80_sdcc_O2_binaries/ae   aes256
     000003B1  A$aes256_z80_sdcc_O2_binaries/ae   aes256
     000003B2  A$aes256_z80_sdcc_O2_binaries/ae   aes256
     000003B5  A$aes256_z80_sdcc_O2_binaries/ae   aes256
     000003B6  A$aes256_z80_sdcc_O2_binaries/ae   aes256
     000003B7  A$aes256_z80_sdcc_O2_binaries/ae   aes256
     000003B8  A$aes256_z80_sdcc_O2_binaries/ae   aes256
     000003B9  A$aes256_z80_sdcc_O2_binaries/ae   aes256
     000003BC  A$aes256_z80_sdcc_O2_binaries/ae   aes256
     000003BE  A$aes256_z80_sdcc_O2_binaries/ae   aes256
     000003BF  A$aes256_z80_sdcc_O2_binaries/ae   aes256
     000003C2  A$aes256_z80_sdcc_O2_binaries/ae   aes256
     000003C4  A$aes256_z80_sdcc_O2_binaries/ae   aes256
     000003C5  A$aes256_z80_sdcc_O2_binaries/ae   aes256
     000003C6  A$aes256_z80_sdcc_O2_binaries/ae   aes256
     000003C7  A$aes256_z80_sdcc_O2_binaries/ae   aes256
     000003C8  A$aes256_z80_sdcc_O2_binaries/ae   aes256
     000003CB  A$aes256_z80_sdcc_O2_binaries/ae   aes256
     000003CC  A$aes256_z80_sdcc_O2_binaries/ae   aes256
     000003CD  A$aes256_z80_sdcc_O2_binaries/ae   aes256
     000003CE  A$aes256_z80_sdcc_O2_binaries/ae   aes256
     000003CF  A$aes256_z80_sdcc_O2_binaries/ae   aes256
     000003D2  A$aes256_z80_sdcc_O2_binaries/ae   aes256
     000003D4  A$aes256_z80_sdcc_O2_binaries/ae   aes256
     000003D5  A$aes256_z80_sdcc_O2_binaries/ae   aes256
     000003D8  A$aes256_z80_sdcc_O2_binaries/ae   aes256
     000003DA  A$aes256_z80_sdcc_O2_binaries/ae   aes256
     000003DB  A$aes256_z80_sdcc_O2_binaries/ae   aes256
     000003DC  A$aes256_z80_sdcc_O2_binaries/ae   aes256
     000003DD  A$aes256_z80_sdcc_O2_binaries/ae   aes256
     000003DE  A$aes256_z80_sdcc_O2_binaries/ae   aes256
     000003DF  A$aes256_z80_sdcc_O2_binaries/ae   aes256
     000003E0  A$aes256_z80_sdcc_O2_binaries/ae   aes256
     000003E0  C$aes256.c$45$1_0$40               aes256
     000003E3  A$aes256_z80_sdcc_O2_binaries/ae   aes256
     000003E6  A$aes256_z80_sdcc_O2_binaries/ae   aes256
     000003E7  A$aes256_z80_sdcc_O2_binaries/ae   aes256
     000003E8  A$aes256_z80_sdcc_O2_binaries/ae   aes256
     000003E9  A$aes256_z80_sdcc_O2_binaries/ae   aes256
     000003EA  A$aes256_z80_sdcc_O2_binaries/ae   aes256
     000003EB  A$aes256_z80_sdcc_O2_binaries/ae   aes256
     000003EE  A$aes256_z80_sdcc_O2_binaries/ae   aes256
     000003EF  A$aes256_z80_sdcc_O2_binaries/ae   aes256
     000003F0  A$aes256_z80_sdcc_O2_binaries/ae   aes256
ASxxxx Linker V03.00 + NoICE + sdld,  page 5.
Hexadecimal  [32-Bits]

Area                                    Addr        Size        Decimal Bytes (Attributes)
--------------------------------        ----        ----        ------- ----- ------------
_CODE                               00000200    000017F6 =        6134. bytes (REL,CON)

      Value  Global                              Global Defined In Module
      -----  --------------------------------   ------------------------
     000003F1  A$aes256_z80_sdcc_O2_binaries/ae   aes256
     000003F2  A$aes256_z80_sdcc_O2_binaries/ae   aes256
     000003F5  A$aes256_z80_sdcc_O2_binaries/ae   aes256
     000003F7  A$aes256_z80_sdcc_O2_binaries/ae   aes256
     000003F8  A$aes256_z80_sdcc_O2_binaries/ae   aes256
     000003FB  A$aes256_z80_sdcc_O2_binaries/ae   aes256
     000003FD  A$aes256_z80_sdcc_O2_binaries/ae   aes256
     000003FE  A$aes256_z80_sdcc_O2_binaries/ae   aes256
     000003FF  A$aes256_z80_sdcc_O2_binaries/ae   aes256
     00000400  A$aes256_z80_sdcc_O2_binaries/ae   aes256
     00000401  A$aes256_z80_sdcc_O2_binaries/ae   aes256
     00000402  A$aes256_z80_sdcc_O2_binaries/ae   aes256
     00000403  A$aes256_z80_sdcc_O2_binaries/ae   aes256
     00000404  A$aes256_z80_sdcc_O2_binaries/ae   aes256
     00000407  A$aes256_z80_sdcc_O2_binaries/ae   aes256
     00000409  A$aes256_z80_sdcc_O2_binaries/ae   aes256
     0000040A  A$aes256_z80_sdcc_O2_binaries/ae   aes256
     0000040D  A$aes256_z80_sdcc_O2_binaries/ae   aes256
     0000040F  A$aes256_z80_sdcc_O2_binaries/ae   aes256
     00000410  A$aes256_z80_sdcc_O2_binaries/ae   aes256
     00000411  A$aes256_z80_sdcc_O2_binaries/ae   aes256
     00000412  A$aes256_z80_sdcc_O2_binaries/ae   aes256
     00000413  A$aes256_z80_sdcc_O2_binaries/ae   aes256
     00000416  A$aes256_z80_sdcc_O2_binaries/ae   aes256
     00000417  A$aes256_z80_sdcc_O2_binaries/ae   aes256
     00000418  A$aes256_z80_sdcc_O2_binaries/ae   aes256
     00000419  A$aes256_z80_sdcc_O2_binaries/ae   aes256
     0000041A  A$aes256_z80_sdcc_O2_binaries/ae   aes256
     0000041D  A$aes256_z80_sdcc_O2_binaries/ae   aes256
     0000041F  A$aes256_z80_sdcc_O2_binaries/ae   aes256
     00000420  A$aes256_z80_sdcc_O2_binaries/ae   aes256
     00000423  A$aes256_z80_sdcc_O2_binaries/ae   aes256
     00000425  A$aes256_z80_sdcc_O2_binaries/ae   aes256
     00000426  A$aes256_z80_sdcc_O2_binaries/ae   aes256
     00000427  A$aes256_z80_sdcc_O2_binaries/ae   aes256
     00000428  A$aes256_z80_sdcc_O2_binaries/ae   aes256
     00000429  A$aes256_z80_sdcc_O2_binaries/ae   aes256
     0000042C  A$aes256_z80_sdcc_O2_binaries/ae   aes256
     0000042D  A$aes256_z80_sdcc_O2_binaries/ae   aes256
     0000042E  A$aes256_z80_sdcc_O2_binaries/ae   aes256
     0000042F  A$aes256_z80_sdcc_O2_binaries/ae   aes256
     00000430  A$aes256_z80_sdcc_O2_binaries/ae   aes256
     00000430  C$aes256.c$46$1_0$40               aes256
     00000433  A$aes256_z80_sdcc_O2_binaries/ae   aes256
     00000436  A$aes256_z80_sdcc_O2_binaries/ae   aes256
     00000437  A$aes256_z80_sdcc_O2_binaries/ae   aes256
     00000438  A$aes256_z80_sdcc_O2_binaries/ae   aes256
     00000439  A$aes256_z80_sdcc_O2_binaries/ae   aes256
     0000043A  A$aes256_z80_sdcc_O2_binaries/ae   aes256
     0000043B  A$aes256_z80_sdcc_O2_binaries/ae   aes256
     0000043C  A$aes256_z80_sdcc_O2_binaries/ae   aes256
ASxxxx Linker V03.00 + NoICE + sdld,  page 6.
Hexadecimal  [32-Bits]

Area                                    Addr        Size        Decimal Bytes (Attributes)
--------------------------------        ----        ----        ------- ----- ------------
_CODE                               00000200    000017F6 =        6134. bytes (REL,CON)

      Value  Global                              Global Defined In Module
      -----  --------------------------------   ------------------------
     0000043F  A$aes256_z80_sdcc_O2_binaries/ae   aes256
     00000440  A$aes256_z80_sdcc_O2_binaries/ae   aes256
     00000441  A$aes256_z80_sdcc_O2_binaries/ae   aes256
     00000442  A$aes256_z80_sdcc_O2_binaries/ae   aes256
     00000443  A$aes256_z80_sdcc_O2_binaries/ae   aes256
     00000446  A$aes256_z80_sdcc_O2_binaries/ae   aes256
     00000448  A$aes256_z80_sdcc_O2_binaries/ae   aes256
     00000449  A$aes256_z80_sdcc_O2_binaries/ae   aes256
     0000044C  A$aes256_z80_sdcc_O2_binaries/ae   aes256
     0000044E  A$aes256_z80_sdcc_O2_binaries/ae   aes256
     0000044F  A$aes256_z80_sdcc_O2_binaries/ae   aes256
     00000450  A$aes256_z80_sdcc_O2_binaries/ae   aes256
     00000451  A$aes256_z80_sdcc_O2_binaries/ae   aes256
     00000452  A$aes256_z80_sdcc_O2_binaries/ae   aes256
     00000453  A$aes256_z80_sdcc_O2_binaries/ae   aes256
     00000454  A$aes256_z80_sdcc_O2_binaries/ae   aes256
     00000455  A$aes256_z80_sdcc_O2_binaries/ae   aes256
     00000456  A$aes256_z80_sdcc_O2_binaries/ae   aes256
     00000459  A$aes256_z80_sdcc_O2_binaries/ae   aes256
     0000045B  A$aes256_z80_sdcc_O2_binaries/ae   aes256
     0000045C  A$aes256_z80_sdcc_O2_binaries/ae   aes256
     0000045F  A$aes256_z80_sdcc_O2_binaries/ae   aes256
     00000461  A$aes256_z80_sdcc_O2_binaries/ae   aes256
     00000462  A$aes256_z80_sdcc_O2_binaries/ae   aes256
     00000463  A$aes256_z80_sdcc_O2_binaries/ae   aes256
     00000464  A$aes256_z80_sdcc_O2_binaries/ae   aes256
     00000465  A$aes256_z80_sdcc_O2_binaries/ae   aes256
     00000468  A$aes256_z80_sdcc_O2_binaries/ae   aes256
     00000469  A$aes256_z80_sdcc_O2_binaries/ae   aes256
     0000046A  A$aes256_z80_sdcc_O2_binaries/ae   aes256
     0000046B  A$aes256_z80_sdcc_O2_binaries/ae   aes256
     0000046C  A$aes256_z80_sdcc_O2_binaries/ae   aes256
     0000046F  A$aes256_z80_sdcc_O2_binaries/ae   aes256
     00000471  A$aes256_z80_sdcc_O2_binaries/ae   aes256
     00000472  A$aes256_z80_sdcc_O2_binaries/ae   aes256
     00000475  A$aes256_z80_sdcc_O2_binaries/ae   aes256
     00000477  A$aes256_z80_sdcc_O2_binaries/ae   aes256
     00000478  A$aes256_z80_sdcc_O2_binaries/ae   aes256
     00000479  A$aes256_z80_sdcc_O2_binaries/ae   aes256
     0000047A  A$aes256_z80_sdcc_O2_binaries/ae   aes256
     0000047D  A$aes256_z80_sdcc_O2_binaries/ae   aes256
     0000047E  A$aes256_z80_sdcc_O2_binaries/ae   aes256
     0000047F  A$aes256_z80_sdcc_O2_binaries/ae   aes256
     00000480  A$aes256_z80_sdcc_O2_binaries/ae   aes256
     00000482  A$aes256_z80_sdcc_O2_binaries/ae   aes256
     00000484  A$aes256_z80_sdcc_O2_binaries/ae   aes256
     00000484  C$aes256.c$47$1_0$40               aes256
     00000484  XFaes256$ShiftRows$0$0             aes256
     00000485  A$aes256_z80_sdcc_O2_binaries/ae   aes256
     00000485  C$aes256.c$49$1_0$43               aes256
     00000485  Faes256$MixColumns$0$0             aes256
ASxxxx Linker V03.00 + NoICE + sdld,  page 7.
Hexadecimal  [32-Bits]

Area                                    Addr        Size        Decimal Bytes (Attributes)
--------------------------------        ----        ----        ------- ----- ------------
_CODE                               00000200    000017F6 =        6134. bytes (REL,CON)

      Value  Global                              Global Defined In Module
      -----  --------------------------------   ------------------------
     00000487  A$aes256_z80_sdcc_O2_binaries/ae   aes256
     0000048B  A$aes256_z80_sdcc_O2_binaries/ae   aes256
     0000048D  A$aes256_z80_sdcc_O2_binaries/ae   aes256
     00000490  A$aes256_z80_sdcc_O2_binaries/ae   aes256
     00000491  A$aes256_z80_sdcc_O2_binaries/ae   aes256
     00000492  A$aes256_z80_sdcc_O2_binaries/ae   aes256
     00000493  A$aes256_z80_sdcc_O2_binaries/ae   aes256
     00000496  A$aes256_z80_sdcc_O2_binaries/ae   aes256
     00000499  A$aes256_z80_sdcc_O2_binaries/ae   aes256
     0000049C  A$aes256_z80_sdcc_O2_binaries/ae   aes256
     0000049E  A$aes256_z80_sdcc_O2_binaries/ae   aes256
     000004A1  A$aes256_z80_sdcc_O2_binaries/ae   aes256
     000004A2  A$aes256_z80_sdcc_O2_binaries/ae   aes256
     000004A3  A$aes256_z80_sdcc_O2_binaries/ae   aes256
     000004A4  A$aes256_z80_sdcc_O2_binaries/ae   aes256
     000004A6  A$aes256_z80_sdcc_O2_binaries/ae   aes256
     000004A9  A$aes256_z80_sdcc_O2_binaries/ae   aes256
     000004A9  C$aes256.c$51$3_0$44               aes256
     000004AC  A$aes256_z80_sdcc_O2_binaries/ae   aes256
     000004AF  A$aes256_z80_sdcc_O2_binaries/ae   aes256
     000004B1  A$aes256_z80_sdcc_O2_binaries/ae   aes256
     000004B3  A$aes256_z80_sdcc_O2_binaries/ae   aes256
     000004B5  A$aes256_z80_sdcc_O2_binaries/ae   aes256
     000004B7  A$aes256_z80_sdcc_O2_binaries/ae   aes256
     000004B7  C$aes256.c$52$3_0$44               aes256
     000004BA  A$aes256_z80_sdcc_O2_binaries/ae   aes256
     000004BB  A$aes256_z80_sdcc_O2_binaries/ae   aes256
     000004BE  A$aes256_z80_sdcc_O2_binaries/ae   aes256
     000004C1  A$aes256_z80_sdcc_O2_binaries/ae   aes256
     000004C2  A$aes256_z80_sdcc_O2_binaries/ae   aes256
     000004C5  A$aes256_z80_sdcc_O2_binaries/ae   aes256
     000004C8  A$aes256_z80_sdcc_O2_binaries/ae   aes256
     000004CB  A$aes256_z80_sdcc_O2_binaries/ae   aes256
     000004CC  A$aes256_z80_sdcc_O2_binaries/ae   aes256
     000004CF  A$aes256_z80_sdcc_O2_binaries/ae   aes256
     000004D0  A$aes256_z80_sdcc_O2_binaries/ae   aes256
     000004D1  A$aes256_z80_sdcc_O2_binaries/ae   aes256
     000004D2  A$aes256_z80_sdcc_O2_binaries/ae   aes256
     000004D5  A$aes256_z80_sdcc_O2_binaries/ae   aes256
     000004D6  A$aes256_z80_sdcc_O2_binaries/ae   aes256
     000004D7  A$aes256_z80_sdcc_O2_binaries/ae   aes256
     000004DA  A$aes256_z80_sdcc_O2_binaries/ae   aes256
     000004DB  A$aes256_z80_sdcc_O2_binaries/ae   aes256
     000004DC  A$aes256_z80_sdcc_O2_binaries/ae   aes256
     000004DD  A$aes256_z80_sdcc_O2_binaries/ae   aes256
     000004E0  A$aes256_z80_sdcc_O2_binaries/ae   aes256
     000004E3  A$aes256_z80_sdcc_O2_binaries/ae   aes256
     000004E4  A$aes256_z80_sdcc_O2_binaries/ae   aes256
     000004E7  A$aes256_z80_sdcc_O2_binaries/ae   aes256
     000004EA  A$aes256_z80_sdcc_O2_binaries/ae   aes256
     000004ED  A$aes256_z80_sdcc_O2_binaries/ae   aes256
ASxxxx Linker V03.00 + NoICE + sdld,  page 8.
Hexadecimal  [32-Bits]

Area                                    Addr        Size        Decimal Bytes (Attributes)
--------------------------------        ----        ----        ------- ----- ------------
_CODE                               00000200    000017F6 =        6134. bytes (REL,CON)

      Value  Global                              Global Defined In Module
      -----  --------------------------------   ------------------------
     000004F0  A$aes256_z80_sdcc_O2_binaries/ae   aes256
     000004F3  A$aes256_z80_sdcc_O2_binaries/ae   aes256
     000004F6  A$aes256_z80_sdcc_O2_binaries/ae   aes256
     000004F9  A$aes256_z80_sdcc_O2_binaries/ae   aes256
     000004FC  A$aes256_z80_sdcc_O2_binaries/ae   aes256
     000004FF  A$aes256_z80_sdcc_O2_binaries/ae   aes256
     00000502  A$aes256_z80_sdcc_O2_binaries/ae   aes256
     00000503  A$aes256_z80_sdcc_O2_binaries/ae   aes256
     00000506  A$aes256_z80_sdcc_O2_binaries/ae   aes256
     00000507  A$aes256_z80_sdcc_O2_binaries/ae   aes256
     00000508  A$aes256_z80_sdcc_O2_binaries/ae   aes256
     00000509  A$aes256_z80_sdcc_O2_binaries/ae   aes256
     0000050C  A$aes256_z80_sdcc_O2_binaries/ae   aes256
     0000050D  A$aes256_z80_sdcc_O2_binaries/ae   aes256
     00000510  A$aes256_z80_sdcc_O2_binaries/ae   aes256
     00000513  A$aes256_z80_sdcc_O2_binaries/ae   aes256
     00000514  A$aes256_z80_sdcc_O2_binaries/ae   aes256
     00000517  A$aes256_z80_sdcc_O2_binaries/ae   aes256
     0000051A  A$aes256_z80_sdcc_O2_binaries/ae   aes256
     0000051D  A$aes256_z80_sdcc_O2_binaries/ae   aes256
     0000051E  A$aes256_z80_sdcc_O2_binaries/ae   aes256
     00000521  A$aes256_z80_sdcc_O2_binaries/ae   aes256
     00000521  C$aes256.c$53$3_0$44               aes256
     00000524  A$aes256_z80_sdcc_O2_binaries/ae   aes256
     00000527  A$aes256_z80_sdcc_O2_binaries/ae   aes256
     0000052A  A$aes256_z80_sdcc_O2_binaries/ae   aes256
     0000052D  A$aes256_z80_sdcc_O2_binaries/ae   aes256
     0000052D  C$aes256.c$34$2_0$43               aes256
     00000530  A$aes256_z80_sdcc_O2_binaries/ae   aes256
     00000531  A$aes256_z80_sdcc_O2_binaries/ae   aes256
     00000532  A$aes256_z80_sdcc_O2_binaries/ae   aes256
     00000535  A$aes256_z80_sdcc_O2_binaries/ae   aes256
     00000537  A$aes256_z80_sdcc_O2_binaries/ae   aes256
     0000053A  A$aes256_z80_sdcc_O2_binaries/ae   aes256
     0000053E  A$aes256_z80_sdcc_O2_binaries/ae   aes256
     00000540  A$aes256_z80_sdcc_O2_binaries/ae   aes256
     00000543  A$aes256_z80_sdcc_O2_binaries/ae   aes256
     00000545  A$aes256_z80_sdcc_O2_binaries/ae   aes256
     00000548  A$aes256_z80_sdcc_O2_binaries/ae   aes256
     0000054A  A$aes256_z80_sdcc_O2_binaries/ae   aes256
     0000054D  A$aes256_z80_sdcc_O2_binaries/ae   aes256
     0000054E  A$aes256_z80_sdcc_O2_binaries/ae   aes256
     00000551  A$aes256_z80_sdcc_O2_binaries/ae   aes256
     00000552  A$aes256_z80_sdcc_O2_binaries/ae   aes256
     00000553  A$aes256_z80_sdcc_O2_binaries/ae   aes256
     00000556  A$aes256_z80_sdcc_O2_binaries/ae   aes256
     00000557  A$aes256_z80_sdcc_O2_binaries/ae   aes256
     0000055A  A$aes256_z80_sdcc_O2_binaries/ae   aes256
     0000055B  A$aes256_z80_sdcc_O2_binaries/ae   aes256
     0000055C  A$aes256_z80_sdcc_O2_binaries/ae   aes256
     0000055F  A$aes256_z80_sdcc_O2_binaries/ae   aes256
ASxxxx Linker V03.00 + NoICE + sdld,  page 9.
Hexadecimal  [32-Bits]

Area                                    Addr        Size        Decimal Bytes (Attributes)
--------------------------------        ----        ----        ------- ----- ------------
_CODE                               00000200    000017F6 =        6134. bytes (REL,CON)

      Value  Global                              Global Defined In Module
      -----  --------------------------------   ------------------------
     00000562  A$aes256_z80_sdcc_O2_binaries/ae   aes256
     00000565  A$aes256_z80_sdcc_O2_binaries/ae   aes256
     00000566  A$aes256_z80_sdcc_O2_binaries/ae   aes256
     00000569  A$aes256_z80_sdcc_O2_binaries/ae   aes256
     0000056C  A$aes256_z80_sdcc_O2_binaries/ae   aes256
     0000056E  A$aes256_z80_sdcc_O2_binaries/ae   aes256
     0000056F  A$aes256_z80_sdcc_O2_binaries/ae   aes256
     00000571  A$aes256_z80_sdcc_O2_binaries/ae   aes256
     00000572  A$aes256_z80_sdcc_O2_binaries/ae   aes256
     00000573  A$aes256_z80_sdcc_O2_binaries/ae   aes256
     00000575  A$aes256_z80_sdcc_O2_binaries/ae   aes256
     00000578  A$aes256_z80_sdcc_O2_binaries/ae   aes256
     0000057A  A$aes256_z80_sdcc_O2_binaries/ae   aes256
     0000057D  A$aes256_z80_sdcc_O2_binaries/ae   aes256
     00000580  A$aes256_z80_sdcc_O2_binaries/ae   aes256
     00000583  A$aes256_z80_sdcc_O2_binaries/ae   aes256
     00000584  A$aes256_z80_sdcc_O2_binaries/ae   aes256
     00000585  A$aes256_z80_sdcc_O2_binaries/ae   aes256
     00000588  A$aes256_z80_sdcc_O2_binaries/ae   aes256
     00000589  A$aes256_z80_sdcc_O2_binaries/ae   aes256
     0000058C  A$aes256_z80_sdcc_O2_binaries/ae   aes256
     0000058D  A$aes256_z80_sdcc_O2_binaries/ae   aes256
     0000058E  A$aes256_z80_sdcc_O2_binaries/ae   aes256
     00000591  A$aes256_z80_sdcc_O2_binaries/ae   aes256
     00000592  A$aes256_z80_sdcc_O2_binaries/ae   aes256
     00000592  C$aes256.c$53$5_0$49               aes256
     00000595  A$aes256_z80_sdcc_O2_binaries/ae   aes256
     00000598  A$aes256_z80_sdcc_O2_binaries/ae   aes256
     0000059B  A$aes256_z80_sdcc_O2_binaries/ae   aes256
     0000059E  A$aes256_z80_sdcc_O2_binaries/ae   aes256
     000005A1  A$aes256_z80_sdcc_O2_binaries/ae   aes256
     000005A4  A$aes256_z80_sdcc_O2_binaries/ae   aes256
     000005A5  A$aes256_z80_sdcc_O2_binaries/ae   aes256
     000005A5  C$aes256.c$34$6_0$53               aes256
     000005A8  A$aes256_z80_sdcc_O2_binaries/ae   aes256
     000005A9  A$aes256_z80_sdcc_O2_binaries/ae   aes256
     000005AA  A$aes256_z80_sdcc_O2_binaries/ae   aes256
     000005AC  A$aes256_z80_sdcc_O2_binaries/ae   aes256
     000005AF  A$aes256_z80_sdcc_O2_binaries/ae   aes256
     000005B1  A$aes256_z80_sdcc_O2_binaries/ae   aes256
     000005B4  A$aes256_z80_sdcc_O2_binaries/ae   aes256
     000005B5  A$aes256_z80_sdcc_O2_binaries/ae   aes256
     000005B6  A$aes256_z80_sdcc_O2_binaries/ae   aes256
     000005B7  A$aes256_z80_sdcc_O2_binaries/ae   aes256
     000005B8  A$aes256_z80_sdcc_O2_binaries/ae   aes256
     000005B9  A$aes256_z80_sdcc_O2_binaries/ae   aes256
     000005BA  A$aes256_z80_sdcc_O2_binaries/ae   aes256
     000005BB  A$aes256_z80_sdcc_O2_binaries/ae   aes256
     000005BC  A$aes256_z80_sdcc_O2_binaries/ae   aes256
     000005BD  A$aes256_z80_sdcc_O2_binaries/ae   aes256
     000005BE  A$aes256_z80_sdcc_O2_binaries/ae   aes256
ASxxxx Linker V03.00 + NoICE + sdld,  page 10.
Hexadecimal  [32-Bits]

Area                                    Addr        Size        Decimal Bytes (Attributes)
--------------------------------        ----        ----        ------- ----- ------------
_CODE                               00000200    000017F6 =        6134. bytes (REL,CON)

      Value  Global                              Global Defined In Module
      -----  --------------------------------   ------------------------
     000005BE  C$aes256.c$54$5_0$52               aes256
     000005C1  A$aes256_z80_sdcc_O2_binaries/ae   aes256
     000005C4  A$aes256_z80_sdcc_O2_binaries/ae   aes256
     000005C4  C$aes256.c$34$6_0$56               aes256
     000005C7  A$aes256_z80_sdcc_O2_binaries/ae   aes256
     000005C8  A$aes256_z80_sdcc_O2_binaries/ae   aes256
     000005CB  A$aes256_z80_sdcc_O2_binaries/ae   aes256
     000005CE  A$aes256_z80_sdcc_O2_binaries/ae   aes256
     000005D0  A$aes256_z80_sdcc_O2_binaries/ae   aes256
     000005D1  A$aes256_z80_sdcc_O2_binaries/ae   aes256
     000005D3  A$aes256_z80_sdcc_O2_binaries/ae   aes256
     000005D4  A$aes256_z80_sdcc_O2_binaries/ae   aes256
     000005D5  A$aes256_z80_sdcc_O2_binaries/ae   aes256
     000005D7  A$aes256_z80_sdcc_O2_binaries/ae   aes256
     000005DA  A$aes256_z80_sdcc_O2_binaries/ae   aes256
     000005DC  A$aes256_z80_sdcc_O2_binaries/ae   aes256
     000005DF  A$aes256_z80_sdcc_O2_binaries/ae   aes256
     000005E2  A$aes256_z80_sdcc_O2_binaries/ae   aes256
     000005E5  A$aes256_z80_sdcc_O2_binaries/ae   aes256
     000005E6  A$aes256_z80_sdcc_O2_binaries/ae   aes256
     000005E7  A$aes256_z80_sdcc_O2_binaries/ae   aes256
     000005EA  A$aes256_z80_sdcc_O2_binaries/ae   aes256
     000005EB  A$aes256_z80_sdcc_O2_binaries/ae   aes256
     000005EE  A$aes256_z80_sdcc_O2_binaries/ae   aes256
     000005EF  A$aes256_z80_sdcc_O2_binaries/ae   aes256
     000005F0  A$aes256_z80_sdcc_O2_binaries/ae   aes256
     000005F3  A$aes256_z80_sdcc_O2_binaries/ae   aes256
     000005F4  A$aes256_z80_sdcc_O2_binaries/ae   aes256
     000005F4  C$aes256.c$54$5_0$55               aes256
     000005F7  A$aes256_z80_sdcc_O2_binaries/ae   aes256
     000005FA  A$aes256_z80_sdcc_O2_binaries/ae   aes256
     000005FD  A$aes256_z80_sdcc_O2_binaries/ae   aes256
     000005FE  A$aes256_z80_sdcc_O2_binaries/ae   aes256
     000005FE  C$aes256.c$55$3_0$44               aes256
     00000601  A$aes256_z80_sdcc_O2_binaries/ae   aes256
     00000604  A$aes256_z80_sdcc_O2_binaries/ae   aes256
     00000605  A$aes256_z80_sdcc_O2_binaries/ae   aes256
     00000605  C$aes256.c$34$6_0$59               aes256
     00000608  A$aes256_z80_sdcc_O2_binaries/ae   aes256
     00000609  A$aes256_z80_sdcc_O2_binaries/ae   aes256
     0000060A  A$aes256_z80_sdcc_O2_binaries/ae   aes256
     0000060C  A$aes256_z80_sdcc_O2_binaries/ae   aes256
     0000060F  A$aes256_z80_sdcc_O2_binaries/ae   aes256
     00000611  A$aes256_z80_sdcc_O2_binaries/ae   aes256
     00000614  A$aes256_z80_sdcc_O2_binaries/ae   aes256
     00000615  A$aes256_z80_sdcc_O2_binaries/ae   aes256
     00000616  A$aes256_z80_sdcc_O2_binaries/ae   aes256
     00000617  A$aes256_z80_sdcc_O2_binaries/ae   aes256
     00000618  A$aes256_z80_sdcc_O2_binaries/ae   aes256
     00000619  A$aes256_z80_sdcc_O2_binaries/ae   aes256
     0000061A  A$aes256_z80_sdcc_O2_binaries/ae   aes256
ASxxxx Linker V03.00 + NoICE + sdld,  page 11.
Hexadecimal  [32-Bits]

Area                                    Addr        Size        Decimal Bytes (Attributes)
--------------------------------        ----        ----        ------- ----- ------------
_CODE                               00000200    000017F6 =        6134. bytes (REL,CON)

      Value  Global                              Global Defined In Module
      -----  --------------------------------   ------------------------
     0000061B  A$aes256_z80_sdcc_O2_binaries/ae   aes256
     0000061C  A$aes256_z80_sdcc_O2_binaries/ae   aes256
     0000061D  A$aes256_z80_sdcc_O2_binaries/ae   aes256
     0000061E  A$aes256_z80_sdcc_O2_binaries/ae   aes256
     0000061E  C$aes256.c$55$5_0$58               aes256
     0000061F  A$aes256_z80_sdcc_O2_binaries/ae   aes256
     00000622  A$aes256_z80_sdcc_O2_binaries/ae   aes256
     00000622  C$aes256.c$34$6_0$62               aes256
     00000625  A$aes256_z80_sdcc_O2_binaries/ae   aes256
     00000626  A$aes256_z80_sdcc_O2_binaries/ae   aes256
     00000629  A$aes256_z80_sdcc_O2_binaries/ae   aes256
     0000062C  A$aes256_z80_sdcc_O2_binaries/ae   aes256
     0000062E  A$aes256_z80_sdcc_O2_binaries/ae   aes256
     00000631  A$aes256_z80_sdcc_O2_binaries/ae   aes256
     00000635  A$aes256_z80_sdcc_O2_binaries/ae   aes256
     00000637  A$aes256_z80_sdcc_O2_binaries/ae   aes256
     0000063A  A$aes256_z80_sdcc_O2_binaries/ae   aes256
     0000063C  A$aes256_z80_sdcc_O2_binaries/ae   aes256
     00000640  A$aes256_z80_sdcc_O2_binaries/ae   aes256
     00000641  A$aes256_z80_sdcc_O2_binaries/ae   aes256
     00000644  A$aes256_z80_sdcc_O2_binaries/ae   aes256
     00000646  A$aes256_z80_sdcc_O2_binaries/ae   aes256
     00000647  A$aes256_z80_sdcc_O2_binaries/ae   aes256
     0000064A  A$aes256_z80_sdcc_O2_binaries/ae   aes256
     0000064D  A$aes256_z80_sdcc_O2_binaries/ae   aes256
     00000650  A$aes256_z80_sdcc_O2_binaries/ae   aes256
     00000653  A$aes256_z80_sdcc_O2_binaries/ae   aes256
     00000654  A$aes256_z80_sdcc_O2_binaries/ae   aes256
     00000655  A$aes256_z80_sdcc_O2_binaries/ae   aes256
     00000658  A$aes256_z80_sdcc_O2_binaries/ae   aes256
     0000065B  A$aes256_z80_sdcc_O2_binaries/ae   aes256
     0000065E  A$aes256_z80_sdcc_O2_binaries/ae   aes256
     00000661  A$aes256_z80_sdcc_O2_binaries/ae   aes256
     00000664  A$aes256_z80_sdcc_O2_binaries/ae   aes256
     00000667  A$aes256_z80_sdcc_O2_binaries/ae   aes256
     0000066A  A$aes256_z80_sdcc_O2_binaries/ae   aes256
     0000066D  A$aes256_z80_sdcc_O2_binaries/ae   aes256
     0000066D  C$aes256.c$55$5_0$61               aes256
     00000670  A$aes256_z80_sdcc_O2_binaries/ae   aes256
     00000673  A$aes256_z80_sdcc_O2_binaries/ae   aes256
     00000676  A$aes256_z80_sdcc_O2_binaries/ae   aes256
     00000679  A$aes256_z80_sdcc_O2_binaries/ae   aes256
     0000067C  A$aes256_z80_sdcc_O2_binaries/ae   aes256
     0000067D  A$aes256_z80_sdcc_O2_binaries/ae   aes256
     0000067E  A$aes256_z80_sdcc_O2_binaries/ae   aes256
     0000067F  A$aes256_z80_sdcc_O2_binaries/ae   aes256
     00000680  A$aes256_z80_sdcc_O2_binaries/ae   aes256
     00000683  A$aes256_z80_sdcc_O2_binaries/ae   aes256
     00000684  A$aes256_z80_sdcc_O2_binaries/ae   aes256
     00000684  C$aes256.c$34$6_0$65               aes256
     00000687  A$aes256_z80_sdcc_O2_binaries/ae   aes256
ASxxxx Linker V03.00 + NoICE + sdld,  page 12.
Hexadecimal  [32-Bits]

Area                                    Addr        Size        Decimal Bytes (Attributes)
--------------------------------        ----        ----        ------- ----- ------------
_CODE                               00000200    000017F6 =        6134. bytes (REL,CON)

      Value  Global                              Global Defined In Module
      -----  --------------------------------   ------------------------
     0000068A  A$aes256_z80_sdcc_O2_binaries/ae   aes256
     0000068C  A$aes256_z80_sdcc_O2_binaries/ae   aes256
     00000690  A$aes256_z80_sdcc_O2_binaries/ae   aes256
     00000691  A$aes256_z80_sdcc_O2_binaries/ae   aes256
     00000694  A$aes256_z80_sdcc_O2_binaries/ae   aes256
     00000696  A$aes256_z80_sdcc_O2_binaries/ae   aes256
     00000697  A$aes256_z80_sdcc_O2_binaries/ae   aes256
     0000069A  A$aes256_z80_sdcc_O2_binaries/ae   aes256
     0000069D  A$aes256_z80_sdcc_O2_binaries/ae   aes256
     000006A0  A$aes256_z80_sdcc_O2_binaries/ae   aes256
     000006A3  A$aes256_z80_sdcc_O2_binaries/ae   aes256
     000006A6  A$aes256_z80_sdcc_O2_binaries/ae   aes256
     000006A9  A$aes256_z80_sdcc_O2_binaries/ae   aes256
     000006AC  A$aes256_z80_sdcc_O2_binaries/ae   aes256
     000006AF  A$aes256_z80_sdcc_O2_binaries/ae   aes256
     000006B2  A$aes256_z80_sdcc_O2_binaries/ae   aes256
     000006B2  C$aes256.c$56$5_0$64               aes256
     000006B5  A$aes256_z80_sdcc_O2_binaries/ae   aes256
     000006B8  A$aes256_z80_sdcc_O2_binaries/ae   aes256
     000006BB  A$aes256_z80_sdcc_O2_binaries/ae   aes256
     000006BE  A$aes256_z80_sdcc_O2_binaries/ae   aes256
     000006C1  A$aes256_z80_sdcc_O2_binaries/ae   aes256
     000006C4  A$aes256_z80_sdcc_O2_binaries/ae   aes256
     000006C7  A$aes256_z80_sdcc_O2_binaries/ae   aes256
     000006C7  C$aes256.c$34$6_0$68               aes256
     000006CA  A$aes256_z80_sdcc_O2_binaries/ae   aes256
     000006CD  A$aes256_z80_sdcc_O2_binaries/ae   aes256
     000006D0  A$aes256_z80_sdcc_O2_binaries/ae   aes256
     000006D3  A$aes256_z80_sdcc_O2_binaries/ae   aes256
     000006D5  A$aes256_z80_sdcc_O2_binaries/ae   aes256
     000006D9  A$aes256_z80_sdcc_O2_binaries/ae   aes256
     000006DA  A$aes256_z80_sdcc_O2_binaries/ae   aes256
     000006DD  A$aes256_z80_sdcc_O2_binaries/ae   aes256
     000006DF  A$aes256_z80_sdcc_O2_binaries/ae   aes256
     000006E0  A$aes256_z80_sdcc_O2_binaries/ae   aes256
     000006E3  A$aes256_z80_sdcc_O2_binaries/ae   aes256
     000006E6  A$aes256_z80_sdcc_O2_binaries/ae   aes256
     000006E9  A$aes256_z80_sdcc_O2_binaries/ae   aes256
     000006EA  A$aes256_z80_sdcc_O2_binaries/ae   aes256
     000006EB  A$aes256_z80_sdcc_O2_binaries/ae   aes256
     000006EC  A$aes256_z80_sdcc_O2_binaries/ae   aes256
     000006ED  A$aes256_z80_sdcc_O2_binaries/ae   aes256
     000006EE  A$aes256_z80_sdcc_O2_binaries/ae   aes256
     000006F1  A$aes256_z80_sdcc_O2_binaries/ae   aes256
     000006F2  A$aes256_z80_sdcc_O2_binaries/ae   aes256
     000006F3  A$aes256_z80_sdcc_O2_binaries/ae   aes256
     000006F6  A$aes256_z80_sdcc_O2_binaries/ae   aes256
     000006F6  C$aes256.c$56$5_0$67               aes256
     000006F9  A$aes256_z80_sdcc_O2_binaries/ae   aes256
     000006FA  A$aes256_z80_sdcc_O2_binaries/ae   aes256
     000006FD  A$aes256_z80_sdcc_O2_binaries/ae   aes256
ASxxxx Linker V03.00 + NoICE + sdld,  page 13.
Hexadecimal  [32-Bits]

Area                                    Addr        Size        Decimal Bytes (Attributes)
--------------------------------        ----        ----        ------- ----- ------------
_CODE                               00000200    000017F6 =        6134. bytes (REL,CON)

      Value  Global                              Global Defined In Module
      -----  --------------------------------   ------------------------
     00000700  A$aes256_z80_sdcc_O2_binaries/ae   aes256
     00000701  A$aes256_z80_sdcc_O2_binaries/ae   aes256
     00000701  C$aes256.c$50$2_0$43               aes256
     00000704  A$aes256_z80_sdcc_O2_binaries/ae   aes256
     00000707  A$aes256_z80_sdcc_O2_binaries/ae   aes256
     0000070A  A$aes256_z80_sdcc_O2_binaries/ae   aes256
     0000070D  A$aes256_z80_sdcc_O2_binaries/ae   aes256
     0000070F  A$aes256_z80_sdcc_O2_binaries/ae   aes256
     00000711  A$aes256_z80_sdcc_O2_binaries/ae   aes256
     00000711  C$aes256.c$58$2_0$43               aes256
     00000711  XFaes256$MixColumns$0$0            aes256
     00000712  A$aes256_z80_sdcc_O2_binaries/ae   aes256
     00000712  C$aes256.c$60$2_0$71               aes256
     00000712  Faes256$AddRoundKey$0$0            aes256
     00000714  A$aes256_z80_sdcc_O2_binaries/ae   aes256
     00000718  A$aes256_z80_sdcc_O2_binaries/ae   aes256
     0000071A  A$aes256_z80_sdcc_O2_binaries/ae   aes256
     0000071B  A$aes256_z80_sdcc_O2_binaries/ae   aes256
     0000071B  C$aes256.c$61$2_0$71               aes256
     0000071E  A$aes256_z80_sdcc_O2_binaries/ae   aes256
     0000071F  A$aes256_z80_sdcc_O2_binaries/ae   aes256
     00000721  A$aes256_z80_sdcc_O2_binaries/ae   aes256
     00000722  A$aes256_z80_sdcc_O2_binaries/ae   aes256
     00000723  A$aes256_z80_sdcc_O2_binaries/ae   aes256
     00000724  A$aes256_z80_sdcc_O2_binaries/ae   aes256
     00000725  A$aes256_z80_sdcc_O2_binaries/ae   aes256
     00000727  A$aes256_z80_sdcc_O2_binaries/ae   aes256
     00000729  A$aes256_z80_sdcc_O2_binaries/ae   aes256
     0000072C  A$aes256_z80_sdcc_O2_binaries/ae   aes256
     0000072D  A$aes256_z80_sdcc_O2_binaries/ae   aes256
     0000072E  A$aes256_z80_sdcc_O2_binaries/ae   aes256
     00000731  A$aes256_z80_sdcc_O2_binaries/ae   aes256
     00000732  A$aes256_z80_sdcc_O2_binaries/ae   aes256
     00000733  A$aes256_z80_sdcc_O2_binaries/ae   aes256
     00000734  A$aes256_z80_sdcc_O2_binaries/ae   aes256
     00000737  A$aes256_z80_sdcc_O2_binaries/ae   aes256
     0000073A  A$aes256_z80_sdcc_O2_binaries/ae   aes256
     0000073D  A$aes256_z80_sdcc_O2_binaries/ae   aes256
     0000073E  A$aes256_z80_sdcc_O2_binaries/ae   aes256
     0000073F  A$aes256_z80_sdcc_O2_binaries/ae   aes256
     00000742  A$aes256_z80_sdcc_O2_binaries/ae   aes256
     00000743  A$aes256_z80_sdcc_O2_binaries/ae   aes256
     00000744  A$aes256_z80_sdcc_O2_binaries/ae   aes256
     00000746  A$aes256_z80_sdcc_O2_binaries/ae   aes256
     00000747  A$aes256_z80_sdcc_O2_binaries/ae   aes256
     00000749  A$aes256_z80_sdcc_O2_binaries/ae   aes256
     00000749  C$aes256.c$62$2_0$71               aes256
     00000749  XFaes256$AddRoundKey$0$0           aes256
     0000074A  A$aes256_z80_sdcc_O2_binaries/ae   aes256
     0000074A  C$aes256.c$65$2_0$73               aes256
     0000074A  Faes256$RotWord$0$0                aes256
ASxxxx Linker V03.00 + NoICE + sdld,  page 14.
Hexadecimal  [32-Bits]

Area                                    Addr        Size        Decimal Bytes (Attributes)
--------------------------------        ----        ----        ------- ----- ------------
_CODE                               00000200    000017F6 =        6134. bytes (REL,CON)

      Value  Global                              Global Defined In Module
      -----  --------------------------------   ------------------------
     0000074C  A$aes256_z80_sdcc_O2_binaries/ae   aes256
     00000750  A$aes256_z80_sdcc_O2_binaries/ae   aes256
     00000752  A$aes256_z80_sdcc_O2_binaries/ae   aes256
     00000753  A$aes256_z80_sdcc_O2_binaries/ae   aes256
     00000754  A$aes256_z80_sdcc_O2_binaries/ae   aes256
     00000754  C$aes256.c$66$1_0$73               aes256
     00000757  A$aes256_z80_sdcc_O2_binaries/ae   aes256
     0000075A  A$aes256_z80_sdcc_O2_binaries/ae   aes256
     0000075B  A$aes256_z80_sdcc_O2_binaries/ae   aes256
     0000075E  A$aes256_z80_sdcc_O2_binaries/ae   aes256
     0000075E  C$aes256.c$67$1_0$73               aes256
     0000075F  A$aes256_z80_sdcc_O2_binaries/ae   aes256
     00000760  A$aes256_z80_sdcc_O2_binaries/ae   aes256
     00000761  A$aes256_z80_sdcc_O2_binaries/ae   aes256
     00000762  A$aes256_z80_sdcc_O2_binaries/ae   aes256
     00000763  A$aes256_z80_sdcc_O2_binaries/ae   aes256
     00000766  A$aes256_z80_sdcc_O2_binaries/ae   aes256
     00000767  A$aes256_z80_sdcc_O2_binaries/ae   aes256
     0000076A  A$aes256_z80_sdcc_O2_binaries/ae   aes256
     0000076D  A$aes256_z80_sdcc_O2_binaries/ae   aes256
     0000076E  A$aes256_z80_sdcc_O2_binaries/ae   aes256
     0000076F  A$aes256_z80_sdcc_O2_binaries/ae   aes256
     00000770  A$aes256_z80_sdcc_O2_binaries/ae   aes256
     00000771  A$aes256_z80_sdcc_O2_binaries/ae   aes256
     00000772  A$aes256_z80_sdcc_O2_binaries/ae   aes256
     00000773  A$aes256_z80_sdcc_O2_binaries/ae   aes256
     00000776  A$aes256_z80_sdcc_O2_binaries/ae   aes256
     00000779  A$aes256_z80_sdcc_O2_binaries/ae   aes256
     0000077A  A$aes256_z80_sdcc_O2_binaries/ae   aes256
     0000077D  A$aes256_z80_sdcc_O2_binaries/ae   aes256
     0000077E  A$aes256_z80_sdcc_O2_binaries/ae   aes256
     00000780  A$aes256_z80_sdcc_O2_binaries/ae   aes256
     00000782  A$aes256_z80_sdcc_O2_binaries/ae   aes256
     00000782  C$aes256.c$68$1_0$73               aes256
     00000782  XFaes256$RotWord$0$0               aes256
     00000783  A$aes256_z80_sdcc_O2_binaries/ae   aes256
     00000783  C$aes256.c$71$1_0$75               aes256
     00000783  Faes256$SubWord$0$0                aes256
     00000785  A$aes256_z80_sdcc_O2_binaries/ae   aes256
     00000789  A$aes256_z80_sdcc_O2_binaries/ae   aes256
     0000078B  A$aes256_z80_sdcc_O2_binaries/ae   aes256
     0000078B  C$aes256.c$72$1_0$75               aes256
     0000078E  A$aes256_z80_sdcc_O2_binaries/ae   aes256
     00000791  A$aes256_z80_sdcc_O2_binaries/ae   aes256
     00000792  A$aes256_z80_sdcc_O2_binaries/ae   aes256
     00000794  A$aes256_z80_sdcc_O2_binaries/ae   aes256
     00000795  A$aes256_z80_sdcc_O2_binaries/ae   aes256
     00000797  A$aes256_z80_sdcc_O2_binaries/ae   aes256
     00000799  A$aes256_z80_sdcc_O2_binaries/ae   aes256
     0000079A  A$aes256_z80_sdcc_O2_binaries/ae   aes256
     0000079B  A$aes256_z80_sdcc_O2_binaries/ae   aes256
ASxxxx Linker V03.00 + NoICE + sdld,  page 15.
Hexadecimal  [32-Bits]

Area                                    Addr        Size        Decimal Bytes (Attributes)
--------------------------------        ----        ----        ------- ----- ------------
_CODE                               00000200    000017F6 =        6134. bytes (REL,CON)

      Value  Global                              Global Defined In Module
      -----  --------------------------------   ------------------------
     0000079C  A$aes256_z80_sdcc_O2_binaries/ae   aes256
     0000079D  A$aes256_z80_sdcc_O2_binaries/ae   aes256
     0000079E  A$aes256_z80_sdcc_O2_binaries/ae   aes256
     0000079F  A$aes256_z80_sdcc_O2_binaries/ae   aes256
     000007A0  A$aes256_z80_sdcc_O2_binaries/ae   aes256
     000007A2  A$aes256_z80_sdcc_O2_binaries/ae   aes256
     000007A3  A$aes256_z80_sdcc_O2_binaries/ae   aes256
     000007A5  A$aes256_z80_sdcc_O2_binaries/ae   aes256
     000007A7  A$aes256_z80_sdcc_O2_binaries/ae   aes256
     000007A8  A$aes256_z80_sdcc_O2_binaries/ae   aes256
     000007A9  A$aes256_z80_sdcc_O2_binaries/ae   aes256
     000007AA  A$aes256_z80_sdcc_O2_binaries/ae   aes256
     000007AA  C$aes256.c$73$1_0$75               aes256
     000007AB  A$aes256_z80_sdcc_O2_binaries/ae   aes256
     000007AC  A$aes256_z80_sdcc_O2_binaries/ae   aes256
     000007AD  A$aes256_z80_sdcc_O2_binaries/ae   aes256
     000007AE  A$aes256_z80_sdcc_O2_binaries/ae   aes256
     000007AF  A$aes256_z80_sdcc_O2_binaries/ae   aes256
     000007B1  A$aes256_z80_sdcc_O2_binaries/ae   aes256
     000007B2  A$aes256_z80_sdcc_O2_binaries/ae   aes256
     000007B4  A$aes256_z80_sdcc_O2_binaries/ae   aes256
     000007B6  A$aes256_z80_sdcc_O2_binaries/ae   aes256
     000007B7  A$aes256_z80_sdcc_O2_binaries/ae   aes256
     000007B8  A$aes256_z80_sdcc_O2_binaries/ae   aes256
     000007B9  A$aes256_z80_sdcc_O2_binaries/ae   aes256
     000007BA  A$aes256_z80_sdcc_O2_binaries/ae   aes256
     000007BB  A$aes256_z80_sdcc_O2_binaries/ae   aes256
     000007BC  A$aes256_z80_sdcc_O2_binaries/ae   aes256
     000007BD  A$aes256_z80_sdcc_O2_binaries/ae   aes256
     000007BF  A$aes256_z80_sdcc_O2_binaries/ae   aes256
     000007C0  A$aes256_z80_sdcc_O2_binaries/ae   aes256
     000007C2  A$aes256_z80_sdcc_O2_binaries/ae   aes256
     000007C4  A$aes256_z80_sdcc_O2_binaries/ae   aes256
     000007C5  A$aes256_z80_sdcc_O2_binaries/ae   aes256
     000007C6  A$aes256_z80_sdcc_O2_binaries/ae   aes256
     000007C7  A$aes256_z80_sdcc_O2_binaries/ae   aes256
     000007C9  A$aes256_z80_sdcc_O2_binaries/ae   aes256
     000007C9  C$aes256.c$74$1_0$75               aes256
     000007C9  XFaes256$SubWord$0$0               aes256
     000007CA  A$aes256_z80_sdcc_O2_binaries/ae   aes256
     000007CA  C$aes256.c$77$1_0$77               aes256
     000007CA  Faes256$KeyExpansion$0$0           aes256
     000007CC  A$aes256_z80_sdcc_O2_binaries/ae   aes256
     000007D0  A$aes256_z80_sdcc_O2_binaries/ae   aes256
     000007D2  A$aes256_z80_sdcc_O2_binaries/ae   aes256
     000007D5  A$aes256_z80_sdcc_O2_binaries/ae   aes256
     000007D6  A$aes256_z80_sdcc_O2_binaries/ae   aes256
     000007D7  A$aes256_z80_sdcc_O2_binaries/ae   aes256
     000007D7  C$aes256.c$78$1_0$77               aes256
     000007DA  A$aes256_z80_sdcc_O2_binaries/ae   aes256
     000007DD  A$aes256_z80_sdcc_O2_binaries/ae   aes256
ASxxxx Linker V03.00 + NoICE + sdld,  page 16.
Hexadecimal  [32-Bits]

Area                                    Addr        Size        Decimal Bytes (Attributes)
--------------------------------        ----        ----        ------- ----- ------------
_CODE                               00000200    000017F6 =        6134. bytes (REL,CON)

      Value  Global                              Global Defined In Module
      -----  --------------------------------   ------------------------
     000007E0  A$aes256_z80_sdcc_O2_binaries/ae   aes256
     000007E3  A$aes256_z80_sdcc_O2_binaries/ae   aes256
     000007E6  A$aes256_z80_sdcc_O2_binaries/ae   aes256
     000007E8  A$aes256_z80_sdcc_O2_binaries/ae   aes256
     000007E8  C$aes256.c$79$2_0$78               aes256
     000007EC  A$aes256_z80_sdcc_O2_binaries/ae   aes256
     000007ED  A$aes256_z80_sdcc_O2_binaries/ae   aes256
     000007F0  A$aes256_z80_sdcc_O2_binaries/ae   aes256
     000007F0  C$aes256.c$83$3_1$80               aes256
     000007F3  A$aes256_z80_sdcc_O2_binaries/ae   aes256
     000007F4  A$aes256_z80_sdcc_O2_binaries/ae   aes256
     000007F7  A$aes256_z80_sdcc_O2_binaries/ae   aes256
     000007FA  A$aes256_z80_sdcc_O2_binaries/ae   aes256
     000007FD  A$aes256_z80_sdcc_O2_binaries/ae   aes256
     00000800  A$aes256_z80_sdcc_O2_binaries/ae   aes256
     00000803  A$aes256_z80_sdcc_O2_binaries/ae   aes256
     00000806  A$aes256_z80_sdcc_O2_binaries/ae   aes256
     00000809  A$aes256_z80_sdcc_O2_binaries/ae   aes256
     0000080C  A$aes256_z80_sdcc_O2_binaries/ae   aes256
     0000080F  A$aes256_z80_sdcc_O2_binaries/ae   aes256
     00000812  A$aes256_z80_sdcc_O2_binaries/ae   aes256
     00000816  A$aes256_z80_sdcc_O2_binaries/ae   aes256
     00000817  A$aes256_z80_sdcc_O2_binaries/ae   aes256
     0000081A  A$aes256_z80_sdcc_O2_binaries/ae   aes256
     0000081D  A$aes256_z80_sdcc_O2_binaries/ae   aes256
     0000081F  A$aes256_z80_sdcc_O2_binaries/ae   aes256
     00000822  A$aes256_z80_sdcc_O2_binaries/ae   aes256
     00000823  A$aes256_z80_sdcc_O2_binaries/ae   aes256
     00000824  A$aes256_z80_sdcc_O2_binaries/ae   aes256
     00000825  A$aes256_z80_sdcc_O2_binaries/ae   aes256
     00000827  A$aes256_z80_sdcc_O2_binaries/ae   aes256
     0000082A  A$aes256_z80_sdcc_O2_binaries/ae   aes256
     0000082A  C$aes256.c$85$3_1$80               aes256
     0000082D  A$aes256_z80_sdcc_O2_binaries/ae   aes256
     0000082F  A$aes256_z80_sdcc_O2_binaries/ae   aes256
     00000832  A$aes256_z80_sdcc_O2_binaries/ae   aes256
     00000835  A$aes256_z80_sdcc_O2_binaries/ae   aes256
     00000837  A$aes256_z80_sdcc_O2_binaries/ae   aes256
     0000083A  A$aes256_z80_sdcc_O2_binaries/ae   aes256
     0000083D  A$aes256_z80_sdcc_O2_binaries/ae   aes256
     0000083E  A$aes256_z80_sdcc_O2_binaries/ae   aes256
     00000840  A$aes256_z80_sdcc_O2_binaries/ae   aes256
     00000841  A$aes256_z80_sdcc_O2_binaries/ae   aes256
     00000842  A$aes256_z80_sdcc_O2_binaries/ae   aes256
     00000843  A$aes256_z80_sdcc_O2_binaries/ae   aes256
     00000844  A$aes256_z80_sdcc_O2_binaries/ae   aes256
     00000846  A$aes256_z80_sdcc_O2_binaries/ae   aes256
     00000848  A$aes256_z80_sdcc_O2_binaries/ae   aes256
     0000084B  A$aes256_z80_sdcc_O2_binaries/ae   aes256
     0000084C  A$aes256_z80_sdcc_O2_binaries/ae   aes256
     0000084F  A$aes256_z80_sdcc_O2_binaries/ae   aes256
ASxxxx Linker V03.00 + NoICE + sdld,  page 17.
Hexadecimal  [32-Bits]

Area                                    Addr        Size        Decimal Bytes (Attributes)
--------------------------------        ----        ----        ------- ----- ------------
_CODE                               00000200    000017F6 =        6134. bytes (REL,CON)

      Value  Global                              Global Defined In Module
      -----  --------------------------------   ------------------------
     00000852  A$aes256_z80_sdcc_O2_binaries/ae   aes256
     00000853  A$aes256_z80_sdcc_O2_binaries/ae   aes256
     00000856  A$aes256_z80_sdcc_O2_binaries/ae   aes256
     00000859  A$aes256_z80_sdcc_O2_binaries/ae   aes256
     0000085A  A$aes256_z80_sdcc_O2_binaries/ae   aes256
     0000085B  A$aes256_z80_sdcc_O2_binaries/ae   aes256
     0000085E  A$aes256_z80_sdcc_O2_binaries/ae   aes256
     0000085F  A$aes256_z80_sdcc_O2_binaries/ae   aes256
     00000860  A$aes256_z80_sdcc_O2_binaries/ae   aes256
     00000863  A$aes256_z80_sdcc_O2_binaries/ae   aes256
     00000866  A$aes256_z80_sdcc_O2_binaries/ae   aes256
     00000867  A$aes256_z80_sdcc_O2_binaries/ae   aes256
     00000868  A$aes256_z80_sdcc_O2_binaries/ae   aes256
     0000086B  A$aes256_z80_sdcc_O2_binaries/ae   aes256
     0000086E  A$aes256_z80_sdcc_O2_binaries/ae   aes256
     0000086F  A$aes256_z80_sdcc_O2_binaries/ae   aes256
     00000870  A$aes256_z80_sdcc_O2_binaries/ae   aes256
     00000872  A$aes256_z80_sdcc_O2_binaries/ae   aes256
     00000872  C$aes256.c$87$1_1$77               aes256
     00000875  A$aes256_z80_sdcc_O2_binaries/ae   aes256
     00000876  A$aes256_z80_sdcc_O2_binaries/ae   aes256
     00000879  A$aes256_z80_sdcc_O2_binaries/ae   aes256
     0000087C  A$aes256_z80_sdcc_O2_binaries/ae   aes256
     0000087D  A$aes256_z80_sdcc_O2_binaries/ae   aes256
     00000880  A$aes256_z80_sdcc_O2_binaries/ae   aes256
     00000881  A$aes256_z80_sdcc_O2_binaries/ae   aes256
     00000882  A$aes256_z80_sdcc_O2_binaries/ae   aes256
     00000885  A$aes256_z80_sdcc_O2_binaries/ae   aes256
     00000888  A$aes256_z80_sdcc_O2_binaries/ae   aes256
     00000889  A$aes256_z80_sdcc_O2_binaries/ae   aes256
     0000088C  A$aes256_z80_sdcc_O2_binaries/ae   aes256
     0000088E  A$aes256_z80_sdcc_O2_binaries/ae   aes256
     0000088E  C$aes256.c$88$3_1$81               aes256
     00000891  A$aes256_z80_sdcc_O2_binaries/ae   aes256
     00000894  A$aes256_z80_sdcc_O2_binaries/ae   aes256
     00000895  A$aes256_z80_sdcc_O2_binaries/ae   aes256
     00000898  A$aes256_z80_sdcc_O2_binaries/ae   aes256
     00000899  A$aes256_z80_sdcc_O2_binaries/ae   aes256
     00000899  C$aes256.c$89$3_1$81               aes256
     0000089C  A$aes256_z80_sdcc_O2_binaries/ae   aes256
     0000089F  A$aes256_z80_sdcc_O2_binaries/ae   aes256
     000008A0  A$aes256_z80_sdcc_O2_binaries/ae   aes256
     000008A3  A$aes256_z80_sdcc_O2_binaries/ae   aes256
     000008A4  A$aes256_z80_sdcc_O2_binaries/ae   aes256
     000008A4  C$aes256.c$90$3_1$81               aes256
     000008A7  A$aes256_z80_sdcc_O2_binaries/ae   aes256
     000008AA  A$aes256_z80_sdcc_O2_binaries/ae   aes256
     000008AB  A$aes256_z80_sdcc_O2_binaries/ae   aes256
     000008AD  A$aes256_z80_sdcc_O2_binaries/ae   aes256
     000008B0  A$aes256_z80_sdcc_O2_binaries/ae   aes256
     000008B1  A$aes256_z80_sdcc_O2_binaries/ae   aes256
ASxxxx Linker V03.00 + NoICE + sdld,  page 18.
Hexadecimal  [32-Bits]

Area                                    Addr        Size        Decimal Bytes (Attributes)
--------------------------------        ----        ----        ------- ----- ------------
_CODE                               00000200    000017F6 =        6134. bytes (REL,CON)

      Value  Global                              Global Defined In Module
      -----  --------------------------------   ------------------------
     000008B3  A$aes256_z80_sdcc_O2_binaries/ae   aes256
     000008B6  A$aes256_z80_sdcc_O2_binaries/ae   aes256
     000008B7  A$aes256_z80_sdcc_O2_binaries/ae   aes256
     000008BA  A$aes256_z80_sdcc_O2_binaries/ae   aes256
     000008BC  A$aes256_z80_sdcc_O2_binaries/ae   aes256
     000008BF  A$aes256_z80_sdcc_O2_binaries/ae   aes256
     000008C0  A$aes256_z80_sdcc_O2_binaries/ae   aes256
     000008C1  A$aes256_z80_sdcc_O2_binaries/ae   aes256
     000008C4  A$aes256_z80_sdcc_O2_binaries/ae   aes256
     000008C7  A$aes256_z80_sdcc_O2_binaries/ae   aes256
     000008C8  A$aes256_z80_sdcc_O2_binaries/ae   aes256
     000008CA  A$aes256_z80_sdcc_O2_binaries/ae   aes256
     000008CA  C$aes256.c$91$2_1$79               aes256
     000008CD  A$aes256_z80_sdcc_O2_binaries/ae   aes256
     000008CF  A$aes256_z80_sdcc_O2_binaries/ae   aes256
     000008D2  A$aes256_z80_sdcc_O2_binaries/ae   aes256
     000008D4  A$aes256_z80_sdcc_O2_binaries/ae   aes256
     000008D4  C$aes256.c$93$3_1$82               aes256
     000008D7  A$aes256_z80_sdcc_O2_binaries/ae   aes256
     000008DA  A$aes256_z80_sdcc_O2_binaries/ae   aes256
     000008DB  A$aes256_z80_sdcc_O2_binaries/ae   aes256
     000008DE  A$aes256_z80_sdcc_O2_binaries/ae   aes256
     000008DF  A$aes256_z80_sdcc_O2_binaries/ae   aes256
     000008DF  C$aes256.c$96$1_1$77               aes256
     000008E2  A$aes256_z80_sdcc_O2_binaries/ae   aes256
     000008E5  A$aes256_z80_sdcc_O2_binaries/ae   aes256
     000008E8  A$aes256_z80_sdcc_O2_binaries/ae   aes256
     000008EB  A$aes256_z80_sdcc_O2_binaries/ae   aes256
     000008EC  A$aes256_z80_sdcc_O2_binaries/ae   aes256
     000008EF  A$aes256_z80_sdcc_O2_binaries/ae   aes256
     000008F2  A$aes256_z80_sdcc_O2_binaries/ae   aes256
     000008F5  A$aes256_z80_sdcc_O2_binaries/ae   aes256
     000008F7  A$aes256_z80_sdcc_O2_binaries/ae   aes256
     000008FA  A$aes256_z80_sdcc_O2_binaries/ae   aes256
     000008FB  A$aes256_z80_sdcc_O2_binaries/ae   aes256
     000008FC  A$aes256_z80_sdcc_O2_binaries/ae   aes256
     000008FD  A$aes256_z80_sdcc_O2_binaries/ae   aes256
     000008FF  A$aes256_z80_sdcc_O2_binaries/ae   aes256
     00000902  A$aes256_z80_sdcc_O2_binaries/ae   aes256
     00000902  C$aes256.c$97$4_1$84               aes256
     00000905  A$aes256_z80_sdcc_O2_binaries/ae   aes256
     00000908  A$aes256_z80_sdcc_O2_binaries/ae   aes256
     00000909  A$aes256_z80_sdcc_O2_binaries/ae   aes256
     0000090C  A$aes256_z80_sdcc_O2_binaries/ae   aes256
     0000090F  A$aes256_z80_sdcc_O2_binaries/ae   aes256
     00000910  A$aes256_z80_sdcc_O2_binaries/ae   aes256
     00000913  A$aes256_z80_sdcc_O2_binaries/ae   aes256
     00000915  A$aes256_z80_sdcc_O2_binaries/ae   aes256
     00000916  A$aes256_z80_sdcc_O2_binaries/ae   aes256
     00000919  A$aes256_z80_sdcc_O2_binaries/ae   aes256
     0000091B  A$aes256_z80_sdcc_O2_binaries/ae   aes256
ASxxxx Linker V03.00 + NoICE + sdld,  page 19.
Hexadecimal  [32-Bits]

Area                                    Addr        Size        Decimal Bytes (Attributes)
--------------------------------        ----        ----        ------- ----- ------------
_CODE                               00000200    000017F6 =        6134. bytes (REL,CON)

      Value  Global                              Global Defined In Module
      -----  --------------------------------   ------------------------
     0000091C  A$aes256_z80_sdcc_O2_binaries/ae   aes256
     0000091F  A$aes256_z80_sdcc_O2_binaries/ae   aes256
     00000922  A$aes256_z80_sdcc_O2_binaries/ae   aes256
     00000923  A$aes256_z80_sdcc_O2_binaries/ae   aes256
     00000924  A$aes256_z80_sdcc_O2_binaries/ae   aes256
     00000927  A$aes256_z80_sdcc_O2_binaries/ae   aes256
     0000092A  A$aes256_z80_sdcc_O2_binaries/ae   aes256
     0000092B  A$aes256_z80_sdcc_O2_binaries/ae   aes256
     0000092E  A$aes256_z80_sdcc_O2_binaries/ae   aes256
     00000931  A$aes256_z80_sdcc_O2_binaries/ae   aes256
     00000932  A$aes256_z80_sdcc_O2_binaries/ae   aes256
     00000933  A$aes256_z80_sdcc_O2_binaries/ae   aes256
     00000934  A$aes256_z80_sdcc_O2_binaries/ae   aes256
     00000935  A$aes256_z80_sdcc_O2_binaries/ae   aes256
     00000935  C$aes256.c$98$4_1$84               aes256
     00000938  A$aes256_z80_sdcc_O2_binaries/ae   aes256
     0000093A  A$aes256_z80_sdcc_O2_binaries/ae   aes256
     0000093D  A$aes256_z80_sdcc_O2_binaries/ae   aes256
     00000940  A$aes256_z80_sdcc_O2_binaries/ae   aes256
     00000943  A$aes256_z80_sdcc_O2_binaries/ae   aes256
     00000946  A$aes256_z80_sdcc_O2_binaries/ae   aes256
     00000949  A$aes256_z80_sdcc_O2_binaries/ae   aes256
     00000949  C$aes256.c$96$3_1$83               aes256
     0000094C  A$aes256_z80_sdcc_O2_binaries/ae   aes256
     0000094E  A$aes256_z80_sdcc_O2_binaries/ae   aes256
     00000951  A$aes256_z80_sdcc_O2_binaries/ae   aes256
     00000953  A$aes256_z80_sdcc_O2_binaries/ae   aes256
     00000955  A$aes256_z80_sdcc_O2_binaries/ae   aes256
     00000957  A$aes256_z80_sdcc_O2_binaries/ae   aes256
     00000957  C$aes256.c$101$1_1$77              aes256
     00000957  XFaes256$KeyExpansion$0$0          aes256
     00000958  A$aes256_z80_sdcc_O2_binaries/ae   aes256
     00000958  C$aes256.c$103$1_1$86              aes256
     00000958  G$AES256_Encrypt$0$0               aes256
     00000958  _AES256_Encrypt                    aes256
     0000095A  A$aes256_z80_sdcc_O2_binaries/ae   aes256
     0000095E  A$aes256_z80_sdcc_O2_binaries/ae   aes256
     00000960  A$aes256_z80_sdcc_O2_binaries/ae   aes256
     00000963  A$aes256_z80_sdcc_O2_binaries/ae   aes256
     00000964  A$aes256_z80_sdcc_O2_binaries/ae   aes256
     00000965  A$aes256_z80_sdcc_O2_binaries/ae   aes256
     00000965  C$aes256.c$107$1_0$86              aes256
     00000968  A$aes256_z80_sdcc_O2_binaries/ae   aes256
     00000969  A$aes256_z80_sdcc_O2_binaries/ae   aes256
     0000096A  A$aes256_z80_sdcc_O2_binaries/ae   aes256
     0000096B  A$aes256_z80_sdcc_O2_binaries/ae   aes256
     0000096C  A$aes256_z80_sdcc_O2_binaries/ae   aes256
     0000096D  A$aes256_z80_sdcc_O2_binaries/ae   aes256
     00000970  A$aes256_z80_sdcc_O2_binaries/ae   aes256
     00000973  A$aes256_z80_sdcc_O2_binaries/ae   aes256
     00000974  A$aes256_z80_sdcc_O2_binaries/ae   aes256
ASxxxx Linker V03.00 + NoICE + sdld,  page 20.
Hexadecimal  [32-Bits]

Area                                    Addr        Size        Decimal Bytes (Attributes)
--------------------------------        ----        ----        ------- ----- ------------
_CODE                               00000200    000017F6 =        6134. bytes (REL,CON)

      Value  Global                              Global Defined In Module
      -----  --------------------------------   ------------------------
     00000977  A$aes256_z80_sdcc_O2_binaries/ae   aes256
     00000979  A$aes256_z80_sdcc_O2_binaries/ae   aes256
     0000097A  A$aes256_z80_sdcc_O2_binaries/ae   aes256
     0000097A  C$aes256.c$108$1_0$86              aes256
     0000097D  A$aes256_z80_sdcc_O2_binaries/ae   aes256
     0000097E  A$aes256_z80_sdcc_O2_binaries/ae   aes256
     00000981  A$aes256_z80_sdcc_O2_binaries/ae   aes256
     00000984  A$aes256_z80_sdcc_O2_binaries/ae   aes256
     00000985  A$aes256_z80_sdcc_O2_binaries/ae   aes256
     00000986  A$aes256_z80_sdcc_O2_binaries/ae   aes256
     00000989  A$aes256_z80_sdcc_O2_binaries/ae   aes256
     0000098C  A$aes256_z80_sdcc_O2_binaries/ae   aes256
     0000098D  A$aes256_z80_sdcc_O2_binaries/ae   aes256
     00000990  A$aes256_z80_sdcc_O2_binaries/ae   aes256
     00000991  A$aes256_z80_sdcc_O2_binaries/ae   aes256
     00000992  A$aes256_z80_sdcc_O2_binaries/ae   aes256
     00000993  A$aes256_z80_sdcc_O2_binaries/ae   aes256
     00000993  C$aes256.c$110$1_0$86              aes256
     00000996  A$aes256_z80_sdcc_O2_binaries/ae   aes256
     00000999  A$aes256_z80_sdcc_O2_binaries/ae   aes256
     0000099A  A$aes256_z80_sdcc_O2_binaries/ae   aes256
     0000099B  A$aes256_z80_sdcc_O2_binaries/ae   aes256
     0000099C  A$aes256_z80_sdcc_O2_binaries/ae   aes256
     0000099D  A$aes256_z80_sdcc_O2_binaries/ae   aes256
     0000099E  A$aes256_z80_sdcc_O2_binaries/ae   aes256
     000009A1  A$aes256_z80_sdcc_O2_binaries/ae   aes256
     000009A2  A$aes256_z80_sdcc_O2_binaries/ae   aes256
     000009A3  A$aes256_z80_sdcc_O2_binaries/ae   aes256
     000009A4  A$aes256_z80_sdcc_O2_binaries/ae   aes256
     000009A4  C$aes256.c$112$3_0$88              aes256
     000009A7  A$aes256_z80_sdcc_O2_binaries/ae   aes256
     000009AA  A$aes256_z80_sdcc_O2_binaries/ae   aes256
     000009AD  A$aes256_z80_sdcc_O2_binaries/ae   aes256
     000009B0  A$aes256_z80_sdcc_O2_binaries/ae   aes256
     000009B3  A$aes256_z80_sdcc_O2_binaries/ae   aes256
     000009B6  A$aes256_z80_sdcc_O2_binaries/ae   aes256
     000009B9  A$aes256_z80_sdcc_O2_binaries/ae   aes256
     000009BC  A$aes256_z80_sdcc_O2_binaries/ae   aes256
     000009C0  A$aes256_z80_sdcc_O2_binaries/ae   aes256
     000009C1  A$aes256_z80_sdcc_O2_binaries/ae   aes256
     000009C4  A$aes256_z80_sdcc_O2_binaries/ae   aes256
     000009C7  A$aes256_z80_sdcc_O2_binaries/ae   aes256
     000009C9  A$aes256_z80_sdcc_O2_binaries/ae   aes256
     000009CC  A$aes256_z80_sdcc_O2_binaries/ae   aes256
     000009CD  A$aes256_z80_sdcc_O2_binaries/ae   aes256
     000009CE  A$aes256_z80_sdcc_O2_binaries/ae   aes256
     000009CF  A$aes256_z80_sdcc_O2_binaries/ae   aes256
     000009D1  A$aes256_z80_sdcc_O2_binaries/ae   aes256
     000009D3  A$aes256_z80_sdcc_O2_binaries/ae   aes256
     000009D3  C$aes256.c$113$3_0$88              aes256
     000009D6  A$aes256_z80_sdcc_O2_binaries/ae   aes256
ASxxxx Linker V03.00 + NoICE + sdld,  page 21.
Hexadecimal  [32-Bits]

Area                                    Addr        Size        Decimal Bytes (Attributes)
--------------------------------        ----        ----        ------- ----- ------------
_CODE                               00000200    000017F6 =        6134. bytes (REL,CON)

      Value  Global                              Global Defined In Module
      -----  --------------------------------   ------------------------
     000009D9  A$aes256_z80_sdcc_O2_binaries/ae   aes256
     000009DA  A$aes256_z80_sdcc_O2_binaries/ae   aes256
     000009DB  A$aes256_z80_sdcc_O2_binaries/ae   aes256
     000009DE  A$aes256_z80_sdcc_O2_binaries/ae   aes256
     000009DF  A$aes256_z80_sdcc_O2_binaries/ae   aes256
     000009E0  A$aes256_z80_sdcc_O2_binaries/ae   aes256
     000009E0  C$aes256.c$114$3_0$88              aes256
     000009E3  A$aes256_z80_sdcc_O2_binaries/ae   aes256
     000009E6  A$aes256_z80_sdcc_O2_binaries/ae   aes256
     000009E7  A$aes256_z80_sdcc_O2_binaries/ae   aes256
     000009E8  A$aes256_z80_sdcc_O2_binaries/ae   aes256
     000009EB  A$aes256_z80_sdcc_O2_binaries/ae   aes256
     000009EC  A$aes256_z80_sdcc_O2_binaries/ae   aes256
     000009ED  A$aes256_z80_sdcc_O2_binaries/ae   aes256
     000009ED  C$aes256.c$115$3_0$88              aes256
     000009F0  A$aes256_z80_sdcc_O2_binaries/ae   aes256
     000009F3  A$aes256_z80_sdcc_O2_binaries/ae   aes256
     000009F4  A$aes256_z80_sdcc_O2_binaries/ae   aes256
     000009F5  A$aes256_z80_sdcc_O2_binaries/ae   aes256
     000009F8  A$aes256_z80_sdcc_O2_binaries/ae   aes256
     000009F9  A$aes256_z80_sdcc_O2_binaries/ae   aes256
     000009FA  A$aes256_z80_sdcc_O2_binaries/ae   aes256
     000009FA  C$aes256.c$116$3_0$88              aes256
     000009FD  A$aes256_z80_sdcc_O2_binaries/ae   aes256
     00000A00  A$aes256_z80_sdcc_O2_binaries/ae   aes256
     00000A02  A$aes256_z80_sdcc_O2_binaries/ae   aes256
     00000A04  A$aes256_z80_sdcc_O2_binaries/ae   aes256
     00000A06  A$aes256_z80_sdcc_O2_binaries/ae   aes256
     00000A08  A$aes256_z80_sdcc_O2_binaries/ae   aes256
     00000A0A  A$aes256_z80_sdcc_O2_binaries/ae   aes256
     00000A0C  A$aes256_z80_sdcc_O2_binaries/ae   aes256
     00000A0E  A$aes256_z80_sdcc_O2_binaries/ae   aes256
     00000A10  A$aes256_z80_sdcc_O2_binaries/ae   aes256
     00000A11  A$aes256_z80_sdcc_O2_binaries/ae   aes256
     00000A14  A$aes256_z80_sdcc_O2_binaries/ae   aes256
     00000A15  A$aes256_z80_sdcc_O2_binaries/ae   aes256
     00000A16  A$aes256_z80_sdcc_O2_binaries/ae   aes256
     00000A19  A$aes256_z80_sdcc_O2_binaries/ae   aes256
     00000A1A  A$aes256_z80_sdcc_O2_binaries/ae   aes256
     00000A1D  A$aes256_z80_sdcc_O2_binaries/ae   aes256
     00000A20  A$aes256_z80_sdcc_O2_binaries/ae   aes256
     00000A21  A$aes256_z80_sdcc_O2_binaries/ae   aes256
     00000A22  A$aes256_z80_sdcc_O2_binaries/ae   aes256
     00000A23  A$aes256_z80_sdcc_O2_binaries/ae   aes256
     00000A26  A$aes256_z80_sdcc_O2_binaries/ae   aes256
     00000A27  A$aes256_z80_sdcc_O2_binaries/ae   aes256
     00000A28  A$aes256_z80_sdcc_O2_binaries/ae   aes256
     00000A29  A$aes256_z80_sdcc_O2_binaries/ae   aes256
     00000A29  C$aes256.c$112$2_0$87              aes256
     00000A2C  A$aes256_z80_sdcc_O2_binaries/ae   aes256
     00000A2E  A$aes256_z80_sdcc_O2_binaries/ae   aes256
ASxxxx Linker V03.00 + NoICE + sdld,  page 22.
Hexadecimal  [32-Bits]

Area                                    Addr        Size        Decimal Bytes (Attributes)
--------------------------------        ----        ----        ------- ----- ------------
_CODE                               00000200    000017F6 =        6134. bytes (REL,CON)

      Value  Global                              Global Defined In Module
      -----  --------------------------------   ------------------------
     00000A31  A$aes256_z80_sdcc_O2_binaries/ae   aes256
     00000A33  A$aes256_z80_sdcc_O2_binaries/ae   aes256
     00000A33  C$aes256.c$119$1_0$86              aes256
     00000A34  A$aes256_z80_sdcc_O2_binaries/ae   aes256
     00000A35  A$aes256_z80_sdcc_O2_binaries/ae   aes256
     00000A36  A$aes256_z80_sdcc_O2_binaries/ae   aes256
     00000A37  A$aes256_z80_sdcc_O2_binaries/ae   aes256
     00000A3A  A$aes256_z80_sdcc_O2_binaries/ae   aes256
     00000A3B  A$aes256_z80_sdcc_O2_binaries/ae   aes256
     00000A3C  A$aes256_z80_sdcc_O2_binaries/ae   aes256
     00000A3C  C$aes256.c$120$1_0$86              aes256
     00000A3D  A$aes256_z80_sdcc_O2_binaries/ae   aes256
     00000A3E  A$aes256_z80_sdcc_O2_binaries/ae   aes256
     00000A3F  A$aes256_z80_sdcc_O2_binaries/ae   aes256
     00000A40  A$aes256_z80_sdcc_O2_binaries/ae   aes256
     00000A43  A$aes256_z80_sdcc_O2_binaries/ae   aes256
     00000A44  A$aes256_z80_sdcc_O2_binaries/ae   aes256
     00000A45  A$aes256_z80_sdcc_O2_binaries/ae   aes256
     00000A45  C$aes256.c$121$1_0$86              aes256
     00000A48  A$aes256_z80_sdcc_O2_binaries/ae   aes256
     00000A4A  A$aes256_z80_sdcc_O2_binaries/ae   aes256
     00000A4B  A$aes256_z80_sdcc_O2_binaries/ae   aes256
     00000A4E  A$aes256_z80_sdcc_O2_binaries/ae   aes256
     00000A50  A$aes256_z80_sdcc_O2_binaries/ae   aes256
     00000A51  A$aes256_z80_sdcc_O2_binaries/ae   aes256
     00000A52  A$aes256_z80_sdcc_O2_binaries/ae   aes256
     00000A53  A$aes256_z80_sdcc_O2_binaries/ae   aes256
     00000A54  A$aes256_z80_sdcc_O2_binaries/ae   aes256
     00000A55  A$aes256_z80_sdcc_O2_binaries/ae   aes256
     00000A56  A$aes256_z80_sdcc_O2_binaries/ae   aes256
     00000A59  A$aes256_z80_sdcc_O2_binaries/ae   aes256
     00000A5A  A$aes256_z80_sdcc_O2_binaries/ae   aes256
     00000A5B  A$aes256_z80_sdcc_O2_binaries/ae   aes256
     00000A5C  A$aes256_z80_sdcc_O2_binaries/ae   aes256
     00000A5C  C$aes256.c$123$1_0$86              aes256
     00000A5F  A$aes256_z80_sdcc_O2_binaries/ae   aes256
     00000A62  A$aes256_z80_sdcc_O2_binaries/ae   aes256
     00000A63  A$aes256_z80_sdcc_O2_binaries/ae   aes256
     00000A64  A$aes256_z80_sdcc_O2_binaries/ae   aes256
     00000A67  A$aes256_z80_sdcc_O2_binaries/ae   aes256
     00000A69  A$aes256_z80_sdcc_O2_binaries/ae   aes256
     00000A6B  A$aes256_z80_sdcc_O2_binaries/ae   aes256
     00000A6D  A$aes256_z80_sdcc_O2_binaries/ae   aes256
     00000A6D  C$aes256.c$124$1_0$86              aes256
     00000A6D  XG$AES256_Encrypt$0$0              aes256
     00000A6E  A$aes256_z80_sdcc_O2_binaries/ae   aes256
     00000A6E  C$aes256.c$126$1_0$90              aes256
     00000A6E  G$main$0$0                         aes256
     00000A6E  _main                              aes256
     00000A70  A$aes256_z80_sdcc_O2_binaries/ae   aes256
     00000A74  A$aes256_z80_sdcc_O2_binaries/ae   aes256
ASxxxx Linker V03.00 + NoICE + sdld,  page 23.
Hexadecimal  [32-Bits]

Area                                    Addr        Size        Decimal Bytes (Attributes)
--------------------------------        ----        ----        ------- ----- ------------
_CODE                               00000200    000017F6 =        6134. bytes (REL,CON)

      Value  Global                              Global Defined In Module
      -----  --------------------------------   ------------------------
     00000A76  A$aes256_z80_sdcc_O2_binaries/ae   aes256
     00000A79  A$aes256_z80_sdcc_O2_binaries/ae   aes256
     00000A7A  A$aes256_z80_sdcc_O2_binaries/ae   aes256
     00000A7B  A$aes256_z80_sdcc_O2_binaries/ae   aes256
     00000A7B  C$aes256.c$128$2_0$90              aes256
     00000A7E  A$aes256_z80_sdcc_O2_binaries/ae   aes256
     00000A7F  A$aes256_z80_sdcc_O2_binaries/ae   aes256
     00000A80  A$aes256_z80_sdcc_O2_binaries/ae   aes256
     00000A82  A$aes256_z80_sdcc_O2_binaries/ae   aes256
     00000A83  A$aes256_z80_sdcc_O2_binaries/ae   aes256
     00000A84  A$aes256_z80_sdcc_O2_binaries/ae   aes256
     00000A85  A$aes256_z80_sdcc_O2_binaries/ae   aes256
     00000A86  A$aes256_z80_sdcc_O2_binaries/ae   aes256
     00000A88  A$aes256_z80_sdcc_O2_binaries/ae   aes256
     00000A89  A$aes256_z80_sdcc_O2_binaries/ae   aes256
     00000A8A  A$aes256_z80_sdcc_O2_binaries/ae   aes256
     00000A8B  A$aes256_z80_sdcc_O2_binaries/ae   aes256
     00000A8C  A$aes256_z80_sdcc_O2_binaries/ae   aes256
     00000A8E  A$aes256_z80_sdcc_O2_binaries/ae   aes256
     00000A8F  A$aes256_z80_sdcc_O2_binaries/ae   aes256
     00000A90  A$aes256_z80_sdcc_O2_binaries/ae   aes256
     00000A91  A$aes256_z80_sdcc_O2_binaries/ae   aes256
     00000A92  A$aes256_z80_sdcc_O2_binaries/ae   aes256
     00000A93  A$aes256_z80_sdcc_O2_binaries/ae   aes256
     00000A95  A$aes256_z80_sdcc_O2_binaries/ae   aes256
     00000A98  A$aes256_z80_sdcc_O2_binaries/ae   aes256
     00000A99  A$aes256_z80_sdcc_O2_binaries/ae   aes256
     00000A9B  A$aes256_z80_sdcc_O2_binaries/ae   aes256
     00000A9E  A$aes256_z80_sdcc_O2_binaries/ae   aes256
     00000A9F  A$aes256_z80_sdcc_O2_binaries/ae   aes256
     00000AA1  A$aes256_z80_sdcc_O2_binaries/ae   aes256
     00000AA4  A$aes256_z80_sdcc_O2_binaries/ae   aes256
     00000AA5  A$aes256_z80_sdcc_O2_binaries/ae   aes256
     00000AA7  A$aes256_z80_sdcc_O2_binaries/ae   aes256
     00000AAA  A$aes256_z80_sdcc_O2_binaries/ae   aes256
     00000AAB  A$aes256_z80_sdcc_O2_binaries/ae   aes256
     00000AAD  A$aes256_z80_sdcc_O2_binaries/ae   aes256
     00000AB0  A$aes256_z80_sdcc_O2_binaries/ae   aes256
     00000AB1  A$aes256_z80_sdcc_O2_binaries/ae   aes256
     00000AB3  A$aes256_z80_sdcc_O2_binaries/ae   aes256
     00000AB6  A$aes256_z80_sdcc_O2_binaries/ae   aes256
     00000AB7  A$aes256_z80_sdcc_O2_binaries/ae   aes256
     00000AB9  A$aes256_z80_sdcc_O2_binaries/ae   aes256
     00000ABC  A$aes256_z80_sdcc_O2_binaries/ae   aes256
     00000ABD  A$aes256_z80_sdcc_O2_binaries/ae   aes256
     00000ABF  A$aes256_z80_sdcc_O2_binaries/ae   aes256
     00000AC2  A$aes256_z80_sdcc_O2_binaries/ae   aes256
     00000AC3  A$aes256_z80_sdcc_O2_binaries/ae   aes256
     00000AC5  A$aes256_z80_sdcc_O2_binaries/ae   aes256
     00000AC8  A$aes256_z80_sdcc_O2_binaries/ae   aes256
     00000AC9  A$aes256_z80_sdcc_O2_binaries/ae   aes256
ASxxxx Linker V03.00 + NoICE + sdld,  page 24.
Hexadecimal  [32-Bits]

Area                                    Addr        Size        Decimal Bytes (Attributes)
--------------------------------        ----        ----        ------- ----- ------------
_CODE                               00000200    000017F6 =        6134. bytes (REL,CON)

      Value  Global                              Global Defined In Module
      -----  --------------------------------   ------------------------
     00000ACB  A$aes256_z80_sdcc_O2_binaries/ae   aes256
     00000ACE  A$aes256_z80_sdcc_O2_binaries/ae   aes256
     00000ACF  A$aes256_z80_sdcc_O2_binaries/ae   aes256
     00000AD1  A$aes256_z80_sdcc_O2_binaries/ae   aes256
     00000AD4  A$aes256_z80_sdcc_O2_binaries/ae   aes256
     00000AD5  A$aes256_z80_sdcc_O2_binaries/ae   aes256
     00000AD7  A$aes256_z80_sdcc_O2_binaries/ae   aes256
     00000ADA  A$aes256_z80_sdcc_O2_binaries/ae   aes256
     00000ADB  A$aes256_z80_sdcc_O2_binaries/ae   aes256
     00000ADD  A$aes256_z80_sdcc_O2_binaries/ae   aes256
     00000AE0  A$aes256_z80_sdcc_O2_binaries/ae   aes256
     00000AE1  A$aes256_z80_sdcc_O2_binaries/ae   aes256
     00000AE3  A$aes256_z80_sdcc_O2_binaries/ae   aes256
     00000AE6  A$aes256_z80_sdcc_O2_binaries/ae   aes256
     00000AE7  A$aes256_z80_sdcc_O2_binaries/ae   aes256
     00000AE9  A$aes256_z80_sdcc_O2_binaries/ae   aes256
     00000AEC  A$aes256_z80_sdcc_O2_binaries/ae   aes256
     00000AED  A$aes256_z80_sdcc_O2_binaries/ae   aes256
     00000AEF  A$aes256_z80_sdcc_O2_binaries/ae   aes256
     00000AF2  A$aes256_z80_sdcc_O2_binaries/ae   aes256
     00000AF3  A$aes256_z80_sdcc_O2_binaries/ae   aes256
     00000AF5  A$aes256_z80_sdcc_O2_binaries/ae   aes256
     00000AF8  A$aes256_z80_sdcc_O2_binaries/ae   aes256
     00000AF9  A$aes256_z80_sdcc_O2_binaries/ae   aes256
     00000AFB  A$aes256_z80_sdcc_O2_binaries/ae   aes256
     00000AFE  A$aes256_z80_sdcc_O2_binaries/ae   aes256
     00000AFF  A$aes256_z80_sdcc_O2_binaries/ae   aes256
     00000B01  A$aes256_z80_sdcc_O2_binaries/ae   aes256
     00000B04  A$aes256_z80_sdcc_O2_binaries/ae   aes256
     00000B05  A$aes256_z80_sdcc_O2_binaries/ae   aes256
     00000B07  A$aes256_z80_sdcc_O2_binaries/ae   aes256
     00000B0A  A$aes256_z80_sdcc_O2_binaries/ae   aes256
     00000B0B  A$aes256_z80_sdcc_O2_binaries/ae   aes256
     00000B0D  A$aes256_z80_sdcc_O2_binaries/ae   aes256
     00000B10  A$aes256_z80_sdcc_O2_binaries/ae   aes256
     00000B11  A$aes256_z80_sdcc_O2_binaries/ae   aes256
     00000B13  A$aes256_z80_sdcc_O2_binaries/ae   aes256
     00000B16  A$aes256_z80_sdcc_O2_binaries/ae   aes256
     00000B17  A$aes256_z80_sdcc_O2_binaries/ae   aes256
     00000B19  A$aes256_z80_sdcc_O2_binaries/ae   aes256
     00000B1C  A$aes256_z80_sdcc_O2_binaries/ae   aes256
     00000B1D  A$aes256_z80_sdcc_O2_binaries/ae   aes256
     00000B1F  A$aes256_z80_sdcc_O2_binaries/ae   aes256
     00000B22  A$aes256_z80_sdcc_O2_binaries/ae   aes256
     00000B23  A$aes256_z80_sdcc_O2_binaries/ae   aes256
     00000B25  A$aes256_z80_sdcc_O2_binaries/ae   aes256
     00000B28  A$aes256_z80_sdcc_O2_binaries/ae   aes256
     00000B29  A$aes256_z80_sdcc_O2_binaries/ae   aes256
     00000B2B  A$aes256_z80_sdcc_O2_binaries/ae   aes256
     00000B2E  A$aes256_z80_sdcc_O2_binaries/ae   aes256
     00000B2F  A$aes256_z80_sdcc_O2_binaries/ae   aes256
ASxxxx Linker V03.00 + NoICE + sdld,  page 25.
Hexadecimal  [32-Bits]

Area                                    Addr        Size        Decimal Bytes (Attributes)
--------------------------------        ----        ----        ------- ----- ------------
_CODE                               00000200    000017F6 =        6134. bytes (REL,CON)

      Value  Global                              Global Defined In Module
      -----  --------------------------------   ------------------------
     00000B31  A$aes256_z80_sdcc_O2_binaries/ae   aes256
     00000B34  A$aes256_z80_sdcc_O2_binaries/ae   aes256
     00000B35  A$aes256_z80_sdcc_O2_binaries/ae   aes256
     00000B37  A$aes256_z80_sdcc_O2_binaries/ae   aes256
     00000B3A  A$aes256_z80_sdcc_O2_binaries/ae   aes256
     00000B3B  A$aes256_z80_sdcc_O2_binaries/ae   aes256
     00000B3D  A$aes256_z80_sdcc_O2_binaries/ae   aes256
     00000B3D  C$aes256.c$135$2_0$90              aes256
     00000B40  A$aes256_z80_sdcc_O2_binaries/ae   aes256
     00000B41  A$aes256_z80_sdcc_O2_binaries/ae   aes256
     00000B42  A$aes256_z80_sdcc_O2_binaries/ae   aes256
     00000B43  A$aes256_z80_sdcc_O2_binaries/ae   aes256
     00000B45  A$aes256_z80_sdcc_O2_binaries/ae   aes256
     00000B46  A$aes256_z80_sdcc_O2_binaries/ae   aes256
     00000B47  A$aes256_z80_sdcc_O2_binaries/ae   aes256
     00000B48  A$aes256_z80_sdcc_O2_binaries/ae   aes256
     00000B49  A$aes256_z80_sdcc_O2_binaries/ae   aes256
     00000B4B  A$aes256_z80_sdcc_O2_binaries/ae   aes256
     00000B4C  A$aes256_z80_sdcc_O2_binaries/ae   aes256
     00000B4D  A$aes256_z80_sdcc_O2_binaries/ae   aes256
     00000B4E  A$aes256_z80_sdcc_O2_binaries/ae   aes256
     00000B4F  A$aes256_z80_sdcc_O2_binaries/ae   aes256
     00000B51  A$aes256_z80_sdcc_O2_binaries/ae   aes256
     00000B52  A$aes256_z80_sdcc_O2_binaries/ae   aes256
     00000B53  A$aes256_z80_sdcc_O2_binaries/ae   aes256
     00000B54  A$aes256_z80_sdcc_O2_binaries/ae   aes256
     00000B55  A$aes256_z80_sdcc_O2_binaries/ae   aes256
     00000B56  A$aes256_z80_sdcc_O2_binaries/ae   aes256
     00000B58  A$aes256_z80_sdcc_O2_binaries/ae   aes256
     00000B5B  A$aes256_z80_sdcc_O2_binaries/ae   aes256
     00000B5C  A$aes256_z80_sdcc_O2_binaries/ae   aes256
     00000B5E  A$aes256_z80_sdcc_O2_binaries/ae   aes256
     00000B61  A$aes256_z80_sdcc_O2_binaries/ae   aes256
     00000B62  A$aes256_z80_sdcc_O2_binaries/ae   aes256
     00000B64  A$aes256_z80_sdcc_O2_binaries/ae   aes256
     00000B67  A$aes256_z80_sdcc_O2_binaries/ae   aes256
     00000B68  A$aes256_z80_sdcc_O2_binaries/ae   aes256
     00000B6A  A$aes256_z80_sdcc_O2_binaries/ae   aes256
     00000B6D  A$aes256_z80_sdcc_O2_binaries/ae   aes256
     00000B6E  A$aes256_z80_sdcc_O2_binaries/ae   aes256
     00000B70  A$aes256_z80_sdcc_O2_binaries/ae   aes256
     00000B73  A$aes256_z80_sdcc_O2_binaries/ae   aes256
     00000B74  A$aes256_z80_sdcc_O2_binaries/ae   aes256
     00000B76  A$aes256_z80_sdcc_O2_binaries/ae   aes256
     00000B79  A$aes256_z80_sdcc_O2_binaries/ae   aes256
     00000B7A  A$aes256_z80_sdcc_O2_binaries/ae   aes256
     00000B7C  A$aes256_z80_sdcc_O2_binaries/ae   aes256
     00000B7F  A$aes256_z80_sdcc_O2_binaries/ae   aes256
     00000B80  A$aes256_z80_sdcc_O2_binaries/ae   aes256
     00000B82  A$aes256_z80_sdcc_O2_binaries/ae   aes256
     00000B85  A$aes256_z80_sdcc_O2_binaries/ae   aes256
ASxxxx Linker V03.00 + NoICE + sdld,  page 26.
Hexadecimal  [32-Bits]

Area                                    Addr        Size        Decimal Bytes (Attributes)
--------------------------------        ----        ----        ------- ----- ------------
_CODE                               00000200    000017F6 =        6134. bytes (REL,CON)

      Value  Global                              Global Defined In Module
      -----  --------------------------------   ------------------------
     00000B86  A$aes256_z80_sdcc_O2_binaries/ae   aes256
     00000B88  A$aes256_z80_sdcc_O2_binaries/ae   aes256
     00000B8B  A$aes256_z80_sdcc_O2_binaries/ae   aes256
     00000B8C  A$aes256_z80_sdcc_O2_binaries/ae   aes256
     00000B8E  A$aes256_z80_sdcc_O2_binaries/ae   aes256
     00000B91  A$aes256_z80_sdcc_O2_binaries/ae   aes256
     00000B92  A$aes256_z80_sdcc_O2_binaries/ae   aes256
     00000B94  A$aes256_z80_sdcc_O2_binaries/ae   aes256
     00000B97  A$aes256_z80_sdcc_O2_binaries/ae   aes256
     00000B98  A$aes256_z80_sdcc_O2_binaries/ae   aes256
     00000B9A  A$aes256_z80_sdcc_O2_binaries/ae   aes256
     00000B9D  A$aes256_z80_sdcc_O2_binaries/ae   aes256
     00000B9E  A$aes256_z80_sdcc_O2_binaries/ae   aes256
     00000BA0  A$aes256_z80_sdcc_O2_binaries/ae   aes256
     00000BA0  C$aes256.c$142$1_0$90              aes256
     00000BA3  A$aes256_z80_sdcc_O2_binaries/ae   aes256
     00000BA4  A$aes256_z80_sdcc_O2_binaries/ae   aes256
     00000BA7  A$aes256_z80_sdcc_O2_binaries/ae   aes256
     00000BAA  A$aes256_z80_sdcc_O2_binaries/ae   aes256
     00000BAB  A$aes256_z80_sdcc_O2_binaries/ae   aes256
     00000BAC  A$aes256_z80_sdcc_O2_binaries/ae   aes256
     00000BAD  A$aes256_z80_sdcc_O2_binaries/ae   aes256
     00000BB0  A$aes256_z80_sdcc_O2_binaries/ae   aes256
     00000BB3  A$aes256_z80_sdcc_O2_binaries/ae   aes256
     00000BB4  A$aes256_z80_sdcc_O2_binaries/ae   aes256
     00000BB5  A$aes256_z80_sdcc_O2_binaries/ae   aes256
     00000BB5  C$aes256.c$144$1_0$90              aes256
     00000BB8  A$aes256_z80_sdcc_O2_binaries/ae   aes256
     00000BB9  A$aes256_z80_sdcc_O2_binaries/ae   aes256
     00000BBC  A$aes256_z80_sdcc_O2_binaries/ae   aes256
     00000BBD  A$aes256_z80_sdcc_O2_binaries/ae   aes256
     00000BBD  C$aes256.c$145$2_0$91              aes256
     00000BC0  A$aes256_z80_sdcc_O2_binaries/ae   aes256
     00000BC1  A$aes256_z80_sdcc_O2_binaries/ae   aes256
     00000BC3  A$aes256_z80_sdcc_O2_binaries/ae   aes256
     00000BC4  A$aes256_z80_sdcc_O2_binaries/ae   aes256
     00000BC5  A$aes256_z80_sdcc_O2_binaries/ae   aes256
     00000BC6  A$aes256_z80_sdcc_O2_binaries/ae   aes256
     00000BC7  A$aes256_z80_sdcc_O2_binaries/ae   aes256
     00000BC9  A$aes256_z80_sdcc_O2_binaries/ae   aes256
     00000BCB  A$aes256_z80_sdcc_O2_binaries/ae   aes256
     00000BCE  A$aes256_z80_sdcc_O2_binaries/ae   aes256
     00000BD1  A$aes256_z80_sdcc_O2_binaries/ae   aes256
     00000BD2  A$aes256_z80_sdcc_O2_binaries/ae   aes256
     00000BD3  A$aes256_z80_sdcc_O2_binaries/ae   aes256
     00000BD5  A$aes256_z80_sdcc_O2_binaries/ae   aes256
     00000BD6  A$aes256_z80_sdcc_O2_binaries/ae   aes256
     00000BD7  A$aes256_z80_sdcc_O2_binaries/ae   aes256
     00000BDA  A$aes256_z80_sdcc_O2_binaries/ae   aes256
     00000BDB  A$aes256_z80_sdcc_O2_binaries/ae   aes256
     00000BDE  A$aes256_z80_sdcc_O2_binaries/ae   aes256
ASxxxx Linker V03.00 + NoICE + sdld,  page 27.
Hexadecimal  [32-Bits]

Area                                    Addr        Size        Decimal Bytes (Attributes)
--------------------------------        ----        ----        ------- ----- ------------
_CODE                               00000200    000017F6 =        6134. bytes (REL,CON)

      Value  Global                              Global Defined In Module
      -----  --------------------------------   ------------------------
     00000BDF  A$aes256_z80_sdcc_O2_binaries/ae   aes256
     00000BE0  A$aes256_z80_sdcc_O2_binaries/ae   aes256
     00000BE1  A$aes256_z80_sdcc_O2_binaries/ae   aes256
     00000BE2  A$aes256_z80_sdcc_O2_binaries/ae   aes256
     00000BE4  A$aes256_z80_sdcc_O2_binaries/ae   aes256
     00000BE4  C$aes256.c$146$1_0$90              aes256
     00000BE7  A$aes256_z80_sdcc_O2_binaries/ae   aes256
     00000BE8  A$aes256_z80_sdcc_O2_binaries/ae   aes256
     00000BEB  A$aes256_z80_sdcc_O2_binaries/ae   aes256
     00000BEC  A$aes256_z80_sdcc_O2_binaries/ae   aes256
     00000BEC  C$aes256.c$149$1_0$90              aes256
     00000BEF  A$aes256_z80_sdcc_O2_binaries/ae   aes256
     00000BF1  A$aes256_z80_sdcc_O2_binaries/ae   aes256
     00000BF3  A$aes256_z80_sdcc_O2_binaries/ae   aes256
     00000BF3  C$aes256.c$150$1_0$90              aes256
     00000BF3  XG$main$0$0                        aes256
     00000BF4  Faes256$__str_0$0_0$0              aes256
     00000C30  Faes256$__str_1$0_0$0              aes256
     00000C36  Faes256$__str_3$0_0$0              aes256
     00000C37  _puts                              puts
     00000C69  _vprintf                           vprintf
     00000C91  _printf                            vprintf
     00000CAE  __modschar                         
     00000CBB  __modsint                          
     00000DED  __print_format                     printf_large
     0000195D  __divsint                          
     00001966  __divschar                         
     0000196D  __div8                             
     00001971  __div_signexte                     
     00001975  __div16                            
     0000199B  __get_remainder                    
     000019A5  __divuint                          
     000019AD  __divuchar                         
     000019B4  __divu8                            
     000019B7  __divu16                           
     000019E6  ___sdcc_call_hl                    
     000019E7  _strlen                            
ASxxxx Linker V03.00 + NoICE + sdld,  page 28.
Hexadecimal  [32-Bits]

Area                                    Addr        Size        Decimal Bytes (Attributes)
--------------------------------        ----        ----        ------- ----- ------------
_HEADER0                            00000000    00000003 =           3. bytes (ABS,CON)

      Value  Global                              Global Defined In Module
      -----  --------------------------------   ------------------------
ASxxxx Linker V03.00 + NoICE + sdld,  page 29.
Hexadecimal  [32-Bits]

Area                                    Addr        Size        Decimal Bytes (Attributes)
--------------------------------        ----        ----        ------- ----- ------------
_HEADER1                            00000000    00000004 =           4. bytes (ABS,CON)

      Value  Global                              Global Defined In Module
      -----  --------------------------------   ------------------------
ASxxxx Linker V03.00 + NoICE + sdld,  page 30.
Hexadecimal  [32-Bits]

Area                                    Addr        Size        Decimal Bytes (Attributes)
--------------------------------        ----        ----        ------- ----- ------------
_HEADER2                            00000000    00000003 =           3. bytes (ABS,CON)

      Value  Global                              Global Defined In Module
      -----  --------------------------------   ------------------------
ASxxxx Linker V03.00 + NoICE + sdld,  page 31.
Hexadecimal  [32-Bits]

Area                                    Addr        Size        Decimal Bytes (Attributes)
--------------------------------        ----        ----        ------- ----- ------------
_HEADER3                            00000000    00000003 =           3. bytes (ABS,CON)

      Value  Global                              Global Defined In Module
      -----  --------------------------------   ------------------------
ASxxxx Linker V03.00 + NoICE + sdld,  page 32.
Hexadecimal  [32-Bits]

Area                                    Addr        Size        Decimal Bytes (Attributes)
--------------------------------        ----        ----        ------- ----- ------------
_HEADER4                            00000000    00000003 =           3. bytes (ABS,CON)

      Value  Global                              Global Defined In Module
      -----  --------------------------------   ------------------------
ASxxxx Linker V03.00 + NoICE + sdld,  page 33.
Hexadecimal  [32-Bits]

Area                                    Addr        Size        Decimal Bytes (Attributes)
--------------------------------        ----        ----        ------- ----- ------------
_HEADER5                            00000000    00000003 =           3. bytes (ABS,CON)

      Value  Global                              Global Defined In Module
      -----  --------------------------------   ------------------------
ASxxxx Linker V03.00 + NoICE + sdld,  page 34.
Hexadecimal  [32-Bits]

Area                                    Addr        Size        Decimal Bytes (Attributes)
--------------------------------        ----        ----        ------- ----- ------------
_HEADER6                            00000000    00000003 =           3. bytes (ABS,CON)

      Value  Global                              Global Defined In Module
      -----  --------------------------------   ------------------------
ASxxxx Linker V03.00 + NoICE + sdld,  page 35.
Hexadecimal  [32-Bits]

Area                                    Addr        Size        Decimal Bytes (Attributes)
--------------------------------        ----        ----        ------- ----- ------------
_HEADER7                            00000000    00000003 =           3. bytes (ABS,CON)

      Value  Global                              Global Defined In Module
      -----  --------------------------------   ------------------------
ASxxxx Linker V03.00 + NoICE + sdld,  page 36.
Hexadecimal  [32-Bits]

Area                                    Addr        Size        Decimal Bytes (Attributes)
--------------------------------        ----        ----        ------- ----- ------------
_HEADER8                            00000000    0000000C =          12. bytes (ABS,CON)

      Value  Global                              Global Defined In Module
      -----  --------------------------------   ------------------------
ASxxxx Linker V03.00 + NoICE + sdld,  page 37.
Hexadecimal  [32-Bits]

Area                                    Addr        Size        Decimal Bytes (Attributes)
--------------------------------        ----        ----        ------- ----- ------------
_GSINIT                             000019F6    0000000F =          15. bytes (REL,CON)

      Value  Global                              Global Defined In Module
      -----  --------------------------------   ------------------------
     000019F6  gsinit                             crt0

ASxxxx Linker V03.00 + NoICE + sdld,  page 38.
Hexadecimal  [32-Bits]

Area                                    Addr        Size        Decimal Bytes (Attributes)
--------------------------------        ----        ----        ------- ----- ------------
_GSFINAL                            00001A05    00000001 =           1. bytes (REL,CON)

      Value  Global                              Global Defined In Module
      -----  --------------------------------   ------------------------
ASxxxx Linker V03.00 + NoICE + sdld,  page 39.

Files Linked                              [ module(s) ]

/usr/bin/../share/sdcc/lib/z80/crt0.rel   [ crt0 ]
/work/test_dataset_binaries/aes256_z80_sdcc_O2.rel
                                          [ aes256 ]


Libraries Linked                          [ object file ]

/usr/bin/../share/sdcc/lib/z80/z80.lib    [ puts.rel ]
/usr/bin/../share/sdcc/lib/z80/z80.lib    [ vprintf.rel ]
/usr/bin/../share/sdcc/lib/z80/z80.lib    [ modsigned.rel ]
/usr/bin/../share/sdcc/lib/z80/z80.lib    [ printf_large.rel ]
/usr/bin/../share/sdcc/lib/z80/z80.lib    [ divsigned.rel ]
/usr/bin/../share/sdcc/lib/z80/z80.lib    [ divunsigned.rel ]
/usr/bin/../share/sdcc/lib/z80/z80.lib    [ __sdcc_call_hl.rel ]
/usr/bin/../share/sdcc/lib/z80/z80.lib    [ strlen.rel ]

ASxxxx Linker V03.00 + NoICE + sdld,  page 40.

User Base Address Definitions

_CODE = 0x0200
_DATA = 0x8000


?ASlink-Warning-Undefined Global '_putchar' referenced by module 'puts'

?ASlink-Warning-Undefined Global '_putchar' referenced by module 'vprintf'
