ASxxxx Linker V03.00 + NoICE + sdld,  page 1.
Hexadecimal  [32-Bits]

Area                                    Addr        Size        Decimal Bytes (Attributes)
--------------------------------        ----        ----        ------- ----- ------------
.  .ABS.                            00000000    00000000 =           0. bytes (ABS,CON)

      Value  Global                              Global Defined In Module
      -----  --------------------------------   ------------------------
     00000000  .__.ABS.                           
     00000000  _putchar                        
     00000000  l__BSEG                         
     00000000  l__BSS                          
     00000000  l__CABS                         
     00000000  l__DABS                         
     00000000  l__DATA                         
     00000000  l__HEADER                       
     00000000  l__HEAP                         
     00000000  l__HOME                         
     00000000  l__INITIALIZED                  
     00000000  l__INITIALIZER                  
     00000000  s__CABS                         
     00000000  s__DABS                         
     00000000  s__HEADER                       
     00000000  s__HEADER0                      
     00000000  s__HEADER1                      
     00000000  s__HEADER2                      
     00000000  s__HEADER3                      
     00000000  s__HEADER4                      
     00000000  s__HEADER5                      
     00000000  s__HEADER6                      
     00000000  s__HEADER7                      
     00000000  s__HEADER8                      
     00000001  l__GSFINAL                      
     00000003  l__HEADER0                      
     00000003  l__HEADER2                      
     00000003  l__HEADER3                      
     00000003  l__HEADER4                      
     00000003  l__HEADER5                      
     00000003  l__HEADER6                      
     00000003  l__HEADER7                      
     00000004  l__HEADER1                      
     0000000C  l__HEADER8                      
     0000000F  l__GSINIT                       
     00000200  s__CODE                         
     0000184D  l__CODE                         
     00001A4D  s__GSINIT                       
     00001A4D  s__HOME                         
     00001A4D  s__INITIALIZER                  
     00001A5C  s__GSFINAL                      
     00008000  s__BSEG                         
     00008000  s__BSS                          
     00008000  s__DATA                         
     00008000  s__HEAP                         
     00008000  s__INITIALIZED                  

ASxxxx Linker V03.00 + NoICE + sdld,  page 2.
Hexadecimal  [32-Bits]

Area                                    Addr        Size        Decimal Bytes (Attributes)
--------------------------------        ----        ----        ------- ----- ------------
_CODE                               00000200    0000184D =        6221. bytes (REL,CON)

      Value  Global                              Global Defined In Module
      -----  --------------------------------   ------------------------
     00000200  __clock                            crt0
     00000204  _exit                              crt0
     0000020A  A$aes256_z80_sdcc_O0_binaries/ae   aes256
     0000020A  C$aes256.c$33$0_0$35               aes256
     0000020A  Faes256$xtime$0$0                  aes256
     0000020C  A$aes256_z80_sdcc_O0_binaries/ae   aes256
     00000210  A$aes256_z80_sdcc_O0_binaries/ae   aes256
     00000212  A$aes256_z80_sdcc_O0_binaries/ae   aes256
     00000212  C$aes256.c$34$1_0$35               aes256
     00000215  A$aes256_z80_sdcc_O0_binaries/ae   aes256
     00000216  A$aes256_z80_sdcc_O0_binaries/ae   aes256
     00000217  A$aes256_z80_sdcc_O0_binaries/ae   aes256
     0000021A  A$aes256_z80_sdcc_O0_binaries/ae   aes256
     0000021B  A$aes256_z80_sdcc_O0_binaries/ae   aes256
     0000021E  A$aes256_z80_sdcc_O0_binaries/ae   aes256
     00000221  A$aes256_z80_sdcc_O0_binaries/ae   aes256
     00000224  A$aes256_z80_sdcc_O0_binaries/ae   aes256
     00000227  A$aes256_z80_sdcc_O0_binaries/ae   aes256
     0000022A  A$aes256_z80_sdcc_O0_binaries/ae   aes256
     0000022B  A$aes256_z80_sdcc_O0_binaries/ae   aes256
     0000022C  A$aes256_z80_sdcc_O0_binaries/ae   aes256
     0000022D  A$aes256_z80_sdcc_O0_binaries/ae   aes256
     0000022E  A$aes256_z80_sdcc_O0_binaries/ae   aes256
     0000022F  A$aes256_z80_sdcc_O0_binaries/ae   aes256
     00000230  A$aes256_z80_sdcc_O0_binaries/ae   aes256
     00000231  A$aes256_z80_sdcc_O0_binaries/ae   aes256
     00000232  A$aes256_z80_sdcc_O0_binaries/ae   aes256
     00000233  A$aes256_z80_sdcc_O0_binaries/ae   aes256
     00000235  A$aes256_z80_sdcc_O0_binaries/ae   aes256
     00000235  C$aes256.c$35$1_0$35               aes256
     00000235  XFaes256$xtime$0$0                 aes256
     00000236  Faes256$SBOX$0_0$0                 aes256
     00000336  Faes256$RCON$0_0$0                 aes256
     00000345  A$aes256_z80_sdcc_O0_binaries/ae   aes256
     00000345  C$aes256.c$37$1_0$38               aes256
     00000345  Faes256$SubBytes$0$0               aes256
     00000347  A$aes256_z80_sdcc_O0_binaries/ae   aes256
     0000034B  A$aes256_z80_sdcc_O0_binaries/ae   aes256
     0000034D  A$aes256_z80_sdcc_O0_binaries/ae   aes256
     0000034D  C$aes256.c$38$2_0$38               aes256
     00000350  A$aes256_z80_sdcc_O0_binaries/ae   aes256
     00000351  A$aes256_z80_sdcc_O0_binaries/ae   aes256
     00000353  A$aes256_z80_sdcc_O0_binaries/ae   aes256
     00000354  A$aes256_z80_sdcc_O0_binaries/ae   aes256
     00000355  A$aes256_z80_sdcc_O0_binaries/ae   aes256
     00000356  A$aes256_z80_sdcc_O0_binaries/ae   aes256
     00000357  A$aes256_z80_sdcc_O0_binaries/ae   aes256
     00000359  A$aes256_z80_sdcc_O0_binaries/ae   aes256
     0000035C  A$aes256_z80_sdcc_O0_binaries/ae   aes256
     0000035F  A$aes256_z80_sdcc_O0_binaries/ae   aes256
ASxxxx Linker V03.00 + NoICE + sdld,  page 3.
Hexadecimal  [32-Bits]

Area                                    Addr        Size        Decimal Bytes (Attributes)
--------------------------------        ----        ----        ------- ----- ------------
_CODE                               00000200    0000184D =        6221. bytes (REL,CON)

      Value  Global                              Global Defined In Module
      -----  --------------------------------   ------------------------
     00000360  A$aes256_z80_sdcc_O0_binaries/ae   aes256
     00000361  A$aes256_z80_sdcc_O0_binaries/ae   aes256
     00000364  A$aes256_z80_sdcc_O0_binaries/ae   aes256
     00000365  A$aes256_z80_sdcc_O0_binaries/ae   aes256
     00000366  A$aes256_z80_sdcc_O0_binaries/ae   aes256
     00000367  A$aes256_z80_sdcc_O0_binaries/ae   aes256
     00000369  A$aes256_z80_sdcc_O0_binaries/ae   aes256
     0000036A  A$aes256_z80_sdcc_O0_binaries/ae   aes256
     0000036C  A$aes256_z80_sdcc_O0_binaries/ae   aes256
     0000036E  A$aes256_z80_sdcc_O0_binaries/ae   aes256
     0000036F  A$aes256_z80_sdcc_O0_binaries/ae   aes256
     00000370  A$aes256_z80_sdcc_O0_binaries/ae   aes256
     00000371  A$aes256_z80_sdcc_O0_binaries/ae   aes256
     00000372  A$aes256_z80_sdcc_O0_binaries/ae   aes256
     00000375  A$aes256_z80_sdcc_O0_binaries/ae   aes256
     00000377  A$aes256_z80_sdcc_O0_binaries/ae   aes256
     00000377  C$aes256.c$39$2_0$38               aes256
     00000377  XFaes256$SubBytes$0$0              aes256
     00000378  A$aes256_z80_sdcc_O0_binaries/ae   aes256
     00000378  C$aes256.c$41$2_0$40               aes256
     00000378  Faes256$ShiftRows$0$0              aes256
     0000037A  A$aes256_z80_sdcc_O0_binaries/ae   aes256
     0000037E  A$aes256_z80_sdcc_O0_binaries/ae   aes256
     00000380  A$aes256_z80_sdcc_O0_binaries/ae   aes256
     00000383  A$aes256_z80_sdcc_O0_binaries/ae   aes256
     00000384  A$aes256_z80_sdcc_O0_binaries/ae   aes256
     00000385  A$aes256_z80_sdcc_O0_binaries/ae   aes256
     00000385  C$aes256.c$43$1_0$40               aes256
     00000388  A$aes256_z80_sdcc_O0_binaries/ae   aes256
     00000389  A$aes256_z80_sdcc_O0_binaries/ae   aes256
     0000038A  A$aes256_z80_sdcc_O0_binaries/ae   aes256
     0000038B  A$aes256_z80_sdcc_O0_binaries/ae   aes256
     0000038C  A$aes256_z80_sdcc_O0_binaries/ae   aes256
     0000038D  A$aes256_z80_sdcc_O0_binaries/ae   aes256
     00000390  A$aes256_z80_sdcc_O0_binaries/ae   aes256
     00000393  A$aes256_z80_sdcc_O0_binaries/ae   aes256
     00000394  A$aes256_z80_sdcc_O0_binaries/ae   aes256
     00000397  A$aes256_z80_sdcc_O0_binaries/ae   aes256
     00000399  A$aes256_z80_sdcc_O0_binaries/ae   aes256
     0000039A  A$aes256_z80_sdcc_O0_binaries/ae   aes256
     0000039A  C$aes256.c$44$1_0$40               aes256
     0000039D  A$aes256_z80_sdcc_O0_binaries/ae   aes256
     000003A0  A$aes256_z80_sdcc_O0_binaries/ae   aes256
     000003A1  A$aes256_z80_sdcc_O0_binaries/ae   aes256
     000003A2  A$aes256_z80_sdcc_O0_binaries/ae   aes256
     000003A3  A$aes256_z80_sdcc_O0_binaries/ae   aes256
     000003A4  A$aes256_z80_sdcc_O0_binaries/ae   aes256
     000003A5  A$aes256_z80_sdcc_O0_binaries/ae   aes256
     000003A6  A$aes256_z80_sdcc_O0_binaries/ae   aes256
     000003A7  A$aes256_z80_sdcc_O0_binaries/ae   aes256
     000003A8  A$aes256_z80_sdcc_O0_binaries/ae   aes256
ASxxxx Linker V03.00 + NoICE + sdld,  page 4.
Hexadecimal  [32-Bits]

Area                                    Addr        Size        Decimal Bytes (Attributes)
--------------------------------        ----        ----        ------- ----- ------------
_CODE                               00000200    0000184D =        6221. bytes (REL,CON)

      Value  Global                              Global Defined In Module
      -----  --------------------------------   ------------------------
     000003A9  A$aes256_z80_sdcc_O0_binaries/ae   aes256
     000003AA  A$aes256_z80_sdcc_O0_binaries/ae   aes256
     000003AD  A$aes256_z80_sdcc_O0_binaries/ae   aes256
     000003AF  A$aes256_z80_sdcc_O0_binaries/ae   aes256
     000003B0  A$aes256_z80_sdcc_O0_binaries/ae   aes256
     000003B3  A$aes256_z80_sdcc_O0_binaries/ae   aes256
     000003B5  A$aes256_z80_sdcc_O0_binaries/ae   aes256
     000003B6  A$aes256_z80_sdcc_O0_binaries/ae   aes256
     000003B7  A$aes256_z80_sdcc_O0_binaries/ae   aes256
     000003B8  A$aes256_z80_sdcc_O0_binaries/ae   aes256
     000003B9  A$aes256_z80_sdcc_O0_binaries/ae   aes256
     000003BC  A$aes256_z80_sdcc_O0_binaries/ae   aes256
     000003BD  A$aes256_z80_sdcc_O0_binaries/ae   aes256
     000003BE  A$aes256_z80_sdcc_O0_binaries/ae   aes256
     000003BF  A$aes256_z80_sdcc_O0_binaries/ae   aes256
     000003C0  A$aes256_z80_sdcc_O0_binaries/ae   aes256
     000003C3  A$aes256_z80_sdcc_O0_binaries/ae   aes256
     000003C5  A$aes256_z80_sdcc_O0_binaries/ae   aes256
     000003C6  A$aes256_z80_sdcc_O0_binaries/ae   aes256
     000003C9  A$aes256_z80_sdcc_O0_binaries/ae   aes256
     000003CB  A$aes256_z80_sdcc_O0_binaries/ae   aes256
     000003CC  A$aes256_z80_sdcc_O0_binaries/ae   aes256
     000003CD  A$aes256_z80_sdcc_O0_binaries/ae   aes256
     000003CE  A$aes256_z80_sdcc_O0_binaries/ae   aes256
     000003CF  A$aes256_z80_sdcc_O0_binaries/ae   aes256
     000003D2  A$aes256_z80_sdcc_O0_binaries/ae   aes256
     000003D3  A$aes256_z80_sdcc_O0_binaries/ae   aes256
     000003D4  A$aes256_z80_sdcc_O0_binaries/ae   aes256
     000003D5  A$aes256_z80_sdcc_O0_binaries/ae   aes256
     000003D6  A$aes256_z80_sdcc_O0_binaries/ae   aes256
     000003D9  A$aes256_z80_sdcc_O0_binaries/ae   aes256
     000003DB  A$aes256_z80_sdcc_O0_binaries/ae   aes256
     000003DC  A$aes256_z80_sdcc_O0_binaries/ae   aes256
     000003DF  A$aes256_z80_sdcc_O0_binaries/ae   aes256
     000003E1  A$aes256_z80_sdcc_O0_binaries/ae   aes256
     000003E2  A$aes256_z80_sdcc_O0_binaries/ae   aes256
     000003E3  A$aes256_z80_sdcc_O0_binaries/ae   aes256
     000003E4  A$aes256_z80_sdcc_O0_binaries/ae   aes256
     000003E5  A$aes256_z80_sdcc_O0_binaries/ae   aes256
     000003E6  A$aes256_z80_sdcc_O0_binaries/ae   aes256
     000003E7  A$aes256_z80_sdcc_O0_binaries/ae   aes256
     000003E7  C$aes256.c$45$1_0$40               aes256
     000003EA  A$aes256_z80_sdcc_O0_binaries/ae   aes256
     000003ED  A$aes256_z80_sdcc_O0_binaries/ae   aes256
     000003EE  A$aes256_z80_sdcc_O0_binaries/ae   aes256
     000003EF  A$aes256_z80_sdcc_O0_binaries/ae   aes256
     000003F0  A$aes256_z80_sdcc_O0_binaries/ae   aes256
     000003F1  A$aes256_z80_sdcc_O0_binaries/ae   aes256
     000003F2  A$aes256_z80_sdcc_O0_binaries/ae   aes256
     000003F5  A$aes256_z80_sdcc_O0_binaries/ae   aes256
     000003F6  A$aes256_z80_sdcc_O0_binaries/ae   aes256
ASxxxx Linker V03.00 + NoICE + sdld,  page 5.
Hexadecimal  [32-Bits]

Area                                    Addr        Size        Decimal Bytes (Attributes)
--------------------------------        ----        ----        ------- ----- ------------
_CODE                               00000200    0000184D =        6221. bytes (REL,CON)

      Value  Global                              Global Defined In Module
      -----  --------------------------------   ------------------------
     000003F7  A$aes256_z80_sdcc_O0_binaries/ae   aes256
     000003F8  A$aes256_z80_sdcc_O0_binaries/ae   aes256
     000003F9  A$aes256_z80_sdcc_O0_binaries/ae   aes256
     000003FC  A$aes256_z80_sdcc_O0_binaries/ae   aes256
     000003FE  A$aes256_z80_sdcc_O0_binaries/ae   aes256
     000003FF  A$aes256_z80_sdcc_O0_binaries/ae   aes256
     00000402  A$aes256_z80_sdcc_O0_binaries/ae   aes256
     00000404  A$aes256_z80_sdcc_O0_binaries/ae   aes256
     00000405  A$aes256_z80_sdcc_O0_binaries/ae   aes256
     00000406  A$aes256_z80_sdcc_O0_binaries/ae   aes256
     00000407  A$aes256_z80_sdcc_O0_binaries/ae   aes256
     00000408  A$aes256_z80_sdcc_O0_binaries/ae   aes256
     00000409  A$aes256_z80_sdcc_O0_binaries/ae   aes256
     0000040A  A$aes256_z80_sdcc_O0_binaries/ae   aes256
     0000040B  A$aes256_z80_sdcc_O0_binaries/ae   aes256
     0000040E  A$aes256_z80_sdcc_O0_binaries/ae   aes256
     00000410  A$aes256_z80_sdcc_O0_binaries/ae   aes256
     00000411  A$aes256_z80_sdcc_O0_binaries/ae   aes256
     00000414  A$aes256_z80_sdcc_O0_binaries/ae   aes256
     00000416  A$aes256_z80_sdcc_O0_binaries/ae   aes256
     00000417  A$aes256_z80_sdcc_O0_binaries/ae   aes256
     00000418  A$aes256_z80_sdcc_O0_binaries/ae   aes256
     00000419  A$aes256_z80_sdcc_O0_binaries/ae   aes256
     0000041A  A$aes256_z80_sdcc_O0_binaries/ae   aes256
     0000041D  A$aes256_z80_sdcc_O0_binaries/ae   aes256
     0000041E  A$aes256_z80_sdcc_O0_binaries/ae   aes256
     0000041F  A$aes256_z80_sdcc_O0_binaries/ae   aes256
     00000420  A$aes256_z80_sdcc_O0_binaries/ae   aes256
     00000421  A$aes256_z80_sdcc_O0_binaries/ae   aes256
     00000424  A$aes256_z80_sdcc_O0_binaries/ae   aes256
     00000426  A$aes256_z80_sdcc_O0_binaries/ae   aes256
     00000427  A$aes256_z80_sdcc_O0_binaries/ae   aes256
     0000042A  A$aes256_z80_sdcc_O0_binaries/ae   aes256
     0000042C  A$aes256_z80_sdcc_O0_binaries/ae   aes256
     0000042D  A$aes256_z80_sdcc_O0_binaries/ae   aes256
     0000042E  A$aes256_z80_sdcc_O0_binaries/ae   aes256
     0000042F  A$aes256_z80_sdcc_O0_binaries/ae   aes256
     00000430  A$aes256_z80_sdcc_O0_binaries/ae   aes256
     00000433  A$aes256_z80_sdcc_O0_binaries/ae   aes256
     00000434  A$aes256_z80_sdcc_O0_binaries/ae   aes256
     00000435  A$aes256_z80_sdcc_O0_binaries/ae   aes256
     00000436  A$aes256_z80_sdcc_O0_binaries/ae   aes256
     00000437  A$aes256_z80_sdcc_O0_binaries/ae   aes256
     00000437  C$aes256.c$46$1_0$40               aes256
     0000043A  A$aes256_z80_sdcc_O0_binaries/ae   aes256
     0000043D  A$aes256_z80_sdcc_O0_binaries/ae   aes256
     0000043E  A$aes256_z80_sdcc_O0_binaries/ae   aes256
     0000043F  A$aes256_z80_sdcc_O0_binaries/ae   aes256
     00000440  A$aes256_z80_sdcc_O0_binaries/ae   aes256
     00000441  A$aes256_z80_sdcc_O0_binaries/ae   aes256
     00000442  A$aes256_z80_sdcc_O0_binaries/ae   aes256
ASxxxx Linker V03.00 + NoICE + sdld,  page 6.
Hexadecimal  [32-Bits]

Area                                    Addr        Size        Decimal Bytes (Attributes)
--------------------------------        ----        ----        ------- ----- ------------
_CODE                               00000200    0000184D =        6221. bytes (REL,CON)

      Value  Global                              Global Defined In Module
      -----  --------------------------------   ------------------------
     00000443  A$aes256_z80_sdcc_O0_binaries/ae   aes256
     00000446  A$aes256_z80_sdcc_O0_binaries/ae   aes256
     00000447  A$aes256_z80_sdcc_O0_binaries/ae   aes256
     00000448  A$aes256_z80_sdcc_O0_binaries/ae   aes256
     00000449  A$aes256_z80_sdcc_O0_binaries/ae   aes256
     0000044A  A$aes256_z80_sdcc_O0_binaries/ae   aes256
     0000044D  A$aes256_z80_sdcc_O0_binaries/ae   aes256
     0000044F  A$aes256_z80_sdcc_O0_binaries/ae   aes256
     00000450  A$aes256_z80_sdcc_O0_binaries/ae   aes256
     00000453  A$aes256_z80_sdcc_O0_binaries/ae   aes256
     00000455  A$aes256_z80_sdcc_O0_binaries/ae   aes256
     00000456  A$aes256_z80_sdcc_O0_binaries/ae   aes256
     00000457  A$aes256_z80_sdcc_O0_binaries/ae   aes256
     00000458  A$aes256_z80_sdcc_O0_binaries/ae   aes256
     00000459  A$aes256_z80_sdcc_O0_binaries/ae   aes256
     0000045A  A$aes256_z80_sdcc_O0_binaries/ae   aes256
     0000045B  A$aes256_z80_sdcc_O0_binaries/ae   aes256
     0000045C  A$aes256_z80_sdcc_O0_binaries/ae   aes256
     0000045D  A$aes256_z80_sdcc_O0_binaries/ae   aes256
     00000460  A$aes256_z80_sdcc_O0_binaries/ae   aes256
     00000462  A$aes256_z80_sdcc_O0_binaries/ae   aes256
     00000463  A$aes256_z80_sdcc_O0_binaries/ae   aes256
     00000466  A$aes256_z80_sdcc_O0_binaries/ae   aes256
     00000468  A$aes256_z80_sdcc_O0_binaries/ae   aes256
     00000469  A$aes256_z80_sdcc_O0_binaries/ae   aes256
     0000046A  A$aes256_z80_sdcc_O0_binaries/ae   aes256
     0000046B  A$aes256_z80_sdcc_O0_binaries/ae   aes256
     0000046C  A$aes256_z80_sdcc_O0_binaries/ae   aes256
     0000046F  A$aes256_z80_sdcc_O0_binaries/ae   aes256
     00000470  A$aes256_z80_sdcc_O0_binaries/ae   aes256
     00000471  A$aes256_z80_sdcc_O0_binaries/ae   aes256
     00000472  A$aes256_z80_sdcc_O0_binaries/ae   aes256
     00000473  A$aes256_z80_sdcc_O0_binaries/ae   aes256
     00000476  A$aes256_z80_sdcc_O0_binaries/ae   aes256
     00000478  A$aes256_z80_sdcc_O0_binaries/ae   aes256
     00000479  A$aes256_z80_sdcc_O0_binaries/ae   aes256
     0000047C  A$aes256_z80_sdcc_O0_binaries/ae   aes256
     0000047E  A$aes256_z80_sdcc_O0_binaries/ae   aes256
     0000047F  A$aes256_z80_sdcc_O0_binaries/ae   aes256
     00000480  A$aes256_z80_sdcc_O0_binaries/ae   aes256
     00000481  A$aes256_z80_sdcc_O0_binaries/ae   aes256
     00000484  A$aes256_z80_sdcc_O0_binaries/ae   aes256
     00000485  A$aes256_z80_sdcc_O0_binaries/ae   aes256
     00000486  A$aes256_z80_sdcc_O0_binaries/ae   aes256
     00000487  A$aes256_z80_sdcc_O0_binaries/ae   aes256
     00000489  A$aes256_z80_sdcc_O0_binaries/ae   aes256
     0000048B  A$aes256_z80_sdcc_O0_binaries/ae   aes256
     0000048B  C$aes256.c$47$1_0$40               aes256
     0000048B  XFaes256$ShiftRows$0$0             aes256
     0000048C  A$aes256_z80_sdcc_O0_binaries/ae   aes256
     0000048C  C$aes256.c$49$1_0$43               aes256
ASxxxx Linker V03.00 + NoICE + sdld,  page 7.
Hexadecimal  [32-Bits]

Area                                    Addr        Size        Decimal Bytes (Attributes)
--------------------------------        ----        ----        ------- ----- ------------
_CODE                               00000200    0000184D =        6221. bytes (REL,CON)

      Value  Global                              Global Defined In Module
      -----  --------------------------------   ------------------------
     0000048C  Faes256$MixColumns$0$0             aes256
     0000048E  A$aes256_z80_sdcc_O0_binaries/ae   aes256
     00000492  A$aes256_z80_sdcc_O0_binaries/ae   aes256
     00000494  A$aes256_z80_sdcc_O0_binaries/ae   aes256
     00000497  A$aes256_z80_sdcc_O0_binaries/ae   aes256
     00000498  A$aes256_z80_sdcc_O0_binaries/ae   aes256
     00000499  A$aes256_z80_sdcc_O0_binaries/ae   aes256
     0000049A  A$aes256_z80_sdcc_O0_binaries/ae   aes256
     0000049D  A$aes256_z80_sdcc_O0_binaries/ae   aes256
     000004A0  A$aes256_z80_sdcc_O0_binaries/ae   aes256
     000004A3  A$aes256_z80_sdcc_O0_binaries/ae   aes256
     000004A5  A$aes256_z80_sdcc_O0_binaries/ae   aes256
     000004A8  A$aes256_z80_sdcc_O0_binaries/ae   aes256
     000004A9  A$aes256_z80_sdcc_O0_binaries/ae   aes256
     000004AA  A$aes256_z80_sdcc_O0_binaries/ae   aes256
     000004AB  A$aes256_z80_sdcc_O0_binaries/ae   aes256
     000004AD  A$aes256_z80_sdcc_O0_binaries/ae   aes256
     000004B0  A$aes256_z80_sdcc_O0_binaries/ae   aes256
     000004B0  C$aes256.c$51$3_0$44               aes256
     000004B3  A$aes256_z80_sdcc_O0_binaries/ae   aes256
     000004B6  A$aes256_z80_sdcc_O0_binaries/ae   aes256
     000004B8  A$aes256_z80_sdcc_O0_binaries/ae   aes256
     000004BA  A$aes256_z80_sdcc_O0_binaries/ae   aes256
     000004BC  A$aes256_z80_sdcc_O0_binaries/ae   aes256
     000004BE  A$aes256_z80_sdcc_O0_binaries/ae   aes256
     000004BE  C$aes256.c$52$3_0$44               aes256
     000004C1  A$aes256_z80_sdcc_O0_binaries/ae   aes256
     000004C2  A$aes256_z80_sdcc_O0_binaries/ae   aes256
     000004C5  A$aes256_z80_sdcc_O0_binaries/ae   aes256
     000004C8  A$aes256_z80_sdcc_O0_binaries/ae   aes256
     000004C9  A$aes256_z80_sdcc_O0_binaries/ae   aes256
     000004CC  A$aes256_z80_sdcc_O0_binaries/ae   aes256
     000004CF  A$aes256_z80_sdcc_O0_binaries/ae   aes256
     000004D2  A$aes256_z80_sdcc_O0_binaries/ae   aes256
     000004D3  A$aes256_z80_sdcc_O0_binaries/ae   aes256
     000004D6  A$aes256_z80_sdcc_O0_binaries/ae   aes256
     000004D7  A$aes256_z80_sdcc_O0_binaries/ae   aes256
     000004D8  A$aes256_z80_sdcc_O0_binaries/ae   aes256
     000004D9  A$aes256_z80_sdcc_O0_binaries/ae   aes256
     000004DC  A$aes256_z80_sdcc_O0_binaries/ae   aes256
     000004DD  A$aes256_z80_sdcc_O0_binaries/ae   aes256
     000004DE  A$aes256_z80_sdcc_O0_binaries/ae   aes256
     000004E1  A$aes256_z80_sdcc_O0_binaries/ae   aes256
     000004E2  A$aes256_z80_sdcc_O0_binaries/ae   aes256
     000004E3  A$aes256_z80_sdcc_O0_binaries/ae   aes256
     000004E4  A$aes256_z80_sdcc_O0_binaries/ae   aes256
     000004E7  A$aes256_z80_sdcc_O0_binaries/ae   aes256
     000004EA  A$aes256_z80_sdcc_O0_binaries/ae   aes256
     000004EB  A$aes256_z80_sdcc_O0_binaries/ae   aes256
     000004EE  A$aes256_z80_sdcc_O0_binaries/ae   aes256
     000004F1  A$aes256_z80_sdcc_O0_binaries/ae   aes256
ASxxxx Linker V03.00 + NoICE + sdld,  page 8.
Hexadecimal  [32-Bits]

Area                                    Addr        Size        Decimal Bytes (Attributes)
--------------------------------        ----        ----        ------- ----- ------------
_CODE                               00000200    0000184D =        6221. bytes (REL,CON)

      Value  Global                              Global Defined In Module
      -----  --------------------------------   ------------------------
     000004F4  A$aes256_z80_sdcc_O0_binaries/ae   aes256
     000004F7  A$aes256_z80_sdcc_O0_binaries/ae   aes256
     000004FA  A$aes256_z80_sdcc_O0_binaries/ae   aes256
     000004FD  A$aes256_z80_sdcc_O0_binaries/ae   aes256
     00000500  A$aes256_z80_sdcc_O0_binaries/ae   aes256
     00000503  A$aes256_z80_sdcc_O0_binaries/ae   aes256
     00000506  A$aes256_z80_sdcc_O0_binaries/ae   aes256
     00000509  A$aes256_z80_sdcc_O0_binaries/ae   aes256
     0000050A  A$aes256_z80_sdcc_O0_binaries/ae   aes256
     0000050D  A$aes256_z80_sdcc_O0_binaries/ae   aes256
     0000050E  A$aes256_z80_sdcc_O0_binaries/ae   aes256
     0000050F  A$aes256_z80_sdcc_O0_binaries/ae   aes256
     00000510  A$aes256_z80_sdcc_O0_binaries/ae   aes256
     00000513  A$aes256_z80_sdcc_O0_binaries/ae   aes256
     00000514  A$aes256_z80_sdcc_O0_binaries/ae   aes256
     00000517  A$aes256_z80_sdcc_O0_binaries/ae   aes256
     0000051A  A$aes256_z80_sdcc_O0_binaries/ae   aes256
     0000051B  A$aes256_z80_sdcc_O0_binaries/ae   aes256
     0000051E  A$aes256_z80_sdcc_O0_binaries/ae   aes256
     00000521  A$aes256_z80_sdcc_O0_binaries/ae   aes256
     00000524  A$aes256_z80_sdcc_O0_binaries/ae   aes256
     00000525  A$aes256_z80_sdcc_O0_binaries/ae   aes256
     00000528  A$aes256_z80_sdcc_O0_binaries/ae   aes256
     00000528  C$aes256.c$53$3_0$44               aes256
     0000052B  A$aes256_z80_sdcc_O0_binaries/ae   aes256
     0000052E  A$aes256_z80_sdcc_O0_binaries/ae   aes256
     00000531  A$aes256_z80_sdcc_O0_binaries/ae   aes256
     00000534  A$aes256_z80_sdcc_O0_binaries/ae   aes256
     00000534  C$aes256.c$34$2_0$43               aes256
     00000537  A$aes256_z80_sdcc_O0_binaries/ae   aes256
     00000538  A$aes256_z80_sdcc_O0_binaries/ae   aes256
     00000539  A$aes256_z80_sdcc_O0_binaries/ae   aes256
     0000053C  A$aes256_z80_sdcc_O0_binaries/ae   aes256
     0000053E  A$aes256_z80_sdcc_O0_binaries/ae   aes256
     00000541  A$aes256_z80_sdcc_O0_binaries/ae   aes256
     00000545  A$aes256_z80_sdcc_O0_binaries/ae   aes256
     00000548  A$aes256_z80_sdcc_O0_binaries/ae   aes256
     0000054B  A$aes256_z80_sdcc_O0_binaries/ae   aes256
     0000054E  A$aes256_z80_sdcc_O0_binaries/ae   aes256
     00000551  A$aes256_z80_sdcc_O0_binaries/ae   aes256
     00000554  A$aes256_z80_sdcc_O0_binaries/ae   aes256
     00000557  A$aes256_z80_sdcc_O0_binaries/ae   aes256
     00000558  A$aes256_z80_sdcc_O0_binaries/ae   aes256
     0000055B  A$aes256_z80_sdcc_O0_binaries/ae   aes256
     0000055C  A$aes256_z80_sdcc_O0_binaries/ae   aes256
     0000055D  A$aes256_z80_sdcc_O0_binaries/ae   aes256
     00000560  A$aes256_z80_sdcc_O0_binaries/ae   aes256
     00000561  A$aes256_z80_sdcc_O0_binaries/ae   aes256
     00000564  A$aes256_z80_sdcc_O0_binaries/ae   aes256
     00000565  A$aes256_z80_sdcc_O0_binaries/ae   aes256
     00000566  A$aes256_z80_sdcc_O0_binaries/ae   aes256
ASxxxx Linker V03.00 + NoICE + sdld,  page 9.
Hexadecimal  [32-Bits]

Area                                    Addr        Size        Decimal Bytes (Attributes)
--------------------------------        ----        ----        ------- ----- ------------
_CODE                               00000200    0000184D =        6221. bytes (REL,CON)

      Value  Global                              Global Defined In Module
      -----  --------------------------------   ------------------------
     00000569  A$aes256_z80_sdcc_O0_binaries/ae   aes256
     0000056A  A$aes256_z80_sdcc_O0_binaries/ae   aes256
     0000056D  A$aes256_z80_sdcc_O0_binaries/ae   aes256
     00000570  A$aes256_z80_sdcc_O0_binaries/ae   aes256
     00000571  A$aes256_z80_sdcc_O0_binaries/ae   aes256
     00000574  A$aes256_z80_sdcc_O0_binaries/ae   aes256
     00000577  A$aes256_z80_sdcc_O0_binaries/ae   aes256
     00000579  A$aes256_z80_sdcc_O0_binaries/ae   aes256
     0000057A  A$aes256_z80_sdcc_O0_binaries/ae   aes256
     0000057C  A$aes256_z80_sdcc_O0_binaries/ae   aes256
     0000057D  A$aes256_z80_sdcc_O0_binaries/ae   aes256
     0000057E  A$aes256_z80_sdcc_O0_binaries/ae   aes256
     00000581  A$aes256_z80_sdcc_O0_binaries/ae   aes256
     00000584  A$aes256_z80_sdcc_O0_binaries/ae   aes256
     00000587  A$aes256_z80_sdcc_O0_binaries/ae   aes256
     0000058A  A$aes256_z80_sdcc_O0_binaries/ae   aes256
     0000058D  A$aes256_z80_sdcc_O0_binaries/ae   aes256
     00000590  A$aes256_z80_sdcc_O0_binaries/ae   aes256
     00000591  A$aes256_z80_sdcc_O0_binaries/ae   aes256
     00000592  A$aes256_z80_sdcc_O0_binaries/ae   aes256
     00000595  A$aes256_z80_sdcc_O0_binaries/ae   aes256
     00000596  A$aes256_z80_sdcc_O0_binaries/ae   aes256
     00000599  A$aes256_z80_sdcc_O0_binaries/ae   aes256
     0000059A  A$aes256_z80_sdcc_O0_binaries/ae   aes256
     0000059B  A$aes256_z80_sdcc_O0_binaries/ae   aes256
     0000059E  A$aes256_z80_sdcc_O0_binaries/ae   aes256
     0000059F  A$aes256_z80_sdcc_O0_binaries/ae   aes256
     000005A0  A$aes256_z80_sdcc_O0_binaries/ae   aes256
     000005A0  C$aes256.c$53$5_0$49               aes256
     000005A3  A$aes256_z80_sdcc_O0_binaries/ae   aes256
     000005A6  A$aes256_z80_sdcc_O0_binaries/ae   aes256
     000005A9  A$aes256_z80_sdcc_O0_binaries/ae   aes256
     000005AC  A$aes256_z80_sdcc_O0_binaries/ae   aes256
     000005AF  A$aes256_z80_sdcc_O0_binaries/ae   aes256
     000005B2  A$aes256_z80_sdcc_O0_binaries/ae   aes256
     000005B3  A$aes256_z80_sdcc_O0_binaries/ae   aes256
     000005B3  C$aes256.c$34$6_0$53               aes256
     000005B6  A$aes256_z80_sdcc_O0_binaries/ae   aes256
     000005B7  A$aes256_z80_sdcc_O0_binaries/ae   aes256
     000005B8  A$aes256_z80_sdcc_O0_binaries/ae   aes256
     000005BB  A$aes256_z80_sdcc_O0_binaries/ae   aes256
     000005BE  A$aes256_z80_sdcc_O0_binaries/ae   aes256
     000005C1  A$aes256_z80_sdcc_O0_binaries/ae   aes256
     000005C4  A$aes256_z80_sdcc_O0_binaries/ae   aes256
     000005C5  A$aes256_z80_sdcc_O0_binaries/ae   aes256
     000005C6  A$aes256_z80_sdcc_O0_binaries/ae   aes256
     000005C7  A$aes256_z80_sdcc_O0_binaries/ae   aes256
     000005C8  A$aes256_z80_sdcc_O0_binaries/ae   aes256
     000005C9  A$aes256_z80_sdcc_O0_binaries/ae   aes256
     000005CA  A$aes256_z80_sdcc_O0_binaries/ae   aes256
     000005CB  A$aes256_z80_sdcc_O0_binaries/ae   aes256
ASxxxx Linker V03.00 + NoICE + sdld,  page 10.
Hexadecimal  [32-Bits]

Area                                    Addr        Size        Decimal Bytes (Attributes)
--------------------------------        ----        ----        ------- ----- ------------
_CODE                               00000200    0000184D =        6221. bytes (REL,CON)

      Value  Global                              Global Defined In Module
      -----  --------------------------------   ------------------------
     000005CC  A$aes256_z80_sdcc_O0_binaries/ae   aes256
     000005CD  A$aes256_z80_sdcc_O0_binaries/ae   aes256
     000005CE  A$aes256_z80_sdcc_O0_binaries/ae   aes256
     000005CF  A$aes256_z80_sdcc_O0_binaries/ae   aes256
     000005CF  C$aes256.c$54$5_0$52               aes256
     000005D2  A$aes256_z80_sdcc_O0_binaries/ae   aes256
     000005D5  A$aes256_z80_sdcc_O0_binaries/ae   aes256
     000005D5  C$aes256.c$34$6_0$56               aes256
     000005D8  A$aes256_z80_sdcc_O0_binaries/ae   aes256
     000005D9  A$aes256_z80_sdcc_O0_binaries/ae   aes256
     000005DC  A$aes256_z80_sdcc_O0_binaries/ae   aes256
     000005DF  A$aes256_z80_sdcc_O0_binaries/ae   aes256
     000005E1  A$aes256_z80_sdcc_O0_binaries/ae   aes256
     000005E2  A$aes256_z80_sdcc_O0_binaries/ae   aes256
     000005E4  A$aes256_z80_sdcc_O0_binaries/ae   aes256
     000005E5  A$aes256_z80_sdcc_O0_binaries/ae   aes256
     000005E6  A$aes256_z80_sdcc_O0_binaries/ae   aes256
     000005E9  A$aes256_z80_sdcc_O0_binaries/ae   aes256
     000005EC  A$aes256_z80_sdcc_O0_binaries/ae   aes256
     000005EF  A$aes256_z80_sdcc_O0_binaries/ae   aes256
     000005F2  A$aes256_z80_sdcc_O0_binaries/ae   aes256
     000005F5  A$aes256_z80_sdcc_O0_binaries/ae   aes256
     000005F8  A$aes256_z80_sdcc_O0_binaries/ae   aes256
     000005F9  A$aes256_z80_sdcc_O0_binaries/ae   aes256
     000005FA  A$aes256_z80_sdcc_O0_binaries/ae   aes256
     000005FD  A$aes256_z80_sdcc_O0_binaries/ae   aes256
     000005FE  A$aes256_z80_sdcc_O0_binaries/ae   aes256
     00000601  A$aes256_z80_sdcc_O0_binaries/ae   aes256
     00000602  A$aes256_z80_sdcc_O0_binaries/ae   aes256
     00000603  A$aes256_z80_sdcc_O0_binaries/ae   aes256
     00000606  A$aes256_z80_sdcc_O0_binaries/ae   aes256
     00000607  A$aes256_z80_sdcc_O0_binaries/ae   aes256
     00000608  A$aes256_z80_sdcc_O0_binaries/ae   aes256
     00000608  C$aes256.c$54$5_0$55               aes256
     0000060B  A$aes256_z80_sdcc_O0_binaries/ae   aes256
     0000060E  A$aes256_z80_sdcc_O0_binaries/ae   aes256
     00000611  A$aes256_z80_sdcc_O0_binaries/ae   aes256
     00000612  A$aes256_z80_sdcc_O0_binaries/ae   aes256
     00000612  C$aes256.c$55$3_0$44               aes256
     00000615  A$aes256_z80_sdcc_O0_binaries/ae   aes256
     00000618  A$aes256_z80_sdcc_O0_binaries/ae   aes256
     00000619  A$aes256_z80_sdcc_O0_binaries/ae   aes256
     00000619  C$aes256.c$34$6_0$59               aes256
     0000061C  A$aes256_z80_sdcc_O0_binaries/ae   aes256
     0000061D  A$aes256_z80_sdcc_O0_binaries/ae   aes256
     0000061E  A$aes256_z80_sdcc_O0_binaries/ae   aes256
     00000621  A$aes256_z80_sdcc_O0_binaries/ae   aes256
     00000624  A$aes256_z80_sdcc_O0_binaries/ae   aes256
     00000627  A$aes256_z80_sdcc_O0_binaries/ae   aes256
     0000062A  A$aes256_z80_sdcc_O0_binaries/ae   aes256
     0000062B  A$aes256_z80_sdcc_O0_binaries/ae   aes256
ASxxxx Linker V03.00 + NoICE + sdld,  page 11.
Hexadecimal  [32-Bits]

Area                                    Addr        Size        Decimal Bytes (Attributes)
--------------------------------        ----        ----        ------- ----- ------------
_CODE                               00000200    0000184D =        6221. bytes (REL,CON)

      Value  Global                              Global Defined In Module
      -----  --------------------------------   ------------------------
     0000062C  A$aes256_z80_sdcc_O0_binaries/ae   aes256
     0000062D  A$aes256_z80_sdcc_O0_binaries/ae   aes256
     0000062E  A$aes256_z80_sdcc_O0_binaries/ae   aes256
     0000062F  A$aes256_z80_sdcc_O0_binaries/ae   aes256
     00000630  A$aes256_z80_sdcc_O0_binaries/ae   aes256
     00000631  A$aes256_z80_sdcc_O0_binaries/ae   aes256
     00000632  A$aes256_z80_sdcc_O0_binaries/ae   aes256
     00000633  A$aes256_z80_sdcc_O0_binaries/ae   aes256
     00000634  A$aes256_z80_sdcc_O0_binaries/ae   aes256
     00000635  A$aes256_z80_sdcc_O0_binaries/ae   aes256
     00000635  C$aes256.c$55$5_0$58               aes256
     00000636  A$aes256_z80_sdcc_O0_binaries/ae   aes256
     00000639  A$aes256_z80_sdcc_O0_binaries/ae   aes256
     00000639  C$aes256.c$34$6_0$62               aes256
     0000063C  A$aes256_z80_sdcc_O0_binaries/ae   aes256
     0000063D  A$aes256_z80_sdcc_O0_binaries/ae   aes256
     00000640  A$aes256_z80_sdcc_O0_binaries/ae   aes256
     00000643  A$aes256_z80_sdcc_O0_binaries/ae   aes256
     00000645  A$aes256_z80_sdcc_O0_binaries/ae   aes256
     00000648  A$aes256_z80_sdcc_O0_binaries/ae   aes256
     0000064C  A$aes256_z80_sdcc_O0_binaries/ae   aes256
     0000064F  A$aes256_z80_sdcc_O0_binaries/ae   aes256
     00000652  A$aes256_z80_sdcc_O0_binaries/ae   aes256
     00000655  A$aes256_z80_sdcc_O0_binaries/ae   aes256
     00000659  A$aes256_z80_sdcc_O0_binaries/ae   aes256
     0000065A  A$aes256_z80_sdcc_O0_binaries/ae   aes256
     0000065D  A$aes256_z80_sdcc_O0_binaries/ae   aes256
     00000660  A$aes256_z80_sdcc_O0_binaries/ae   aes256
     00000661  A$aes256_z80_sdcc_O0_binaries/ae   aes256
     00000664  A$aes256_z80_sdcc_O0_binaries/ae   aes256
     00000667  A$aes256_z80_sdcc_O0_binaries/ae   aes256
     0000066A  A$aes256_z80_sdcc_O0_binaries/ae   aes256
     0000066D  A$aes256_z80_sdcc_O0_binaries/ae   aes256
     0000066E  A$aes256_z80_sdcc_O0_binaries/ae   aes256
     0000066F  A$aes256_z80_sdcc_O0_binaries/ae   aes256
     00000672  A$aes256_z80_sdcc_O0_binaries/ae   aes256
     00000675  A$aes256_z80_sdcc_O0_binaries/ae   aes256
     00000678  A$aes256_z80_sdcc_O0_binaries/ae   aes256
     0000067B  A$aes256_z80_sdcc_O0_binaries/ae   aes256
     0000067E  A$aes256_z80_sdcc_O0_binaries/ae   aes256
     00000681  A$aes256_z80_sdcc_O0_binaries/ae   aes256
     00000684  A$aes256_z80_sdcc_O0_binaries/ae   aes256
     00000687  A$aes256_z80_sdcc_O0_binaries/ae   aes256
     0000068A  A$aes256_z80_sdcc_O0_binaries/ae   aes256
     0000068A  C$aes256.c$55$5_0$61               aes256
     0000068D  A$aes256_z80_sdcc_O0_binaries/ae   aes256
     00000690  A$aes256_z80_sdcc_O0_binaries/ae   aes256
     00000693  A$aes256_z80_sdcc_O0_binaries/ae   aes256
     00000696  A$aes256_z80_sdcc_O0_binaries/ae   aes256
     00000699  A$aes256_z80_sdcc_O0_binaries/ae   aes256
     0000069C  A$aes256_z80_sdcc_O0_binaries/ae   aes256
ASxxxx Linker V03.00 + NoICE + sdld,  page 12.
Hexadecimal  [32-Bits]

Area                                    Addr        Size        Decimal Bytes (Attributes)
--------------------------------        ----        ----        ------- ----- ------------
_CODE                               00000200    0000184D =        6221. bytes (REL,CON)

      Value  Global                              Global Defined In Module
      -----  --------------------------------   ------------------------
     0000069D  A$aes256_z80_sdcc_O0_binaries/ae   aes256
     0000069E  A$aes256_z80_sdcc_O0_binaries/ae   aes256
     0000069F  A$aes256_z80_sdcc_O0_binaries/ae   aes256
     000006A0  A$aes256_z80_sdcc_O0_binaries/ae   aes256
     000006A3  A$aes256_z80_sdcc_O0_binaries/ae   aes256
     000006A4  A$aes256_z80_sdcc_O0_binaries/ae   aes256
     000006A4  C$aes256.c$34$6_0$65               aes256
     000006A7  A$aes256_z80_sdcc_O0_binaries/ae   aes256
     000006AA  A$aes256_z80_sdcc_O0_binaries/ae   aes256
     000006AD  A$aes256_z80_sdcc_O0_binaries/ae   aes256
     000006B1  A$aes256_z80_sdcc_O0_binaries/ae   aes256
     000006B2  A$aes256_z80_sdcc_O0_binaries/ae   aes256
     000006B5  A$aes256_z80_sdcc_O0_binaries/ae   aes256
     000006B8  A$aes256_z80_sdcc_O0_binaries/ae   aes256
     000006B9  A$aes256_z80_sdcc_O0_binaries/ae   aes256
     000006BC  A$aes256_z80_sdcc_O0_binaries/ae   aes256
     000006BF  A$aes256_z80_sdcc_O0_binaries/ae   aes256
     000006C2  A$aes256_z80_sdcc_O0_binaries/ae   aes256
     000006C5  A$aes256_z80_sdcc_O0_binaries/ae   aes256
     000006C8  A$aes256_z80_sdcc_O0_binaries/ae   aes256
     000006CB  A$aes256_z80_sdcc_O0_binaries/ae   aes256
     000006CE  A$aes256_z80_sdcc_O0_binaries/ae   aes256
     000006D1  A$aes256_z80_sdcc_O0_binaries/ae   aes256
     000006D4  A$aes256_z80_sdcc_O0_binaries/ae   aes256
     000006D7  A$aes256_z80_sdcc_O0_binaries/ae   aes256
     000006D7  C$aes256.c$56$5_0$64               aes256
     000006DA  A$aes256_z80_sdcc_O0_binaries/ae   aes256
     000006DD  A$aes256_z80_sdcc_O0_binaries/ae   aes256
     000006E0  A$aes256_z80_sdcc_O0_binaries/ae   aes256
     000006E3  A$aes256_z80_sdcc_O0_binaries/ae   aes256
     000006E6  A$aes256_z80_sdcc_O0_binaries/ae   aes256
     000006E9  A$aes256_z80_sdcc_O0_binaries/ae   aes256
     000006EC  A$aes256_z80_sdcc_O0_binaries/ae   aes256
     000006EF  A$aes256_z80_sdcc_O0_binaries/ae   aes256
     000006F2  A$aes256_z80_sdcc_O0_binaries/ae   aes256
     000006F2  C$aes256.c$34$6_0$68               aes256
     000006F5  A$aes256_z80_sdcc_O0_binaries/ae   aes256
     000006F8  A$aes256_z80_sdcc_O0_binaries/ae   aes256
     000006FB  A$aes256_z80_sdcc_O0_binaries/ae   aes256
     000006FE  A$aes256_z80_sdcc_O0_binaries/ae   aes256
     00000701  A$aes256_z80_sdcc_O0_binaries/ae   aes256
     00000705  A$aes256_z80_sdcc_O0_binaries/ae   aes256
     00000706  A$aes256_z80_sdcc_O0_binaries/ae   aes256
     00000709  A$aes256_z80_sdcc_O0_binaries/ae   aes256
     0000070C  A$aes256_z80_sdcc_O0_binaries/ae   aes256
     0000070D  A$aes256_z80_sdcc_O0_binaries/ae   aes256
     00000710  A$aes256_z80_sdcc_O0_binaries/ae   aes256
     00000713  A$aes256_z80_sdcc_O0_binaries/ae   aes256
     00000716  A$aes256_z80_sdcc_O0_binaries/ae   aes256
     00000717  A$aes256_z80_sdcc_O0_binaries/ae   aes256
     00000718  A$aes256_z80_sdcc_O0_binaries/ae   aes256
ASxxxx Linker V03.00 + NoICE + sdld,  page 13.
Hexadecimal  [32-Bits]

Area                                    Addr        Size        Decimal Bytes (Attributes)
--------------------------------        ----        ----        ------- ----- ------------
_CODE                               00000200    0000184D =        6221. bytes (REL,CON)

      Value  Global                              Global Defined In Module
      -----  --------------------------------   ------------------------
     00000719  A$aes256_z80_sdcc_O0_binaries/ae   aes256
     0000071A  A$aes256_z80_sdcc_O0_binaries/ae   aes256
     0000071B  A$aes256_z80_sdcc_O0_binaries/ae   aes256
     0000071E  A$aes256_z80_sdcc_O0_binaries/ae   aes256
     0000071F  A$aes256_z80_sdcc_O0_binaries/ae   aes256
     00000720  A$aes256_z80_sdcc_O0_binaries/ae   aes256
     00000723  A$aes256_z80_sdcc_O0_binaries/ae   aes256
     00000723  C$aes256.c$56$5_0$67               aes256
     00000726  A$aes256_z80_sdcc_O0_binaries/ae   aes256
     00000727  A$aes256_z80_sdcc_O0_binaries/ae   aes256
     0000072A  A$aes256_z80_sdcc_O0_binaries/ae   aes256
     0000072D  A$aes256_z80_sdcc_O0_binaries/ae   aes256
     0000072E  A$aes256_z80_sdcc_O0_binaries/ae   aes256
     0000072E  C$aes256.c$50$2_0$43               aes256
     00000731  A$aes256_z80_sdcc_O0_binaries/ae   aes256
     00000734  A$aes256_z80_sdcc_O0_binaries/ae   aes256
     00000737  A$aes256_z80_sdcc_O0_binaries/ae   aes256
     0000073A  A$aes256_z80_sdcc_O0_binaries/ae   aes256
     0000073C  A$aes256_z80_sdcc_O0_binaries/ae   aes256
     0000073E  A$aes256_z80_sdcc_O0_binaries/ae   aes256
     0000073E  C$aes256.c$58$2_0$43               aes256
     0000073E  XFaes256$MixColumns$0$0            aes256
     0000073F  A$aes256_z80_sdcc_O0_binaries/ae   aes256
     0000073F  C$aes256.c$60$2_0$71               aes256
     0000073F  Faes256$AddRoundKey$0$0            aes256
     00000741  A$aes256_z80_sdcc_O0_binaries/ae   aes256
     00000745  A$aes256_z80_sdcc_O0_binaries/ae   aes256
     00000747  A$aes256_z80_sdcc_O0_binaries/ae   aes256
     00000748  A$aes256_z80_sdcc_O0_binaries/ae   aes256
     00000748  C$aes256.c$61$2_0$71               aes256
     0000074B  A$aes256_z80_sdcc_O0_binaries/ae   aes256
     0000074C  A$aes256_z80_sdcc_O0_binaries/ae   aes256
     0000074E  A$aes256_z80_sdcc_O0_binaries/ae   aes256
     0000074F  A$aes256_z80_sdcc_O0_binaries/ae   aes256
     00000750  A$aes256_z80_sdcc_O0_binaries/ae   aes256
     00000751  A$aes256_z80_sdcc_O0_binaries/ae   aes256
     00000752  A$aes256_z80_sdcc_O0_binaries/ae   aes256
     00000754  A$aes256_z80_sdcc_O0_binaries/ae   aes256
     00000757  A$aes256_z80_sdcc_O0_binaries/ae   aes256
     0000075A  A$aes256_z80_sdcc_O0_binaries/ae   aes256
     0000075B  A$aes256_z80_sdcc_O0_binaries/ae   aes256
     0000075C  A$aes256_z80_sdcc_O0_binaries/ae   aes256
     0000075F  A$aes256_z80_sdcc_O0_binaries/ae   aes256
     00000760  A$aes256_z80_sdcc_O0_binaries/ae   aes256
     00000761  A$aes256_z80_sdcc_O0_binaries/ae   aes256
     00000762  A$aes256_z80_sdcc_O0_binaries/ae   aes256
     00000765  A$aes256_z80_sdcc_O0_binaries/ae   aes256
     00000768  A$aes256_z80_sdcc_O0_binaries/ae   aes256
     0000076B  A$aes256_z80_sdcc_O0_binaries/ae   aes256
     0000076C  A$aes256_z80_sdcc_O0_binaries/ae   aes256
     0000076D  A$aes256_z80_sdcc_O0_binaries/ae   aes256
ASxxxx Linker V03.00 + NoICE + sdld,  page 14.
Hexadecimal  [32-Bits]

Area                                    Addr        Size        Decimal Bytes (Attributes)
--------------------------------        ----        ----        ------- ----- ------------
_CODE                               00000200    0000184D =        6221. bytes (REL,CON)

      Value  Global                              Global Defined In Module
      -----  --------------------------------   ------------------------
     00000770  A$aes256_z80_sdcc_O0_binaries/ae   aes256
     00000771  A$aes256_z80_sdcc_O0_binaries/ae   aes256
     00000772  A$aes256_z80_sdcc_O0_binaries/ae   aes256
     00000775  A$aes256_z80_sdcc_O0_binaries/ae   aes256
     00000776  A$aes256_z80_sdcc_O0_binaries/ae   aes256
     00000778  A$aes256_z80_sdcc_O0_binaries/ae   aes256
     00000778  C$aes256.c$62$2_0$71               aes256
     00000778  XFaes256$AddRoundKey$0$0           aes256
     00000779  A$aes256_z80_sdcc_O0_binaries/ae   aes256
     00000779  C$aes256.c$65$2_0$73               aes256
     00000779  Faes256$RotWord$0$0                aes256
     0000077B  A$aes256_z80_sdcc_O0_binaries/ae   aes256
     0000077F  A$aes256_z80_sdcc_O0_binaries/ae   aes256
     00000781  A$aes256_z80_sdcc_O0_binaries/ae   aes256
     00000782  A$aes256_z80_sdcc_O0_binaries/ae   aes256
     00000783  A$aes256_z80_sdcc_O0_binaries/ae   aes256
     00000783  C$aes256.c$66$1_0$73               aes256
     00000786  A$aes256_z80_sdcc_O0_binaries/ae   aes256
     00000789  A$aes256_z80_sdcc_O0_binaries/ae   aes256
     0000078A  A$aes256_z80_sdcc_O0_binaries/ae   aes256
     0000078D  A$aes256_z80_sdcc_O0_binaries/ae   aes256
     0000078D  C$aes256.c$67$1_0$73               aes256
     0000078E  A$aes256_z80_sdcc_O0_binaries/ae   aes256
     0000078F  A$aes256_z80_sdcc_O0_binaries/ae   aes256
     00000790  A$aes256_z80_sdcc_O0_binaries/ae   aes256
     00000791  A$aes256_z80_sdcc_O0_binaries/ae   aes256
     00000792  A$aes256_z80_sdcc_O0_binaries/ae   aes256
     00000795  A$aes256_z80_sdcc_O0_binaries/ae   aes256
     00000796  A$aes256_z80_sdcc_O0_binaries/ae   aes256
     00000799  A$aes256_z80_sdcc_O0_binaries/ae   aes256
     0000079C  A$aes256_z80_sdcc_O0_binaries/ae   aes256
     0000079F  A$aes256_z80_sdcc_O0_binaries/ae   aes256
     000007A2  A$aes256_z80_sdcc_O0_binaries/ae   aes256
     000007A3  A$aes256_z80_sdcc_O0_binaries/ae   aes256
     000007A4  A$aes256_z80_sdcc_O0_binaries/ae   aes256
     000007A5  A$aes256_z80_sdcc_O0_binaries/ae   aes256
     000007A6  A$aes256_z80_sdcc_O0_binaries/ae   aes256
     000007A7  A$aes256_z80_sdcc_O0_binaries/ae   aes256
     000007A8  A$aes256_z80_sdcc_O0_binaries/ae   aes256
     000007AB  A$aes256_z80_sdcc_O0_binaries/ae   aes256
     000007AE  A$aes256_z80_sdcc_O0_binaries/ae   aes256
     000007AF  A$aes256_z80_sdcc_O0_binaries/ae   aes256
     000007B2  A$aes256_z80_sdcc_O0_binaries/ae   aes256
     000007B3  A$aes256_z80_sdcc_O0_binaries/ae   aes256
     000007B5  A$aes256_z80_sdcc_O0_binaries/ae   aes256
     000007B7  A$aes256_z80_sdcc_O0_binaries/ae   aes256
     000007B7  C$aes256.c$68$1_0$73               aes256
     000007B7  XFaes256$RotWord$0$0               aes256
     000007B8  A$aes256_z80_sdcc_O0_binaries/ae   aes256
     000007B8  C$aes256.c$71$1_0$75               aes256
     000007B8  Faes256$SubWord$0$0                aes256
ASxxxx Linker V03.00 + NoICE + sdld,  page 15.
Hexadecimal  [32-Bits]

Area                                    Addr        Size        Decimal Bytes (Attributes)
--------------------------------        ----        ----        ------- ----- ------------
_CODE                               00000200    0000184D =        6221. bytes (REL,CON)

      Value  Global                              Global Defined In Module
      -----  --------------------------------   ------------------------
     000007BA  A$aes256_z80_sdcc_O0_binaries/ae   aes256
     000007BE  A$aes256_z80_sdcc_O0_binaries/ae   aes256
     000007C0  A$aes256_z80_sdcc_O0_binaries/ae   aes256
     000007C0  C$aes256.c$72$1_0$75               aes256
     000007C3  A$aes256_z80_sdcc_O0_binaries/ae   aes256
     000007C6  A$aes256_z80_sdcc_O0_binaries/ae   aes256
     000007C7  A$aes256_z80_sdcc_O0_binaries/ae   aes256
     000007C9  A$aes256_z80_sdcc_O0_binaries/ae   aes256
     000007CA  A$aes256_z80_sdcc_O0_binaries/ae   aes256
     000007CC  A$aes256_z80_sdcc_O0_binaries/ae   aes256
     000007CE  A$aes256_z80_sdcc_O0_binaries/ae   aes256
     000007CF  A$aes256_z80_sdcc_O0_binaries/ae   aes256
     000007D0  A$aes256_z80_sdcc_O0_binaries/ae   aes256
     000007D1  A$aes256_z80_sdcc_O0_binaries/ae   aes256
     000007D2  A$aes256_z80_sdcc_O0_binaries/ae   aes256
     000007D3  A$aes256_z80_sdcc_O0_binaries/ae   aes256
     000007D4  A$aes256_z80_sdcc_O0_binaries/ae   aes256
     000007D5  A$aes256_z80_sdcc_O0_binaries/ae   aes256
     000007D7  A$aes256_z80_sdcc_O0_binaries/ae   aes256
     000007D8  A$aes256_z80_sdcc_O0_binaries/ae   aes256
     000007DA  A$aes256_z80_sdcc_O0_binaries/ae   aes256
     000007DC  A$aes256_z80_sdcc_O0_binaries/ae   aes256
     000007DD  A$aes256_z80_sdcc_O0_binaries/ae   aes256
     000007DE  A$aes256_z80_sdcc_O0_binaries/ae   aes256
     000007DF  A$aes256_z80_sdcc_O0_binaries/ae   aes256
     000007DF  C$aes256.c$73$1_0$75               aes256
     000007E0  A$aes256_z80_sdcc_O0_binaries/ae   aes256
     000007E1  A$aes256_z80_sdcc_O0_binaries/ae   aes256
     000007E2  A$aes256_z80_sdcc_O0_binaries/ae   aes256
     000007E3  A$aes256_z80_sdcc_O0_binaries/ae   aes256
     000007E4  A$aes256_z80_sdcc_O0_binaries/ae   aes256
     000007E6  A$aes256_z80_sdcc_O0_binaries/ae   aes256
     000007E7  A$aes256_z80_sdcc_O0_binaries/ae   aes256
     000007E9  A$aes256_z80_sdcc_O0_binaries/ae   aes256
     000007EB  A$aes256_z80_sdcc_O0_binaries/ae   aes256
     000007EC  A$aes256_z80_sdcc_O0_binaries/ae   aes256
     000007ED  A$aes256_z80_sdcc_O0_binaries/ae   aes256
     000007EE  A$aes256_z80_sdcc_O0_binaries/ae   aes256
     000007EF  A$aes256_z80_sdcc_O0_binaries/ae   aes256
     000007F0  A$aes256_z80_sdcc_O0_binaries/ae   aes256
     000007F1  A$aes256_z80_sdcc_O0_binaries/ae   aes256
     000007F2  A$aes256_z80_sdcc_O0_binaries/ae   aes256
     000007F4  A$aes256_z80_sdcc_O0_binaries/ae   aes256
     000007F5  A$aes256_z80_sdcc_O0_binaries/ae   aes256
     000007F7  A$aes256_z80_sdcc_O0_binaries/ae   aes256
     000007F9  A$aes256_z80_sdcc_O0_binaries/ae   aes256
     000007FA  A$aes256_z80_sdcc_O0_binaries/ae   aes256
     000007FB  A$aes256_z80_sdcc_O0_binaries/ae   aes256
     000007FC  A$aes256_z80_sdcc_O0_binaries/ae   aes256
     000007FE  A$aes256_z80_sdcc_O0_binaries/ae   aes256
     000007FE  C$aes256.c$74$1_0$75               aes256
ASxxxx Linker V03.00 + NoICE + sdld,  page 16.
Hexadecimal  [32-Bits]

Area                                    Addr        Size        Decimal Bytes (Attributes)
--------------------------------        ----        ----        ------- ----- ------------
_CODE                               00000200    0000184D =        6221. bytes (REL,CON)

      Value  Global                              Global Defined In Module
      -----  --------------------------------   ------------------------
     000007FE  XFaes256$SubWord$0$0               aes256
     000007FF  A$aes256_z80_sdcc_O0_binaries/ae   aes256
     000007FF  C$aes256.c$77$1_0$77               aes256
     000007FF  Faes256$KeyExpansion$0$0           aes256
     00000801  A$aes256_z80_sdcc_O0_binaries/ae   aes256
     00000805  A$aes256_z80_sdcc_O0_binaries/ae   aes256
     00000807  A$aes256_z80_sdcc_O0_binaries/ae   aes256
     0000080A  A$aes256_z80_sdcc_O0_binaries/ae   aes256
     0000080B  A$aes256_z80_sdcc_O0_binaries/ae   aes256
     0000080C  A$aes256_z80_sdcc_O0_binaries/ae   aes256
     0000080C  C$aes256.c$78$1_0$77               aes256
     0000080F  A$aes256_z80_sdcc_O0_binaries/ae   aes256
     00000812  A$aes256_z80_sdcc_O0_binaries/ae   aes256
     00000815  A$aes256_z80_sdcc_O0_binaries/ae   aes256
     00000818  A$aes256_z80_sdcc_O0_binaries/ae   aes256
     0000081B  A$aes256_z80_sdcc_O0_binaries/ae   aes256
     0000081D  A$aes256_z80_sdcc_O0_binaries/ae   aes256
     0000081D  C$aes256.c$79$2_0$78               aes256
     00000821  A$aes256_z80_sdcc_O0_binaries/ae   aes256
     00000822  A$aes256_z80_sdcc_O0_binaries/ae   aes256
     00000825  A$aes256_z80_sdcc_O0_binaries/ae   aes256
     00000825  C$aes256.c$83$3_1$80               aes256
     00000828  A$aes256_z80_sdcc_O0_binaries/ae   aes256
     00000829  A$aes256_z80_sdcc_O0_binaries/ae   aes256
     0000082C  A$aes256_z80_sdcc_O0_binaries/ae   aes256
     0000082F  A$aes256_z80_sdcc_O0_binaries/ae   aes256
     00000832  A$aes256_z80_sdcc_O0_binaries/ae   aes256
     00000835  A$aes256_z80_sdcc_O0_binaries/ae   aes256
     00000838  A$aes256_z80_sdcc_O0_binaries/ae   aes256
     0000083B  A$aes256_z80_sdcc_O0_binaries/ae   aes256
     0000083E  A$aes256_z80_sdcc_O0_binaries/ae   aes256
     00000841  A$aes256_z80_sdcc_O0_binaries/ae   aes256
     00000844  A$aes256_z80_sdcc_O0_binaries/ae   aes256
     00000847  A$aes256_z80_sdcc_O0_binaries/ae   aes256
     0000084B  A$aes256_z80_sdcc_O0_binaries/ae   aes256
     0000084C  A$aes256_z80_sdcc_O0_binaries/ae   aes256
     0000084F  A$aes256_z80_sdcc_O0_binaries/ae   aes256
     00000852  A$aes256_z80_sdcc_O0_binaries/ae   aes256
     00000854  A$aes256_z80_sdcc_O0_binaries/ae   aes256
     00000857  A$aes256_z80_sdcc_O0_binaries/ae   aes256
     00000858  A$aes256_z80_sdcc_O0_binaries/ae   aes256
     00000859  A$aes256_z80_sdcc_O0_binaries/ae   aes256
     0000085A  A$aes256_z80_sdcc_O0_binaries/ae   aes256
     0000085C  A$aes256_z80_sdcc_O0_binaries/ae   aes256
     0000085F  A$aes256_z80_sdcc_O0_binaries/ae   aes256
     0000085F  C$aes256.c$85$3_1$80               aes256
     00000862  A$aes256_z80_sdcc_O0_binaries/ae   aes256
     00000864  A$aes256_z80_sdcc_O0_binaries/ae   aes256
     00000867  A$aes256_z80_sdcc_O0_binaries/ae   aes256
     0000086A  A$aes256_z80_sdcc_O0_binaries/ae   aes256
     0000086C  A$aes256_z80_sdcc_O0_binaries/ae   aes256
ASxxxx Linker V03.00 + NoICE + sdld,  page 17.
Hexadecimal  [32-Bits]

Area                                    Addr        Size        Decimal Bytes (Attributes)
--------------------------------        ----        ----        ------- ----- ------------
_CODE                               00000200    0000184D =        6221. bytes (REL,CON)

      Value  Global                              Global Defined In Module
      -----  --------------------------------   ------------------------
     0000086F  A$aes256_z80_sdcc_O0_binaries/ae   aes256
     00000872  A$aes256_z80_sdcc_O0_binaries/ae   aes256
     00000873  A$aes256_z80_sdcc_O0_binaries/ae   aes256
     00000875  A$aes256_z80_sdcc_O0_binaries/ae   aes256
     00000876  A$aes256_z80_sdcc_O0_binaries/ae   aes256
     00000877  A$aes256_z80_sdcc_O0_binaries/ae   aes256
     00000878  A$aes256_z80_sdcc_O0_binaries/ae   aes256
     00000879  A$aes256_z80_sdcc_O0_binaries/ae   aes256
     0000087B  A$aes256_z80_sdcc_O0_binaries/ae   aes256
     0000087E  A$aes256_z80_sdcc_O0_binaries/ae   aes256
     00000881  A$aes256_z80_sdcc_O0_binaries/ae   aes256
     00000882  A$aes256_z80_sdcc_O0_binaries/ae   aes256
     00000885  A$aes256_z80_sdcc_O0_binaries/ae   aes256
     00000888  A$aes256_z80_sdcc_O0_binaries/ae   aes256
     00000889  A$aes256_z80_sdcc_O0_binaries/ae   aes256
     0000088C  A$aes256_z80_sdcc_O0_binaries/ae   aes256
     0000088F  A$aes256_z80_sdcc_O0_binaries/ae   aes256
     00000890  A$aes256_z80_sdcc_O0_binaries/ae   aes256
     00000891  A$aes256_z80_sdcc_O0_binaries/ae   aes256
     00000894  A$aes256_z80_sdcc_O0_binaries/ae   aes256
     00000895  A$aes256_z80_sdcc_O0_binaries/ae   aes256
     00000896  A$aes256_z80_sdcc_O0_binaries/ae   aes256
     00000899  A$aes256_z80_sdcc_O0_binaries/ae   aes256
     0000089C  A$aes256_z80_sdcc_O0_binaries/ae   aes256
     0000089D  A$aes256_z80_sdcc_O0_binaries/ae   aes256
     0000089E  A$aes256_z80_sdcc_O0_binaries/ae   aes256
     000008A1  A$aes256_z80_sdcc_O0_binaries/ae   aes256
     000008A4  A$aes256_z80_sdcc_O0_binaries/ae   aes256
     000008A5  A$aes256_z80_sdcc_O0_binaries/ae   aes256
     000008A6  A$aes256_z80_sdcc_O0_binaries/ae   aes256
     000008A9  A$aes256_z80_sdcc_O0_binaries/ae   aes256
     000008A9  C$aes256.c$87$1_1$77               aes256
     000008AC  A$aes256_z80_sdcc_O0_binaries/ae   aes256
     000008AD  A$aes256_z80_sdcc_O0_binaries/ae   aes256
     000008B0  A$aes256_z80_sdcc_O0_binaries/ae   aes256
     000008B3  A$aes256_z80_sdcc_O0_binaries/ae   aes256
     000008B4  A$aes256_z80_sdcc_O0_binaries/ae   aes256
     000008B7  A$aes256_z80_sdcc_O0_binaries/ae   aes256
     000008B8  A$aes256_z80_sdcc_O0_binaries/ae   aes256
     000008B9  A$aes256_z80_sdcc_O0_binaries/ae   aes256
     000008BC  A$aes256_z80_sdcc_O0_binaries/ae   aes256
     000008BF  A$aes256_z80_sdcc_O0_binaries/ae   aes256
     000008C2  A$aes256_z80_sdcc_O0_binaries/ae   aes256
     000008C5  A$aes256_z80_sdcc_O0_binaries/ae   aes256
     000008C8  A$aes256_z80_sdcc_O0_binaries/ae   aes256
     000008C8  C$aes256.c$88$3_1$81               aes256
     000008CB  A$aes256_z80_sdcc_O0_binaries/ae   aes256
     000008CE  A$aes256_z80_sdcc_O0_binaries/ae   aes256
     000008CF  A$aes256_z80_sdcc_O0_binaries/ae   aes256
     000008D2  A$aes256_z80_sdcc_O0_binaries/ae   aes256
     000008D3  A$aes256_z80_sdcc_O0_binaries/ae   aes256
ASxxxx Linker V03.00 + NoICE + sdld,  page 18.
Hexadecimal  [32-Bits]

Area                                    Addr        Size        Decimal Bytes (Attributes)
--------------------------------        ----        ----        ------- ----- ------------
_CODE                               00000200    0000184D =        6221. bytes (REL,CON)

      Value  Global                              Global Defined In Module
      -----  --------------------------------   ------------------------
     000008D3  C$aes256.c$89$3_1$81               aes256
     000008D6  A$aes256_z80_sdcc_O0_binaries/ae   aes256
     000008D9  A$aes256_z80_sdcc_O0_binaries/ae   aes256
     000008DA  A$aes256_z80_sdcc_O0_binaries/ae   aes256
     000008DD  A$aes256_z80_sdcc_O0_binaries/ae   aes256
     000008DE  A$aes256_z80_sdcc_O0_binaries/ae   aes256
     000008DE  C$aes256.c$90$3_1$81               aes256
     000008E1  A$aes256_z80_sdcc_O0_binaries/ae   aes256
     000008E4  A$aes256_z80_sdcc_O0_binaries/ae   aes256
     000008E5  A$aes256_z80_sdcc_O0_binaries/ae   aes256
     000008E7  A$aes256_z80_sdcc_O0_binaries/ae   aes256
     000008EA  A$aes256_z80_sdcc_O0_binaries/ae   aes256
     000008EB  A$aes256_z80_sdcc_O0_binaries/ae   aes256
     000008ED  A$aes256_z80_sdcc_O0_binaries/ae   aes256
     000008F0  A$aes256_z80_sdcc_O0_binaries/ae   aes256
     000008F1  A$aes256_z80_sdcc_O0_binaries/ae   aes256
     000008F4  A$aes256_z80_sdcc_O0_binaries/ae   aes256
     000008F7  A$aes256_z80_sdcc_O0_binaries/ae   aes256
     000008FA  A$aes256_z80_sdcc_O0_binaries/ae   aes256
     000008FB  A$aes256_z80_sdcc_O0_binaries/ae   aes256
     000008FC  A$aes256_z80_sdcc_O0_binaries/ae   aes256
     000008FF  A$aes256_z80_sdcc_O0_binaries/ae   aes256
     00000902  A$aes256_z80_sdcc_O0_binaries/ae   aes256
     00000903  A$aes256_z80_sdcc_O0_binaries/ae   aes256
     00000906  A$aes256_z80_sdcc_O0_binaries/ae   aes256
     00000906  C$aes256.c$91$2_1$79               aes256
     00000909  A$aes256_z80_sdcc_O0_binaries/ae   aes256
     0000090B  A$aes256_z80_sdcc_O0_binaries/ae   aes256
     0000090E  A$aes256_z80_sdcc_O0_binaries/ae   aes256
     00000911  A$aes256_z80_sdcc_O0_binaries/ae   aes256
     00000914  A$aes256_z80_sdcc_O0_binaries/ae   aes256
     00000917  A$aes256_z80_sdcc_O0_binaries/ae   aes256
     00000917  C$aes256.c$93$3_1$82               aes256
     0000091A  A$aes256_z80_sdcc_O0_binaries/ae   aes256
     0000091D  A$aes256_z80_sdcc_O0_binaries/ae   aes256
     0000091E  A$aes256_z80_sdcc_O0_binaries/ae   aes256
     00000921  A$aes256_z80_sdcc_O0_binaries/ae   aes256
     00000922  A$aes256_z80_sdcc_O0_binaries/ae   aes256
     00000922  C$aes256.c$96$1_1$77               aes256
     00000925  A$aes256_z80_sdcc_O0_binaries/ae   aes256
     00000928  A$aes256_z80_sdcc_O0_binaries/ae   aes256
     0000092B  A$aes256_z80_sdcc_O0_binaries/ae   aes256
     0000092E  A$aes256_z80_sdcc_O0_binaries/ae   aes256
     0000092F  A$aes256_z80_sdcc_O0_binaries/ae   aes256
     00000932  A$aes256_z80_sdcc_O0_binaries/ae   aes256
     00000935  A$aes256_z80_sdcc_O0_binaries/ae   aes256
     00000938  A$aes256_z80_sdcc_O0_binaries/ae   aes256
     0000093A  A$aes256_z80_sdcc_O0_binaries/ae   aes256
     0000093D  A$aes256_z80_sdcc_O0_binaries/ae   aes256
     0000093E  A$aes256_z80_sdcc_O0_binaries/ae   aes256
     0000093F  A$aes256_z80_sdcc_O0_binaries/ae   aes256
ASxxxx Linker V03.00 + NoICE + sdld,  page 19.
Hexadecimal  [32-Bits]

Area                                    Addr        Size        Decimal Bytes (Attributes)
--------------------------------        ----        ----        ------- ----- ------------
_CODE                               00000200    0000184D =        6221. bytes (REL,CON)

      Value  Global                              Global Defined In Module
      -----  --------------------------------   ------------------------
     00000940  A$aes256_z80_sdcc_O0_binaries/ae   aes256
     00000942  A$aes256_z80_sdcc_O0_binaries/ae   aes256
     00000945  A$aes256_z80_sdcc_O0_binaries/ae   aes256
     00000945  C$aes256.c$97$4_1$84               aes256
     00000948  A$aes256_z80_sdcc_O0_binaries/ae   aes256
     0000094B  A$aes256_z80_sdcc_O0_binaries/ae   aes256
     0000094C  A$aes256_z80_sdcc_O0_binaries/ae   aes256
     0000094F  A$aes256_z80_sdcc_O0_binaries/ae   aes256
     00000952  A$aes256_z80_sdcc_O0_binaries/ae   aes256
     00000953  A$aes256_z80_sdcc_O0_binaries/ae   aes256
     00000956  A$aes256_z80_sdcc_O0_binaries/ae   aes256
     00000958  A$aes256_z80_sdcc_O0_binaries/ae   aes256
     00000959  A$aes256_z80_sdcc_O0_binaries/ae   aes256
     0000095C  A$aes256_z80_sdcc_O0_binaries/ae   aes256
     0000095E  A$aes256_z80_sdcc_O0_binaries/ae   aes256
     0000095F  A$aes256_z80_sdcc_O0_binaries/ae   aes256
     00000962  A$aes256_z80_sdcc_O0_binaries/ae   aes256
     00000965  A$aes256_z80_sdcc_O0_binaries/ae   aes256
     00000966  A$aes256_z80_sdcc_O0_binaries/ae   aes256
     00000967  A$aes256_z80_sdcc_O0_binaries/ae   aes256
     0000096A  A$aes256_z80_sdcc_O0_binaries/ae   aes256
     0000096D  A$aes256_z80_sdcc_O0_binaries/ae   aes256
     0000096E  A$aes256_z80_sdcc_O0_binaries/ae   aes256
     00000971  A$aes256_z80_sdcc_O0_binaries/ae   aes256
     00000974  A$aes256_z80_sdcc_O0_binaries/ae   aes256
     00000975  A$aes256_z80_sdcc_O0_binaries/ae   aes256
     00000976  A$aes256_z80_sdcc_O0_binaries/ae   aes256
     00000977  A$aes256_z80_sdcc_O0_binaries/ae   aes256
     00000978  A$aes256_z80_sdcc_O0_binaries/ae   aes256
     00000978  C$aes256.c$98$4_1$84               aes256
     0000097B  A$aes256_z80_sdcc_O0_binaries/ae   aes256
     0000097E  A$aes256_z80_sdcc_O0_binaries/ae   aes256
     00000981  A$aes256_z80_sdcc_O0_binaries/ae   aes256
     00000984  A$aes256_z80_sdcc_O0_binaries/ae   aes256
     00000987  A$aes256_z80_sdcc_O0_binaries/ae   aes256
     0000098A  A$aes256_z80_sdcc_O0_binaries/ae   aes256
     0000098D  A$aes256_z80_sdcc_O0_binaries/ae   aes256
     0000098D  C$aes256.c$96$3_1$83               aes256
     00000990  A$aes256_z80_sdcc_O0_binaries/ae   aes256
     00000993  A$aes256_z80_sdcc_O0_binaries/ae   aes256
     00000996  A$aes256_z80_sdcc_O0_binaries/ae   aes256
     00000999  A$aes256_z80_sdcc_O0_binaries/ae   aes256
     0000099B  A$aes256_z80_sdcc_O0_binaries/ae   aes256
     0000099D  A$aes256_z80_sdcc_O0_binaries/ae   aes256
     0000099D  C$aes256.c$101$1_1$77              aes256
     0000099D  XFaes256$KeyExpansion$0$0          aes256
     0000099E  A$aes256_z80_sdcc_O0_binaries/ae   aes256
     0000099E  C$aes256.c$103$1_1$86              aes256
     0000099E  G$AES256_Encrypt$0$0               aes256
     0000099E  _AES256_Encrypt                    aes256
     000009A0  A$aes256_z80_sdcc_O0_binaries/ae   aes256
ASxxxx Linker V03.00 + NoICE + sdld,  page 20.
Hexadecimal  [32-Bits]

Area                                    Addr        Size        Decimal Bytes (Attributes)
--------------------------------        ----        ----        ------- ----- ------------
_CODE                               00000200    0000184D =        6221. bytes (REL,CON)

      Value  Global                              Global Defined In Module
      -----  --------------------------------   ------------------------
     000009A4  A$aes256_z80_sdcc_O0_binaries/ae   aes256
     000009A6  A$aes256_z80_sdcc_O0_binaries/ae   aes256
     000009A9  A$aes256_z80_sdcc_O0_binaries/ae   aes256
     000009AA  A$aes256_z80_sdcc_O0_binaries/ae   aes256
     000009AB  A$aes256_z80_sdcc_O0_binaries/ae   aes256
     000009AB  C$aes256.c$107$1_0$86              aes256
     000009AE  A$aes256_z80_sdcc_O0_binaries/ae   aes256
     000009AF  A$aes256_z80_sdcc_O0_binaries/ae   aes256
     000009B0  A$aes256_z80_sdcc_O0_binaries/ae   aes256
     000009B1  A$aes256_z80_sdcc_O0_binaries/ae   aes256
     000009B2  A$aes256_z80_sdcc_O0_binaries/ae   aes256
     000009B3  A$aes256_z80_sdcc_O0_binaries/ae   aes256
     000009B6  A$aes256_z80_sdcc_O0_binaries/ae   aes256
     000009B9  A$aes256_z80_sdcc_O0_binaries/ae   aes256
     000009BA  A$aes256_z80_sdcc_O0_binaries/ae   aes256
     000009BD  A$aes256_z80_sdcc_O0_binaries/ae   aes256
     000009BF  A$aes256_z80_sdcc_O0_binaries/ae   aes256
     000009C0  A$aes256_z80_sdcc_O0_binaries/ae   aes256
     000009C0  C$aes256.c$108$1_0$86              aes256
     000009C3  A$aes256_z80_sdcc_O0_binaries/ae   aes256
     000009C4  A$aes256_z80_sdcc_O0_binaries/ae   aes256
     000009C7  A$aes256_z80_sdcc_O0_binaries/ae   aes256
     000009CA  A$aes256_z80_sdcc_O0_binaries/ae   aes256
     000009CD  A$aes256_z80_sdcc_O0_binaries/ae   aes256
     000009D0  A$aes256_z80_sdcc_O0_binaries/ae   aes256
     000009D1  A$aes256_z80_sdcc_O0_binaries/ae   aes256
     000009D2  A$aes256_z80_sdcc_O0_binaries/ae   aes256
     000009D5  A$aes256_z80_sdcc_O0_binaries/ae   aes256
     000009D8  A$aes256_z80_sdcc_O0_binaries/ae   aes256
     000009D9  A$aes256_z80_sdcc_O0_binaries/ae   aes256
     000009DC  A$aes256_z80_sdcc_O0_binaries/ae   aes256
     000009DD  A$aes256_z80_sdcc_O0_binaries/ae   aes256
     000009DE  A$aes256_z80_sdcc_O0_binaries/ae   aes256
     000009DF  A$aes256_z80_sdcc_O0_binaries/ae   aes256
     000009DF  C$aes256.c$110$1_0$86              aes256
     000009E2  A$aes256_z80_sdcc_O0_binaries/ae   aes256
     000009E5  A$aes256_z80_sdcc_O0_binaries/ae   aes256
     000009E6  A$aes256_z80_sdcc_O0_binaries/ae   aes256
     000009E7  A$aes256_z80_sdcc_O0_binaries/ae   aes256
     000009E8  A$aes256_z80_sdcc_O0_binaries/ae   aes256
     000009E9  A$aes256_z80_sdcc_O0_binaries/ae   aes256
     000009EA  A$aes256_z80_sdcc_O0_binaries/ae   aes256
     000009ED  A$aes256_z80_sdcc_O0_binaries/ae   aes256
     000009EE  A$aes256_z80_sdcc_O0_binaries/ae   aes256
     000009EF  A$aes256_z80_sdcc_O0_binaries/ae   aes256
     000009F0  A$aes256_z80_sdcc_O0_binaries/ae   aes256
     000009F0  C$aes256.c$112$3_0$88              aes256
     000009F3  A$aes256_z80_sdcc_O0_binaries/ae   aes256
     000009F6  A$aes256_z80_sdcc_O0_binaries/ae   aes256
     000009F9  A$aes256_z80_sdcc_O0_binaries/ae   aes256
     000009FC  A$aes256_z80_sdcc_O0_binaries/ae   aes256
ASxxxx Linker V03.00 + NoICE + sdld,  page 21.
Hexadecimal  [32-Bits]

Area                                    Addr        Size        Decimal Bytes (Attributes)
--------------------------------        ----        ----        ------- ----- ------------
_CODE                               00000200    0000184D =        6221. bytes (REL,CON)

      Value  Global                              Global Defined In Module
      -----  --------------------------------   ------------------------
     000009FF  A$aes256_z80_sdcc_O0_binaries/ae   aes256
     00000A02  A$aes256_z80_sdcc_O0_binaries/ae   aes256
     00000A05  A$aes256_z80_sdcc_O0_binaries/ae   aes256
     00000A08  A$aes256_z80_sdcc_O0_binaries/ae   aes256
     00000A0C  A$aes256_z80_sdcc_O0_binaries/ae   aes256
     00000A0D  A$aes256_z80_sdcc_O0_binaries/ae   aes256
     00000A10  A$aes256_z80_sdcc_O0_binaries/ae   aes256
     00000A13  A$aes256_z80_sdcc_O0_binaries/ae   aes256
     00000A15  A$aes256_z80_sdcc_O0_binaries/ae   aes256
     00000A18  A$aes256_z80_sdcc_O0_binaries/ae   aes256
     00000A19  A$aes256_z80_sdcc_O0_binaries/ae   aes256
     00000A1A  A$aes256_z80_sdcc_O0_binaries/ae   aes256
     00000A1B  A$aes256_z80_sdcc_O0_binaries/ae   aes256
     00000A1D  A$aes256_z80_sdcc_O0_binaries/ae   aes256
     00000A20  A$aes256_z80_sdcc_O0_binaries/ae   aes256
     00000A20  C$aes256.c$113$3_0$88              aes256
     00000A23  A$aes256_z80_sdcc_O0_binaries/ae   aes256
     00000A26  A$aes256_z80_sdcc_O0_binaries/ae   aes256
     00000A27  A$aes256_z80_sdcc_O0_binaries/ae   aes256
     00000A28  A$aes256_z80_sdcc_O0_binaries/ae   aes256
     00000A2B  A$aes256_z80_sdcc_O0_binaries/ae   aes256
     00000A2C  A$aes256_z80_sdcc_O0_binaries/ae   aes256
     00000A2D  A$aes256_z80_sdcc_O0_binaries/ae   aes256
     00000A2D  C$aes256.c$114$3_0$88              aes256
     00000A30  A$aes256_z80_sdcc_O0_binaries/ae   aes256
     00000A33  A$aes256_z80_sdcc_O0_binaries/ae   aes256
     00000A34  A$aes256_z80_sdcc_O0_binaries/ae   aes256
     00000A35  A$aes256_z80_sdcc_O0_binaries/ae   aes256
     00000A38  A$aes256_z80_sdcc_O0_binaries/ae   aes256
     00000A39  A$aes256_z80_sdcc_O0_binaries/ae   aes256
     00000A3A  A$aes256_z80_sdcc_O0_binaries/ae   aes256
     00000A3A  C$aes256.c$115$3_0$88              aes256
     00000A3D  A$aes256_z80_sdcc_O0_binaries/ae   aes256
     00000A40  A$aes256_z80_sdcc_O0_binaries/ae   aes256
     00000A41  A$aes256_z80_sdcc_O0_binaries/ae   aes256
     00000A42  A$aes256_z80_sdcc_O0_binaries/ae   aes256
     00000A45  A$aes256_z80_sdcc_O0_binaries/ae   aes256
     00000A46  A$aes256_z80_sdcc_O0_binaries/ae   aes256
     00000A47  A$aes256_z80_sdcc_O0_binaries/ae   aes256
     00000A47  C$aes256.c$116$3_0$88              aes256
     00000A4A  A$aes256_z80_sdcc_O0_binaries/ae   aes256
     00000A4D  A$aes256_z80_sdcc_O0_binaries/ae   aes256
     00000A4F  A$aes256_z80_sdcc_O0_binaries/ae   aes256
     00000A51  A$aes256_z80_sdcc_O0_binaries/ae   aes256
     00000A53  A$aes256_z80_sdcc_O0_binaries/ae   aes256
     00000A55  A$aes256_z80_sdcc_O0_binaries/ae   aes256
     00000A57  A$aes256_z80_sdcc_O0_binaries/ae   aes256
     00000A59  A$aes256_z80_sdcc_O0_binaries/ae   aes256
     00000A5B  A$aes256_z80_sdcc_O0_binaries/ae   aes256
     00000A5D  A$aes256_z80_sdcc_O0_binaries/ae   aes256
     00000A5E  A$aes256_z80_sdcc_O0_binaries/ae   aes256
ASxxxx Linker V03.00 + NoICE + sdld,  page 22.
Hexadecimal  [32-Bits]

Area                                    Addr        Size        Decimal Bytes (Attributes)
--------------------------------        ----        ----        ------- ----- ------------
_CODE                               00000200    0000184D =        6221. bytes (REL,CON)

      Value  Global                              Global Defined In Module
      -----  --------------------------------   ------------------------
     00000A61  A$aes256_z80_sdcc_O0_binaries/ae   aes256
     00000A62  A$aes256_z80_sdcc_O0_binaries/ae   aes256
     00000A63  A$aes256_z80_sdcc_O0_binaries/ae   aes256
     00000A66  A$aes256_z80_sdcc_O0_binaries/ae   aes256
     00000A67  A$aes256_z80_sdcc_O0_binaries/ae   aes256
     00000A6A  A$aes256_z80_sdcc_O0_binaries/ae   aes256
     00000A6D  A$aes256_z80_sdcc_O0_binaries/ae   aes256
     00000A6E  A$aes256_z80_sdcc_O0_binaries/ae   aes256
     00000A6F  A$aes256_z80_sdcc_O0_binaries/ae   aes256
     00000A70  A$aes256_z80_sdcc_O0_binaries/ae   aes256
     00000A73  A$aes256_z80_sdcc_O0_binaries/ae   aes256
     00000A74  A$aes256_z80_sdcc_O0_binaries/ae   aes256
     00000A75  A$aes256_z80_sdcc_O0_binaries/ae   aes256
     00000A76  A$aes256_z80_sdcc_O0_binaries/ae   aes256
     00000A76  C$aes256.c$112$2_0$87              aes256
     00000A79  A$aes256_z80_sdcc_O0_binaries/ae   aes256
     00000A7C  A$aes256_z80_sdcc_O0_binaries/ae   aes256
     00000A7F  A$aes256_z80_sdcc_O0_binaries/ae   aes256
     00000A82  A$aes256_z80_sdcc_O0_binaries/ae   aes256
     00000A82  C$aes256.c$119$1_0$86              aes256
     00000A83  A$aes256_z80_sdcc_O0_binaries/ae   aes256
     00000A84  A$aes256_z80_sdcc_O0_binaries/ae   aes256
     00000A85  A$aes256_z80_sdcc_O0_binaries/ae   aes256
     00000A86  A$aes256_z80_sdcc_O0_binaries/ae   aes256
     00000A89  A$aes256_z80_sdcc_O0_binaries/ae   aes256
     00000A8A  A$aes256_z80_sdcc_O0_binaries/ae   aes256
     00000A8B  A$aes256_z80_sdcc_O0_binaries/ae   aes256
     00000A8B  C$aes256.c$120$1_0$86              aes256
     00000A8C  A$aes256_z80_sdcc_O0_binaries/ae   aes256
     00000A8D  A$aes256_z80_sdcc_O0_binaries/ae   aes256
     00000A8E  A$aes256_z80_sdcc_O0_binaries/ae   aes256
     00000A8F  A$aes256_z80_sdcc_O0_binaries/ae   aes256
     00000A92  A$aes256_z80_sdcc_O0_binaries/ae   aes256
     00000A93  A$aes256_z80_sdcc_O0_binaries/ae   aes256
     00000A94  A$aes256_z80_sdcc_O0_binaries/ae   aes256
     00000A94  C$aes256.c$121$1_0$86              aes256
     00000A97  A$aes256_z80_sdcc_O0_binaries/ae   aes256
     00000A99  A$aes256_z80_sdcc_O0_binaries/ae   aes256
     00000A9A  A$aes256_z80_sdcc_O0_binaries/ae   aes256
     00000A9D  A$aes256_z80_sdcc_O0_binaries/ae   aes256
     00000A9F  A$aes256_z80_sdcc_O0_binaries/ae   aes256
     00000AA0  A$aes256_z80_sdcc_O0_binaries/ae   aes256
     00000AA1  A$aes256_z80_sdcc_O0_binaries/ae   aes256
     00000AA2  A$aes256_z80_sdcc_O0_binaries/ae   aes256
     00000AA3  A$aes256_z80_sdcc_O0_binaries/ae   aes256
     00000AA4  A$aes256_z80_sdcc_O0_binaries/ae   aes256
     00000AA5  A$aes256_z80_sdcc_O0_binaries/ae   aes256
     00000AA8  A$aes256_z80_sdcc_O0_binaries/ae   aes256
     00000AA9  A$aes256_z80_sdcc_O0_binaries/ae   aes256
     00000AAA  A$aes256_z80_sdcc_O0_binaries/ae   aes256
     00000AAB  A$aes256_z80_sdcc_O0_binaries/ae   aes256
ASxxxx Linker V03.00 + NoICE + sdld,  page 23.
Hexadecimal  [32-Bits]

Area                                    Addr        Size        Decimal Bytes (Attributes)
--------------------------------        ----        ----        ------- ----- ------------
_CODE                               00000200    0000184D =        6221. bytes (REL,CON)

      Value  Global                              Global Defined In Module
      -----  --------------------------------   ------------------------
     00000AAB  C$aes256.c$123$1_0$86              aes256
     00000AAE  A$aes256_z80_sdcc_O0_binaries/ae   aes256
     00000AB1  A$aes256_z80_sdcc_O0_binaries/ae   aes256
     00000AB2  A$aes256_z80_sdcc_O0_binaries/ae   aes256
     00000AB3  A$aes256_z80_sdcc_O0_binaries/ae   aes256
     00000AB6  A$aes256_z80_sdcc_O0_binaries/ae   aes256
     00000AB8  A$aes256_z80_sdcc_O0_binaries/ae   aes256
     00000ABA  A$aes256_z80_sdcc_O0_binaries/ae   aes256
     00000ABC  A$aes256_z80_sdcc_O0_binaries/ae   aes256
     00000ABC  C$aes256.c$124$1_0$86              aes256
     00000ABC  XG$AES256_Encrypt$0$0              aes256
     00000ABD  A$aes256_z80_sdcc_O0_binaries/ae   aes256
     00000ABD  C$aes256.c$126$1_0$90              aes256
     00000ABD  G$main$0$0                         aes256
     00000ABD  _main                              aes256
     00000ABF  A$aes256_z80_sdcc_O0_binaries/ae   aes256
     00000AC3  A$aes256_z80_sdcc_O0_binaries/ae   aes256
     00000AC5  A$aes256_z80_sdcc_O0_binaries/ae   aes256
     00000AC8  A$aes256_z80_sdcc_O0_binaries/ae   aes256
     00000AC9  A$aes256_z80_sdcc_O0_binaries/ae   aes256
     00000ACA  A$aes256_z80_sdcc_O0_binaries/ae   aes256
     00000ACA  C$aes256.c$128$2_0$90              aes256
     00000ACD  A$aes256_z80_sdcc_O0_binaries/ae   aes256
     00000ACE  A$aes256_z80_sdcc_O0_binaries/ae   aes256
     00000ACF  A$aes256_z80_sdcc_O0_binaries/ae   aes256
     00000AD1  A$aes256_z80_sdcc_O0_binaries/ae   aes256
     00000AD2  A$aes256_z80_sdcc_O0_binaries/ae   aes256
     00000AD3  A$aes256_z80_sdcc_O0_binaries/ae   aes256
     00000AD4  A$aes256_z80_sdcc_O0_binaries/ae   aes256
     00000AD5  A$aes256_z80_sdcc_O0_binaries/ae   aes256
     00000AD7  A$aes256_z80_sdcc_O0_binaries/ae   aes256
     00000AD8  A$aes256_z80_sdcc_O0_binaries/ae   aes256
     00000AD9  A$aes256_z80_sdcc_O0_binaries/ae   aes256
     00000ADA  A$aes256_z80_sdcc_O0_binaries/ae   aes256
     00000ADB  A$aes256_z80_sdcc_O0_binaries/ae   aes256
     00000ADD  A$aes256_z80_sdcc_O0_binaries/ae   aes256
     00000ADE  A$aes256_z80_sdcc_O0_binaries/ae   aes256
     00000ADF  A$aes256_z80_sdcc_O0_binaries/ae   aes256
     00000AE0  A$aes256_z80_sdcc_O0_binaries/ae   aes256
     00000AE1  A$aes256_z80_sdcc_O0_binaries/ae   aes256
     00000AE2  A$aes256_z80_sdcc_O0_binaries/ae   aes256
     00000AE4  A$aes256_z80_sdcc_O0_binaries/ae   aes256
     00000AE7  A$aes256_z80_sdcc_O0_binaries/ae   aes256
     00000AE8  A$aes256_z80_sdcc_O0_binaries/ae   aes256
     00000AEA  A$aes256_z80_sdcc_O0_binaries/ae   aes256
     00000AED  A$aes256_z80_sdcc_O0_binaries/ae   aes256
     00000AEE  A$aes256_z80_sdcc_O0_binaries/ae   aes256
     00000AF0  A$aes256_z80_sdcc_O0_binaries/ae   aes256
     00000AF3  A$aes256_z80_sdcc_O0_binaries/ae   aes256
     00000AF4  A$aes256_z80_sdcc_O0_binaries/ae   aes256
     00000AF6  A$aes256_z80_sdcc_O0_binaries/ae   aes256
ASxxxx Linker V03.00 + NoICE + sdld,  page 24.
Hexadecimal  [32-Bits]

Area                                    Addr        Size        Decimal Bytes (Attributes)
--------------------------------        ----        ----        ------- ----- ------------
_CODE                               00000200    0000184D =        6221. bytes (REL,CON)

      Value  Global                              Global Defined In Module
      -----  --------------------------------   ------------------------
     00000AF9  A$aes256_z80_sdcc_O0_binaries/ae   aes256
     00000AFA  A$aes256_z80_sdcc_O0_binaries/ae   aes256
     00000AFC  A$aes256_z80_sdcc_O0_binaries/ae   aes256
     00000AFF  A$aes256_z80_sdcc_O0_binaries/ae   aes256
     00000B00  A$aes256_z80_sdcc_O0_binaries/ae   aes256
     00000B02  A$aes256_z80_sdcc_O0_binaries/ae   aes256
     00000B05  A$aes256_z80_sdcc_O0_binaries/ae   aes256
     00000B06  A$aes256_z80_sdcc_O0_binaries/ae   aes256
     00000B08  A$aes256_z80_sdcc_O0_binaries/ae   aes256
     00000B0B  A$aes256_z80_sdcc_O0_binaries/ae   aes256
     00000B0C  A$aes256_z80_sdcc_O0_binaries/ae   aes256
     00000B0E  A$aes256_z80_sdcc_O0_binaries/ae   aes256
     00000B11  A$aes256_z80_sdcc_O0_binaries/ae   aes256
     00000B12  A$aes256_z80_sdcc_O0_binaries/ae   aes256
     00000B14  A$aes256_z80_sdcc_O0_binaries/ae   aes256
     00000B17  A$aes256_z80_sdcc_O0_binaries/ae   aes256
     00000B18  A$aes256_z80_sdcc_O0_binaries/ae   aes256
     00000B1A  A$aes256_z80_sdcc_O0_binaries/ae   aes256
     00000B1D  A$aes256_z80_sdcc_O0_binaries/ae   aes256
     00000B1E  A$aes256_z80_sdcc_O0_binaries/ae   aes256
     00000B20  A$aes256_z80_sdcc_O0_binaries/ae   aes256
     00000B23  A$aes256_z80_sdcc_O0_binaries/ae   aes256
     00000B24  A$aes256_z80_sdcc_O0_binaries/ae   aes256
     00000B26  A$aes256_z80_sdcc_O0_binaries/ae   aes256
     00000B29  A$aes256_z80_sdcc_O0_binaries/ae   aes256
     00000B2A  A$aes256_z80_sdcc_O0_binaries/ae   aes256
     00000B2C  A$aes256_z80_sdcc_O0_binaries/ae   aes256
     00000B2F  A$aes256_z80_sdcc_O0_binaries/ae   aes256
     00000B30  A$aes256_z80_sdcc_O0_binaries/ae   aes256
     00000B32  A$aes256_z80_sdcc_O0_binaries/ae   aes256
     00000B35  A$aes256_z80_sdcc_O0_binaries/ae   aes256
     00000B36  A$aes256_z80_sdcc_O0_binaries/ae   aes256
     00000B38  A$aes256_z80_sdcc_O0_binaries/ae   aes256
     00000B3B  A$aes256_z80_sdcc_O0_binaries/ae   aes256
     00000B3C  A$aes256_z80_sdcc_O0_binaries/ae   aes256
     00000B3E  A$aes256_z80_sdcc_O0_binaries/ae   aes256
     00000B41  A$aes256_z80_sdcc_O0_binaries/ae   aes256
     00000B42  A$aes256_z80_sdcc_O0_binaries/ae   aes256
     00000B44  A$aes256_z80_sdcc_O0_binaries/ae   aes256
     00000B47  A$aes256_z80_sdcc_O0_binaries/ae   aes256
     00000B48  A$aes256_z80_sdcc_O0_binaries/ae   aes256
     00000B4A  A$aes256_z80_sdcc_O0_binaries/ae   aes256
     00000B4D  A$aes256_z80_sdcc_O0_binaries/ae   aes256
     00000B4E  A$aes256_z80_sdcc_O0_binaries/ae   aes256
     00000B50  A$aes256_z80_sdcc_O0_binaries/ae   aes256
     00000B53  A$aes256_z80_sdcc_O0_binaries/ae   aes256
     00000B54  A$aes256_z80_sdcc_O0_binaries/ae   aes256
     00000B56  A$aes256_z80_sdcc_O0_binaries/ae   aes256
     00000B59  A$aes256_z80_sdcc_O0_binaries/ae   aes256
     00000B5A  A$aes256_z80_sdcc_O0_binaries/ae   aes256
     00000B5C  A$aes256_z80_sdcc_O0_binaries/ae   aes256
ASxxxx Linker V03.00 + NoICE + sdld,  page 25.
Hexadecimal  [32-Bits]

Area                                    Addr        Size        Decimal Bytes (Attributes)
--------------------------------        ----        ----        ------- ----- ------------
_CODE                               00000200    0000184D =        6221. bytes (REL,CON)

      Value  Global                              Global Defined In Module
      -----  --------------------------------   ------------------------
     00000B5F  A$aes256_z80_sdcc_O0_binaries/ae   aes256
     00000B60  A$aes256_z80_sdcc_O0_binaries/ae   aes256
     00000B62  A$aes256_z80_sdcc_O0_binaries/ae   aes256
     00000B65  A$aes256_z80_sdcc_O0_binaries/ae   aes256
     00000B66  A$aes256_z80_sdcc_O0_binaries/ae   aes256
     00000B68  A$aes256_z80_sdcc_O0_binaries/ae   aes256
     00000B6B  A$aes256_z80_sdcc_O0_binaries/ae   aes256
     00000B6C  A$aes256_z80_sdcc_O0_binaries/ae   aes256
     00000B6E  A$aes256_z80_sdcc_O0_binaries/ae   aes256
     00000B71  A$aes256_z80_sdcc_O0_binaries/ae   aes256
     00000B72  A$aes256_z80_sdcc_O0_binaries/ae   aes256
     00000B74  A$aes256_z80_sdcc_O0_binaries/ae   aes256
     00000B77  A$aes256_z80_sdcc_O0_binaries/ae   aes256
     00000B78  A$aes256_z80_sdcc_O0_binaries/ae   aes256
     00000B7A  A$aes256_z80_sdcc_O0_binaries/ae   aes256
     00000B7D  A$aes256_z80_sdcc_O0_binaries/ae   aes256
     00000B7E  A$aes256_z80_sdcc_O0_binaries/ae   aes256
     00000B80  A$aes256_z80_sdcc_O0_binaries/ae   aes256
     00000B83  A$aes256_z80_sdcc_O0_binaries/ae   aes256
     00000B84  A$aes256_z80_sdcc_O0_binaries/ae   aes256
     00000B86  A$aes256_z80_sdcc_O0_binaries/ae   aes256
     00000B89  A$aes256_z80_sdcc_O0_binaries/ae   aes256
     00000B8A  A$aes256_z80_sdcc_O0_binaries/ae   aes256
     00000B8C  A$aes256_z80_sdcc_O0_binaries/ae   aes256
     00000B8C  C$aes256.c$135$2_0$90              aes256
     00000B8F  A$aes256_z80_sdcc_O0_binaries/ae   aes256
     00000B90  A$aes256_z80_sdcc_O0_binaries/ae   aes256
     00000B91  A$aes256_z80_sdcc_O0_binaries/ae   aes256
     00000B92  A$aes256_z80_sdcc_O0_binaries/ae   aes256
     00000B94  A$aes256_z80_sdcc_O0_binaries/ae   aes256
     00000B95  A$aes256_z80_sdcc_O0_binaries/ae   aes256
     00000B96  A$aes256_z80_sdcc_O0_binaries/ae   aes256
     00000B97  A$aes256_z80_sdcc_O0_binaries/ae   aes256
     00000B98  A$aes256_z80_sdcc_O0_binaries/ae   aes256
     00000B9A  A$aes256_z80_sdcc_O0_binaries/ae   aes256
     00000B9B  A$aes256_z80_sdcc_O0_binaries/ae   aes256
     00000B9C  A$aes256_z80_sdcc_O0_binaries/ae   aes256
     00000B9D  A$aes256_z80_sdcc_O0_binaries/ae   aes256
     00000B9E  A$aes256_z80_sdcc_O0_binaries/ae   aes256
     00000BA0  A$aes256_z80_sdcc_O0_binaries/ae   aes256
     00000BA1  A$aes256_z80_sdcc_O0_binaries/ae   aes256
     00000BA2  A$aes256_z80_sdcc_O0_binaries/ae   aes256
     00000BA3  A$aes256_z80_sdcc_O0_binaries/ae   aes256
     00000BA4  A$aes256_z80_sdcc_O0_binaries/ae   aes256
     00000BA5  A$aes256_z80_sdcc_O0_binaries/ae   aes256
     00000BA7  A$aes256_z80_sdcc_O0_binaries/ae   aes256
     00000BAA  A$aes256_z80_sdcc_O0_binaries/ae   aes256
     00000BAB  A$aes256_z80_sdcc_O0_binaries/ae   aes256
     00000BAD  A$aes256_z80_sdcc_O0_binaries/ae   aes256
     00000BB0  A$aes256_z80_sdcc_O0_binaries/ae   aes256
     00000BB1  A$aes256_z80_sdcc_O0_binaries/ae   aes256
ASxxxx Linker V03.00 + NoICE + sdld,  page 26.
Hexadecimal  [32-Bits]

Area                                    Addr        Size        Decimal Bytes (Attributes)
--------------------------------        ----        ----        ------- ----- ------------
_CODE                               00000200    0000184D =        6221. bytes (REL,CON)

      Value  Global                              Global Defined In Module
      -----  --------------------------------   ------------------------
     00000BB3  A$aes256_z80_sdcc_O0_binaries/ae   aes256
     00000BB6  A$aes256_z80_sdcc_O0_binaries/ae   aes256
     00000BB7  A$aes256_z80_sdcc_O0_binaries/ae   aes256
     00000BB9  A$aes256_z80_sdcc_O0_binaries/ae   aes256
     00000BBC  A$aes256_z80_sdcc_O0_binaries/ae   aes256
     00000BBD  A$aes256_z80_sdcc_O0_binaries/ae   aes256
     00000BBF  A$aes256_z80_sdcc_O0_binaries/ae   aes256
     00000BC2  A$aes256_z80_sdcc_O0_binaries/ae   aes256
     00000BC3  A$aes256_z80_sdcc_O0_binaries/ae   aes256
     00000BC5  A$aes256_z80_sdcc_O0_binaries/ae   aes256
     00000BC8  A$aes256_z80_sdcc_O0_binaries/ae   aes256
     00000BC9  A$aes256_z80_sdcc_O0_binaries/ae   aes256
     00000BCB  A$aes256_z80_sdcc_O0_binaries/ae   aes256
     00000BCE  A$aes256_z80_sdcc_O0_binaries/ae   aes256
     00000BCF  A$aes256_z80_sdcc_O0_binaries/ae   aes256
     00000BD1  A$aes256_z80_sdcc_O0_binaries/ae   aes256
     00000BD4  A$aes256_z80_sdcc_O0_binaries/ae   aes256
     00000BD5  A$aes256_z80_sdcc_O0_binaries/ae   aes256
     00000BD7  A$aes256_z80_sdcc_O0_binaries/ae   aes256
     00000BDA  A$aes256_z80_sdcc_O0_binaries/ae   aes256
     00000BDB  A$aes256_z80_sdcc_O0_binaries/ae   aes256
     00000BDD  A$aes256_z80_sdcc_O0_binaries/ae   aes256
     00000BE0  A$aes256_z80_sdcc_O0_binaries/ae   aes256
     00000BE1  A$aes256_z80_sdcc_O0_binaries/ae   aes256
     00000BE3  A$aes256_z80_sdcc_O0_binaries/ae   aes256
     00000BE6  A$aes256_z80_sdcc_O0_binaries/ae   aes256
     00000BE7  A$aes256_z80_sdcc_O0_binaries/ae   aes256
     00000BE9  A$aes256_z80_sdcc_O0_binaries/ae   aes256
     00000BEC  A$aes256_z80_sdcc_O0_binaries/ae   aes256
     00000BED  A$aes256_z80_sdcc_O0_binaries/ae   aes256
     00000BEF  A$aes256_z80_sdcc_O0_binaries/ae   aes256
     00000BEF  C$aes256.c$142$1_0$90              aes256
     00000BF2  A$aes256_z80_sdcc_O0_binaries/ae   aes256
     00000BF3  A$aes256_z80_sdcc_O0_binaries/ae   aes256
     00000BF6  A$aes256_z80_sdcc_O0_binaries/ae   aes256
     00000BF9  A$aes256_z80_sdcc_O0_binaries/ae   aes256
     00000BFC  A$aes256_z80_sdcc_O0_binaries/ae   aes256
     00000BFF  A$aes256_z80_sdcc_O0_binaries/ae   aes256
     00000C00  A$aes256_z80_sdcc_O0_binaries/ae   aes256
     00000C01  A$aes256_z80_sdcc_O0_binaries/ae   aes256
     00000C02  A$aes256_z80_sdcc_O0_binaries/ae   aes256
     00000C05  A$aes256_z80_sdcc_O0_binaries/ae   aes256
     00000C08  A$aes256_z80_sdcc_O0_binaries/ae   aes256
     00000C09  A$aes256_z80_sdcc_O0_binaries/ae   aes256
     00000C0A  A$aes256_z80_sdcc_O0_binaries/ae   aes256
     00000C0A  C$aes256.c$144$1_0$90              aes256
     00000C0D  A$aes256_z80_sdcc_O0_binaries/ae   aes256
     00000C0E  A$aes256_z80_sdcc_O0_binaries/ae   aes256
     00000C11  A$aes256_z80_sdcc_O0_binaries/ae   aes256
     00000C12  A$aes256_z80_sdcc_O0_binaries/ae   aes256
     00000C12  C$aes256.c$145$2_0$91              aes256
ASxxxx Linker V03.00 + NoICE + sdld,  page 27.
Hexadecimal  [32-Bits]

Area                                    Addr        Size        Decimal Bytes (Attributes)
--------------------------------        ----        ----        ------- ----- ------------
_CODE                               00000200    0000184D =        6221. bytes (REL,CON)

      Value  Global                              Global Defined In Module
      -----  --------------------------------   ------------------------
     00000C15  A$aes256_z80_sdcc_O0_binaries/ae   aes256
     00000C16  A$aes256_z80_sdcc_O0_binaries/ae   aes256
     00000C18  A$aes256_z80_sdcc_O0_binaries/ae   aes256
     00000C19  A$aes256_z80_sdcc_O0_binaries/ae   aes256
     00000C1A  A$aes256_z80_sdcc_O0_binaries/ae   aes256
     00000C1B  A$aes256_z80_sdcc_O0_binaries/ae   aes256
     00000C1C  A$aes256_z80_sdcc_O0_binaries/ae   aes256
     00000C1E  A$aes256_z80_sdcc_O0_binaries/ae   aes256
     00000C21  A$aes256_z80_sdcc_O0_binaries/ae   aes256
     00000C24  A$aes256_z80_sdcc_O0_binaries/ae   aes256
     00000C27  A$aes256_z80_sdcc_O0_binaries/ae   aes256
     00000C28  A$aes256_z80_sdcc_O0_binaries/ae   aes256
     00000C29  A$aes256_z80_sdcc_O0_binaries/ae   aes256
     00000C2B  A$aes256_z80_sdcc_O0_binaries/ae   aes256
     00000C2C  A$aes256_z80_sdcc_O0_binaries/ae   aes256
     00000C2D  A$aes256_z80_sdcc_O0_binaries/ae   aes256
     00000C30  A$aes256_z80_sdcc_O0_binaries/ae   aes256
     00000C31  A$aes256_z80_sdcc_O0_binaries/ae   aes256
     00000C34  A$aes256_z80_sdcc_O0_binaries/ae   aes256
     00000C35  A$aes256_z80_sdcc_O0_binaries/ae   aes256
     00000C36  A$aes256_z80_sdcc_O0_binaries/ae   aes256
     00000C37  A$aes256_z80_sdcc_O0_binaries/ae   aes256
     00000C38  A$aes256_z80_sdcc_O0_binaries/ae   aes256
     00000C3B  A$aes256_z80_sdcc_O0_binaries/ae   aes256
     00000C3B  C$aes256.c$146$1_0$90              aes256
     00000C3E  A$aes256_z80_sdcc_O0_binaries/ae   aes256
     00000C3F  A$aes256_z80_sdcc_O0_binaries/ae   aes256
     00000C42  A$aes256_z80_sdcc_O0_binaries/ae   aes256
     00000C43  A$aes256_z80_sdcc_O0_binaries/ae   aes256
     00000C43  C$aes256.c$149$1_0$90              aes256
     00000C46  A$aes256_z80_sdcc_O0_binaries/ae   aes256
     00000C48  A$aes256_z80_sdcc_O0_binaries/ae   aes256
     00000C4A  A$aes256_z80_sdcc_O0_binaries/ae   aes256
     00000C4A  C$aes256.c$150$1_0$90              aes256
     00000C4A  XG$main$0$0                        aes256
     00000C4B  Faes256$__str_0$0_0$0              aes256
     00000C87  Faes256$__str_1$0_0$0              aes256
     00000C8D  Faes256$__str_3$0_0$0              aes256
     00000C8E  _puts                              puts
     00000CC0  _vprintf                           vprintf
     00000CE8  _printf                            vprintf
     00000D05  __modschar                         
     00000D12  __modsint                          
     00000E44  __print_format                     printf_large
     000019B4  __divsint                          
     000019BD  __divschar                         
     000019C4  __div8                             
     000019C8  __div_signexte                     
     000019CC  __div16                            
     000019F2  __get_remainder                    
     000019FC  __divuint                          
ASxxxx Linker V03.00 + NoICE + sdld,  page 28.
Hexadecimal  [32-Bits]

Area                                    Addr        Size        Decimal Bytes (Attributes)
--------------------------------        ----        ----        ------- ----- ------------
_CODE                               00000200    0000184D =        6221. bytes (REL,CON)

      Value  Global                              Global Defined In Module
      -----  --------------------------------   ------------------------
     00001A04  __divuchar                         
     00001A0B  __divu8                            
     00001A0E  __divu16                           
     00001A3D  ___sdcc_call_hl                    
     00001A3E  _strlen                            

ASxxxx Linker V03.00 + NoICE + sdld,  page 29.
Hexadecimal  [32-Bits]

Area                                    Addr        Size        Decimal Bytes (Attributes)
--------------------------------        ----        ----        ------- ----- ------------
_HEADER0                            00000000    00000003 =           3. bytes (ABS,CON)

      Value  Global                              Global Defined In Module
      -----  --------------------------------   ------------------------
ASxxxx Linker V03.00 + NoICE + sdld,  page 30.
Hexadecimal  [32-Bits]

Area                                    Addr        Size        Decimal Bytes (Attributes)
--------------------------------        ----        ----        ------- ----- ------------
_HEADER1                            00000000    00000004 =           4. bytes (ABS,CON)

      Value  Global                              Global Defined In Module
      -----  --------------------------------   ------------------------
ASxxxx Linker V03.00 + NoICE + sdld,  page 31.
Hexadecimal  [32-Bits]

Area                                    Addr        Size        Decimal Bytes (Attributes)
--------------------------------        ----        ----        ------- ----- ------------
_HEADER2                            00000000    00000003 =           3. bytes (ABS,CON)

      Value  Global                              Global Defined In Module
      -----  --------------------------------   ------------------------
ASxxxx Linker V03.00 + NoICE + sdld,  page 32.
Hexadecimal  [32-Bits]

Area                                    Addr        Size        Decimal Bytes (Attributes)
--------------------------------        ----        ----        ------- ----- ------------
_HEADER3                            00000000    00000003 =           3. bytes (ABS,CON)

      Value  Global                              Global Defined In Module
      -----  --------------------------------   ------------------------
ASxxxx Linker V03.00 + NoICE + sdld,  page 33.
Hexadecimal  [32-Bits]

Area                                    Addr        Size        Decimal Bytes (Attributes)
--------------------------------        ----        ----        ------- ----- ------------
_HEADER4                            00000000    00000003 =           3. bytes (ABS,CON)

      Value  Global                              Global Defined In Module
      -----  --------------------------------   ------------------------
ASxxxx Linker V03.00 + NoICE + sdld,  page 34.
Hexadecimal  [32-Bits]

Area                                    Addr        Size        Decimal Bytes (Attributes)
--------------------------------        ----        ----        ------- ----- ------------
_HEADER5                            00000000    00000003 =           3. bytes (ABS,CON)

      Value  Global                              Global Defined In Module
      -----  --------------------------------   ------------------------
ASxxxx Linker V03.00 + NoICE + sdld,  page 35.
Hexadecimal  [32-Bits]

Area                                    Addr        Size        Decimal Bytes (Attributes)
--------------------------------        ----        ----        ------- ----- ------------
_HEADER6                            00000000    00000003 =           3. bytes (ABS,CON)

      Value  Global                              Global Defined In Module
      -----  --------------------------------   ------------------------
ASxxxx Linker V03.00 + NoICE + sdld,  page 36.
Hexadecimal  [32-Bits]

Area                                    Addr        Size        Decimal Bytes (Attributes)
--------------------------------        ----        ----        ------- ----- ------------
_HEADER7                            00000000    00000003 =           3. bytes (ABS,CON)

      Value  Global                              Global Defined In Module
      -----  --------------------------------   ------------------------
ASxxxx Linker V03.00 + NoICE + sdld,  page 37.
Hexadecimal  [32-Bits]

Area                                    Addr        Size        Decimal Bytes (Attributes)
--------------------------------        ----        ----        ------- ----- ------------
_HEADER8                            00000000    0000000C =          12. bytes (ABS,CON)

      Value  Global                              Global Defined In Module
      -----  --------------------------------   ------------------------
ASxxxx Linker V03.00 + NoICE + sdld,  page 38.
Hexadecimal  [32-Bits]

Area                                    Addr        Size        Decimal Bytes (Attributes)
--------------------------------        ----        ----        ------- ----- ------------
_GSINIT                             00001A4D    0000000F =          15. bytes (REL,CON)

      Value  Global                              Global Defined In Module
      -----  --------------------------------   ------------------------
     00001A4D  gsinit                             crt0

ASxxxx Linker V03.00 + NoICE + sdld,  page 39.
Hexadecimal  [32-Bits]

Area                                    Addr        Size        Decimal Bytes (Attributes)
--------------------------------        ----        ----        ------- ----- ------------
_GSFINAL                            00001A5C    00000001 =           1. bytes (REL,CON)

      Value  Global                              Global Defined In Module
      -----  --------------------------------   ------------------------
ASxxxx Linker V03.00 + NoICE + sdld,  page 40.

Files Linked                              [ module(s) ]

/usr/bin/../share/sdcc/lib/z80/crt0.rel   [ crt0 ]
/work/test_dataset_binaries/aes256_z80_sdcc_O0.rel
                                          [ aes256 ]


Libraries Linked                          [ object file ]

/usr/bin/../share/sdcc/lib/z80/z80.lib    [ puts.rel ]
/usr/bin/../share/sdcc/lib/z80/z80.lib    [ vprintf.rel ]
/usr/bin/../share/sdcc/lib/z80/z80.lib    [ modsigned.rel ]
/usr/bin/../share/sdcc/lib/z80/z80.lib    [ printf_large.rel ]
/usr/bin/../share/sdcc/lib/z80/z80.lib    [ divsigned.rel ]
/usr/bin/../share/sdcc/lib/z80/z80.lib    [ divunsigned.rel ]
/usr/bin/../share/sdcc/lib/z80/z80.lib    [ __sdcc_call_hl.rel ]
/usr/bin/../share/sdcc/lib/z80/z80.lib    [ strlen.rel ]

ASxxxx Linker V03.00 + NoICE + sdld,  page 41.

User Base Address Definitions

_CODE = 0x0200
_DATA = 0x8000


?ASlink-Warning-Undefined Global '_putchar' referenced by module 'puts'

?ASlink-Warning-Undefined Global '_putchar' referenced by module 'vprintf'
