ASxxxx Linker V03.00 + NoICE + sdld,  page 1.
Hexadecimal  [32-Bits]

Area                                    Addr        Size        Decimal Bytes (Attributes)
--------------------------------        ----        ----        ------- ----- ------------
.  .ABS.                            00000000    00000000 =           0. bytes (ABS,CON)

      Value  Global                              Global Defined In Module
      -----  --------------------------------   ------------------------
     00000000  .__.ABS.                           
     00000000  _putchar                        
     00000000  l__BSEG                         
     00000000  l__BSS                          
     00000000  l__CABS                         
     00000000  l__DABS                         
     00000000  l__DATA                         
     00000000  l__HEADER                       
     00000000  l__HEAP                         
     00000000  l__HOME                         
     00000000  l__INITIALIZED                  
     00000000  l__INITIALIZER                  
     00000000  s__CABS                         
     00000000  s__DABS                         
     00000000  s__HEADER                       
     00000000  s__HEADER0                      
     00000000  s__HEADER1                      
     00000000  s__HEADER2                      
     00000000  s__HEADER3                      
     00000000  s__HEADER4                      
     00000000  s__HEADER5                      
     00000000  s__HEADER6                      
     00000000  s__HEADER7                      
     00000000  s__HEADER8                      
     00000001  l__GSFINAL                      
     00000003  l__HEADER0                      
     00000003  l__HEADER2                      
     00000003  l__HEADER3                      
     00000003  l__HEADER4                      
     00000003  l__HEADER5                      
     00000003  l__HEADER6                      
     00000003  l__HEADER7                      
     00000004  l__HEADER1                      
     0000000C  l__HEADER8                      
     0000000F  l__GSINIT                       
     00000200  s__CODE                         
     00001AA4  l__CODE                         
     00001CA4  s__GSINIT                       
     00001CA4  s__HOME                         
     00001CA4  s__INITIALIZER                  
     00001CB3  s__GSFINAL                      
     00008000  s__BSEG                         
     00008000  s__BSS                          
     00008000  s__DATA                         
     00008000  s__HEAP                         
     00008000  s__INITIALIZED                  

ASxxxx Linker V03.00 + NoICE + sdld,  page 2.
Hexadecimal  [32-Bits]

Area                                    Addr        Size        Decimal Bytes (Attributes)
--------------------------------        ----        ----        ------- ----- ------------
_CODE                               00000200    00001AA4 =        6820. bytes (REL,CON)

      Value  Global                              Global Defined In Module
      -----  --------------------------------   ------------------------
     00000200  __clock                            crt0
     00000204  _exit                              crt0
     0000020A  A$sha1_z80_sdcc_Oset_binaries/sh   sha1
     0000020A  C$sha1.c$21$0_0$35                 sha1
     0000020A  Fsha1$sha1_compress$0$0            sha1
     0000020D  A$sha1_z80_sdcc_Oset_binaries/sh   sha1
     00000210  A$sha1_z80_sdcc_Oset_binaries/sh   sha1
     00000211  A$sha1_z80_sdcc_Oset_binaries/sh   sha1
     00000212  A$sha1_z80_sdcc_Oset_binaries/sh   sha1
     00000212  C$sha1.c$26$3_0$37                 sha1
     00000215  A$sha1_z80_sdcc_Oset_binaries/sh   sha1
     00000216  A$sha1_z80_sdcc_Oset_binaries/sh   sha1
     00000219  A$sha1_z80_sdcc_Oset_binaries/sh   sha1
     0000021C  A$sha1_z80_sdcc_Oset_binaries/sh   sha1
     0000021D  A$sha1_z80_sdcc_Oset_binaries/sh   sha1
     00000220  A$sha1_z80_sdcc_Oset_binaries/sh   sha1
     00000223  A$sha1_z80_sdcc_Oset_binaries/sh   sha1
     00000226  A$sha1_z80_sdcc_Oset_binaries/sh   sha1
     00000228  A$sha1_z80_sdcc_Oset_binaries/sh   sha1
     0000022B  A$sha1_z80_sdcc_Oset_binaries/sh   sha1
     0000022C  A$sha1_z80_sdcc_Oset_binaries/sh   sha1
     0000022D  A$sha1_z80_sdcc_Oset_binaries/sh   sha1
     0000022E  A$sha1_z80_sdcc_Oset_binaries/sh   sha1
     00000230  A$sha1_z80_sdcc_Oset_binaries/sh   sha1
     00000232  A$sha1_z80_sdcc_Oset_binaries/sh   sha1
     00000232  C$sha1.c$27$3_0$37                 sha1
     00000235  A$sha1_z80_sdcc_Oset_binaries/sh   sha1
     00000238  A$sha1_z80_sdcc_Oset_binaries/sh   sha1
     0000023A  A$sha1_z80_sdcc_Oset_binaries/sh   sha1
     0000023C  A$sha1_z80_sdcc_Oset_binaries/sh   sha1
     0000023E  A$sha1_z80_sdcc_Oset_binaries/sh   sha1
     00000240  A$sha1_z80_sdcc_Oset_binaries/sh   sha1
     00000243  A$sha1_z80_sdcc_Oset_binaries/sh   sha1
     00000244  A$sha1_z80_sdcc_Oset_binaries/sh   sha1
     00000247  A$sha1_z80_sdcc_Oset_binaries/sh   sha1
     0000024A  A$sha1_z80_sdcc_Oset_binaries/sh   sha1
     0000024B  A$sha1_z80_sdcc_Oset_binaries/sh   sha1
     0000024E  A$sha1_z80_sdcc_Oset_binaries/sh   sha1
     0000024E  C$sha1.c$29$3_0$37                 sha1
     0000024F  A$sha1_z80_sdcc_Oset_binaries/sh   sha1
     00000250  A$sha1_z80_sdcc_Oset_binaries/sh   sha1
     00000251  A$sha1_z80_sdcc_Oset_binaries/sh   sha1
     00000252  A$sha1_z80_sdcc_Oset_binaries/sh   sha1
     00000255  A$sha1_z80_sdcc_Oset_binaries/sh   sha1
     00000256  A$sha1_z80_sdcc_Oset_binaries/sh   sha1
     00000257  A$sha1_z80_sdcc_Oset_binaries/sh   sha1
     0000025A  A$sha1_z80_sdcc_Oset_binaries/sh   sha1
     0000025B  A$sha1_z80_sdcc_Oset_binaries/sh   sha1
     0000025C  A$sha1_z80_sdcc_Oset_binaries/sh   sha1
     0000025D  A$sha1_z80_sdcc_Oset_binaries/sh   sha1
ASxxxx Linker V03.00 + NoICE + sdld,  page 3.
Hexadecimal  [32-Bits]

Area                                    Addr        Size        Decimal Bytes (Attributes)
--------------------------------        ----        ----        ------- ----- ------------
_CODE                               00000200    00001AA4 =        6820. bytes (REL,CON)

      Value  Global                              Global Defined In Module
      -----  --------------------------------   ------------------------
     0000025E  A$sha1_z80_sdcc_Oset_binaries/sh   sha1
     00000260  A$sha1_z80_sdcc_Oset_binaries/sh   sha1
     00000260  C$sha1.c$30$3_0$37                 sha1
     00000261  A$sha1_z80_sdcc_Oset_binaries/sh   sha1
     00000262  A$sha1_z80_sdcc_Oset_binaries/sh   sha1
     00000263  A$sha1_z80_sdcc_Oset_binaries/sh   sha1
     00000266  A$sha1_z80_sdcc_Oset_binaries/sh   sha1
     00000267  A$sha1_z80_sdcc_Oset_binaries/sh   sha1
     00000268  A$sha1_z80_sdcc_Oset_binaries/sh   sha1
     0000026B  A$sha1_z80_sdcc_Oset_binaries/sh   sha1
     0000026C  A$sha1_z80_sdcc_Oset_binaries/sh   sha1
     0000026D  A$sha1_z80_sdcc_Oset_binaries/sh   sha1
     0000026E  A$sha1_z80_sdcc_Oset_binaries/sh   sha1
     0000026F  A$sha1_z80_sdcc_Oset_binaries/sh   sha1
     00000271  A$sha1_z80_sdcc_Oset_binaries/sh   sha1
     00000272  A$sha1_z80_sdcc_Oset_binaries/sh   sha1
     00000273  A$sha1_z80_sdcc_Oset_binaries/sh   sha1
     00000274  A$sha1_z80_sdcc_Oset_binaries/sh   sha1
     00000275  A$sha1_z80_sdcc_Oset_binaries/sh   sha1
     00000276  A$sha1_z80_sdcc_Oset_binaries/sh   sha1
     00000277  A$sha1_z80_sdcc_Oset_binaries/sh   sha1
     00000278  A$sha1_z80_sdcc_Oset_binaries/sh   sha1
     00000279  A$sha1_z80_sdcc_Oset_binaries/sh   sha1
     0000027A  A$sha1_z80_sdcc_Oset_binaries/sh   sha1
     0000027B  A$sha1_z80_sdcc_Oset_binaries/sh   sha1
     0000027E  A$sha1_z80_sdcc_Oset_binaries/sh   sha1
     00000281  A$sha1_z80_sdcc_Oset_binaries/sh   sha1
     00000282  A$sha1_z80_sdcc_Oset_binaries/sh   sha1
     00000283  A$sha1_z80_sdcc_Oset_binaries/sh   sha1
     00000284  A$sha1_z80_sdcc_Oset_binaries/sh   sha1
     00000285  A$sha1_z80_sdcc_Oset_binaries/sh   sha1
     00000286  A$sha1_z80_sdcc_Oset_binaries/sh   sha1
     00000287  A$sha1_z80_sdcc_Oset_binaries/sh   sha1
     00000288  A$sha1_z80_sdcc_Oset_binaries/sh   sha1
     00000288  C$sha1.c$26$2_0$36                 sha1
     0000028B  A$sha1_z80_sdcc_Oset_binaries/sh   sha1
     0000028D  A$sha1_z80_sdcc_Oset_binaries/sh   sha1
     00000290  A$sha1_z80_sdcc_Oset_binaries/sh   sha1
     00000292  A$sha1_z80_sdcc_Oset_binaries/sh   sha1
     00000295  A$sha1_z80_sdcc_Oset_binaries/sh   sha1
     00000298  A$sha1_z80_sdcc_Oset_binaries/sh   sha1
     0000029B  A$sha1_z80_sdcc_Oset_binaries/sh   sha1
     0000029E  A$sha1_z80_sdcc_Oset_binaries/sh   sha1
     000002A2  A$sha1_z80_sdcc_Oset_binaries/sh   sha1
     000002A3  A$sha1_z80_sdcc_Oset_binaries/sh   sha1
     000002A6  A$sha1_z80_sdcc_Oset_binaries/sh   sha1
     000002A9  A$sha1_z80_sdcc_Oset_binaries/sh   sha1
     000002AB  A$sha1_z80_sdcc_Oset_binaries/sh   sha1
     000002AE  A$sha1_z80_sdcc_Oset_binaries/sh   sha1
     000002AF  A$sha1_z80_sdcc_Oset_binaries/sh   sha1
     000002B0  A$sha1_z80_sdcc_Oset_binaries/sh   sha1
ASxxxx Linker V03.00 + NoICE + sdld,  page 4.
Hexadecimal  [32-Bits]

Area                                    Addr        Size        Decimal Bytes (Attributes)
--------------------------------        ----        ----        ------- ----- ------------
_CODE                               00000200    00001AA4 =        6820. bytes (REL,CON)

      Value  Global                              Global Defined In Module
      -----  --------------------------------   ------------------------
     000002B1  A$sha1_z80_sdcc_Oset_binaries/sh   sha1
     000002B3  A$sha1_z80_sdcc_Oset_binaries/sh   sha1
     000002B6  A$sha1_z80_sdcc_Oset_binaries/sh   sha1
     000002B6  C$sha1.c$35$2_0$38                 sha1
     000002B9  A$sha1_z80_sdcc_Oset_binaries/sh   sha1
     000002BC  A$sha1_z80_sdcc_Oset_binaries/sh   sha1
     000002BF  A$sha1_z80_sdcc_Oset_binaries/sh   sha1
     000002C2  A$sha1_z80_sdcc_Oset_binaries/sh   sha1
     000002C4  A$sha1_z80_sdcc_Oset_binaries/sh   sha1
     000002C6  A$sha1_z80_sdcc_Oset_binaries/sh   sha1
     000002CA  A$sha1_z80_sdcc_Oset_binaries/sh   sha1
     000002CE  A$sha1_z80_sdcc_Oset_binaries/sh   sha1
     000002CF  A$sha1_z80_sdcc_Oset_binaries/sh   sha1
     000002D1  A$sha1_z80_sdcc_Oset_binaries/sh   sha1
     000002D4  A$sha1_z80_sdcc_Oset_binaries/sh   sha1
     000002D7  A$sha1_z80_sdcc_Oset_binaries/sh   sha1
     000002DA  A$sha1_z80_sdcc_Oset_binaries/sh   sha1
     000002DD  A$sha1_z80_sdcc_Oset_binaries/sh   sha1
     000002E0  A$sha1_z80_sdcc_Oset_binaries/sh   sha1
     000002E3  A$sha1_z80_sdcc_Oset_binaries/sh   sha1
     000002E6  A$sha1_z80_sdcc_Oset_binaries/sh   sha1
     000002E8  A$sha1_z80_sdcc_Oset_binaries/sh   sha1
     000002E9  A$sha1_z80_sdcc_Oset_binaries/sh   sha1
     000002EC  A$sha1_z80_sdcc_Oset_binaries/sh   sha1
     000002EE  A$sha1_z80_sdcc_Oset_binaries/sh   sha1
     000002EF  A$sha1_z80_sdcc_Oset_binaries/sh   sha1
     000002F1  A$sha1_z80_sdcc_Oset_binaries/sh   sha1
     000002F3  A$sha1_z80_sdcc_Oset_binaries/sh   sha1
     000002F5  A$sha1_z80_sdcc_Oset_binaries/sh   sha1
     000002F7  A$sha1_z80_sdcc_Oset_binaries/sh   sha1
     000002FA  A$sha1_z80_sdcc_Oset_binaries/sh   sha1
     000002FD  A$sha1_z80_sdcc_Oset_binaries/sh   sha1
     000002FE  A$sha1_z80_sdcc_Oset_binaries/sh   sha1
     000002FF  A$sha1_z80_sdcc_Oset_binaries/sh   sha1
     00000302  A$sha1_z80_sdcc_Oset_binaries/sh   sha1
     00000303  A$sha1_z80_sdcc_Oset_binaries/sh   sha1
     00000304  A$sha1_z80_sdcc_Oset_binaries/sh   sha1
     00000307  A$sha1_z80_sdcc_Oset_binaries/sh   sha1
     00000309  A$sha1_z80_sdcc_Oset_binaries/sh   sha1
     0000030C  A$sha1_z80_sdcc_Oset_binaries/sh   sha1
     0000030E  A$sha1_z80_sdcc_Oset_binaries/sh   sha1
     0000030F  A$sha1_z80_sdcc_Oset_binaries/sh   sha1
     00000312  A$sha1_z80_sdcc_Oset_binaries/sh   sha1
     00000314  A$sha1_z80_sdcc_Oset_binaries/sh   sha1
     00000315  A$sha1_z80_sdcc_Oset_binaries/sh   sha1
     00000317  A$sha1_z80_sdcc_Oset_binaries/sh   sha1
     00000319  A$sha1_z80_sdcc_Oset_binaries/sh   sha1
     0000031B  A$sha1_z80_sdcc_Oset_binaries/sh   sha1
     0000031D  A$sha1_z80_sdcc_Oset_binaries/sh   sha1
     00000320  A$sha1_z80_sdcc_Oset_binaries/sh   sha1
     00000323  A$sha1_z80_sdcc_Oset_binaries/sh   sha1
ASxxxx Linker V03.00 + NoICE + sdld,  page 5.
Hexadecimal  [32-Bits]

Area                                    Addr        Size        Decimal Bytes (Attributes)
--------------------------------        ----        ----        ------- ----- ------------
_CODE                               00000200    00001AA4 =        6820. bytes (REL,CON)

      Value  Global                              Global Defined In Module
      -----  --------------------------------   ------------------------
     00000324  A$sha1_z80_sdcc_Oset_binaries/sh   sha1
     00000325  A$sha1_z80_sdcc_Oset_binaries/sh   sha1
     00000326  A$sha1_z80_sdcc_Oset_binaries/sh   sha1
     00000327  A$sha1_z80_sdcc_Oset_binaries/sh   sha1
     00000328  A$sha1_z80_sdcc_Oset_binaries/sh   sha1
     00000329  A$sha1_z80_sdcc_Oset_binaries/sh   sha1
     0000032A  A$sha1_z80_sdcc_Oset_binaries/sh   sha1
     0000032B  A$sha1_z80_sdcc_Oset_binaries/sh   sha1
     0000032E  A$sha1_z80_sdcc_Oset_binaries/sh   sha1
     0000032F  A$sha1_z80_sdcc_Oset_binaries/sh   sha1
     00000332  A$sha1_z80_sdcc_Oset_binaries/sh   sha1
     00000335  A$sha1_z80_sdcc_Oset_binaries/sh   sha1
     00000336  A$sha1_z80_sdcc_Oset_binaries/sh   sha1
     00000339  A$sha1_z80_sdcc_Oset_binaries/sh   sha1
     0000033C  A$sha1_z80_sdcc_Oset_binaries/sh   sha1
     0000033D  A$sha1_z80_sdcc_Oset_binaries/sh   sha1
     00000340  A$sha1_z80_sdcc_Oset_binaries/sh   sha1
     00000343  A$sha1_z80_sdcc_Oset_binaries/sh   sha1
     00000344  A$sha1_z80_sdcc_Oset_binaries/sh   sha1
     00000347  A$sha1_z80_sdcc_Oset_binaries/sh   sha1
     0000034A  A$sha1_z80_sdcc_Oset_binaries/sh   sha1
     0000034C  A$sha1_z80_sdcc_Oset_binaries/sh   sha1
     0000034D  A$sha1_z80_sdcc_Oset_binaries/sh   sha1
     00000350  A$sha1_z80_sdcc_Oset_binaries/sh   sha1
     00000352  A$sha1_z80_sdcc_Oset_binaries/sh   sha1
     00000353  A$sha1_z80_sdcc_Oset_binaries/sh   sha1
     00000355  A$sha1_z80_sdcc_Oset_binaries/sh   sha1
     00000357  A$sha1_z80_sdcc_Oset_binaries/sh   sha1
     00000359  A$sha1_z80_sdcc_Oset_binaries/sh   sha1
     0000035B  A$sha1_z80_sdcc_Oset_binaries/sh   sha1
     0000035E  A$sha1_z80_sdcc_Oset_binaries/sh   sha1
     00000361  A$sha1_z80_sdcc_Oset_binaries/sh   sha1
     00000362  A$sha1_z80_sdcc_Oset_binaries/sh   sha1
     00000363  A$sha1_z80_sdcc_Oset_binaries/sh   sha1
     00000364  A$sha1_z80_sdcc_Oset_binaries/sh   sha1
     00000365  A$sha1_z80_sdcc_Oset_binaries/sh   sha1
     00000366  A$sha1_z80_sdcc_Oset_binaries/sh   sha1
     00000367  A$sha1_z80_sdcc_Oset_binaries/sh   sha1
     00000368  A$sha1_z80_sdcc_Oset_binaries/sh   sha1
     00000369  A$sha1_z80_sdcc_Oset_binaries/sh   sha1
     0000036C  A$sha1_z80_sdcc_Oset_binaries/sh   sha1
     0000036D  A$sha1_z80_sdcc_Oset_binaries/sh   sha1
     00000370  A$sha1_z80_sdcc_Oset_binaries/sh   sha1
     00000373  A$sha1_z80_sdcc_Oset_binaries/sh   sha1
     00000374  A$sha1_z80_sdcc_Oset_binaries/sh   sha1
     00000377  A$sha1_z80_sdcc_Oset_binaries/sh   sha1
     0000037A  A$sha1_z80_sdcc_Oset_binaries/sh   sha1
     0000037B  A$sha1_z80_sdcc_Oset_binaries/sh   sha1
     0000037E  A$sha1_z80_sdcc_Oset_binaries/sh   sha1
     00000381  A$sha1_z80_sdcc_Oset_binaries/sh   sha1
     00000382  A$sha1_z80_sdcc_Oset_binaries/sh   sha1
ASxxxx Linker V03.00 + NoICE + sdld,  page 6.
Hexadecimal  [32-Bits]

Area                                    Addr        Size        Decimal Bytes (Attributes)
--------------------------------        ----        ----        ------- ----- ------------
_CODE                               00000200    00001AA4 =        6820. bytes (REL,CON)

      Value  Global                              Global Defined In Module
      -----  --------------------------------   ------------------------
     00000385  A$sha1_z80_sdcc_Oset_binaries/sh   sha1
     00000388  A$sha1_z80_sdcc_Oset_binaries/sh   sha1
     0000038A  A$sha1_z80_sdcc_Oset_binaries/sh   sha1
     0000038B  A$sha1_z80_sdcc_Oset_binaries/sh   sha1
     0000038E  A$sha1_z80_sdcc_Oset_binaries/sh   sha1
     00000390  A$sha1_z80_sdcc_Oset_binaries/sh   sha1
     00000391  A$sha1_z80_sdcc_Oset_binaries/sh   sha1
     00000393  A$sha1_z80_sdcc_Oset_binaries/sh   sha1
     00000395  A$sha1_z80_sdcc_Oset_binaries/sh   sha1
     00000397  A$sha1_z80_sdcc_Oset_binaries/sh   sha1
     00000399  A$sha1_z80_sdcc_Oset_binaries/sh   sha1
     0000039C  A$sha1_z80_sdcc_Oset_binaries/sh   sha1
     0000039F  A$sha1_z80_sdcc_Oset_binaries/sh   sha1
     000003A0  A$sha1_z80_sdcc_Oset_binaries/sh   sha1
     000003A1  A$sha1_z80_sdcc_Oset_binaries/sh   sha1
     000003A2  A$sha1_z80_sdcc_Oset_binaries/sh   sha1
     000003A3  A$sha1_z80_sdcc_Oset_binaries/sh   sha1
     000003A4  A$sha1_z80_sdcc_Oset_binaries/sh   sha1
     000003A5  A$sha1_z80_sdcc_Oset_binaries/sh   sha1
     000003A6  A$sha1_z80_sdcc_Oset_binaries/sh   sha1
     000003A7  A$sha1_z80_sdcc_Oset_binaries/sh   sha1
     000003AA  A$sha1_z80_sdcc_Oset_binaries/sh   sha1
     000003AB  A$sha1_z80_sdcc_Oset_binaries/sh   sha1
     000003AC  A$sha1_z80_sdcc_Oset_binaries/sh   sha1
     000003AF  A$sha1_z80_sdcc_Oset_binaries/sh   sha1
     000003B0  A$sha1_z80_sdcc_Oset_binaries/sh   sha1
     000003B1  A$sha1_z80_sdcc_Oset_binaries/sh   sha1
     000003B4  A$sha1_z80_sdcc_Oset_binaries/sh   sha1
     000003B5  A$sha1_z80_sdcc_Oset_binaries/sh   sha1
     000003B6  A$sha1_z80_sdcc_Oset_binaries/sh   sha1
     000003B9  A$sha1_z80_sdcc_Oset_binaries/sh   sha1
     000003BA  A$sha1_z80_sdcc_Oset_binaries/sh   sha1
     000003BB  A$sha1_z80_sdcc_Oset_binaries/sh   sha1
     000003BE  A$sha1_z80_sdcc_Oset_binaries/sh   sha1
     000003C1  A$sha1_z80_sdcc_Oset_binaries/sh   sha1
     000003C4  A$sha1_z80_sdcc_Oset_binaries/sh   sha1
     000003C7  A$sha1_z80_sdcc_Oset_binaries/sh   sha1
     000003CB  A$sha1_z80_sdcc_Oset_binaries/sh   sha1
     000003CF  A$sha1_z80_sdcc_Oset_binaries/sh   sha1
     000003D3  A$sha1_z80_sdcc_Oset_binaries/sh   sha1
     000003D7  A$sha1_z80_sdcc_Oset_binaries/sh   sha1
     000003D9  A$sha1_z80_sdcc_Oset_binaries/sh   sha1
     000003DB  A$sha1_z80_sdcc_Oset_binaries/sh   sha1
     000003DD  A$sha1_z80_sdcc_Oset_binaries/sh   sha1
     000003DF  A$sha1_z80_sdcc_Oset_binaries/sh   sha1
     000003E1  A$sha1_z80_sdcc_Oset_binaries/sh   sha1
     000003E3  A$sha1_z80_sdcc_Oset_binaries/sh   sha1
     000003E6  A$sha1_z80_sdcc_Oset_binaries/sh   sha1
     000003E7  A$sha1_z80_sdcc_Oset_binaries/sh   sha1
     000003E8  A$sha1_z80_sdcc_Oset_binaries/sh   sha1
     000003EB  A$sha1_z80_sdcc_Oset_binaries/sh   sha1
ASxxxx Linker V03.00 + NoICE + sdld,  page 7.
Hexadecimal  [32-Bits]

Area                                    Addr        Size        Decimal Bytes (Attributes)
--------------------------------        ----        ----        ------- ----- ------------
_CODE                               00000200    00001AA4 =        6820. bytes (REL,CON)

      Value  Global                              Global Defined In Module
      -----  --------------------------------   ------------------------
     000003EC  A$sha1_z80_sdcc_Oset_binaries/sh   sha1
     000003ED  A$sha1_z80_sdcc_Oset_binaries/sh   sha1
     000003F0  A$sha1_z80_sdcc_Oset_binaries/sh   sha1
     000003F1  A$sha1_z80_sdcc_Oset_binaries/sh   sha1
     000003F2  A$sha1_z80_sdcc_Oset_binaries/sh   sha1
     000003F5  A$sha1_z80_sdcc_Oset_binaries/sh   sha1
     000003F6  A$sha1_z80_sdcc_Oset_binaries/sh   sha1
     000003F7  A$sha1_z80_sdcc_Oset_binaries/sh   sha1
     000003FA  A$sha1_z80_sdcc_Oset_binaries/sh   sha1
     000003FD  A$sha1_z80_sdcc_Oset_binaries/sh   sha1
     000003FE  A$sha1_z80_sdcc_Oset_binaries/sh   sha1
     000003FF  A$sha1_z80_sdcc_Oset_binaries/sh   sha1
     00000400  A$sha1_z80_sdcc_Oset_binaries/sh   sha1
     00000401  A$sha1_z80_sdcc_Oset_binaries/sh   sha1
     00000402  A$sha1_z80_sdcc_Oset_binaries/sh   sha1
     00000403  A$sha1_z80_sdcc_Oset_binaries/sh   sha1
     00000404  A$sha1_z80_sdcc_Oset_binaries/sh   sha1
     00000404  C$sha1.c$34$2_0$38                 sha1
     00000407  A$sha1_z80_sdcc_Oset_binaries/sh   sha1
     0000040A  A$sha1_z80_sdcc_Oset_binaries/sh   sha1
     0000040D  A$sha1_z80_sdcc_Oset_binaries/sh   sha1
     00000410  A$sha1_z80_sdcc_Oset_binaries/sh   sha1
     00000410  C$sha1.c$38$1_0$35                 sha1
     00000413  A$sha1_z80_sdcc_Oset_binaries/sh   sha1
     00000416  A$sha1_z80_sdcc_Oset_binaries/sh   sha1
     00000417  A$sha1_z80_sdcc_Oset_binaries/sh   sha1
     0000041A  A$sha1_z80_sdcc_Oset_binaries/sh   sha1
     0000041B  A$sha1_z80_sdcc_Oset_binaries/sh   sha1
     0000041C  A$sha1_z80_sdcc_Oset_binaries/sh   sha1
     0000041F  A$sha1_z80_sdcc_Oset_binaries/sh   sha1
     00000421  A$sha1_z80_sdcc_Oset_binaries/sh   sha1
     00000422  A$sha1_z80_sdcc_Oset_binaries/sh   sha1
     00000423  A$sha1_z80_sdcc_Oset_binaries/sh   sha1
     00000426  A$sha1_z80_sdcc_Oset_binaries/sh   sha1
     00000427  A$sha1_z80_sdcc_Oset_binaries/sh   sha1
     00000428  A$sha1_z80_sdcc_Oset_binaries/sh   sha1
     0000042B  A$sha1_z80_sdcc_Oset_binaries/sh   sha1
     0000042C  A$sha1_z80_sdcc_Oset_binaries/sh   sha1
     0000042F  A$sha1_z80_sdcc_Oset_binaries/sh   sha1
     00000431  A$sha1_z80_sdcc_Oset_binaries/sh   sha1
     00000432  A$sha1_z80_sdcc_Oset_binaries/sh   sha1
     00000432  C$sha1.c$39$1_0$35                 sha1
     00000435  A$sha1_z80_sdcc_Oset_binaries/sh   sha1
     00000436  A$sha1_z80_sdcc_Oset_binaries/sh   sha1
     00000439  A$sha1_z80_sdcc_Oset_binaries/sh   sha1
     0000043C  A$sha1_z80_sdcc_Oset_binaries/sh   sha1
     0000043D  A$sha1_z80_sdcc_Oset_binaries/sh   sha1
     00000440  A$sha1_z80_sdcc_Oset_binaries/sh   sha1
     00000443  A$sha1_z80_sdcc_Oset_binaries/sh   sha1
     00000446  A$sha1_z80_sdcc_Oset_binaries/sh   sha1
     00000447  A$sha1_z80_sdcc_Oset_binaries/sh   sha1
ASxxxx Linker V03.00 + NoICE + sdld,  page 8.
Hexadecimal  [32-Bits]

Area                                    Addr        Size        Decimal Bytes (Attributes)
--------------------------------        ----        ----        ------- ----- ------------
_CODE                               00000200    00001AA4 =        6820. bytes (REL,CON)

      Value  Global                              Global Defined In Module
      -----  --------------------------------   ------------------------
     00000448  A$sha1_z80_sdcc_Oset_binaries/sh   sha1
     0000044B  A$sha1_z80_sdcc_Oset_binaries/sh   sha1
     0000044D  A$sha1_z80_sdcc_Oset_binaries/sh   sha1
     0000044E  A$sha1_z80_sdcc_Oset_binaries/sh   sha1
     0000044E  C$sha1.c$40$1_0$35                 sha1
     00000451  A$sha1_z80_sdcc_Oset_binaries/sh   sha1
     00000452  A$sha1_z80_sdcc_Oset_binaries/sh   sha1
     00000455  A$sha1_z80_sdcc_Oset_binaries/sh   sha1
     00000458  A$sha1_z80_sdcc_Oset_binaries/sh   sha1
     00000459  A$sha1_z80_sdcc_Oset_binaries/sh   sha1
     0000045C  A$sha1_z80_sdcc_Oset_binaries/sh   sha1
     0000045F  A$sha1_z80_sdcc_Oset_binaries/sh   sha1
     00000462  A$sha1_z80_sdcc_Oset_binaries/sh   sha1
     00000463  A$sha1_z80_sdcc_Oset_binaries/sh   sha1
     00000464  A$sha1_z80_sdcc_Oset_binaries/sh   sha1
     00000467  A$sha1_z80_sdcc_Oset_binaries/sh   sha1
     00000469  A$sha1_z80_sdcc_Oset_binaries/sh   sha1
     0000046A  A$sha1_z80_sdcc_Oset_binaries/sh   sha1
     0000046A  C$sha1.c$41$1_0$35                 sha1
     0000046D  A$sha1_z80_sdcc_Oset_binaries/sh   sha1
     0000046E  A$sha1_z80_sdcc_Oset_binaries/sh   sha1
     00000471  A$sha1_z80_sdcc_Oset_binaries/sh   sha1
     00000474  A$sha1_z80_sdcc_Oset_binaries/sh   sha1
     00000475  A$sha1_z80_sdcc_Oset_binaries/sh   sha1
     00000478  A$sha1_z80_sdcc_Oset_binaries/sh   sha1
     0000047B  A$sha1_z80_sdcc_Oset_binaries/sh   sha1
     0000047E  A$sha1_z80_sdcc_Oset_binaries/sh   sha1
     0000047F  A$sha1_z80_sdcc_Oset_binaries/sh   sha1
     00000480  A$sha1_z80_sdcc_Oset_binaries/sh   sha1
     00000483  A$sha1_z80_sdcc_Oset_binaries/sh   sha1
     00000485  A$sha1_z80_sdcc_Oset_binaries/sh   sha1
     00000486  A$sha1_z80_sdcc_Oset_binaries/sh   sha1
     00000486  C$sha1.c$42$1_0$35                 sha1
     00000489  A$sha1_z80_sdcc_Oset_binaries/sh   sha1
     0000048A  A$sha1_z80_sdcc_Oset_binaries/sh   sha1
     0000048D  A$sha1_z80_sdcc_Oset_binaries/sh   sha1
     00000490  A$sha1_z80_sdcc_Oset_binaries/sh   sha1
     00000491  A$sha1_z80_sdcc_Oset_binaries/sh   sha1
     00000494  A$sha1_z80_sdcc_Oset_binaries/sh   sha1
     00000497  A$sha1_z80_sdcc_Oset_binaries/sh   sha1
     0000049A  A$sha1_z80_sdcc_Oset_binaries/sh   sha1
     0000049B  A$sha1_z80_sdcc_Oset_binaries/sh   sha1
     0000049C  A$sha1_z80_sdcc_Oset_binaries/sh   sha1
     0000049F  A$sha1_z80_sdcc_Oset_binaries/sh   sha1
     000004A1  A$sha1_z80_sdcc_Oset_binaries/sh   sha1
     000004A2  A$sha1_z80_sdcc_Oset_binaries/sh   sha1
     000004A2  C$sha1.c$44$3_0$40                 sha1
     000004A5  A$sha1_z80_sdcc_Oset_binaries/sh   sha1
     000004A8  A$sha1_z80_sdcc_Oset_binaries/sh   sha1
     000004AB  A$sha1_z80_sdcc_Oset_binaries/sh   sha1
     000004AE  A$sha1_z80_sdcc_Oset_binaries/sh   sha1
ASxxxx Linker V03.00 + NoICE + sdld,  page 9.
Hexadecimal  [32-Bits]

Area                                    Addr        Size        Decimal Bytes (Attributes)
--------------------------------        ----        ----        ------- ----- ------------
_CODE                               00000200    00001AA4 =        6820. bytes (REL,CON)

      Value  Global                              Global Defined In Module
      -----  --------------------------------   ------------------------
     000004AF  A$sha1_z80_sdcc_Oset_binaries/sh   sha1
     000004B2  A$sha1_z80_sdcc_Oset_binaries/sh   sha1
     000004B5  A$sha1_z80_sdcc_Oset_binaries/sh   sha1
     000004B8  A$sha1_z80_sdcc_Oset_binaries/sh   sha1
     000004BA  A$sha1_z80_sdcc_Oset_binaries/sh   sha1
     000004BD  A$sha1_z80_sdcc_Oset_binaries/sh   sha1
     000004BE  A$sha1_z80_sdcc_Oset_binaries/sh   sha1
     000004BF  A$sha1_z80_sdcc_Oset_binaries/sh   sha1
     000004C0  A$sha1_z80_sdcc_Oset_binaries/sh   sha1
     000004C2  A$sha1_z80_sdcc_Oset_binaries/sh   sha1
     000004C5  A$sha1_z80_sdcc_Oset_binaries/sh   sha1
     000004C5  C$sha1.c$48$1_0$35                 sha1
     000004C8  A$sha1_z80_sdcc_Oset_binaries/sh   sha1
     000004CB  A$sha1_z80_sdcc_Oset_binaries/sh   sha1
     000004CE  A$sha1_z80_sdcc_Oset_binaries/sh   sha1
     000004D1  A$sha1_z80_sdcc_Oset_binaries/sh   sha1
     000004D4  A$sha1_z80_sdcc_Oset_binaries/sh   sha1
     000004D7  A$sha1_z80_sdcc_Oset_binaries/sh   sha1
     000004DA  A$sha1_z80_sdcc_Oset_binaries/sh   sha1
     000004DD  A$sha1_z80_sdcc_Oset_binaries/sh   sha1
     000004E0  A$sha1_z80_sdcc_Oset_binaries/sh   sha1
     000004E3  A$sha1_z80_sdcc_Oset_binaries/sh   sha1
     000004E6  A$sha1_z80_sdcc_Oset_binaries/sh   sha1
     000004E9  A$sha1_z80_sdcc_Oset_binaries/sh   sha1
     000004E9  C$sha1.c$47$3_0$40                 sha1
     000004EC  A$sha1_z80_sdcc_Oset_binaries/sh   sha1
     000004EE  A$sha1_z80_sdcc_Oset_binaries/sh   sha1
     000004F1  A$sha1_z80_sdcc_Oset_binaries/sh   sha1
     000004F2  A$sha1_z80_sdcc_Oset_binaries/sh   sha1
     000004F3  A$sha1_z80_sdcc_Oset_binaries/sh   sha1
     000004F4  A$sha1_z80_sdcc_Oset_binaries/sh   sha1
     000004F6  A$sha1_z80_sdcc_Oset_binaries/sh   sha1
     000004F9  A$sha1_z80_sdcc_Oset_binaries/sh   sha1
     000004F9  C$sha1.c$48$4_0$41                 sha1
     000004FC  A$sha1_z80_sdcc_Oset_binaries/sh   sha1
     000004FD  A$sha1_z80_sdcc_Oset_binaries/sh   sha1
     00000500  A$sha1_z80_sdcc_Oset_binaries/sh   sha1
     00000503  A$sha1_z80_sdcc_Oset_binaries/sh   sha1
     00000504  A$sha1_z80_sdcc_Oset_binaries/sh   sha1
     00000507  A$sha1_z80_sdcc_Oset_binaries/sh   sha1
     0000050A  A$sha1_z80_sdcc_Oset_binaries/sh   sha1
     0000050B  A$sha1_z80_sdcc_Oset_binaries/sh   sha1
     0000050E  A$sha1_z80_sdcc_Oset_binaries/sh   sha1
     00000511  A$sha1_z80_sdcc_Oset_binaries/sh   sha1
     00000512  A$sha1_z80_sdcc_Oset_binaries/sh   sha1
     00000515  A$sha1_z80_sdcc_Oset_binaries/sh   sha1
     00000518  A$sha1_z80_sdcc_Oset_binaries/sh   sha1
     0000051B  A$sha1_z80_sdcc_Oset_binaries/sh   sha1
     0000051E  A$sha1_z80_sdcc_Oset_binaries/sh   sha1
     00000521  A$sha1_z80_sdcc_Oset_binaries/sh   sha1
     00000524  A$sha1_z80_sdcc_Oset_binaries/sh   sha1
ASxxxx Linker V03.00 + NoICE + sdld,  page 10.
Hexadecimal  [32-Bits]

Area                                    Addr        Size        Decimal Bytes (Attributes)
--------------------------------        ----        ----        ------- ----- ------------
_CODE                               00000200    00001AA4 =        6820. bytes (REL,CON)

      Value  Global                              Global Defined In Module
      -----  --------------------------------   ------------------------
     00000527  A$sha1_z80_sdcc_Oset_binaries/sh   sha1
     0000052A  A$sha1_z80_sdcc_Oset_binaries/sh   sha1
     0000052D  A$sha1_z80_sdcc_Oset_binaries/sh   sha1
     00000530  A$sha1_z80_sdcc_Oset_binaries/sh   sha1
     00000533  A$sha1_z80_sdcc_Oset_binaries/sh   sha1
     00000536  A$sha1_z80_sdcc_Oset_binaries/sh   sha1
     00000539  A$sha1_z80_sdcc_Oset_binaries/sh   sha1
     0000053C  A$sha1_z80_sdcc_Oset_binaries/sh   sha1
     0000053F  A$sha1_z80_sdcc_Oset_binaries/sh   sha1
     00000542  A$sha1_z80_sdcc_Oset_binaries/sh   sha1
     00000545  A$sha1_z80_sdcc_Oset_binaries/sh   sha1
     00000548  A$sha1_z80_sdcc_Oset_binaries/sh   sha1
     0000054B  A$sha1_z80_sdcc_Oset_binaries/sh   sha1
     0000054E  A$sha1_z80_sdcc_Oset_binaries/sh   sha1
     00000551  A$sha1_z80_sdcc_Oset_binaries/sh   sha1
     00000554  A$sha1_z80_sdcc_Oset_binaries/sh   sha1
     00000557  A$sha1_z80_sdcc_Oset_binaries/sh   sha1
     0000055A  A$sha1_z80_sdcc_Oset_binaries/sh   sha1
     0000055D  A$sha1_z80_sdcc_Oset_binaries/sh   sha1
     0000055E  A$sha1_z80_sdcc_Oset_binaries/sh   sha1
     00000561  A$sha1_z80_sdcc_Oset_binaries/sh   sha1
     00000562  A$sha1_z80_sdcc_Oset_binaries/sh   sha1
     00000563  A$sha1_z80_sdcc_Oset_binaries/sh   sha1
     00000566  A$sha1_z80_sdcc_Oset_binaries/sh   sha1
     00000567  A$sha1_z80_sdcc_Oset_binaries/sh   sha1
     0000056A  A$sha1_z80_sdcc_Oset_binaries/sh   sha1
     0000056C  A$sha1_z80_sdcc_Oset_binaries/sh   sha1
     0000056D  A$sha1_z80_sdcc_Oset_binaries/sh   sha1
     0000056D  C$sha1.c$49$4_0$41                 sha1
     00000571  A$sha1_z80_sdcc_Oset_binaries/sh   sha1
     00000575  A$sha1_z80_sdcc_Oset_binaries/sh   sha1
     00000579  A$sha1_z80_sdcc_Oset_binaries/sh   sha1
     0000057D  A$sha1_z80_sdcc_Oset_binaries/sh   sha1
     00000580  A$sha1_z80_sdcc_Oset_binaries/sh   sha1
     00000580  C$sha1.c$51$1_0$35                 sha1
     00000583  A$sha1_z80_sdcc_Oset_binaries/sh   sha1
     00000586  A$sha1_z80_sdcc_Oset_binaries/sh   sha1
     00000589  A$sha1_z80_sdcc_Oset_binaries/sh   sha1
     0000058C  A$sha1_z80_sdcc_Oset_binaries/sh   sha1
     0000058F  A$sha1_z80_sdcc_Oset_binaries/sh   sha1
     00000592  A$sha1_z80_sdcc_Oset_binaries/sh   sha1
     00000595  A$sha1_z80_sdcc_Oset_binaries/sh   sha1
     00000598  A$sha1_z80_sdcc_Oset_binaries/sh   sha1
     0000059B  A$sha1_z80_sdcc_Oset_binaries/sh   sha1
     0000059E  A$sha1_z80_sdcc_Oset_binaries/sh   sha1
     000005A1  A$sha1_z80_sdcc_Oset_binaries/sh   sha1
     000005A4  A$sha1_z80_sdcc_Oset_binaries/sh   sha1
     000005A7  A$sha1_z80_sdcc_Oset_binaries/sh   sha1
     000005AA  A$sha1_z80_sdcc_Oset_binaries/sh   sha1
     000005AD  A$sha1_z80_sdcc_Oset_binaries/sh   sha1
     000005B0  A$sha1_z80_sdcc_Oset_binaries/sh   sha1
ASxxxx Linker V03.00 + NoICE + sdld,  page 11.
Hexadecimal  [32-Bits]

Area                                    Addr        Size        Decimal Bytes (Attributes)
--------------------------------        ----        ----        ------- ----- ------------
_CODE                               00000200    00001AA4 =        6820. bytes (REL,CON)

      Value  Global                              Global Defined In Module
      -----  --------------------------------   ------------------------
     000005B3  A$sha1_z80_sdcc_Oset_binaries/sh   sha1
     000005B6  A$sha1_z80_sdcc_Oset_binaries/sh   sha1
     000005B9  A$sha1_z80_sdcc_Oset_binaries/sh   sha1
     000005BC  A$sha1_z80_sdcc_Oset_binaries/sh   sha1
     000005BF  A$sha1_z80_sdcc_Oset_binaries/sh   sha1
     000005C2  A$sha1_z80_sdcc_Oset_binaries/sh   sha1
     000005C5  A$sha1_z80_sdcc_Oset_binaries/sh   sha1
     000005C8  A$sha1_z80_sdcc_Oset_binaries/sh   sha1
     000005C8  C$sha1.c$50$3_0$40                 sha1
     000005CB  A$sha1_z80_sdcc_Oset_binaries/sh   sha1
     000005CD  A$sha1_z80_sdcc_Oset_binaries/sh   sha1
     000005D0  A$sha1_z80_sdcc_Oset_binaries/sh   sha1
     000005D1  A$sha1_z80_sdcc_Oset_binaries/sh   sha1
     000005D2  A$sha1_z80_sdcc_Oset_binaries/sh   sha1
     000005D3  A$sha1_z80_sdcc_Oset_binaries/sh   sha1
     000005D5  A$sha1_z80_sdcc_Oset_binaries/sh   sha1
     000005D7  A$sha1_z80_sdcc_Oset_binaries/sh   sha1
     000005D7  C$sha1.c$51$4_0$42                 sha1
     000005D8  A$sha1_z80_sdcc_Oset_binaries/sh   sha1
     000005DB  A$sha1_z80_sdcc_Oset_binaries/sh   sha1
     000005DC  A$sha1_z80_sdcc_Oset_binaries/sh   sha1
     000005DD  A$sha1_z80_sdcc_Oset_binaries/sh   sha1
     000005E0  A$sha1_z80_sdcc_Oset_binaries/sh   sha1
     000005E1  A$sha1_z80_sdcc_Oset_binaries/sh   sha1
     000005E4  A$sha1_z80_sdcc_Oset_binaries/sh   sha1
     000005E6  A$sha1_z80_sdcc_Oset_binaries/sh   sha1
     000005E7  A$sha1_z80_sdcc_Oset_binaries/sh   sha1
     000005E7  C$sha1.c$52$4_0$42                 sha1
     000005EB  A$sha1_z80_sdcc_Oset_binaries/sh   sha1
     000005EF  A$sha1_z80_sdcc_Oset_binaries/sh   sha1
     000005F3  A$sha1_z80_sdcc_Oset_binaries/sh   sha1
     000005F7  A$sha1_z80_sdcc_Oset_binaries/sh   sha1
     000005FA  A$sha1_z80_sdcc_Oset_binaries/sh   sha1
     000005FA  C$sha1.c$53$3_0$40                 sha1
     000005FD  A$sha1_z80_sdcc_Oset_binaries/sh   sha1
     000005FF  A$sha1_z80_sdcc_Oset_binaries/sh   sha1
     00000602  A$sha1_z80_sdcc_Oset_binaries/sh   sha1
     00000603  A$sha1_z80_sdcc_Oset_binaries/sh   sha1
     00000604  A$sha1_z80_sdcc_Oset_binaries/sh   sha1
     00000605  A$sha1_z80_sdcc_Oset_binaries/sh   sha1
     00000607  A$sha1_z80_sdcc_Oset_binaries/sh   sha1
     0000060A  A$sha1_z80_sdcc_Oset_binaries/sh   sha1
     0000060A  C$sha1.c$54$4_0$43                 sha1
     0000060D  A$sha1_z80_sdcc_Oset_binaries/sh   sha1
     00000610  A$sha1_z80_sdcc_Oset_binaries/sh   sha1
     00000613  A$sha1_z80_sdcc_Oset_binaries/sh   sha1
     00000616  A$sha1_z80_sdcc_Oset_binaries/sh   sha1
     00000619  A$sha1_z80_sdcc_Oset_binaries/sh   sha1
     0000061C  A$sha1_z80_sdcc_Oset_binaries/sh   sha1
     0000061F  A$sha1_z80_sdcc_Oset_binaries/sh   sha1
     00000622  A$sha1_z80_sdcc_Oset_binaries/sh   sha1
ASxxxx Linker V03.00 + NoICE + sdld,  page 12.
Hexadecimal  [32-Bits]

Area                                    Addr        Size        Decimal Bytes (Attributes)
--------------------------------        ----        ----        ------- ----- ------------
_CODE                               00000200    00001AA4 =        6820. bytes (REL,CON)

      Value  Global                              Global Defined In Module
      -----  --------------------------------   ------------------------
     00000625  A$sha1_z80_sdcc_Oset_binaries/sh   sha1
     00000628  A$sha1_z80_sdcc_Oset_binaries/sh   sha1
     0000062B  A$sha1_z80_sdcc_Oset_binaries/sh   sha1
     0000062E  A$sha1_z80_sdcc_Oset_binaries/sh   sha1
     00000631  A$sha1_z80_sdcc_Oset_binaries/sh   sha1
     00000634  A$sha1_z80_sdcc_Oset_binaries/sh   sha1
     00000637  A$sha1_z80_sdcc_Oset_binaries/sh   sha1
     0000063A  A$sha1_z80_sdcc_Oset_binaries/sh   sha1
     0000063D  A$sha1_z80_sdcc_Oset_binaries/sh   sha1
     00000640  A$sha1_z80_sdcc_Oset_binaries/sh   sha1
     00000643  A$sha1_z80_sdcc_Oset_binaries/sh   sha1
     00000646  A$sha1_z80_sdcc_Oset_binaries/sh   sha1
     00000649  A$sha1_z80_sdcc_Oset_binaries/sh   sha1
     0000064C  A$sha1_z80_sdcc_Oset_binaries/sh   sha1
     0000064F  A$sha1_z80_sdcc_Oset_binaries/sh   sha1
     00000652  A$sha1_z80_sdcc_Oset_binaries/sh   sha1
     00000655  A$sha1_z80_sdcc_Oset_binaries/sh   sha1
     00000658  A$sha1_z80_sdcc_Oset_binaries/sh   sha1
     0000065B  A$sha1_z80_sdcc_Oset_binaries/sh   sha1
     0000065E  A$sha1_z80_sdcc_Oset_binaries/sh   sha1
     00000661  A$sha1_z80_sdcc_Oset_binaries/sh   sha1
     00000664  A$sha1_z80_sdcc_Oset_binaries/sh   sha1
     00000667  A$sha1_z80_sdcc_Oset_binaries/sh   sha1
     0000066A  A$sha1_z80_sdcc_Oset_binaries/sh   sha1
     0000066D  A$sha1_z80_sdcc_Oset_binaries/sh   sha1
     00000670  A$sha1_z80_sdcc_Oset_binaries/sh   sha1
     00000673  A$sha1_z80_sdcc_Oset_binaries/sh   sha1
     00000676  A$sha1_z80_sdcc_Oset_binaries/sh   sha1
     00000679  A$sha1_z80_sdcc_Oset_binaries/sh   sha1
     0000067C  A$sha1_z80_sdcc_Oset_binaries/sh   sha1
     0000067F  A$sha1_z80_sdcc_Oset_binaries/sh   sha1
     00000682  A$sha1_z80_sdcc_Oset_binaries/sh   sha1
     00000685  A$sha1_z80_sdcc_Oset_binaries/sh   sha1
     00000688  A$sha1_z80_sdcc_Oset_binaries/sh   sha1
     0000068B  A$sha1_z80_sdcc_Oset_binaries/sh   sha1
     0000068E  A$sha1_z80_sdcc_Oset_binaries/sh   sha1
     00000691  A$sha1_z80_sdcc_Oset_binaries/sh   sha1
     00000694  A$sha1_z80_sdcc_Oset_binaries/sh   sha1
     00000697  A$sha1_z80_sdcc_Oset_binaries/sh   sha1
     0000069A  A$sha1_z80_sdcc_Oset_binaries/sh   sha1
     0000069B  A$sha1_z80_sdcc_Oset_binaries/sh   sha1
     0000069E  A$sha1_z80_sdcc_Oset_binaries/sh   sha1
     0000069F  A$sha1_z80_sdcc_Oset_binaries/sh   sha1
     000006A0  A$sha1_z80_sdcc_Oset_binaries/sh   sha1
     000006A3  A$sha1_z80_sdcc_Oset_binaries/sh   sha1
     000006A4  A$sha1_z80_sdcc_Oset_binaries/sh   sha1
     000006A7  A$sha1_z80_sdcc_Oset_binaries/sh   sha1
     000006A9  A$sha1_z80_sdcc_Oset_binaries/sh   sha1
     000006AA  A$sha1_z80_sdcc_Oset_binaries/sh   sha1
     000006AA  C$sha1.c$55$4_0$43                 sha1
     000006AE  A$sha1_z80_sdcc_Oset_binaries/sh   sha1
ASxxxx Linker V03.00 + NoICE + sdld,  page 13.
Hexadecimal  [32-Bits]

Area                                    Addr        Size        Decimal Bytes (Attributes)
--------------------------------        ----        ----        ------- ----- ------------
_CODE                               00000200    00001AA4 =        6820. bytes (REL,CON)

      Value  Global                              Global Defined In Module
      -----  --------------------------------   ------------------------
     000006B2  A$sha1_z80_sdcc_Oset_binaries/sh   sha1
     000006B6  A$sha1_z80_sdcc_Oset_binaries/sh   sha1
     000006BA  A$sha1_z80_sdcc_Oset_binaries/sh   sha1
     000006BC  A$sha1_z80_sdcc_Oset_binaries/sh   sha1
     000006BC  C$sha1.c$57$4_0$44                 sha1
     000006BD  A$sha1_z80_sdcc_Oset_binaries/sh   sha1
     000006C0  A$sha1_z80_sdcc_Oset_binaries/sh   sha1
     000006C1  A$sha1_z80_sdcc_Oset_binaries/sh   sha1
     000006C2  A$sha1_z80_sdcc_Oset_binaries/sh   sha1
     000006C5  A$sha1_z80_sdcc_Oset_binaries/sh   sha1
     000006C6  A$sha1_z80_sdcc_Oset_binaries/sh   sha1
     000006C9  A$sha1_z80_sdcc_Oset_binaries/sh   sha1
     000006CB  A$sha1_z80_sdcc_Oset_binaries/sh   sha1
     000006CC  A$sha1_z80_sdcc_Oset_binaries/sh   sha1
     000006CC  C$sha1.c$58$4_0$44                 sha1
     000006D0  A$sha1_z80_sdcc_Oset_binaries/sh   sha1
     000006D4  A$sha1_z80_sdcc_Oset_binaries/sh   sha1
     000006D8  A$sha1_z80_sdcc_Oset_binaries/sh   sha1
     000006DC  A$sha1_z80_sdcc_Oset_binaries/sh   sha1
     000006DC  C$sha1.c$61$3_0$40                 sha1
     000006DF  A$sha1_z80_sdcc_Oset_binaries/sh   sha1
     000006E2  A$sha1_z80_sdcc_Oset_binaries/sh   sha1
     000006E5  A$sha1_z80_sdcc_Oset_binaries/sh   sha1
     000006E8  A$sha1_z80_sdcc_Oset_binaries/sh   sha1
     000006EB  A$sha1_z80_sdcc_Oset_binaries/sh   sha1
     000006EE  A$sha1_z80_sdcc_Oset_binaries/sh   sha1
     000006F1  A$sha1_z80_sdcc_Oset_binaries/sh   sha1
     000006F4  A$sha1_z80_sdcc_Oset_binaries/sh   sha1
     000006F6  A$sha1_z80_sdcc_Oset_binaries/sh   sha1
     000006FA  A$sha1_z80_sdcc_Oset_binaries/sh   sha1
     000006FE  A$sha1_z80_sdcc_Oset_binaries/sh   sha1
     00000702  A$sha1_z80_sdcc_Oset_binaries/sh   sha1
     00000706  A$sha1_z80_sdcc_Oset_binaries/sh   sha1
     00000708  A$sha1_z80_sdcc_Oset_binaries/sh   sha1
     0000070B  A$sha1_z80_sdcc_Oset_binaries/sh   sha1
     0000070E  A$sha1_z80_sdcc_Oset_binaries/sh   sha1
     0000070F  A$sha1_z80_sdcc_Oset_binaries/sh   sha1
     00000712  A$sha1_z80_sdcc_Oset_binaries/sh   sha1
     00000715  A$sha1_z80_sdcc_Oset_binaries/sh   sha1
     00000718  A$sha1_z80_sdcc_Oset_binaries/sh   sha1
     0000071A  A$sha1_z80_sdcc_Oset_binaries/sh   sha1
     0000071E  A$sha1_z80_sdcc_Oset_binaries/sh   sha1
     00000720  A$sha1_z80_sdcc_Oset_binaries/sh   sha1
     00000723  A$sha1_z80_sdcc_Oset_binaries/sh   sha1
     00000726  A$sha1_z80_sdcc_Oset_binaries/sh   sha1
     00000729  A$sha1_z80_sdcc_Oset_binaries/sh   sha1
     0000072C  A$sha1_z80_sdcc_Oset_binaries/sh   sha1
     0000072F  A$sha1_z80_sdcc_Oset_binaries/sh   sha1
     00000732  A$sha1_z80_sdcc_Oset_binaries/sh   sha1
     00000735  A$sha1_z80_sdcc_Oset_binaries/sh   sha1
     00000738  A$sha1_z80_sdcc_Oset_binaries/sh   sha1
ASxxxx Linker V03.00 + NoICE + sdld,  page 14.
Hexadecimal  [32-Bits]

Area                                    Addr        Size        Decimal Bytes (Attributes)
--------------------------------        ----        ----        ------- ----- ------------
_CODE                               00000200    00001AA4 =        6820. bytes (REL,CON)

      Value  Global                              Global Defined In Module
      -----  --------------------------------   ------------------------
     0000073B  A$sha1_z80_sdcc_Oset_binaries/sh   sha1
     0000073E  A$sha1_z80_sdcc_Oset_binaries/sh   sha1
     00000741  A$sha1_z80_sdcc_Oset_binaries/sh   sha1
     00000744  A$sha1_z80_sdcc_Oset_binaries/sh   sha1
     00000747  A$sha1_z80_sdcc_Oset_binaries/sh   sha1
     0000074A  A$sha1_z80_sdcc_Oset_binaries/sh   sha1
     0000074D  A$sha1_z80_sdcc_Oset_binaries/sh   sha1
     00000750  A$sha1_z80_sdcc_Oset_binaries/sh   sha1
     00000753  A$sha1_z80_sdcc_Oset_binaries/sh   sha1
     00000756  A$sha1_z80_sdcc_Oset_binaries/sh   sha1
     00000759  A$sha1_z80_sdcc_Oset_binaries/sh   sha1
     0000075C  A$sha1_z80_sdcc_Oset_binaries/sh   sha1
     0000075F  A$sha1_z80_sdcc_Oset_binaries/sh   sha1
     00000762  A$sha1_z80_sdcc_Oset_binaries/sh   sha1
     00000765  A$sha1_z80_sdcc_Oset_binaries/sh   sha1
     00000768  A$sha1_z80_sdcc_Oset_binaries/sh   sha1
     0000076B  A$sha1_z80_sdcc_Oset_binaries/sh   sha1
     0000076E  A$sha1_z80_sdcc_Oset_binaries/sh   sha1
     00000771  A$sha1_z80_sdcc_Oset_binaries/sh   sha1
     00000774  A$sha1_z80_sdcc_Oset_binaries/sh   sha1
     00000777  A$sha1_z80_sdcc_Oset_binaries/sh   sha1
     0000077A  A$sha1_z80_sdcc_Oset_binaries/sh   sha1
     0000077D  A$sha1_z80_sdcc_Oset_binaries/sh   sha1
     00000780  A$sha1_z80_sdcc_Oset_binaries/sh   sha1
     00000783  A$sha1_z80_sdcc_Oset_binaries/sh   sha1
     00000786  A$sha1_z80_sdcc_Oset_binaries/sh   sha1
     00000789  A$sha1_z80_sdcc_Oset_binaries/sh   sha1
     0000078C  A$sha1_z80_sdcc_Oset_binaries/sh   sha1
     0000078F  A$sha1_z80_sdcc_Oset_binaries/sh   sha1
     00000792  A$sha1_z80_sdcc_Oset_binaries/sh   sha1
     00000795  A$sha1_z80_sdcc_Oset_binaries/sh   sha1
     00000798  A$sha1_z80_sdcc_Oset_binaries/sh   sha1
     0000079B  A$sha1_z80_sdcc_Oset_binaries/sh   sha1
     0000079E  A$sha1_z80_sdcc_Oset_binaries/sh   sha1
     000007A1  A$sha1_z80_sdcc_Oset_binaries/sh   sha1
     000007A4  A$sha1_z80_sdcc_Oset_binaries/sh   sha1
     000007A7  A$sha1_z80_sdcc_Oset_binaries/sh   sha1
     000007AA  A$sha1_z80_sdcc_Oset_binaries/sh   sha1
     000007AD  A$sha1_z80_sdcc_Oset_binaries/sh   sha1
     000007B0  A$sha1_z80_sdcc_Oset_binaries/sh   sha1
     000007B3  A$sha1_z80_sdcc_Oset_binaries/sh   sha1
     000007B6  A$sha1_z80_sdcc_Oset_binaries/sh   sha1
     000007B8  A$sha1_z80_sdcc_Oset_binaries/sh   sha1
     000007BA  A$sha1_z80_sdcc_Oset_binaries/sh   sha1
     000007BC  A$sha1_z80_sdcc_Oset_binaries/sh   sha1
     000007BE  A$sha1_z80_sdcc_Oset_binaries/sh   sha1
     000007BF  A$sha1_z80_sdcc_Oset_binaries/sh   sha1
     000007C2  A$sha1_z80_sdcc_Oset_binaries/sh   sha1
     000007C3  A$sha1_z80_sdcc_Oset_binaries/sh   sha1
     000007C4  A$sha1_z80_sdcc_Oset_binaries/sh   sha1
     000007C7  A$sha1_z80_sdcc_Oset_binaries/sh   sha1
ASxxxx Linker V03.00 + NoICE + sdld,  page 15.
Hexadecimal  [32-Bits]

Area                                    Addr        Size        Decimal Bytes (Attributes)
--------------------------------        ----        ----        ------- ----- ------------
_CODE                               00000200    00001AA4 =        6820. bytes (REL,CON)

      Value  Global                              Global Defined In Module
      -----  --------------------------------   ------------------------
     000007C8  A$sha1_z80_sdcc_Oset_binaries/sh   sha1
     000007C9  A$sha1_z80_sdcc_Oset_binaries/sh   sha1
     000007CA  A$sha1_z80_sdcc_Oset_binaries/sh   sha1
     000007CB  A$sha1_z80_sdcc_Oset_binaries/sh   sha1
     000007CE  A$sha1_z80_sdcc_Oset_binaries/sh   sha1
     000007CF  A$sha1_z80_sdcc_Oset_binaries/sh   sha1
     000007D0  A$sha1_z80_sdcc_Oset_binaries/sh   sha1
     000007D3  A$sha1_z80_sdcc_Oset_binaries/sh   sha1
     000007D5  A$sha1_z80_sdcc_Oset_binaries/sh   sha1
     000007D6  A$sha1_z80_sdcc_Oset_binaries/sh   sha1
     000007D9  A$sha1_z80_sdcc_Oset_binaries/sh   sha1
     000007DC  A$sha1_z80_sdcc_Oset_binaries/sh   sha1
     000007DF  A$sha1_z80_sdcc_Oset_binaries/sh   sha1
     000007E2  A$sha1_z80_sdcc_Oset_binaries/sh   sha1
     000007E5  A$sha1_z80_sdcc_Oset_binaries/sh   sha1
     000007E8  A$sha1_z80_sdcc_Oset_binaries/sh   sha1
     000007EB  A$sha1_z80_sdcc_Oset_binaries/sh   sha1
     000007EE  A$sha1_z80_sdcc_Oset_binaries/sh   sha1
     000007F1  A$sha1_z80_sdcc_Oset_binaries/sh   sha1
     000007F4  A$sha1_z80_sdcc_Oset_binaries/sh   sha1
     000007F7  A$sha1_z80_sdcc_Oset_binaries/sh   sha1
     000007FA  A$sha1_z80_sdcc_Oset_binaries/sh   sha1
     000007FA  C$sha1.c$62$3_0$40                 sha1
     000007FB  A$sha1_z80_sdcc_Oset_binaries/sh   sha1
     000007FE  A$sha1_z80_sdcc_Oset_binaries/sh   sha1
     000007FF  A$sha1_z80_sdcc_Oset_binaries/sh   sha1
     00000800  A$sha1_z80_sdcc_Oset_binaries/sh   sha1
     00000803  A$sha1_z80_sdcc_Oset_binaries/sh   sha1
     00000804  A$sha1_z80_sdcc_Oset_binaries/sh   sha1
     00000807  A$sha1_z80_sdcc_Oset_binaries/sh   sha1
     00000809  A$sha1_z80_sdcc_Oset_binaries/sh   sha1
     0000080A  A$sha1_z80_sdcc_Oset_binaries/sh   sha1
     0000080A  C$sha1.c$63$3_0$40                 sha1
     0000080B  A$sha1_z80_sdcc_Oset_binaries/sh   sha1
     0000080E  A$sha1_z80_sdcc_Oset_binaries/sh   sha1
     0000080F  A$sha1_z80_sdcc_Oset_binaries/sh   sha1
     00000810  A$sha1_z80_sdcc_Oset_binaries/sh   sha1
     00000813  A$sha1_z80_sdcc_Oset_binaries/sh   sha1
     00000814  A$sha1_z80_sdcc_Oset_binaries/sh   sha1
     00000817  A$sha1_z80_sdcc_Oset_binaries/sh   sha1
     00000819  A$sha1_z80_sdcc_Oset_binaries/sh   sha1
     0000081A  A$sha1_z80_sdcc_Oset_binaries/sh   sha1
     0000081A  C$sha1.c$64$3_0$40                 sha1
     0000081D  A$sha1_z80_sdcc_Oset_binaries/sh   sha1
     00000820  A$sha1_z80_sdcc_Oset_binaries/sh   sha1
     00000821  A$sha1_z80_sdcc_Oset_binaries/sh   sha1
     00000824  A$sha1_z80_sdcc_Oset_binaries/sh   sha1
     00000827  A$sha1_z80_sdcc_Oset_binaries/sh   sha1
     0000082A  A$sha1_z80_sdcc_Oset_binaries/sh   sha1
     0000082C  A$sha1_z80_sdcc_Oset_binaries/sh   sha1
     00000830  A$sha1_z80_sdcc_Oset_binaries/sh   sha1
ASxxxx Linker V03.00 + NoICE + sdld,  page 16.
Hexadecimal  [32-Bits]

Area                                    Addr        Size        Decimal Bytes (Attributes)
--------------------------------        ----        ----        ------- ----- ------------
_CODE                               00000200    00001AA4 =        6820. bytes (REL,CON)

      Value  Global                              Global Defined In Module
      -----  --------------------------------   ------------------------
     00000832  A$sha1_z80_sdcc_Oset_binaries/sh   sha1
     00000835  A$sha1_z80_sdcc_Oset_binaries/sh   sha1
     00000838  A$sha1_z80_sdcc_Oset_binaries/sh   sha1
     0000083B  A$sha1_z80_sdcc_Oset_binaries/sh   sha1
     0000083E  A$sha1_z80_sdcc_Oset_binaries/sh   sha1
     00000840  A$sha1_z80_sdcc_Oset_binaries/sh   sha1
     00000842  A$sha1_z80_sdcc_Oset_binaries/sh   sha1
     00000844  A$sha1_z80_sdcc_Oset_binaries/sh   sha1
     00000846  A$sha1_z80_sdcc_Oset_binaries/sh   sha1
     00000848  A$sha1_z80_sdcc_Oset_binaries/sh   sha1
     00000849  A$sha1_z80_sdcc_Oset_binaries/sh   sha1
     0000084B  A$sha1_z80_sdcc_Oset_binaries/sh   sha1
     0000084C  A$sha1_z80_sdcc_Oset_binaries/sh   sha1
     0000084F  A$sha1_z80_sdcc_Oset_binaries/sh   sha1
     00000850  A$sha1_z80_sdcc_Oset_binaries/sh   sha1
     00000851  A$sha1_z80_sdcc_Oset_binaries/sh   sha1
     00000854  A$sha1_z80_sdcc_Oset_binaries/sh   sha1
     00000855  A$sha1_z80_sdcc_Oset_binaries/sh   sha1
     00000856  A$sha1_z80_sdcc_Oset_binaries/sh   sha1
     00000859  A$sha1_z80_sdcc_Oset_binaries/sh   sha1
     0000085A  A$sha1_z80_sdcc_Oset_binaries/sh   sha1
     0000085B  A$sha1_z80_sdcc_Oset_binaries/sh   sha1
     0000085E  A$sha1_z80_sdcc_Oset_binaries/sh   sha1
     0000085F  A$sha1_z80_sdcc_Oset_binaries/sh   sha1
     00000862  A$sha1_z80_sdcc_Oset_binaries/sh   sha1
     00000865  A$sha1_z80_sdcc_Oset_binaries/sh   sha1
     00000868  A$sha1_z80_sdcc_Oset_binaries/sh   sha1
     0000086B  A$sha1_z80_sdcc_Oset_binaries/sh   sha1
     0000086B  C$sha1.c$65$3_0$40                 sha1
     0000086C  A$sha1_z80_sdcc_Oset_binaries/sh   sha1
     0000086F  A$sha1_z80_sdcc_Oset_binaries/sh   sha1
     00000870  A$sha1_z80_sdcc_Oset_binaries/sh   sha1
     00000871  A$sha1_z80_sdcc_Oset_binaries/sh   sha1
     00000874  A$sha1_z80_sdcc_Oset_binaries/sh   sha1
     00000875  A$sha1_z80_sdcc_Oset_binaries/sh   sha1
     00000878  A$sha1_z80_sdcc_Oset_binaries/sh   sha1
     0000087A  A$sha1_z80_sdcc_Oset_binaries/sh   sha1
     0000087B  A$sha1_z80_sdcc_Oset_binaries/sh   sha1
     0000087B  C$sha1.c$66$3_0$40                 sha1
     0000087C  A$sha1_z80_sdcc_Oset_binaries/sh   sha1
     0000087F  A$sha1_z80_sdcc_Oset_binaries/sh   sha1
     00000880  A$sha1_z80_sdcc_Oset_binaries/sh   sha1
     00000881  A$sha1_z80_sdcc_Oset_binaries/sh   sha1
     00000884  A$sha1_z80_sdcc_Oset_binaries/sh   sha1
     00000885  A$sha1_z80_sdcc_Oset_binaries/sh   sha1
     00000888  A$sha1_z80_sdcc_Oset_binaries/sh   sha1
     0000088A  A$sha1_z80_sdcc_Oset_binaries/sh   sha1
     0000088B  A$sha1_z80_sdcc_Oset_binaries/sh   sha1
     0000088B  C$sha1.c$44$2_0$39                 sha1
     0000088E  A$sha1_z80_sdcc_Oset_binaries/sh   sha1
     00000891  A$sha1_z80_sdcc_Oset_binaries/sh   sha1
ASxxxx Linker V03.00 + NoICE + sdld,  page 17.
Hexadecimal  [32-Bits]

Area                                    Addr        Size        Decimal Bytes (Attributes)
--------------------------------        ----        ----        ------- ----- ------------
_CODE                               00000200    00001AA4 =        6820. bytes (REL,CON)

      Value  Global                              Global Defined In Module
      -----  --------------------------------   ------------------------
     00000894  A$sha1_z80_sdcc_Oset_binaries/sh   sha1
     00000897  A$sha1_z80_sdcc_Oset_binaries/sh   sha1
     00000897  C$sha1.c$69$1_0$35                 sha1
     0000089A  A$sha1_z80_sdcc_Oset_binaries/sh   sha1
     0000089D  A$sha1_z80_sdcc_Oset_binaries/sh   sha1
     000008A0  A$sha1_z80_sdcc_Oset_binaries/sh   sha1
     000008A3  A$sha1_z80_sdcc_Oset_binaries/sh   sha1
     000008A6  A$sha1_z80_sdcc_Oset_binaries/sh   sha1
     000008A9  A$sha1_z80_sdcc_Oset_binaries/sh   sha1
     000008AC  A$sha1_z80_sdcc_Oset_binaries/sh   sha1
     000008AF  A$sha1_z80_sdcc_Oset_binaries/sh   sha1
     000008B2  A$sha1_z80_sdcc_Oset_binaries/sh   sha1
     000008B5  A$sha1_z80_sdcc_Oset_binaries/sh   sha1
     000008B8  A$sha1_z80_sdcc_Oset_binaries/sh   sha1
     000008BB  A$sha1_z80_sdcc_Oset_binaries/sh   sha1
     000008BE  A$sha1_z80_sdcc_Oset_binaries/sh   sha1
     000008BF  A$sha1_z80_sdcc_Oset_binaries/sh   sha1
     000008C2  A$sha1_z80_sdcc_Oset_binaries/sh   sha1
     000008C4  A$sha1_z80_sdcc_Oset_binaries/sh   sha1
     000008C4  C$sha1.c$70$1_0$35                 sha1
     000008C7  A$sha1_z80_sdcc_Oset_binaries/sh   sha1
     000008CA  A$sha1_z80_sdcc_Oset_binaries/sh   sha1
     000008CB  A$sha1_z80_sdcc_Oset_binaries/sh   sha1
     000008CC  A$sha1_z80_sdcc_Oset_binaries/sh   sha1
     000008CD  A$sha1_z80_sdcc_Oset_binaries/sh   sha1
     000008CE  A$sha1_z80_sdcc_Oset_binaries/sh   sha1
     000008CF  A$sha1_z80_sdcc_Oset_binaries/sh   sha1
     000008D0  A$sha1_z80_sdcc_Oset_binaries/sh   sha1
     000008D1  A$sha1_z80_sdcc_Oset_binaries/sh   sha1
     000008D2  A$sha1_z80_sdcc_Oset_binaries/sh   sha1
     000008D5  A$sha1_z80_sdcc_Oset_binaries/sh   sha1
     000008D6  A$sha1_z80_sdcc_Oset_binaries/sh   sha1
     000008D7  A$sha1_z80_sdcc_Oset_binaries/sh   sha1
     000008DA  A$sha1_z80_sdcc_Oset_binaries/sh   sha1
     000008DB  A$sha1_z80_sdcc_Oset_binaries/sh   sha1
     000008DC  A$sha1_z80_sdcc_Oset_binaries/sh   sha1
     000008DF  A$sha1_z80_sdcc_Oset_binaries/sh   sha1
     000008E0  A$sha1_z80_sdcc_Oset_binaries/sh   sha1
     000008E1  A$sha1_z80_sdcc_Oset_binaries/sh   sha1
     000008E4  A$sha1_z80_sdcc_Oset_binaries/sh   sha1
     000008E5  A$sha1_z80_sdcc_Oset_binaries/sh   sha1
     000008E8  A$sha1_z80_sdcc_Oset_binaries/sh   sha1
     000008EB  A$sha1_z80_sdcc_Oset_binaries/sh   sha1
     000008EC  A$sha1_z80_sdcc_Oset_binaries/sh   sha1
     000008ED  A$sha1_z80_sdcc_Oset_binaries/sh   sha1
     000008EE  A$sha1_z80_sdcc_Oset_binaries/sh   sha1
     000008EF  A$sha1_z80_sdcc_Oset_binaries/sh   sha1
     000008F0  A$sha1_z80_sdcc_Oset_binaries/sh   sha1
     000008F1  A$sha1_z80_sdcc_Oset_binaries/sh   sha1
     000008F2  A$sha1_z80_sdcc_Oset_binaries/sh   sha1
     000008F2  C$sha1.c$71$1_0$35                 sha1
ASxxxx Linker V03.00 + NoICE + sdld,  page 18.
Hexadecimal  [32-Bits]

Area                                    Addr        Size        Decimal Bytes (Attributes)
--------------------------------        ----        ----        ------- ----- ------------
_CODE                               00000200    00001AA4 =        6820. bytes (REL,CON)

      Value  Global                              Global Defined In Module
      -----  --------------------------------   ------------------------
     000008F5  A$sha1_z80_sdcc_Oset_binaries/sh   sha1
     000008F8  A$sha1_z80_sdcc_Oset_binaries/sh   sha1
     000008F9  A$sha1_z80_sdcc_Oset_binaries/sh   sha1
     000008FA  A$sha1_z80_sdcc_Oset_binaries/sh   sha1
     000008FB  A$sha1_z80_sdcc_Oset_binaries/sh   sha1
     000008FC  A$sha1_z80_sdcc_Oset_binaries/sh   sha1
     000008FD  A$sha1_z80_sdcc_Oset_binaries/sh   sha1
     000008FE  A$sha1_z80_sdcc_Oset_binaries/sh   sha1
     000008FF  A$sha1_z80_sdcc_Oset_binaries/sh   sha1
     00000900  A$sha1_z80_sdcc_Oset_binaries/sh   sha1
     00000903  A$sha1_z80_sdcc_Oset_binaries/sh   sha1
     00000904  A$sha1_z80_sdcc_Oset_binaries/sh   sha1
     00000905  A$sha1_z80_sdcc_Oset_binaries/sh   sha1
     00000908  A$sha1_z80_sdcc_Oset_binaries/sh   sha1
     00000909  A$sha1_z80_sdcc_Oset_binaries/sh   sha1
     0000090A  A$sha1_z80_sdcc_Oset_binaries/sh   sha1
     0000090D  A$sha1_z80_sdcc_Oset_binaries/sh   sha1
     0000090E  A$sha1_z80_sdcc_Oset_binaries/sh   sha1
     0000090F  A$sha1_z80_sdcc_Oset_binaries/sh   sha1
     00000912  A$sha1_z80_sdcc_Oset_binaries/sh   sha1
     00000913  A$sha1_z80_sdcc_Oset_binaries/sh   sha1
     00000916  A$sha1_z80_sdcc_Oset_binaries/sh   sha1
     00000919  A$sha1_z80_sdcc_Oset_binaries/sh   sha1
     0000091A  A$sha1_z80_sdcc_Oset_binaries/sh   sha1
     0000091B  A$sha1_z80_sdcc_Oset_binaries/sh   sha1
     0000091C  A$sha1_z80_sdcc_Oset_binaries/sh   sha1
     0000091D  A$sha1_z80_sdcc_Oset_binaries/sh   sha1
     0000091E  A$sha1_z80_sdcc_Oset_binaries/sh   sha1
     0000091F  A$sha1_z80_sdcc_Oset_binaries/sh   sha1
     00000920  A$sha1_z80_sdcc_Oset_binaries/sh   sha1
     00000920  C$sha1.c$72$1_0$35                 sha1
     00000923  A$sha1_z80_sdcc_Oset_binaries/sh   sha1
     00000926  A$sha1_z80_sdcc_Oset_binaries/sh   sha1
     00000927  A$sha1_z80_sdcc_Oset_binaries/sh   sha1
     00000928  A$sha1_z80_sdcc_Oset_binaries/sh   sha1
     00000929  A$sha1_z80_sdcc_Oset_binaries/sh   sha1
     0000092A  A$sha1_z80_sdcc_Oset_binaries/sh   sha1
     0000092B  A$sha1_z80_sdcc_Oset_binaries/sh   sha1
     0000092C  A$sha1_z80_sdcc_Oset_binaries/sh   sha1
     0000092D  A$sha1_z80_sdcc_Oset_binaries/sh   sha1
     0000092E  A$sha1_z80_sdcc_Oset_binaries/sh   sha1
     00000931  A$sha1_z80_sdcc_Oset_binaries/sh   sha1
     00000932  A$sha1_z80_sdcc_Oset_binaries/sh   sha1
     00000933  A$sha1_z80_sdcc_Oset_binaries/sh   sha1
     00000936  A$sha1_z80_sdcc_Oset_binaries/sh   sha1
     00000937  A$sha1_z80_sdcc_Oset_binaries/sh   sha1
     00000938  A$sha1_z80_sdcc_Oset_binaries/sh   sha1
     0000093B  A$sha1_z80_sdcc_Oset_binaries/sh   sha1
     0000093C  A$sha1_z80_sdcc_Oset_binaries/sh   sha1
     0000093D  A$sha1_z80_sdcc_Oset_binaries/sh   sha1
     00000940  A$sha1_z80_sdcc_Oset_binaries/sh   sha1
ASxxxx Linker V03.00 + NoICE + sdld,  page 19.
Hexadecimal  [32-Bits]

Area                                    Addr        Size        Decimal Bytes (Attributes)
--------------------------------        ----        ----        ------- ----- ------------
_CODE                               00000200    00001AA4 =        6820. bytes (REL,CON)

      Value  Global                              Global Defined In Module
      -----  --------------------------------   ------------------------
     00000941  A$sha1_z80_sdcc_Oset_binaries/sh   sha1
     00000944  A$sha1_z80_sdcc_Oset_binaries/sh   sha1
     00000947  A$sha1_z80_sdcc_Oset_binaries/sh   sha1
     00000948  A$sha1_z80_sdcc_Oset_binaries/sh   sha1
     00000949  A$sha1_z80_sdcc_Oset_binaries/sh   sha1
     0000094A  A$sha1_z80_sdcc_Oset_binaries/sh   sha1
     0000094B  A$sha1_z80_sdcc_Oset_binaries/sh   sha1
     0000094C  A$sha1_z80_sdcc_Oset_binaries/sh   sha1
     0000094D  A$sha1_z80_sdcc_Oset_binaries/sh   sha1
     0000094E  A$sha1_z80_sdcc_Oset_binaries/sh   sha1
     0000094E  C$sha1.c$73$1_0$35                 sha1
     00000951  A$sha1_z80_sdcc_Oset_binaries/sh   sha1
     00000954  A$sha1_z80_sdcc_Oset_binaries/sh   sha1
     00000955  A$sha1_z80_sdcc_Oset_binaries/sh   sha1
     00000956  A$sha1_z80_sdcc_Oset_binaries/sh   sha1
     00000957  A$sha1_z80_sdcc_Oset_binaries/sh   sha1
     00000958  A$sha1_z80_sdcc_Oset_binaries/sh   sha1
     00000959  A$sha1_z80_sdcc_Oset_binaries/sh   sha1
     0000095A  A$sha1_z80_sdcc_Oset_binaries/sh   sha1
     0000095B  A$sha1_z80_sdcc_Oset_binaries/sh   sha1
     0000095C  A$sha1_z80_sdcc_Oset_binaries/sh   sha1
     0000095F  A$sha1_z80_sdcc_Oset_binaries/sh   sha1
     00000960  A$sha1_z80_sdcc_Oset_binaries/sh   sha1
     00000961  A$sha1_z80_sdcc_Oset_binaries/sh   sha1
     00000964  A$sha1_z80_sdcc_Oset_binaries/sh   sha1
     00000965  A$sha1_z80_sdcc_Oset_binaries/sh   sha1
     00000966  A$sha1_z80_sdcc_Oset_binaries/sh   sha1
     00000969  A$sha1_z80_sdcc_Oset_binaries/sh   sha1
     0000096A  A$sha1_z80_sdcc_Oset_binaries/sh   sha1
     0000096B  A$sha1_z80_sdcc_Oset_binaries/sh   sha1
     0000096E  A$sha1_z80_sdcc_Oset_binaries/sh   sha1
     0000096F  A$sha1_z80_sdcc_Oset_binaries/sh   sha1
     00000972  A$sha1_z80_sdcc_Oset_binaries/sh   sha1
     00000975  A$sha1_z80_sdcc_Oset_binaries/sh   sha1
     00000976  A$sha1_z80_sdcc_Oset_binaries/sh   sha1
     00000977  A$sha1_z80_sdcc_Oset_binaries/sh   sha1
     00000978  A$sha1_z80_sdcc_Oset_binaries/sh   sha1
     00000979  A$sha1_z80_sdcc_Oset_binaries/sh   sha1
     0000097A  A$sha1_z80_sdcc_Oset_binaries/sh   sha1
     0000097B  A$sha1_z80_sdcc_Oset_binaries/sh   sha1
     0000097C  A$sha1_z80_sdcc_Oset_binaries/sh   sha1
     0000097E  A$sha1_z80_sdcc_Oset_binaries/sh   sha1
     00000980  A$sha1_z80_sdcc_Oset_binaries/sh   sha1
     00000980  C$sha1.c$74$1_0$35                 sha1
     00000980  XFsha1$sha1_compress$0$0           sha1
     00000981  A$sha1_z80_sdcc_Oset_binaries/sh   sha1
     00000981  C$sha1.c$78$1_0$46                 sha1
     00000981  C$sha1.c$79$1_0$46                 sha1
     00000981  Fsha1$sha1_init_alt$0$0            sha1
     00000982  A$sha1_z80_sdcc_Oset_binaries/sh   sha1
     00000983  A$sha1_z80_sdcc_Oset_binaries/sh   sha1
ASxxxx Linker V03.00 + NoICE + sdld,  page 20.
Hexadecimal  [32-Bits]

Area                                    Addr        Size        Decimal Bytes (Attributes)
--------------------------------        ----        ----        ------- ----- ------------
_CODE                               00000200    00001AA4 =        6820. bytes (REL,CON)

      Value  Global                              Global Defined In Module
      -----  --------------------------------   ------------------------
     00000984  A$sha1_z80_sdcc_Oset_binaries/sh   sha1
     00000985  A$sha1_z80_sdcc_Oset_binaries/sh   sha1
     00000986  A$sha1_z80_sdcc_Oset_binaries/sh   sha1
     00000987  A$sha1_z80_sdcc_Oset_binaries/sh   sha1
     00000989  A$sha1_z80_sdcc_Oset_binaries/sh   sha1
     0000098A  A$sha1_z80_sdcc_Oset_binaries/sh   sha1
     0000098C  A$sha1_z80_sdcc_Oset_binaries/sh   sha1
     0000098D  A$sha1_z80_sdcc_Oset_binaries/sh   sha1
     0000098F  A$sha1_z80_sdcc_Oset_binaries/sh   sha1
     00000990  A$sha1_z80_sdcc_Oset_binaries/sh   sha1
     00000992  A$sha1_z80_sdcc_Oset_binaries/sh   sha1
     00000992  C$sha1.c$80$1_0$46                 sha1
     00000995  A$sha1_z80_sdcc_Oset_binaries/sh   sha1
     00000996  A$sha1_z80_sdcc_Oset_binaries/sh   sha1
     00000998  A$sha1_z80_sdcc_Oset_binaries/sh   sha1
     00000999  A$sha1_z80_sdcc_Oset_binaries/sh   sha1
     0000099B  A$sha1_z80_sdcc_Oset_binaries/sh   sha1
     0000099C  A$sha1_z80_sdcc_Oset_binaries/sh   sha1
     0000099E  A$sha1_z80_sdcc_Oset_binaries/sh   sha1
     0000099F  A$sha1_z80_sdcc_Oset_binaries/sh   sha1
     000009A1  A$sha1_z80_sdcc_Oset_binaries/sh   sha1
     000009A1  C$sha1.c$81$1_0$46                 sha1
     000009A4  A$sha1_z80_sdcc_Oset_binaries/sh   sha1
     000009A5  A$sha1_z80_sdcc_Oset_binaries/sh   sha1
     000009A7  A$sha1_z80_sdcc_Oset_binaries/sh   sha1
     000009A8  A$sha1_z80_sdcc_Oset_binaries/sh   sha1
     000009AA  A$sha1_z80_sdcc_Oset_binaries/sh   sha1
     000009AB  A$sha1_z80_sdcc_Oset_binaries/sh   sha1
     000009AD  A$sha1_z80_sdcc_Oset_binaries/sh   sha1
     000009AE  A$sha1_z80_sdcc_Oset_binaries/sh   sha1
     000009B0  A$sha1_z80_sdcc_Oset_binaries/sh   sha1
     000009B0  C$sha1.c$82$1_0$46                 sha1
     000009B3  A$sha1_z80_sdcc_Oset_binaries/sh   sha1
     000009B4  A$sha1_z80_sdcc_Oset_binaries/sh   sha1
     000009B6  A$sha1_z80_sdcc_Oset_binaries/sh   sha1
     000009B7  A$sha1_z80_sdcc_Oset_binaries/sh   sha1
     000009B9  A$sha1_z80_sdcc_Oset_binaries/sh   sha1
     000009BA  A$sha1_z80_sdcc_Oset_binaries/sh   sha1
     000009BC  A$sha1_z80_sdcc_Oset_binaries/sh   sha1
     000009BD  A$sha1_z80_sdcc_Oset_binaries/sh   sha1
     000009BF  A$sha1_z80_sdcc_Oset_binaries/sh   sha1
     000009BF  C$sha1.c$83$1_0$46                 sha1
     000009C2  A$sha1_z80_sdcc_Oset_binaries/sh   sha1
     000009C3  A$sha1_z80_sdcc_Oset_binaries/sh   sha1
     000009C5  A$sha1_z80_sdcc_Oset_binaries/sh   sha1
     000009C6  A$sha1_z80_sdcc_Oset_binaries/sh   sha1
     000009C8  A$sha1_z80_sdcc_Oset_binaries/sh   sha1
     000009C9  A$sha1_z80_sdcc_Oset_binaries/sh   sha1
     000009CB  A$sha1_z80_sdcc_Oset_binaries/sh   sha1
     000009CC  A$sha1_z80_sdcc_Oset_binaries/sh   sha1
     000009CE  A$sha1_z80_sdcc_Oset_binaries/sh   sha1
ASxxxx Linker V03.00 + NoICE + sdld,  page 21.
Hexadecimal  [32-Bits]

Area                                    Addr        Size        Decimal Bytes (Attributes)
--------------------------------        ----        ----        ------- ----- ------------
_CODE                               00000200    00001AA4 =        6820. bytes (REL,CON)

      Value  Global                              Global Defined In Module
      -----  --------------------------------   ------------------------
     000009CE  C$sha1.c$85$1_0$46                 sha1
     000009D1  A$sha1_z80_sdcc_Oset_binaries/sh   sha1
     000009D2  A$sha1_z80_sdcc_Oset_binaries/sh   sha1
     000009D3  A$sha1_z80_sdcc_Oset_binaries/sh   sha1
     000009D4  A$sha1_z80_sdcc_Oset_binaries/sh   sha1
     000009D5  A$sha1_z80_sdcc_Oset_binaries/sh   sha1
     000009D6  A$sha1_z80_sdcc_Oset_binaries/sh   sha1
     000009D7  A$sha1_z80_sdcc_Oset_binaries/sh   sha1
     000009D8  A$sha1_z80_sdcc_Oset_binaries/sh   sha1
     000009D9  A$sha1_z80_sdcc_Oset_binaries/sh   sha1
     000009DA  A$sha1_z80_sdcc_Oset_binaries/sh   sha1
     000009DB  A$sha1_z80_sdcc_Oset_binaries/sh   sha1
     000009DC  A$sha1_z80_sdcc_Oset_binaries/sh   sha1
     000009DD  A$sha1_z80_sdcc_Oset_binaries/sh   sha1
     000009DE  A$sha1_z80_sdcc_Oset_binaries/sh   sha1
     000009DF  A$sha1_z80_sdcc_Oset_binaries/sh   sha1
     000009E0  A$sha1_z80_sdcc_Oset_binaries/sh   sha1
     000009E1  A$sha1_z80_sdcc_Oset_binaries/sh   sha1
     000009E2  A$sha1_z80_sdcc_Oset_binaries/sh   sha1
     000009E2  C$sha1.c$86$1_0$46                 sha1
     000009E5  A$sha1_z80_sdcc_Oset_binaries/sh   sha1
     000009E6  A$sha1_z80_sdcc_Oset_binaries/sh   sha1
     000009E7  A$sha1_z80_sdcc_Oset_binaries/sh   sha1
     000009E8  A$sha1_z80_sdcc_Oset_binaries/sh   sha1
     000009E9  A$sha1_z80_sdcc_Oset_binaries/sh   sha1
     000009EA  A$sha1_z80_sdcc_Oset_binaries/sh   sha1
     000009EA  C$sha1.c$87$1_0$46                 sha1
     000009EA  XFsha1$sha1_init_alt$0$0           sha1
     000009EB  A$sha1_z80_sdcc_Oset_binaries/sh   sha1
     000009EB  C$sha1.c$91$1_0$48                 sha1
     000009EB  Fsha1$sha1_update_alt$0$0          sha1
     000009EE  A$sha1_z80_sdcc_Oset_binaries/sh   sha1
     000009F1  A$sha1_z80_sdcc_Oset_binaries/sh   sha1
     000009F2  A$sha1_z80_sdcc_Oset_binaries/sh   sha1
     000009F3  A$sha1_z80_sdcc_Oset_binaries/sh   sha1
     000009F3  C$sha1.c$92$1_0$48                 sha1
     000009F6  A$sha1_z80_sdcc_Oset_binaries/sh   sha1
     000009F9  A$sha1_z80_sdcc_Oset_binaries/sh   sha1
     000009FC  A$sha1_z80_sdcc_Oset_binaries/sh   sha1
     000009FD  A$sha1_z80_sdcc_Oset_binaries/sh   sha1
     000009FE  A$sha1_z80_sdcc_Oset_binaries/sh   sha1
     000009FF  A$sha1_z80_sdcc_Oset_binaries/sh   sha1
     00000A00  A$sha1_z80_sdcc_Oset_binaries/sh   sha1
     00000A03  A$sha1_z80_sdcc_Oset_binaries/sh   sha1
     00000A04  A$sha1_z80_sdcc_Oset_binaries/sh   sha1
     00000A05  A$sha1_z80_sdcc_Oset_binaries/sh   sha1
     00000A08  A$sha1_z80_sdcc_Oset_binaries/sh   sha1
     00000A0A  A$sha1_z80_sdcc_Oset_binaries/sh   sha1
     00000A0B  A$sha1_z80_sdcc_Oset_binaries/sh   sha1
     00000A0C  A$sha1_z80_sdcc_Oset_binaries/sh   sha1
     00000A0F  A$sha1_z80_sdcc_Oset_binaries/sh   sha1
ASxxxx Linker V03.00 + NoICE + sdld,  page 22.
Hexadecimal  [32-Bits]

Area                                    Addr        Size        Decimal Bytes (Attributes)
--------------------------------        ----        ----        ------- ----- ------------
_CODE                               00000200    00001AA4 =        6820. bytes (REL,CON)

      Value  Global                              Global Defined In Module
      -----  --------------------------------   ------------------------
     00000A12  A$sha1_z80_sdcc_Oset_binaries/sh   sha1
     00000A15  A$sha1_z80_sdcc_Oset_binaries/sh   sha1
     00000A18  A$sha1_z80_sdcc_Oset_binaries/sh   sha1
     00000A19  A$sha1_z80_sdcc_Oset_binaries/sh   sha1
     00000A1C  A$sha1_z80_sdcc_Oset_binaries/sh   sha1
     00000A1F  A$sha1_z80_sdcc_Oset_binaries/sh   sha1
     00000A22  A$sha1_z80_sdcc_Oset_binaries/sh   sha1
     00000A25  A$sha1_z80_sdcc_Oset_binaries/sh   sha1
     00000A28  A$sha1_z80_sdcc_Oset_binaries/sh   sha1
     00000A2B  A$sha1_z80_sdcc_Oset_binaries/sh   sha1
     00000A2D  A$sha1_z80_sdcc_Oset_binaries/sh   sha1
     00000A31  A$sha1_z80_sdcc_Oset_binaries/sh   sha1
     00000A35  A$sha1_z80_sdcc_Oset_binaries/sh   sha1
     00000A39  A$sha1_z80_sdcc_Oset_binaries/sh   sha1
     00000A3D  A$sha1_z80_sdcc_Oset_binaries/sh   sha1
     00000A41  A$sha1_z80_sdcc_Oset_binaries/sh   sha1
     00000A45  A$sha1_z80_sdcc_Oset_binaries/sh   sha1
     00000A49  A$sha1_z80_sdcc_Oset_binaries/sh   sha1
     00000A4D  A$sha1_z80_sdcc_Oset_binaries/sh   sha1
     00000A4E  A$sha1_z80_sdcc_Oset_binaries/sh   sha1
     00000A50  A$sha1_z80_sdcc_Oset_binaries/sh   sha1
     00000A53  A$sha1_z80_sdcc_Oset_binaries/sh   sha1
     00000A56  A$sha1_z80_sdcc_Oset_binaries/sh   sha1
     00000A59  A$sha1_z80_sdcc_Oset_binaries/sh   sha1
     00000A5C  A$sha1_z80_sdcc_Oset_binaries/sh   sha1
     00000A5F  A$sha1_z80_sdcc_Oset_binaries/sh   sha1
     00000A62  A$sha1_z80_sdcc_Oset_binaries/sh   sha1
     00000A65  A$sha1_z80_sdcc_Oset_binaries/sh   sha1
     00000A68  A$sha1_z80_sdcc_Oset_binaries/sh   sha1
     00000A6B  A$sha1_z80_sdcc_Oset_binaries/sh   sha1
     00000A6E  A$sha1_z80_sdcc_Oset_binaries/sh   sha1
     00000A71  A$sha1_z80_sdcc_Oset_binaries/sh   sha1
     00000A74  A$sha1_z80_sdcc_Oset_binaries/sh   sha1
     00000A77  A$sha1_z80_sdcc_Oset_binaries/sh   sha1
     00000A7A  A$sha1_z80_sdcc_Oset_binaries/sh   sha1
     00000A7D  A$sha1_z80_sdcc_Oset_binaries/sh   sha1
     00000A80  A$sha1_z80_sdcc_Oset_binaries/sh   sha1
     00000A83  A$sha1_z80_sdcc_Oset_binaries/sh   sha1
     00000A86  A$sha1_z80_sdcc_Oset_binaries/sh   sha1
     00000A89  A$sha1_z80_sdcc_Oset_binaries/sh   sha1
     00000A8C  A$sha1_z80_sdcc_Oset_binaries/sh   sha1
     00000A8F  A$sha1_z80_sdcc_Oset_binaries/sh   sha1
     00000A92  A$sha1_z80_sdcc_Oset_binaries/sh   sha1
     00000A95  A$sha1_z80_sdcc_Oset_binaries/sh   sha1
     00000A98  A$sha1_z80_sdcc_Oset_binaries/sh   sha1
     00000A99  A$sha1_z80_sdcc_Oset_binaries/sh   sha1
     00000A9C  A$sha1_z80_sdcc_Oset_binaries/sh   sha1
     00000A9D  A$sha1_z80_sdcc_Oset_binaries/sh   sha1
     00000AA0  A$sha1_z80_sdcc_Oset_binaries/sh   sha1
     00000AA2  A$sha1_z80_sdcc_Oset_binaries/sh   sha1
     00000AA3  A$sha1_z80_sdcc_Oset_binaries/sh   sha1
ASxxxx Linker V03.00 + NoICE + sdld,  page 23.
Hexadecimal  [32-Bits]

Area                                    Addr        Size        Decimal Bytes (Attributes)
--------------------------------        ----        ----        ------- ----- ------------
_CODE                               00000200    00001AA4 =        6820. bytes (REL,CON)

      Value  Global                              Global Defined In Module
      -----  --------------------------------   ------------------------
     00000AA3  C$sha1.c$94$2_0$49                 sha1
     00000AA6  A$sha1_z80_sdcc_Oset_binaries/sh   sha1
     00000AA7  A$sha1_z80_sdcc_Oset_binaries/sh   sha1
     00000AAA  A$sha1_z80_sdcc_Oset_binaries/sh   sha1
     00000AAD  A$sha1_z80_sdcc_Oset_binaries/sh   sha1
     00000AB0  A$sha1_z80_sdcc_Oset_binaries/sh   sha1
     00000AB3  A$sha1_z80_sdcc_Oset_binaries/sh   sha1
     00000AB6  A$sha1_z80_sdcc_Oset_binaries/sh   sha1
     00000AB9  A$sha1_z80_sdcc_Oset_binaries/sh   sha1
     00000ABC  A$sha1_z80_sdcc_Oset_binaries/sh   sha1
     00000ABC  C$sha1.c$95$2_0$49                 sha1
     00000ABF  A$sha1_z80_sdcc_Oset_binaries/sh   sha1
     00000AC0  A$sha1_z80_sdcc_Oset_binaries/sh   sha1
     00000AC3  A$sha1_z80_sdcc_Oset_binaries/sh   sha1
     00000AC6  A$sha1_z80_sdcc_Oset_binaries/sh   sha1
     00000AC7  A$sha1_z80_sdcc_Oset_binaries/sh   sha1
     00000AC8  A$sha1_z80_sdcc_Oset_binaries/sh   sha1
     00000AC9  A$sha1_z80_sdcc_Oset_binaries/sh   sha1
     00000ACA  A$sha1_z80_sdcc_Oset_binaries/sh   sha1
     00000ACC  A$sha1_z80_sdcc_Oset_binaries/sh   sha1
     00000ACD  A$sha1_z80_sdcc_Oset_binaries/sh   sha1
     00000ACE  A$sha1_z80_sdcc_Oset_binaries/sh   sha1
     00000AD0  A$sha1_z80_sdcc_Oset_binaries/sh   sha1
     00000AD1  A$sha1_z80_sdcc_Oset_binaries/sh   sha1
     00000AD2  A$sha1_z80_sdcc_Oset_binaries/sh   sha1
     00000AD2  C$sha1.c$96$2_0$49                 sha1
     00000AD5  A$sha1_z80_sdcc_Oset_binaries/sh   sha1
     00000AD6  A$sha1_z80_sdcc_Oset_binaries/sh   sha1
     00000AD9  A$sha1_z80_sdcc_Oset_binaries/sh   sha1
     00000ADA  A$sha1_z80_sdcc_Oset_binaries/sh   sha1
     00000ADC  A$sha1_z80_sdcc_Oset_binaries/sh   sha1
     00000ADF  A$sha1_z80_sdcc_Oset_binaries/sh   sha1
     00000AE2  A$sha1_z80_sdcc_Oset_binaries/sh   sha1
     00000AE2  C$sha1.c$98$2_0$49                 sha1
     00000AE3  A$sha1_z80_sdcc_Oset_binaries/sh   sha1
     00000AE6  A$sha1_z80_sdcc_Oset_binaries/sh   sha1
     00000AE7  A$sha1_z80_sdcc_Oset_binaries/sh   sha1
     00000AE8  A$sha1_z80_sdcc_Oset_binaries/sh   sha1
     00000AEB  A$sha1_z80_sdcc_Oset_binaries/sh   sha1
     00000AEC  A$sha1_z80_sdcc_Oset_binaries/sh   sha1
     00000AEF  A$sha1_z80_sdcc_Oset_binaries/sh   sha1
     00000AF2  A$sha1_z80_sdcc_Oset_binaries/sh   sha1
     00000AF5  A$sha1_z80_sdcc_Oset_binaries/sh   sha1
     00000AF8  A$sha1_z80_sdcc_Oset_binaries/sh   sha1
     00000AF9  A$sha1_z80_sdcc_Oset_binaries/sh   sha1
     00000AFA  A$sha1_z80_sdcc_Oset_binaries/sh   sha1
     00000AFB  A$sha1_z80_sdcc_Oset_binaries/sh   sha1
     00000AFC  A$sha1_z80_sdcc_Oset_binaries/sh   sha1
     00000AFF  A$sha1_z80_sdcc_Oset_binaries/sh   sha1
     00000B02  A$sha1_z80_sdcc_Oset_binaries/sh   sha1
     00000B03  A$sha1_z80_sdcc_Oset_binaries/sh   sha1
ASxxxx Linker V03.00 + NoICE + sdld,  page 24.
Hexadecimal  [32-Bits]

Area                                    Addr        Size        Decimal Bytes (Attributes)
--------------------------------        ----        ----        ------- ----- ------------
_CODE                               00000200    00001AA4 =        6820. bytes (REL,CON)

      Value  Global                              Global Defined In Module
      -----  --------------------------------   ------------------------
     00000B06  A$sha1_z80_sdcc_Oset_binaries/sh   sha1
     00000B07  A$sha1_z80_sdcc_Oset_binaries/sh   sha1
     00000B08  A$sha1_z80_sdcc_Oset_binaries/sh   sha1
     00000B09  A$sha1_z80_sdcc_Oset_binaries/sh   sha1
     00000B0A  A$sha1_z80_sdcc_Oset_binaries/sh   sha1
     00000B0B  A$sha1_z80_sdcc_Oset_binaries/sh   sha1
     00000B0B  C$sha1.c$99$2_0$49                 sha1
     00000B0E  A$sha1_z80_sdcc_Oset_binaries/sh   sha1
     00000B11  A$sha1_z80_sdcc_Oset_binaries/sh   sha1
     00000B12  A$sha1_z80_sdcc_Oset_binaries/sh   sha1
     00000B13  A$sha1_z80_sdcc_Oset_binaries/sh   sha1
     00000B14  A$sha1_z80_sdcc_Oset_binaries/sh   sha1
     00000B15  A$sha1_z80_sdcc_Oset_binaries/sh   sha1
     00000B16  A$sha1_z80_sdcc_Oset_binaries/sh   sha1
     00000B19  A$sha1_z80_sdcc_Oset_binaries/sh   sha1
     00000B1C  A$sha1_z80_sdcc_Oset_binaries/sh   sha1
     00000B1F  A$sha1_z80_sdcc_Oset_binaries/sh   sha1
     00000B22  A$sha1_z80_sdcc_Oset_binaries/sh   sha1
     00000B25  A$sha1_z80_sdcc_Oset_binaries/sh   sha1
     00000B26  A$sha1_z80_sdcc_Oset_binaries/sh   sha1
     00000B27  A$sha1_z80_sdcc_Oset_binaries/sh   sha1
     00000B2A  A$sha1_z80_sdcc_Oset_binaries/sh   sha1
     00000B2B  A$sha1_z80_sdcc_Oset_binaries/sh   sha1
     00000B2B  C$sha1.c$100$2_0$49                sha1
     00000B2E  A$sha1_z80_sdcc_Oset_binaries/sh   sha1
     00000B2F  A$sha1_z80_sdcc_Oset_binaries/sh   sha1
     00000B32  A$sha1_z80_sdcc_Oset_binaries/sh   sha1
     00000B35  A$sha1_z80_sdcc_Oset_binaries/sh   sha1
     00000B36  A$sha1_z80_sdcc_Oset_binaries/sh   sha1
     00000B39  A$sha1_z80_sdcc_Oset_binaries/sh   sha1
     00000B39  C$sha1.c$101$2_0$49                sha1
     00000B3C  A$sha1_z80_sdcc_Oset_binaries/sh   sha1
     00000B3D  A$sha1_z80_sdcc_Oset_binaries/sh   sha1
     00000B40  A$sha1_z80_sdcc_Oset_binaries/sh   sha1
     00000B43  A$sha1_z80_sdcc_Oset_binaries/sh   sha1
     00000B44  A$sha1_z80_sdcc_Oset_binaries/sh   sha1
     00000B47  A$sha1_z80_sdcc_Oset_binaries/sh   sha1
     00000B47  C$sha1.c$103$2_0$49                sha1
     00000B4A  A$sha1_z80_sdcc_Oset_binaries/sh   sha1
     00000B4C  A$sha1_z80_sdcc_Oset_binaries/sh   sha1
     00000B4F  A$sha1_z80_sdcc_Oset_binaries/sh   sha1
     00000B52  A$sha1_z80_sdcc_Oset_binaries/sh   sha1
     00000B52  C$sha1.c$104$3_0$50                sha1
     00000B55  A$sha1_z80_sdcc_Oset_binaries/sh   sha1
     00000B56  A$sha1_z80_sdcc_Oset_binaries/sh   sha1
     00000B57  A$sha1_z80_sdcc_Oset_binaries/sh   sha1
     00000B58  A$sha1_z80_sdcc_Oset_binaries/sh   sha1
     00000B59  A$sha1_z80_sdcc_Oset_binaries/sh   sha1
     00000B5C  A$sha1_z80_sdcc_Oset_binaries/sh   sha1
     00000B5D  A$sha1_z80_sdcc_Oset_binaries/sh   sha1
     00000B5E  A$sha1_z80_sdcc_Oset_binaries/sh   sha1
ASxxxx Linker V03.00 + NoICE + sdld,  page 25.
Hexadecimal  [32-Bits]

Area                                    Addr        Size        Decimal Bytes (Attributes)
--------------------------------        ----        ----        ------- ----- ------------
_CODE                               00000200    00001AA4 =        6820. bytes (REL,CON)

      Value  Global                              Global Defined In Module
      -----  --------------------------------   ------------------------
     00000B5F  A$sha1_z80_sdcc_Oset_binaries/sh   sha1
     00000B5F  C$sha1.c$105$3_0$50                sha1
     00000B62  A$sha1_z80_sdcc_Oset_binaries/sh   sha1
     00000B64  A$sha1_z80_sdcc_Oset_binaries/sh   sha1
     00000B65  A$sha1_z80_sdcc_Oset_binaries/sh   sha1
     00000B68  A$sha1_z80_sdcc_Oset_binaries/sh   sha1
     00000B6A  A$sha1_z80_sdcc_Oset_binaries/sh   sha1
     00000B6B  A$sha1_z80_sdcc_Oset_binaries/sh   sha1
     00000B6C  A$sha1_z80_sdcc_Oset_binaries/sh   sha1
     00000B6D  A$sha1_z80_sdcc_Oset_binaries/sh   sha1
     00000B6E  A$sha1_z80_sdcc_Oset_binaries/sh   sha1
     00000B6F  A$sha1_z80_sdcc_Oset_binaries/sh   sha1
     00000B72  A$sha1_z80_sdcc_Oset_binaries/sh   sha1
     00000B74  A$sha1_z80_sdcc_Oset_binaries/sh   sha1
     00000B76  A$sha1_z80_sdcc_Oset_binaries/sh   sha1
     00000B76  C$sha1.c$108$1_0$48                sha1
     00000B76  XFsha1$sha1_update_alt$0$0         sha1
     00000B77  A$sha1_z80_sdcc_Oset_binaries/sh   sha1
     00000B77  C$sha1.c$112$1_0$52                sha1
[...]
     00000D79  A$sha1_z80_sdcc_Oset_binaries/sh   sha1
     00000D7C  A$sha1_z80_sdcc_Oset_binaries/sh   sha1
     00000D7F  A$sha1_z80_sdcc_Oset_binaries/sh   sha1
     00000D80  A$sha1_z80_sdcc_Oset_binaries/sh   sha1
     00000D83  A$sha1_z80_sdcc_Oset_binaries/sh   sha1
     00000D86  A$sha1_z80_sdcc_Oset_binaries/sh   sha1
     00000D89  A$sha1_z80_sdcc_Oset_binaries/sh   sha1
     00000D8B  A$sha1_z80_sdcc_Oset_binaries/sh   sha1
     00000D8E  A$sha1_z80_sdcc_Oset_binaries/sh   sha1
     00000D8F  A$sha1_z80_sdcc_Oset_binaries/sh   sha1
     00000D90  A$sha1_z80_sdcc_Oset_binaries/sh   sha1
     00000D91  A$sha1_z80_sdcc_Oset_binaries/sh   sha1
     00000D93  A$sha1_z80_sdcc_Oset_binaries/sh   sha1
     00000D96  A$sha1_z80_sdcc_Oset_binaries/sh   sha1
     00000D96  C$sha1.c$138$3_1$58                sha1
     00000D99  A$sha1_z80_sdcc_Oset_binaries/sh   sha1
     00000D9C  A$sha1_z80_sdcc_Oset_binaries/sh   sha1
     00000D9E  A$sha1_z80_sdcc_Oset_binaries/sh   sha1
     00000DA0  A$sha1_z80_sdcc_Oset_binaries/sh   sha1
     00000DA2  A$sha1_z80_sdcc_Oset_binaries/sh   sha1
     00000DA4  A$sha1_z80_sdcc_Oset_binaries/sh   sha1
     00000DA7  A$sha1_z80_sdcc_Oset_binaries/sh   sha1
     00000DA8  A$sha1_z80_sdcc_Oset_binaries/sh   sha1
     00000DAB  A$sha1_z80_sdcc_Oset_binaries/sh   sha1
     00000DAE  A$sha1_z80_sdcc_Oset_binaries/sh   sha1
     00000DAF  A$sha1_z80_sdcc_Oset_binaries/sh   sha1
     00000DB2  A$sha1_z80_sdcc_Oset_binaries/sh   sha1
     00000DB5  A$sha1_z80_sdcc_Oset_binaries/sh   sha1
     00000DB6  A$sha1_z80_sdcc_Oset_binaries/sh   sha1
     00000DB9  A$sha1_z80_sdcc_Oset_binaries/sh   sha1
     00000DBC  A$sha1_z80_sdcc_Oset_binaries/sh   sha1
     00000DBD  A$sha1_z80_sdcc_Oset_binaries/sh   sha1
     00000DC0  A$sha1_z80_sdcc_Oset_binaries/sh   sha1
     00000DC3  A$sha1_z80_sdcc_Oset_binaries/sh   sha1
     00000DC6  A$sha1_z80_sdcc_Oset_binaries/sh   sha1
     00000DC7  A$sha1_z80_sdcc_Oset_binaries/sh   sha1
     00000DC8  A$sha1_z80_sdcc_Oset_binaries/sh   sha1
     00000DC9  A$sha1_z80_sdcc_Oset_binaries/sh   sha1
     00000DCA  A$sha1_z80_sdcc_Oset_binaries/sh   sha1
ASxxxx Linker V03.00 + NoICE + sdld,  page 31.
Hexadecimal  [32-Bits]

Area                                    Addr        Size        Decimal Bytes (Attributes)
--------------------------------        ----        ----        ------- ----- ------------
_CODE                               00000200    00001AA4 =        6820. bytes (REL,CON)

      Value  Global                              Global Defined In Module
      -----  --------------------------------   ------------------------
     00000DCD  A$sha1_z80_sdcc_Oset_binaries/sh   sha1
     00000DD0  A$sha1_z80_sdcc_Oset_binaries/sh   sha1
     00000DD1  A$sha1_z80_sdcc_Oset_binaries/sh   sha1
     00000DD1  C$sha1.c$139$3_1$58                sha1
     00000DD2  A$sha1_z80_sdcc_Oset_binaries/sh   sha1
     00000DD3  A$sha1_z80_sdcc_Oset_binaries/sh   sha1
     00000DD4  A$sha1_z80_sdcc_Oset_binaries/sh   sha1
     00000DD7  A$sha1_z80_sdcc_Oset_binaries/sh   sha1
     00000DD8  A$sha1_z80_sdcc_Oset_binaries/sh   sha1
     00000DDB  A$sha1_z80_sdcc_Oset_binaries/sh   sha1
     00000DDE  A$sha1_z80_sdcc_Oset_binaries/sh   sha1
     00000DDF  A$sha1_z80_sdcc_Oset_binaries/sh   sha1
     00000DE2  A$sha1_z80_sdcc_Oset_binaries/sh   sha1
     00000DE5  A$sha1_z80_sdcc_Oset_binaries/sh   sha1
     00000DE8  A$sha1_z80_sdcc_Oset_binaries/sh   sha1
     00000DE9  A$sha1_z80_sdcc_Oset_binaries/sh   sha1
     00000DEA  A$sha1_z80_sdcc_Oset_binaries/sh   sha1
     00000DEB  A$sha1_z80_sdcc_Oset_binaries/sh   sha1
     00000DEC  A$sha1_z80_sdcc_Oset_binaries/sh   sha1
     00000DED  A$sha1_z80_sdcc_Oset_binaries/sh   sha1
     00000DF0  A$sha1_z80_sdcc_Oset_binaries/sh   sha1
     00000DF3  A$sha1_z80_sdcc_Oset_binaries/sh   sha1
     00000DF4  A$sha1_z80_sdcc_Oset_binaries/sh   sha1
     00000DF4  C$sha1.c$140$3_1$58                sha1
     00000DF5  A$sha1_z80_sdcc_Oset_binaries/sh   sha1
     00000DF6  A$sha1_z80_sdcc_Oset_binaries/sh   sha1
     00000DF7  A$sha1_z80_sdcc_Oset_binaries/sh   sha1
     00000DF8  A$sha1_z80_sdcc_Oset_binaries/sh   sha1
     00000DFB  A$sha1_z80_sdcc_Oset_binaries/sh   sha1
     00000DFC  A$sha1_z80_sdcc_Oset_binaries/sh   sha1
     00000DFD  A$sha1_z80_sdcc_Oset_binaries/sh   sha1
     00000E00  A$sha1_z80_sdcc_Oset_binaries/sh   sha1
     00000E01  A$sha1_z80_sdcc_Oset_binaries/sh   sha1
     00000E02  A$sha1_z80_sdcc_Oset_binaries/sh   sha1
     00000E05  A$sha1_z80_sdcc_Oset_binaries/sh   sha1
     00000E08  A$sha1_z80_sdcc_Oset_binaries/sh   sha1
     00000E09  A$sha1_z80_sdcc_Oset_binaries/sh   sha1
     00000E0A  A$sha1_z80_sdcc_Oset_binaries/sh   sha1
     00000E0B  A$sha1_z80_sdcc_Oset_binaries/sh   sha1
     00000E0B  C$sha1.c$141$3_1$58                sha1
     00000E0C  A$sha1_z80_sdcc_Oset_binaries/sh   sha1
     00000E0D  A$sha1_z80_sdcc_Oset_binaries/sh   sha1
     00000E0E  A$sha1_z80_sdcc_Oset_binaries/sh   sha1
     00000E0F  A$sha1_z80_sdcc_Oset_binaries/sh   sha1
     00000E12  A$sha1_z80_sdcc_Oset_binaries/sh   sha1
     00000E13  A$sha1_z80_sdcc_Oset_binaries/sh   sha1
     00000E14  A$sha1_z80_sdcc_Oset_binaries/sh   sha1
     00000E17  A$sha1_z80_sdcc_Oset_binaries/sh   sha1
     00000E18  A$sha1_z80_sdcc_Oset_binaries/sh   sha1
     00000E19  A$sha1_z80_sdcc_Oset_binaries/sh   sha1
     00000E1C  A$sha1_z80_sdcc_Oset_binaries/sh   sha1
ASxxxx Linker V03.00 + NoICE + sdld,  page 32.
Hexadecimal  [32-Bits]

Area                                    Addr        Size        Decimal Bytes (Attributes)
--------------------------------        ----        ----        ------- ----- ------------
_CODE                               00000200    00001AA4 =        6820. bytes (REL,CON)

      Value  Global                              Global Defined In Module
      -----  --------------------------------   ------------------------
     00000E1F  A$sha1_z80_sdcc_Oset_binaries/sh   sha1
     00000E20  A$sha1_z80_sdcc_Oset_binaries/sh   sha1
     00000E21  A$sha1_z80_sdcc_Oset_binaries/sh   sha1
     00000E21  C$sha1.c$137$2_1$57                sha1
     00000E24  A$sha1_z80_sdcc_Oset_binaries/sh   sha1
     00000E27  A$sha1_z80_sdcc_Oset_binaries/sh   sha1
     00000E2A  A$sha1_z80_sdcc_Oset_binaries/sh   sha1
     00000E2D  A$sha1_z80_sdcc_Oset_binaries/sh   sha1
     00000E2F  A$sha1_z80_sdcc_Oset_binaries/sh   sha1
     00000E31  A$sha1_z80_sdcc_Oset_binaries/sh   sha1
     00000E31  C$sha1.c$143$2_1$52                sha1
     00000E31  XFsha1$sha1_final_alt$0$0          sha1
     00000E32  A$sha1_z80_sdcc_Oset_binaries/sh   sha1
     00000E32  C$sha1.c$147$2_1$59                sha1
     00000E32  G$main$0$0                         sha1
     00000E32  _main                              sha1
     00000E35  A$sha1_z80_sdcc_Oset_binaries/sh   sha1
     00000E38  A$sha1_z80_sdcc_Oset_binaries/sh   sha1
     00000E39  A$sha1_z80_sdcc_Oset_binaries/sh   sha1
     00000E3A  A$sha1_z80_sdcc_Oset_binaries/sh   sha1
     00000E3A  C$sha1.c$148$2_0$59                sha1
     00000E3A  C$sha1.c$152$1_0$59                sha1
     00000E3D  A$sha1_z80_sdcc_Oset_binaries/sh   sha1
     00000E3E  A$sha1_z80_sdcc_Oset_binaries/sh   sha1
     00000E3F  A$sha1_z80_sdcc_Oset_binaries/sh   sha1
     00000E40  A$sha1_z80_sdcc_Oset_binaries/sh   sha1
     00000E41  A$sha1_z80_sdcc_Oset_binaries/sh   sha1
     00000E42  A$sha1_z80_sdcc_Oset_binaries/sh   sha1
     00000E43  A$sha1_z80_sdcc_Oset_binaries/sh   sha1
     00000E46  A$sha1_z80_sdcc_Oset_binaries/sh   sha1
     00000E47  A$sha1_z80_sdcc_Oset_binaries/sh   sha1
     00000E48  A$sha1_z80_sdcc_Oset_binaries/sh   sha1
     00000E48  C$sha1.c$153$1_0$59                sha1
     00000E4B  A$sha1_z80_sdcc_Oset_binaries/sh   sha1
     00000E4C  A$sha1_z80_sdcc_Oset_binaries/sh   sha1
     00000E4F  A$sha1_z80_sdcc_Oset_binaries/sh   sha1
     00000E50  A$sha1_z80_sdcc_Oset_binaries/sh   sha1
     00000E51  A$sha1_z80_sdcc_Oset_binaries/sh   sha1
     00000E52  A$sha1_z80_sdcc_Oset_binaries/sh   sha1
     00000E53  A$sha1_z80_sdcc_Oset_binaries/sh   sha1
     00000E54  A$sha1_z80_sdcc_Oset_binaries/sh   sha1
     00000E57  A$sha1_z80_sdcc_Oset_binaries/sh   sha1
     00000E58  A$sha1_z80_sdcc_Oset_binaries/sh   sha1
     00000E59  A$sha1_z80_sdcc_Oset_binaries/sh   sha1
     00000E5C  A$sha1_z80_sdcc_Oset_binaries/sh   sha1
     00000E5D  A$sha1_z80_sdcc_Oset_binaries/sh   sha1
     00000E5E  A$sha1_z80_sdcc_Oset_binaries/sh   sha1
     00000E5F  A$sha1_z80_sdcc_Oset_binaries/sh   sha1
     00000E60  A$sha1_z80_sdcc_Oset_binaries/sh   sha1
     00000E60  C$sha1.c$154$1_0$59                sha1
     00000E63  A$sha1_z80_sdcc_Oset_binaries/sh   sha1
ASxxxx Linker V03.00 + NoICE + sdld,  page 33.
Hexadecimal  [32-Bits]

Area                                    Addr        Size        Decimal Bytes (Attributes)
--------------------------------        ----        ----        ------- ----- ------------
_CODE                               00000200    00001AA4 =        6820. bytes (REL,CON)

      Value  Global                              Global Defined In Module
      -----  --------------------------------   ------------------------
     00000E64  A$sha1_z80_sdcc_Oset_binaries/sh   sha1
     00000E65  A$sha1_z80_sdcc_Oset_binaries/sh   sha1
     00000E66  A$sha1_z80_sdcc_Oset_binaries/sh   sha1
     00000E67  A$sha1_z80_sdcc_Oset_binaries/sh   sha1
     00000E6A  A$sha1_z80_sdcc_Oset_binaries/sh   sha1
     00000E6B  A$sha1_z80_sdcc_Oset_binaries/sh   sha1
     00000E6E  A$sha1_z80_sdcc_Oset_binaries/sh   sha1
     00000E6F  A$sha1_z80_sdcc_Oset_binaries/sh   sha1
     00000E72  A$sha1_z80_sdcc_Oset_binaries/sh   sha1
     00000E75  A$sha1_z80_sdcc_Oset_binaries/sh   sha1
     00000E76  A$sha1_z80_sdcc_Oset_binaries/sh   sha1
     00000E79  A$sha1_z80_sdcc_Oset_binaries/sh   sha1
     00000E7A  A$sha1_z80_sdcc_Oset_binaries/sh   sha1
     00000E7D  A$sha1_z80_sdcc_Oset_binaries/sh   sha1
     00000E7E  A$sha1_z80_sdcc_Oset_binaries/sh   sha1
     00000E7F  A$sha1_z80_sdcc_Oset_binaries/sh   sha1
     00000E80  A$sha1_z80_sdcc_Oset_binaries/sh   sha1
     00000E83  A$sha1_z80_sdcc_Oset_binaries/sh   sha1
     00000E84  A$sha1_z80_sdcc_Oset_binaries/sh   sha1
     00000E86  A$sha1_z80_sdcc_Oset_binaries/sh   sha1
     00000E87  A$sha1_z80_sdcc_Oset_binaries/sh   sha1
     00000E88  A$sha1_z80_sdcc_Oset_binaries/sh   sha1
     00000E89  A$sha1_z80_sdcc_Oset_binaries/sh   sha1
     00000E8A  A$sha1_z80_sdcc_Oset_binaries/sh   sha1
     00000E8C  A$sha1_z80_sdcc_Oset_binaries/sh   sha1
     00000E8E  A$sha1_z80_sdcc_Oset_binaries/sh   sha1
     00000E8E  C$sha1.c$160$2_0$60                sha1
     00000E8F  A$sha1_z80_sdcc_Oset_binaries/sh   sha1
     00000E90  A$sha1_z80_sdcc_Oset_binaries/sh   sha1
     00000E91  A$sha1_z80_sdcc_Oset_binaries/sh   sha1
     00000E92  A$sha1_z80_sdcc_Oset_binaries/sh   sha1
     00000E94  A$sha1_z80_sdcc_Oset_binaries/sh   sha1
     00000E95  A$sha1_z80_sdcc_Oset_binaries/sh   sha1
     00000E96  A$sha1_z80_sdcc_Oset_binaries/sh   sha1
     00000E97  A$sha1_z80_sdcc_Oset_binaries/sh   sha1
     00000E9A  A$sha1_z80_sdcc_Oset_binaries/sh   sha1
     00000E9B  A$sha1_z80_sdcc_Oset_binaries/sh   sha1
     00000E9E  A$sha1_z80_sdcc_Oset_binaries/sh   sha1
     00000E9F  A$sha1_z80_sdcc_Oset_binaries/sh   sha1
     00000EA0  A$sha1_z80_sdcc_Oset_binaries/sh   sha1
     00000EA1  A$sha1_z80_sdcc_Oset_binaries/sh   sha1
     00000EA2  A$sha1_z80_sdcc_Oset_binaries/sh   sha1
     00000EA2  C$sha1.c$159$2_0$60                sha1
     00000EA3  A$sha1_z80_sdcc_Oset_binaries/sh   sha1
     00000EA5  A$sha1_z80_sdcc_Oset_binaries/sh   sha1
     00000EA5  C$sha1.c$162$1_0$59                sha1
     00000EA8  A$sha1_z80_sdcc_Oset_binaries/sh   sha1
     00000EA9  A$sha1_z80_sdcc_Oset_binaries/sh   sha1
     00000EAC  A$sha1_z80_sdcc_Oset_binaries/sh   sha1
     00000EAD  A$sha1_z80_sdcc_Oset_binaries/sh   sha1
     00000EAD  C$sha1.c$163$1_0$59                sha1
ASxxxx Linker V03.00 + NoICE + sdld,  page 34.
Hexadecimal  [32-Bits]

Area                                    Addr        Size        Decimal Bytes (Attributes)
--------------------------------        ----        ----        ------- ----- ------------
_CODE                               00000200    00001AA4 =        6820. bytes (REL,CON)

      Value  Global                              Global Defined In Module
      -----  --------------------------------   ------------------------
     00000EB0  A$sha1_z80_sdcc_Oset_binaries/sh   sha1
     00000EB2  A$sha1_z80_sdcc_Oset_binaries/sh   sha1
     00000EB4  A$sha1_z80_sdcc_Oset_binaries/sh   sha1
     00000EB4  C$sha1.c$164$1_0$59                sha1
     00000EB4  XG$main$0$0                        sha1
     00000EB5  Fsha1$__str_0$0_0$0                sha1
     00000EE1  Fsha1$__str_2$0_0$0                sha1
     00000F00  Fsha1$__str_3$0_0$0                sha1
     00000F14  Fsha1$__str_4$0_0$0                sha1
     00000F19  Fsha1$__str_6$0_0$0                sha1
     00000F1A  ___memcpy                          __memcpy
     00000F7D  _puts                              puts
     00000FAF  _vprintf                           vprintf
     00000FD7  _printf                            vprintf
     00000FF4  _strlen                            
     00001003  ___sdcc_enter_ix                   
     00001133  __print_format                     printf_large
     00001CA3  ___sdcc_call_hl                    

ASxxxx Linker V03.00 + NoICE + sdld,  page 35.
Hexadecimal  [32-Bits]

Area                                    Addr        Size        Decimal Bytes (Attributes)
--------------------------------        ----        ----        ------- ----- ------------
_HEADER0                            00000000    00000003 =           3. bytes (ABS,CON)

      Value  Global                              Global Defined In Module
      -----  --------------------------------   ------------------------
ASxxxx Linker V03.00 + NoICE + sdld,  page 36.
Hexadecimal  [32-Bits]

Area                                    Addr        Size        Decimal Bytes (Attributes)
--------------------------------        ----        ----        ------- ----- ------------
_HEADER1                            00000000    00000004 =           4. bytes (ABS,CON)

      Value  Global                              Global Defined In Module
      -----  --------------------------------   ------------------------
ASxxxx Linker V03.00 + NoICE + sdld,  page 37.
Hexadecimal  [32-Bits]

Area                                    Addr        Size        Decimal Bytes (Attributes)
--------------------------------        ----        ----        ------- ----- ------------
_HEADER2                            00000000    00000003 =           3. bytes (ABS,CON)

      Value  Global                              Global Defined In Module
      -----  --------------------------------   ------------------------
ASxxxx Linker V03.00 + NoICE + sdld,  page 38.
Hexadecimal  [32-Bits]

Area                                    Addr        Size        Decimal Bytes (Attributes)
--------------------------------        ----        ----        ------- ----- ------------
_HEADER3                            00000000    00000003 =           3. bytes (ABS,CON)

      Value  Global                              Global Defined In Module
      -----  --------------------------------   ------------------------
ASxxxx Linker V03.00 + NoICE + sdld,  page 39.
Hexadecimal  [32-Bits]

Area                                    Addr        Size        Decimal Bytes (Attributes)
--------------------------------        ----        ----        ------- ----- ------------
_HEADER4                            00000000    00000003 =           3. bytes (ABS,CON)

      Value  Global                              Global Defined In Module
      -----  --------------------------------   ------------------------
ASxxxx Linker V03.00 + NoICE + sdld,  page 40.
Hexadecimal  [32-Bits]

Area                                    Addr        Size        Decimal Bytes (Attributes)
--------------------------------        ----        ----        ------- ----- ------------
_HEADER5                            00000000    00000003 =           3. bytes (ABS,CON)

      Value  Global                              Global Defined In Module
      -----  --------------------------------   ------------------------
ASxxxx Linker V03.00 + NoICE + sdld,  page 41.
Hexadecimal  [32-Bits]

Area                                    Addr        Size        Decimal Bytes (Attributes)
--------------------------------        ----        ----        ------- ----- ------------
_HEADER6                            00000000    00000003 =           3. bytes (ABS,CON)

      Value  Global                              Global Defined In Module
      -----  --------------------------------   ------------------------
ASxxxx Linker V03.00 + NoICE + sdld,  page 42.
Hexadecimal  [32-Bits]

Area                                    Addr        Size        Decimal Bytes (Attributes)
--------------------------------        ----        ----        ------- ----- ------------
_HEADER7                            00000000    00000003 =           3. bytes (ABS,CON)

      Value  Global                              Global Defined In Module
      -----  --------------------------------   ------------------------
ASxxxx Linker V03.00 + NoICE + sdld,  page 43.
Hexadecimal  [32-Bits]

Area                                    Addr        Size        Decimal Bytes (Attributes)
--------------------------------        ----        ----        ------- ----- ------------
_HEADER8                            00000000    0000000C =          12. bytes (ABS,CON)

      Value  Global                              Global Defined In Module
      -----  --------------------------------   ------------------------
ASxxxx Linker V03.00 + NoICE + sdld,  page 44.
Hexadecimal  [32-Bits]

Area                                    Addr        Size        Decimal Bytes (Attributes)
--------------------------------        ----        ----        ------- ----- ------------
_GSINIT                             00001CA4    0000000F =          15. bytes (REL,CON)

      Value  Global                              Global Defined In Module
      -----  --------------------------------   ------------------------
     00001CA4  gsinit                             crt0

ASxxxx Linker V03.00 + NoICE + sdld,  page 45.
Hexadecimal  [32-Bits]

Area                                    Addr        Size        Decimal Bytes (Attributes)
--------------------------------        ----        ----        ------- ----- ------------
_GSFINAL                            00001CB3    00000001 =           1. bytes (REL,CON)

      Value  Global                              Global Defined In Module
      -----  --------------------------------   ------------------------
ASxxxx Linker V03.00 + NoICE + sdld,  page 46.

Files Linked                              [ module(s) ]

/usr/bin/../share/sdcc/lib/z80/crt0.rel   [ crt0 ]
/work/test_dataset_binaries/sha1_z80_sdcc_Os.rel
                                          [ sha1 ]


Libraries Linked                          [ object file ]

/usr/bin/../share/sdcc/lib/z80/z80.lib    [ __memcpy.rel ]
/usr/bin/../share/sdcc/lib/z80/z80.lib    [ puts.rel ]
/usr/bin/../share/sdcc/lib/z80/z80.lib    [ vprintf.rel ]
/usr/bin/../share/sdcc/lib/z80/z80.lib    [ strlen.rel ]
/usr/bin/../share/sdcc/lib/z80/z80.lib    [ crtenter.rel ]
/usr/bin/../share/sdcc/lib/z80/z80.lib    [ printf_large.rel ]
/usr/bin/../share/sdcc/lib/z80/z80.lib    [ __sdcc_call_hl.rel ]

ASxxxx Linker V03.00 + NoICE + sdld,  page 47.

User Base Address Definitions

_CODE = 0x0200
_DATA = 0x8000


?ASlink-Warning-Undefined Global '_putchar' referenced by module 'puts'

?ASlink-Warning-Undefined Global '_putchar' referenced by module 'vprintf'
