ASxxxx Linker V03.00 + NoICE + sdld,  page 1.
Hexadecimal  [32-Bits]

Area                                    Addr        Size        Decimal Bytes (Attributes)
--------------------------------        ----        ----        ------- ----- ------------
.  .ABS.                            00000000    00000000 =           0. bytes (ABS,CON)

      Value  Global                              Global Defined In Module
      -----  --------------------------------   ------------------------
     00000000  .__.ABS.                           
     00000000  _putchar                        
     00000000  l__BSEG                         
     00000000  l__BSS                          
     00000000  l__CABS                         
     00000000  l__DABS                         
     00000000  l__DATA                         
     00000000  l__HEADER                       
     00000000  l__HEAP                         
     00000000  l__HOME                         
     00000000  l__INITIALIZED                  
     00000000  l__INITIALIZER                  
     00000000  s__CABS                         
     00000000  s__DABS                         
     00000000  s__HEADER                       
     00000000  s__HEADER0                      
     00000000  s__HEADER1                      
     00000000  s__HEADER2                      
     00000000  s__HEADER3                      
     00000000  s__HEADER4                      
     00000000  s__HEADER5                      
     00000000  s__HEADER6                      
     00000000  s__HEADER7                      
     00000000  s__HEADER8                      
     00000001  l__GSFINAL                      
     00000003  l__HEADER0                      
     00000003  l__HEADER2                      
     00000003  l__HEADER3                      
     00000003  l__HEADER4                      
     00000003  l__HEADER5                      
     00000003  l__HEADER6                      
     00000003  l__HEADER7                      
     00000004  l__HEADER1                      
     0000000C  l__HEADER8                      
     0000000F  l__GSINIT                       
     00000200  s__CODE                         
     00001BA8  l__CODE                         
     00001DA8  s__GSINIT                       
     00001DA8  s__HOME                         
     00001DA8  s__INITIALIZER                  
     00001DB7  s__GSFINAL                      
     00008000  s__BSEG                         
     00008000  s__BSS                          
     00008000  s__DATA                         
     00008000  s__HEAP                         
     00008000  s__INITIALIZED                  

ASxxxx Linker V03.00 + NoICE + sdld,  page 2.
Hexadecimal  [32-Bits]

Area                                    Addr        Size        Decimal Bytes (Attributes)
--------------------------------        ----        ----        ------- ----- ------------
_CODE                               00000200    00001BA8 =        7080. bytes (REL,CON)

      Value  Global                              Global Defined In Module
      -----  --------------------------------   ------------------------
     00000200  __clock                            crt0
     00000204  _exit                              crt0
     0000020A  A$aes192_z80_sdcc_O0ries/aes192_   aes192
     0000020A  C$aes192.c$36$0_0$12               aes192
     0000020A  Faes192$xtime$0$0                  aes192
     0000020C  A$aes192_z80_sdcc_O0ries/aes192_   aes192
     00000210  A$aes192_z80_sdcc_O0ries/aes192_   aes192
     00000212  A$aes192_z80_sdcc_O0ries/aes192_   aes192
     00000212  C$aes192.c$37$1_0$12               aes192
     00000215  A$aes192_z80_sdcc_O0ries/aes192_   aes192
     00000216  A$aes192_z80_sdcc_O0ries/aes192_   aes192
     00000217  A$aes192_z80_sdcc_O0ries/aes192_   aes192
     0000021A  A$aes192_z80_sdcc_O0ries/aes192_   aes192
     0000021C  A$aes192_z80_sdcc_O0ries/aes192_   aes192
     0000021E  A$aes192_z80_sdcc_O0ries/aes192_   aes192
     0000021F  A$aes192_z80_sdcc_O0ries/aes192_   aes192
     00000221  A$aes192_z80_sdcc_O0ries/aes192_   aes192
     00000222  A$aes192_z80_sdcc_O0ries/aes192_   aes192
     00000223  A$aes192_z80_sdcc_O0ries/aes192_   aes192
     00000224  A$aes192_z80_sdcc_O0ries/aes192_   aes192
     00000225  A$aes192_z80_sdcc_O0ries/aes192_   aes192
     00000226  A$aes192_z80_sdcc_O0ries/aes192_   aes192
     00000227  A$aes192_z80_sdcc_O0ries/aes192_   aes192
     00000228  A$aes192_z80_sdcc_O0ries/aes192_   aes192
     00000229  A$aes192_z80_sdcc_O0ries/aes192_   aes192
     0000022A  A$aes192_z80_sdcc_O0ries/aes192_   aes192
     0000022B  A$aes192_z80_sdcc_O0ries/aes192_   aes192
     0000022C  A$aes192_z80_sdcc_O0ries/aes192_   aes192
     0000022D  A$aes192_z80_sdcc_O0ries/aes192_   aes192
     0000022E  A$aes192_z80_sdcc_O0ries/aes192_   aes192
     0000022F  A$aes192_z80_sdcc_O0ries/aes192_   aes192
     00000230  A$aes192_z80_sdcc_O0ries/aes192_   aes192
     00000231  A$aes192_z80_sdcc_O0ries/aes192_   aes192
     00000232  A$aes192_z80_sdcc_O0ries/aes192_   aes192
     00000233  A$aes192_z80_sdcc_O0ries/aes192_   aes192
     00000235  A$aes192_z80_sdcc_O0ries/aes192_   aes192
     00000235  C$aes192.c$38$1_0$12               aes192
     00000235  XFaes192$xtime$0$0                 aes192
     00000236  Faes192$sbox$0_0$0                 aes192
     00000336  Faes192$rcon$0_0$0                 aes192
     00000340  A$aes192_z80_sdcc_O0ries/aes192_   aes192
     00000340  C$aes192.c$40$1_0$15               aes192
     00000340  Faes192$sub_bytes$0$0              aes192
     00000342  A$aes192_z80_sdcc_O0ries/aes192_   aes192
     00000346  A$aes192_z80_sdcc_O0ries/aes192_   aes192
     00000348  A$aes192_z80_sdcc_O0ries/aes192_   aes192
     00000349  A$aes192_z80_sdcc_O0ries/aes192_   aes192
     0000034A  A$aes192_z80_sdcc_O0ries/aes192_   aes192
     0000034A  C$aes192.c$41$5_0$18               aes192
     0000034D  A$aes192_z80_sdcc_O0ries/aes192_   aes192
ASxxxx Linker V03.00 + NoICE + sdld,  page 3.
Hexadecimal  [32-Bits]

Area                                    Addr        Size        Decimal Bytes (Attributes)
--------------------------------        ----        ----        ------- ----- ------------
_CODE                               00000200    00001BA8 =        7080. bytes (REL,CON)

      Value  Global                              Global Defined In Module
      -----  --------------------------------   ------------------------
     0000034E  A$aes192_z80_sdcc_O0ries/aes192_   aes192
     00000350  A$aes192_z80_sdcc_O0ries/aes192_   aes192
     00000351  A$aes192_z80_sdcc_O0ries/aes192_   aes192
     00000352  A$aes192_z80_sdcc_O0ries/aes192_   aes192
     00000353  A$aes192_z80_sdcc_O0ries/aes192_   aes192
     00000354  A$aes192_z80_sdcc_O0ries/aes192_   aes192
     00000356  A$aes192_z80_sdcc_O0ries/aes192_   aes192
     00000359  A$aes192_z80_sdcc_O0ries/aes192_   aes192
     00000359  C$aes192.c$42$5_0$18               aes192
     0000035A  A$aes192_z80_sdcc_O0ries/aes192_   aes192
     0000035B  A$aes192_z80_sdcc_O0ries/aes192_   aes192
     0000035D  A$aes192_z80_sdcc_O0ries/aes192_   aes192
     0000035F  A$aes192_z80_sdcc_O0ries/aes192_   aes192
     00000361  A$aes192_z80_sdcc_O0ries/aes192_   aes192
     00000363  A$aes192_z80_sdcc_O0ries/aes192_   aes192
     00000364  A$aes192_z80_sdcc_O0ries/aes192_   aes192
     00000367  A$aes192_z80_sdcc_O0ries/aes192_   aes192
     0000036A  A$aes192_z80_sdcc_O0ries/aes192_   aes192
     0000036B  A$aes192_z80_sdcc_O0ries/aes192_   aes192
     0000036E  A$aes192_z80_sdcc_O0ries/aes192_   aes192
     00000371  A$aes192_z80_sdcc_O0ries/aes192_   aes192
     00000374  A$aes192_z80_sdcc_O0ries/aes192_   aes192
     00000375  A$aes192_z80_sdcc_O0ries/aes192_   aes192
     00000377  A$aes192_z80_sdcc_O0ries/aes192_   aes192
     00000378  A$aes192_z80_sdcc_O0ries/aes192_   aes192
     00000379  A$aes192_z80_sdcc_O0ries/aes192_   aes192
     0000037A  A$aes192_z80_sdcc_O0ries/aes192_   aes192
     0000037B  A$aes192_z80_sdcc_O0ries/aes192_   aes192
     0000037D  A$aes192_z80_sdcc_O0ries/aes192_   aes192
     00000380  A$aes192_z80_sdcc_O0ries/aes192_   aes192
     00000380  C$aes192.c$43$5_0$18               aes192
     00000383  A$aes192_z80_sdcc_O0ries/aes192_   aes192
     00000384  A$aes192_z80_sdcc_O0ries/aes192_   aes192
     00000387  A$aes192_z80_sdcc_O0ries/aes192_   aes192
     0000038A  A$aes192_z80_sdcc_O0ries/aes192_   aes192
     0000038B  A$aes192_z80_sdcc_O0ries/aes192_   aes192
     0000038E  A$aes192_z80_sdcc_O0ries/aes192_   aes192
     00000391  A$aes192_z80_sdcc_O0ries/aes192_   aes192
     00000394  A$aes192_z80_sdcc_O0ries/aes192_   aes192
     00000395  A$aes192_z80_sdcc_O0ries/aes192_   aes192
     00000397  A$aes192_z80_sdcc_O0ries/aes192_   aes192
     00000398  A$aes192_z80_sdcc_O0ries/aes192_   aes192
     0000039A  A$aes192_z80_sdcc_O0ries/aes192_   aes192
     0000039C  A$aes192_z80_sdcc_O0ries/aes192_   aes192
     0000039D  A$aes192_z80_sdcc_O0ries/aes192_   aes192
     0000039E  A$aes192_z80_sdcc_O0ries/aes192_   aes192
     000003A1  A$aes192_z80_sdcc_O0ries/aes192_   aes192
     000003A4  A$aes192_z80_sdcc_O0ries/aes192_   aes192
     000003A5  A$aes192_z80_sdcc_O0ries/aes192_   aes192
     000003A5  C$aes192.c$42$4_0$17               aes192
     000003A6  A$aes192_z80_sdcc_O0ries/aes192_   aes192
ASxxxx Linker V03.00 + NoICE + sdld,  page 4.
Hexadecimal  [32-Bits]

Area                                    Addr        Size        Decimal Bytes (Attributes)
--------------------------------        ----        ----        ------- ----- ------------
_CODE                               00000200    00001BA8 =        7080. bytes (REL,CON)

      Value  Global                              Global Defined In Module
      -----  --------------------------------   ------------------------
     000003A9  A$aes192_z80_sdcc_O0ries/aes192_   aes192
     000003A9  C$aes192.c$41$2_0$15               aes192
     000003AA  A$aes192_z80_sdcc_O0ries/aes192_   aes192
     000003AD  A$aes192_z80_sdcc_O0ries/aes192_   aes192
     000003AF  A$aes192_z80_sdcc_O0ries/aes192_   aes192
     000003B1  A$aes192_z80_sdcc_O0ries/aes192_   aes192
     000003B1  C$aes192.c$46$2_0$15               aes192
     000003B1  XFaes192$sub_bytes$0$0             aes192
     000003B2  A$aes192_z80_sdcc_O0ries/aes192_   aes192
     000003B2  C$aes192.c$48$2_0$20               aes192
     000003B2  Faes192$shift_rows$0$0             aes192
     000003B4  A$aes192_z80_sdcc_O0ries/aes192_   aes192
     000003B8  A$aes192_z80_sdcc_O0ries/aes192_   aes192
     000003BA  A$aes192_z80_sdcc_O0ries/aes192_   aes192
     000003BB  A$aes192_z80_sdcc_O0ries/aes192_   aes192
     000003BC  A$aes192_z80_sdcc_O0ries/aes192_   aes192
     000003BC  C$aes192.c$52$1_0$20               aes192
     000003BF  A$aes192_z80_sdcc_O0ries/aes192_   aes192
     000003C1  A$aes192_z80_sdcc_O0ries/aes192_   aes192
     000003C2  A$aes192_z80_sdcc_O0ries/aes192_   aes192
     000003C5  A$aes192_z80_sdcc_O0ries/aes192_   aes192
     000003C7  A$aes192_z80_sdcc_O0ries/aes192_   aes192
     000003C8  A$aes192_z80_sdcc_O0ries/aes192_   aes192
     000003C9  A$aes192_z80_sdcc_O0ries/aes192_   aes192
     000003CC  A$aes192_z80_sdcc_O0ries/aes192_   aes192
     000003CC  C$aes192.c$53$1_0$20               aes192
     000003CD  A$aes192_z80_sdcc_O0ries/aes192_   aes192
     000003CE  A$aes192_z80_sdcc_O0ries/aes192_   aes192
     000003CF  A$aes192_z80_sdcc_O0ries/aes192_   aes192
     000003D0  A$aes192_z80_sdcc_O0ries/aes192_   aes192
     000003D1  A$aes192_z80_sdcc_O0ries/aes192_   aes192
     000003D1  C$aes192.c$54$1_0$20               aes192
     000003D4  A$aes192_z80_sdcc_O0ries/aes192_   aes192
     000003D6  A$aes192_z80_sdcc_O0ries/aes192_   aes192
     000003D7  A$aes192_z80_sdcc_O0ries/aes192_   aes192
     000003DA  A$aes192_z80_sdcc_O0ries/aes192_   aes192
     000003DC  A$aes192_z80_sdcc_O0ries/aes192_   aes192
     000003DD  A$aes192_z80_sdcc_O0ries/aes192_   aes192
     000003E0  A$aes192_z80_sdcc_O0ries/aes192_   aes192
     000003E1  A$aes192_z80_sdcc_O0ries/aes192_   aes192
     000003E4  A$aes192_z80_sdcc_O0ries/aes192_   aes192
     000003E7  A$aes192_z80_sdcc_O0ries/aes192_   aes192
     000003E8  A$aes192_z80_sdcc_O0ries/aes192_   aes192
     000003E9  A$aes192_z80_sdcc_O0ries/aes192_   aes192
     000003EA  A$aes192_z80_sdcc_O0ries/aes192_   aes192
     000003EB  A$aes192_z80_sdcc_O0ries/aes192_   aes192
     000003EC  A$aes192_z80_sdcc_O0ries/aes192_   aes192
     000003EF  A$aes192_z80_sdcc_O0ries/aes192_   aes192
     000003F2  A$aes192_z80_sdcc_O0ries/aes192_   aes192
     000003F3  A$aes192_z80_sdcc_O0ries/aes192_   aes192
     000003F3  C$aes192.c$55$1_0$20               aes192
ASxxxx Linker V03.00 + NoICE + sdld,  page 5.
Hexadecimal  [32-Bits]

Area                                    Addr        Size        Decimal Bytes (Attributes)
--------------------------------        ----        ----        ------- ----- ------------
_CODE                               00000200    00001BA8 =        7080. bytes (REL,CON)

      Value  Global                              Global Defined In Module
      -----  --------------------------------   ------------------------
     000003F4  A$aes192_z80_sdcc_O0ries/aes192_   aes192
     000003F5  A$aes192_z80_sdcc_O0ries/aes192_   aes192
     000003F6  A$aes192_z80_sdcc_O0ries/aes192_   aes192
     000003F7  A$aes192_z80_sdcc_O0ries/aes192_   aes192
     000003F8  A$aes192_z80_sdcc_O0ries/aes192_   aes192
     000003F8  C$aes192.c$56$1_0$20               aes192
     000003FB  A$aes192_z80_sdcc_O0ries/aes192_   aes192
     000003FC  A$aes192_z80_sdcc_O0ries/aes192_   aes192
     000003FC  C$aes192.c$59$1_0$20               aes192
     000003FF  A$aes192_z80_sdcc_O0ries/aes192_   aes192
     00000401  A$aes192_z80_sdcc_O0ries/aes192_   aes192
     00000402  A$aes192_z80_sdcc_O0ries/aes192_   aes192
     00000405  A$aes192_z80_sdcc_O0ries/aes192_   aes192
     00000407  A$aes192_z80_sdcc_O0ries/aes192_   aes192
     00000408  A$aes192_z80_sdcc_O0ries/aes192_   aes192
     00000409  A$aes192_z80_sdcc_O0ries/aes192_   aes192
     0000040A  A$aes192_z80_sdcc_O0ries/aes192_   aes192
     0000040A  C$aes192.c$60$1_0$20               aes192
     0000040B  A$aes192_z80_sdcc_O0ries/aes192_   aes192
     0000040C  A$aes192_z80_sdcc_O0ries/aes192_   aes192
     0000040D  A$aes192_z80_sdcc_O0ries/aes192_   aes192
     0000040E  A$aes192_z80_sdcc_O0ries/aes192_   aes192
     0000040F  A$aes192_z80_sdcc_O0ries/aes192_   aes192
     00000410  A$aes192_z80_sdcc_O0ries/aes192_   aes192
     00000410  C$aes192.c$61$1_0$20               aes192
     00000413  A$aes192_z80_sdcc_O0ries/aes192_   aes192
     00000415  A$aes192_z80_sdcc_O0ries/aes192_   aes192
     00000416  A$aes192_z80_sdcc_O0ries/aes192_   aes192
     00000419  A$aes192_z80_sdcc_O0ries/aes192_   aes192
     0000041B  A$aes192_z80_sdcc_O0ries/aes192_   aes192
     0000041C  A$aes192_z80_sdcc_O0ries/aes192_   aes192
     0000041D  A$aes192_z80_sdcc_O0ries/aes192_   aes192
     0000041E  A$aes192_z80_sdcc_O0ries/aes192_   aes192
     0000041F  A$aes192_z80_sdcc_O0ries/aes192_   aes192
     00000420  A$aes192_z80_sdcc_O0ries/aes192_   aes192
     00000421  A$aes192_z80_sdcc_O0ries/aes192_   aes192
     00000421  C$aes192.c$62$1_0$20               aes192
     00000422  A$aes192_z80_sdcc_O0ries/aes192_   aes192
     00000423  A$aes192_z80_sdcc_O0ries/aes192_   aes192
     00000424  A$aes192_z80_sdcc_O0ries/aes192_   aes192
     00000425  A$aes192_z80_sdcc_O0ries/aes192_   aes192
     00000428  A$aes192_z80_sdcc_O0ries/aes192_   aes192
     00000428  C$aes192.c$63$1_0$20               aes192
     00000429  A$aes192_z80_sdcc_O0ries/aes192_   aes192
     0000042A  A$aes192_z80_sdcc_O0ries/aes192_   aes192
     0000042B  A$aes192_z80_sdcc_O0ries/aes192_   aes192
     0000042C  A$aes192_z80_sdcc_O0ries/aes192_   aes192
     0000042D  A$aes192_z80_sdcc_O0ries/aes192_   aes192
     0000042D  C$aes192.c$64$1_0$20               aes192
     00000430  A$aes192_z80_sdcc_O0ries/aes192_   aes192
     00000431  A$aes192_z80_sdcc_O0ries/aes192_   aes192
ASxxxx Linker V03.00 + NoICE + sdld,  page 6.
Hexadecimal  [32-Bits]

Area                                    Addr        Size        Decimal Bytes (Attributes)
--------------------------------        ----        ----        ------- ----- ------------
_CODE                               00000200    00001BA8 =        7080. bytes (REL,CON)

      Value  Global                              Global Defined In Module
      -----  --------------------------------   ------------------------
     00000431  C$aes192.c$67$1_0$20               aes192
     00000434  A$aes192_z80_sdcc_O0ries/aes192_   aes192
     00000436  A$aes192_z80_sdcc_O0ries/aes192_   aes192
     00000437  A$aes192_z80_sdcc_O0ries/aes192_   aes192
     0000043A  A$aes192_z80_sdcc_O0ries/aes192_   aes192
     0000043C  A$aes192_z80_sdcc_O0ries/aes192_   aes192
     0000043D  A$aes192_z80_sdcc_O0ries/aes192_   aes192
     0000043E  A$aes192_z80_sdcc_O0ries/aes192_   aes192
     0000043F  A$aes192_z80_sdcc_O0ries/aes192_   aes192
     00000440  A$aes192_z80_sdcc_O0ries/aes192_   aes192
     00000441  A$aes192_z80_sdcc_O0ries/aes192_   aes192
     00000442  A$aes192_z80_sdcc_O0ries/aes192_   aes192
     00000443  A$aes192_z80_sdcc_O0ries/aes192_   aes192
     00000446  A$aes192_z80_sdcc_O0ries/aes192_   aes192
     00000446  C$aes192.c$68$1_0$20               aes192
     00000449  A$aes192_z80_sdcc_O0ries/aes192_   aes192
     0000044A  A$aes192_z80_sdcc_O0ries/aes192_   aes192
     0000044D  A$aes192_z80_sdcc_O0ries/aes192_   aes192
     00000450  A$aes192_z80_sdcc_O0ries/aes192_   aes192
     00000453  A$aes192_z80_sdcc_O0ries/aes192_   aes192
     00000456  A$aes192_z80_sdcc_O0ries/aes192_   aes192
     00000457  A$aes192_z80_sdcc_O0ries/aes192_   aes192
     00000458  A$aes192_z80_sdcc_O0ries/aes192_   aes192
     00000458  C$aes192.c$69$1_0$20               aes192
     00000459  A$aes192_z80_sdcc_O0ries/aes192_   aes192
     0000045A  A$aes192_z80_sdcc_O0ries/aes192_   aes192
     0000045B  A$aes192_z80_sdcc_O0ries/aes192_   aes192
     0000045C  A$aes192_z80_sdcc_O0ries/aes192_   aes192
     0000045F  A$aes192_z80_sdcc_O0ries/aes192_   aes192
     00000462  A$aes192_z80_sdcc_O0ries/aes192_   aes192
     00000463  A$aes192_z80_sdcc_O0ries/aes192_   aes192
     00000463  C$aes192.c$70$1_0$20               aes192
     00000464  A$aes192_z80_sdcc_O0ries/aes192_   aes192
     00000465  A$aes192_z80_sdcc_O0ries/aes192_   aes192
     00000465  C$aes192.c$71$1_0$20               aes192
     00000468  A$aes192_z80_sdcc_O0ries/aes192_   aes192
     00000469  A$aes192_z80_sdcc_O0ries/aes192_   aes192
     0000046B  A$aes192_z80_sdcc_O0ries/aes192_   aes192
     0000046D  A$aes192_z80_sdcc_O0ries/aes192_   aes192
     0000046D  C$aes192.c$72$1_0$20               aes192
     0000046D  XFaes192$shift_rows$0$0            aes192
     0000046E  A$aes192_z80_sdcc_O0ries/aes192_   aes192
     0000046E  C$aes192.c$74$1_0$23               aes192
     0000046E  Faes192$mix_columns$0$0            aes192
     00000470  A$aes192_z80_sdcc_O0ries/aes192_   aes192
     00000474  A$aes192_z80_sdcc_O0ries/aes192_   aes192
     00000476  A$aes192_z80_sdcc_O0ries/aes192_   aes192
     00000479  A$aes192_z80_sdcc_O0ries/aes192_   aes192
     0000047A  A$aes192_z80_sdcc_O0ries/aes192_   aes192
     0000047B  A$aes192_z80_sdcc_O0ries/aes192_   aes192
     0000047B  C$aes192.c$77$3_0$24               aes192
ASxxxx Linker V03.00 + NoICE + sdld,  page 7.
Hexadecimal  [32-Bits]

Area                                    Addr        Size        Decimal Bytes (Attributes)
--------------------------------        ----        ----        ------- ----- ------------
_CODE                               00000200    00001BA8 =        7080. bytes (REL,CON)

      Value  Global                              Global Defined In Module
      -----  --------------------------------   ------------------------
     0000047E  A$aes192_z80_sdcc_O0ries/aes192_   aes192
     00000481  A$aes192_z80_sdcc_O0ries/aes192_   aes192
     00000484  A$aes192_z80_sdcc_O0ries/aes192_   aes192
     00000485  A$aes192_z80_sdcc_O0ries/aes192_   aes192
     00000488  A$aes192_z80_sdcc_O0ries/aes192_   aes192
     0000048B  A$aes192_z80_sdcc_O0ries/aes192_   aes192
     0000048E  A$aes192_z80_sdcc_O0ries/aes192_   aes192
     0000048F  A$aes192_z80_sdcc_O0ries/aes192_   aes192
     00000492  A$aes192_z80_sdcc_O0ries/aes192_   aes192
     00000495  A$aes192_z80_sdcc_O0ries/aes192_   aes192
     00000498  A$aes192_z80_sdcc_O0ries/aes192_   aes192
     00000499  A$aes192_z80_sdcc_O0ries/aes192_   aes192
     0000049C  A$aes192_z80_sdcc_O0ries/aes192_   aes192
     0000049F  A$aes192_z80_sdcc_O0ries/aes192_   aes192
     000004A0  A$aes192_z80_sdcc_O0ries/aes192_   aes192
     000004A3  A$aes192_z80_sdcc_O0ries/aes192_   aes192
     000004A6  A$aes192_z80_sdcc_O0ries/aes192_   aes192
     000004A9  A$aes192_z80_sdcc_O0ries/aes192_   aes192
     000004AB  A$aes192_z80_sdcc_O0ries/aes192_   aes192
     000004AE  A$aes192_z80_sdcc_O0ries/aes192_   aes192
     000004AF  A$aes192_z80_sdcc_O0ries/aes192_   aes192
     000004B0  A$aes192_z80_sdcc_O0ries/aes192_   aes192
     000004B1  A$aes192_z80_sdcc_O0ries/aes192_   aes192
     000004B3  A$aes192_z80_sdcc_O0ries/aes192_   aes192
     000004B6  A$aes192_z80_sdcc_O0ries/aes192_   aes192
     000004B6  C$aes192.c$78$3_0$24               aes192
     000004B9  A$aes192_z80_sdcc_O0ries/aes192_   aes192
     000004BA  A$aes192_z80_sdcc_O0ries/aes192_   aes192
     000004BB  A$aes192_z80_sdcc_O0ries/aes192_   aes192
     000004BC  A$aes192_z80_sdcc_O0ries/aes192_   aes192
     000004BF  A$aes192_z80_sdcc_O0ries/aes192_   aes192
     000004C2  A$aes192_z80_sdcc_O0ries/aes192_   aes192
     000004C3  A$aes192_z80_sdcc_O0ries/aes192_   aes192
     000004C6  A$aes192_z80_sdcc_O0ries/aes192_   aes192
     000004C9  A$aes192_z80_sdcc_O0ries/aes192_   aes192
     000004CA  A$aes192_z80_sdcc_O0ries/aes192_   aes192
     000004CB  A$aes192_z80_sdcc_O0ries/aes192_   aes192
     000004CC  A$aes192_z80_sdcc_O0ries/aes192_   aes192
     000004CF  A$aes192_z80_sdcc_O0ries/aes192_   aes192
     000004D2  A$aes192_z80_sdcc_O0ries/aes192_   aes192
     000004D3  A$aes192_z80_sdcc_O0ries/aes192_   aes192
     000004D3  C$aes192.c$79$3_0$24               aes192
     000004D6  A$aes192_z80_sdcc_O0ries/aes192_   aes192
     000004D7  A$aes192_z80_sdcc_O0ries/aes192_   aes192
     000004DA  A$aes192_z80_sdcc_O0ries/aes192_   aes192
     000004DD  A$aes192_z80_sdcc_O0ries/aes192_   aes192
     000004E0  A$aes192_z80_sdcc_O0ries/aes192_   aes192
     000004E3  A$aes192_z80_sdcc_O0ries/aes192_   aes192
     000004E6  A$aes192_z80_sdcc_O0ries/aes192_   aes192
     000004E9  A$aes192_z80_sdcc_O0ries/aes192_   aes192
     000004EC  A$aes192_z80_sdcc_O0ries/aes192_   aes192
ASxxxx Linker V03.00 + NoICE + sdld,  page 8.
Hexadecimal  [32-Bits]

Area                                    Addr        Size        Decimal Bytes (Attributes)
--------------------------------        ----        ----        ------- ----- ------------
_CODE                               00000200    00001BA8 =        7080. bytes (REL,CON)

      Value  Global                              Global Defined In Module
      -----  --------------------------------   ------------------------
     000004EF  A$aes192_z80_sdcc_O0ries/aes192_   aes192
     000004F2  A$aes192_z80_sdcc_O0ries/aes192_   aes192
     000004F5  A$aes192_z80_sdcc_O0ries/aes192_   aes192
     000004F6  A$aes192_z80_sdcc_O0ries/aes192_   aes192
     000004F9  A$aes192_z80_sdcc_O0ries/aes192_   aes192
     000004FC  A$aes192_z80_sdcc_O0ries/aes192_   aes192
     000004FD  A$aes192_z80_sdcc_O0ries/aes192_   aes192
     000004FD  C$aes192.c$80$3_0$24               aes192
     00000500  A$aes192_z80_sdcc_O0ries/aes192_   aes192
     00000501  A$aes192_z80_sdcc_O0ries/aes192_   aes192
     00000504  A$aes192_z80_sdcc_O0ries/aes192_   aes192
     00000507  A$aes192_z80_sdcc_O0ries/aes192_   aes192
     0000050A  A$aes192_z80_sdcc_O0ries/aes192_   aes192
     0000050D  A$aes192_z80_sdcc_O0ries/aes192_   aes192
     00000510  A$aes192_z80_sdcc_O0ries/aes192_   aes192
     00000513  A$aes192_z80_sdcc_O0ries/aes192_   aes192
     00000516  A$aes192_z80_sdcc_O0ries/aes192_   aes192
     00000519  A$aes192_z80_sdcc_O0ries/aes192_   aes192
     0000051C  A$aes192_z80_sdcc_O0ries/aes192_   aes192
     0000051F  A$aes192_z80_sdcc_O0ries/aes192_   aes192
     00000520  A$aes192_z80_sdcc_O0ries/aes192_   aes192
     00000523  A$aes192_z80_sdcc_O0ries/aes192_   aes192
     00000526  A$aes192_z80_sdcc_O0ries/aes192_   aes192
     00000527  A$aes192_z80_sdcc_O0ries/aes192_   aes192
     00000527  C$aes192.c$81$3_0$24               aes192
     0000052A  A$aes192_z80_sdcc_O0ries/aes192_   aes192
     0000052B  A$aes192_z80_sdcc_O0ries/aes192_   aes192
     0000052E  A$aes192_z80_sdcc_O0ries/aes192_   aes192
     00000531  A$aes192_z80_sdcc_O0ries/aes192_   aes192
     00000534  A$aes192_z80_sdcc_O0ries/aes192_   aes192
     00000537  A$aes192_z80_sdcc_O0ries/aes192_   aes192
     0000053A  A$aes192_z80_sdcc_O0ries/aes192_   aes192
     0000053D  A$aes192_z80_sdcc_O0ries/aes192_   aes192
     00000540  A$aes192_z80_sdcc_O0ries/aes192_   aes192
     00000543  A$aes192_z80_sdcc_O0ries/aes192_   aes192
     00000546  A$aes192_z80_sdcc_O0ries/aes192_   aes192
     00000549  A$aes192_z80_sdcc_O0ries/aes192_   aes192
     0000054A  A$aes192_z80_sdcc_O0ries/aes192_   aes192
     0000054D  A$aes192_z80_sdcc_O0ries/aes192_   aes192
     00000550  A$aes192_z80_sdcc_O0ries/aes192_   aes192
     00000551  A$aes192_z80_sdcc_O0ries/aes192_   aes192
     00000551  C$aes192.c$83$3_0$24               aes192
     00000552  A$aes192_z80_sdcc_O0ries/aes192_   aes192
     00000553  A$aes192_z80_sdcc_O0ries/aes192_   aes192
     00000556  A$aes192_z80_sdcc_O0ries/aes192_   aes192
     00000557  A$aes192_z80_sdcc_O0ries/aes192_   aes192
     00000558  A$aes192_z80_sdcc_O0ries/aes192_   aes192
     0000055B  A$aes192_z80_sdcc_O0ries/aes192_   aes192
     0000055C  A$aes192_z80_sdcc_O0ries/aes192_   aes192
     0000055F  A$aes192_z80_sdcc_O0ries/aes192_   aes192
     00000560  A$aes192_z80_sdcc_O0ries/aes192_   aes192
ASxxxx Linker V03.00 + NoICE + sdld,  page 9.
Hexadecimal  [32-Bits]

Area                                    Addr        Size        Decimal Bytes (Attributes)
--------------------------------        ----        ----        ------- ----- ------------
_CODE                               00000200    00001BA8 =        7080. bytes (REL,CON)

      Value  Global                              Global Defined In Module
      -----  --------------------------------   ------------------------
     00000561  A$aes192_z80_sdcc_O0ries/aes192_   aes192
     00000564  A$aes192_z80_sdcc_O0ries/aes192_   aes192
     00000567  A$aes192_z80_sdcc_O0ries/aes192_   aes192
     00000568  A$aes192_z80_sdcc_O0ries/aes192_   aes192
     00000569  A$aes192_z80_sdcc_O0ries/aes192_   aes192
     0000056A  A$aes192_z80_sdcc_O0ries/aes192_   aes192
     0000056B  A$aes192_z80_sdcc_O0ries/aes192_   aes192
     0000056C  A$aes192_z80_sdcc_O0ries/aes192_   aes192
     0000056F  A$aes192_z80_sdcc_O0ries/aes192_   aes192
     00000570  A$aes192_z80_sdcc_O0ries/aes192_   aes192
     00000571  A$aes192_z80_sdcc_O0ries/aes192_   aes192
     00000572  A$aes192_z80_sdcc_O0ries/aes192_   aes192
     00000573  A$aes192_z80_sdcc_O0ries/aes192_   aes192
     00000576  A$aes192_z80_sdcc_O0ries/aes192_   aes192
     00000579  A$aes192_z80_sdcc_O0ries/aes192_   aes192
     0000057C  A$aes192_z80_sdcc_O0ries/aes192_   aes192
     0000057D  A$aes192_z80_sdcc_O0ries/aes192_   aes192
     0000057E  A$aes192_z80_sdcc_O0ries/aes192_   aes192
     00000581  A$aes192_z80_sdcc_O0ries/aes192_   aes192
     00000584  A$aes192_z80_sdcc_O0ries/aes192_   aes192
     00000585  A$aes192_z80_sdcc_O0ries/aes192_   aes192
     00000586  A$aes192_z80_sdcc_O0ries/aes192_   aes192
     00000589  A$aes192_z80_sdcc_O0ries/aes192_   aes192
     0000058C  A$aes192_z80_sdcc_O0ries/aes192_   aes192
     0000058D  A$aes192_z80_sdcc_O0ries/aes192_   aes192
     0000058E  A$aes192_z80_sdcc_O0ries/aes192_   aes192
     0000058F  A$aes192_z80_sdcc_O0ries/aes192_   aes192
     00000590  A$aes192_z80_sdcc_O0ries/aes192_   aes192
     00000591  A$aes192_z80_sdcc_O0ries/aes192_   aes192
     00000591  C$aes192.c$84$3_0$24               aes192
     00000592  A$aes192_z80_sdcc_O0ries/aes192_   aes192
     00000595  A$aes192_z80_sdcc_O0ries/aes192_   aes192
     00000598  A$aes192_z80_sdcc_O0ries/aes192_   aes192
     0000059B  A$aes192_z80_sdcc_O0ries/aes192_   aes192
     0000059C  A$aes192_z80_sdcc_O0ries/aes192_   aes192
     0000059D  A$aes192_z80_sdcc_O0ries/aes192_   aes192
     0000059E  A$aes192_z80_sdcc_O0ries/aes192_   aes192
     0000059F  A$aes192_z80_sdcc_O0ries/aes192_   aes192
     000005A0  A$aes192_z80_sdcc_O0ries/aes192_   aes192
     000005A3  A$aes192_z80_sdcc_O0ries/aes192_   aes192
     000005A4  A$aes192_z80_sdcc_O0ries/aes192_   aes192
     000005A5  A$aes192_z80_sdcc_O0ries/aes192_   aes192
     000005A6  A$aes192_z80_sdcc_O0ries/aes192_   aes192
     000005A7  A$aes192_z80_sdcc_O0ries/aes192_   aes192
     000005AA  A$aes192_z80_sdcc_O0ries/aes192_   aes192
     000005AD  A$aes192_z80_sdcc_O0ries/aes192_   aes192
     000005B0  A$aes192_z80_sdcc_O0ries/aes192_   aes192
     000005B3  A$aes192_z80_sdcc_O0ries/aes192_   aes192
     000005B4  A$aes192_z80_sdcc_O0ries/aes192_   aes192
     000005B5  A$aes192_z80_sdcc_O0ries/aes192_   aes192
     000005B6  A$aes192_z80_sdcc_O0ries/aes192_   aes192
ASxxxx Linker V03.00 + NoICE + sdld,  page 10.
Hexadecimal  [32-Bits]

Area                                    Addr        Size        Decimal Bytes (Attributes)
--------------------------------        ----        ----        ------- ----- ------------
_CODE                               00000200    00001BA8 =        7080. bytes (REL,CON)

      Value  Global                              Global Defined In Module
      -----  --------------------------------   ------------------------
     000005B7  A$aes192_z80_sdcc_O0ries/aes192_   aes192
     000005B8  A$aes192_z80_sdcc_O0ries/aes192_   aes192
     000005BB  A$aes192_z80_sdcc_O0ries/aes192_   aes192
     000005BC  A$aes192_z80_sdcc_O0ries/aes192_   aes192
     000005BD  A$aes192_z80_sdcc_O0ries/aes192_   aes192
     000005BE  A$aes192_z80_sdcc_O0ries/aes192_   aes192
     000005BF  A$aes192_z80_sdcc_O0ries/aes192_   aes192
     000005C2  A$aes192_z80_sdcc_O0ries/aes192_   aes192
     000005C5  A$aes192_z80_sdcc_O0ries/aes192_   aes192
     000005C8  A$aes192_z80_sdcc_O0ries/aes192_   aes192
     000005C9  A$aes192_z80_sdcc_O0ries/aes192_   aes192
     000005CA  A$aes192_z80_sdcc_O0ries/aes192_   aes192
     000005CD  A$aes192_z80_sdcc_O0ries/aes192_   aes192
     000005D0  A$aes192_z80_sdcc_O0ries/aes192_   aes192
     000005D1  A$aes192_z80_sdcc_O0ries/aes192_   aes192
     000005D2  A$aes192_z80_sdcc_O0ries/aes192_   aes192
     000005D5  A$aes192_z80_sdcc_O0ries/aes192_   aes192
     000005D8  A$aes192_z80_sdcc_O0ries/aes192_   aes192
     000005D9  A$aes192_z80_sdcc_O0ries/aes192_   aes192
     000005D9  C$aes192.c$85$3_0$24               aes192
     000005DA  A$aes192_z80_sdcc_O0ries/aes192_   aes192
     000005DD  A$aes192_z80_sdcc_O0ries/aes192_   aes192
     000005E0  A$aes192_z80_sdcc_O0ries/aes192_   aes192
     000005E1  A$aes192_z80_sdcc_O0ries/aes192_   aes192
     000005E2  A$aes192_z80_sdcc_O0ries/aes192_   aes192
     000005E5  A$aes192_z80_sdcc_O0ries/aes192_   aes192
     000005E8  A$aes192_z80_sdcc_O0ries/aes192_   aes192
     000005EB  A$aes192_z80_sdcc_O0ries/aes192_   aes192
     000005EC  A$aes192_z80_sdcc_O0ries/aes192_   aes192
     000005ED  A$aes192_z80_sdcc_O0ries/aes192_   aes192
     000005EE  A$aes192_z80_sdcc_O0ries/aes192_   aes192
     000005EF  A$aes192_z80_sdcc_O0ries/aes192_   aes192
     000005F0  A$aes192_z80_sdcc_O0ries/aes192_   aes192
     000005F3  A$aes192_z80_sdcc_O0ries/aes192_   aes192
     000005F4  A$aes192_z80_sdcc_O0ries/aes192_   aes192
     000005F5  A$aes192_z80_sdcc_O0ries/aes192_   aes192
     000005F6  A$aes192_z80_sdcc_O0ries/aes192_   aes192
     000005F7  A$aes192_z80_sdcc_O0ries/aes192_   aes192
     000005FA  A$aes192_z80_sdcc_O0ries/aes192_   aes192
     000005FD  A$aes192_z80_sdcc_O0ries/aes192_   aes192
     00000600  A$aes192_z80_sdcc_O0ries/aes192_   aes192
     00000603  A$aes192_z80_sdcc_O0ries/aes192_   aes192
     00000604  A$aes192_z80_sdcc_O0ries/aes192_   aes192
     00000605  A$aes192_z80_sdcc_O0ries/aes192_   aes192
     00000606  A$aes192_z80_sdcc_O0ries/aes192_   aes192
     00000607  A$aes192_z80_sdcc_O0ries/aes192_   aes192
     00000608  A$aes192_z80_sdcc_O0ries/aes192_   aes192
     0000060B  A$aes192_z80_sdcc_O0ries/aes192_   aes192
     0000060C  A$aes192_z80_sdcc_O0ries/aes192_   aes192
     0000060D  A$aes192_z80_sdcc_O0ries/aes192_   aes192
     0000060E  A$aes192_z80_sdcc_O0ries/aes192_   aes192
ASxxxx Linker V03.00 + NoICE + sdld,  page 11.
Hexadecimal  [32-Bits]

Area                                    Addr        Size        Decimal Bytes (Attributes)
--------------------------------        ----        ----        ------- ----- ------------
_CODE                               00000200    00001BA8 =        7080. bytes (REL,CON)

      Value  Global                              Global Defined In Module
      -----  --------------------------------   ------------------------
     0000060F  A$aes192_z80_sdcc_O0ries/aes192_   aes192
     00000612  A$aes192_z80_sdcc_O0ries/aes192_   aes192
     00000615  A$aes192_z80_sdcc_O0ries/aes192_   aes192
     00000618  A$aes192_z80_sdcc_O0ries/aes192_   aes192
     00000619  A$aes192_z80_sdcc_O0ries/aes192_   aes192
     0000061A  A$aes192_z80_sdcc_O0ries/aes192_   aes192
     0000061D  A$aes192_z80_sdcc_O0ries/aes192_   aes192
     00000620  A$aes192_z80_sdcc_O0ries/aes192_   aes192
     00000621  A$aes192_z80_sdcc_O0ries/aes192_   aes192
     00000621  C$aes192.c$86$3_0$24               aes192
     00000622  A$aes192_z80_sdcc_O0ries/aes192_   aes192
     00000623  A$aes192_z80_sdcc_O0ries/aes192_   aes192
     00000624  A$aes192_z80_sdcc_O0ries/aes192_   aes192
     00000625  A$aes192_z80_sdcc_O0ries/aes192_   aes192
     00000626  A$aes192_z80_sdcc_O0ries/aes192_   aes192
     00000629  A$aes192_z80_sdcc_O0ries/aes192_   aes192
     0000062A  A$aes192_z80_sdcc_O0ries/aes192_   aes192
     0000062B  A$aes192_z80_sdcc_O0ries/aes192_   aes192
     0000062C  A$aes192_z80_sdcc_O0ries/aes192_   aes192
     0000062D  A$aes192_z80_sdcc_O0ries/aes192_   aes192
     0000062E  A$aes192_z80_sdcc_O0ries/aes192_   aes192
     0000062F  A$aes192_z80_sdcc_O0ries/aes192_   aes192
     00000630  A$aes192_z80_sdcc_O0ries/aes192_   aes192
     00000631  A$aes192_z80_sdcc_O0ries/aes192_   aes192
     00000632  A$aes192_z80_sdcc_O0ries/aes192_   aes192
     00000635  A$aes192_z80_sdcc_O0ries/aes192_   aes192
     00000638  A$aes192_z80_sdcc_O0ries/aes192_   aes192
     00000639  A$aes192_z80_sdcc_O0ries/aes192_   aes192
     0000063A  A$aes192_z80_sdcc_O0ries/aes192_   aes192
     0000063D  A$aes192_z80_sdcc_O0ries/aes192_   aes192
     00000640  A$aes192_z80_sdcc_O0ries/aes192_   aes192
     00000641  A$aes192_z80_sdcc_O0ries/aes192_   aes192
     00000642  A$aes192_z80_sdcc_O0ries/aes192_   aes192
     00000643  A$aes192_z80_sdcc_O0ries/aes192_   aes192
     00000646  A$aes192_z80_sdcc_O0ries/aes192_   aes192
     00000649  A$aes192_z80_sdcc_O0ries/aes192_   aes192
     0000064A  A$aes192_z80_sdcc_O0ries/aes192_   aes192
     0000064B  A$aes192_z80_sdcc_O0ries/aes192_   aes192
     0000064C  A$aes192_z80_sdcc_O0ries/aes192_   aes192
     0000064D  A$aes192_z80_sdcc_O0ries/aes192_   aes192
     0000064E  A$aes192_z80_sdcc_O0ries/aes192_   aes192
     00000651  A$aes192_z80_sdcc_O0ries/aes192_   aes192
     00000652  A$aes192_z80_sdcc_O0ries/aes192_   aes192
     00000653  A$aes192_z80_sdcc_O0ries/aes192_   aes192
     00000654  A$aes192_z80_sdcc_O0ries/aes192_   aes192
     00000655  A$aes192_z80_sdcc_O0ries/aes192_   aes192
     00000656  A$aes192_z80_sdcc_O0ries/aes192_   aes192
     00000659  A$aes192_z80_sdcc_O0ries/aes192_   aes192
     0000065C  A$aes192_z80_sdcc_O0ries/aes192_   aes192
     0000065D  A$aes192_z80_sdcc_O0ries/aes192_   aes192
     0000065D  C$aes192.c$77$2_0$23               aes192
ASxxxx Linker V03.00 + NoICE + sdld,  page 12.
Hexadecimal  [32-Bits]

Area                                    Addr        Size        Decimal Bytes (Attributes)
--------------------------------        ----        ----        ------- ----- ------------
_CODE                               00000200    00001BA8 =        7080. bytes (REL,CON)

      Value  Global                              Global Defined In Module
      -----  --------------------------------   ------------------------
     00000660  A$aes192_z80_sdcc_O0ries/aes192_   aes192
     00000663  A$aes192_z80_sdcc_O0ries/aes192_   aes192
     00000666  A$aes192_z80_sdcc_O0ries/aes192_   aes192
     00000669  A$aes192_z80_sdcc_O0ries/aes192_   aes192
     0000066B  A$aes192_z80_sdcc_O0ries/aes192_   aes192
     0000066D  A$aes192_z80_sdcc_O0ries/aes192_   aes192
     0000066D  C$aes192.c$88$2_0$23               aes192
     0000066D  XFaes192$mix_columns$0$0           aes192
     0000066E  A$aes192_z80_sdcc_O0ries/aes192_   aes192
     0000066E  C$aes192.c$90$2_0$27               aes192
     0000066E  Faes192$add_round_key$0$0          aes192
     00000670  A$aes192_z80_sdcc_O0ries/aes192_   aes192
     00000674  A$aes192_z80_sdcc_O0ries/aes192_   aes192
     00000676  A$aes192_z80_sdcc_O0ries/aes192_   aes192
     00000679  A$aes192_z80_sdcc_O0ries/aes192_   aes192
     0000067A  A$aes192_z80_sdcc_O0ries/aes192_   aes192
     0000067B  A$aes192_z80_sdcc_O0ries/aes192_   aes192
     0000067E  A$aes192_z80_sdcc_O0ries/aes192_   aes192
     0000067F  A$aes192_z80_sdcc_O0ries/aes192_   aes192
     00000681  A$aes192_z80_sdcc_O0ries/aes192_   aes192
     00000682  A$aes192_z80_sdcc_O0ries/aes192_   aes192
     00000683  A$aes192_z80_sdcc_O0ries/aes192_   aes192
     00000684  A$aes192_z80_sdcc_O0ries/aes192_   aes192
     00000685  A$aes192_z80_sdcc_O0ries/aes192_   aes192
     00000687  A$aes192_z80_sdcc_O0ries/aes192_   aes192
     0000068A  A$aes192_z80_sdcc_O0ries/aes192_   aes192
     0000068A  C$aes192.c$92$5_0$30               aes192
     0000068B  A$aes192_z80_sdcc_O0ries/aes192_   aes192
     0000068C  A$aes192_z80_sdcc_O0ries/aes192_   aes192
     0000068E  A$aes192_z80_sdcc_O0ries/aes192_   aes192
     00000690  A$aes192_z80_sdcc_O0ries/aes192_   aes192
     00000692  A$aes192_z80_sdcc_O0ries/aes192_   aes192
     00000694  A$aes192_z80_sdcc_O0ries/aes192_   aes192
     00000697  A$aes192_z80_sdcc_O0ries/aes192_   aes192
     00000698  A$aes192_z80_sdcc_O0ries/aes192_   aes192
     0000069B  A$aes192_z80_sdcc_O0ries/aes192_   aes192
     0000069E  A$aes192_z80_sdcc_O0ries/aes192_   aes192
     0000069F  A$aes192_z80_sdcc_O0ries/aes192_   aes192
     000006A2  A$aes192_z80_sdcc_O0ries/aes192_   aes192
     000006A5  A$aes192_z80_sdcc_O0ries/aes192_   aes192
     000006A6  A$aes192_z80_sdcc_O0ries/aes192_   aes192
     000006A9  A$aes192_z80_sdcc_O0ries/aes192_   aes192
     000006AC  A$aes192_z80_sdcc_O0ries/aes192_   aes192
     000006AD  A$aes192_z80_sdcc_O0ries/aes192_   aes192
     000006B0  A$aes192_z80_sdcc_O0ries/aes192_   aes192
     000006B3  A$aes192_z80_sdcc_O0ries/aes192_   aes192
     000006B4  A$aes192_z80_sdcc_O0ries/aes192_   aes192
     000006B6  A$aes192_z80_sdcc_O0ries/aes192_   aes192
     000006B7  A$aes192_z80_sdcc_O0ries/aes192_   aes192
     000006B8  A$aes192_z80_sdcc_O0ries/aes192_   aes192
     000006B9  A$aes192_z80_sdcc_O0ries/aes192_   aes192
ASxxxx Linker V03.00 + NoICE + sdld,  page 13.
Hexadecimal  [32-Bits]

Area                                    Addr        Size        Decimal Bytes (Attributes)
--------------------------------        ----        ----        ------- ----- ------------
_CODE                               00000200    00001BA8 =        7080. bytes (REL,CON)

      Value  Global                              Global Defined In Module
      -----  --------------------------------   ------------------------
     000006BA  A$aes192_z80_sdcc_O0ries/aes192_   aes192
     000006BC  A$aes192_z80_sdcc_O0ries/aes192_   aes192
     000006BF  A$aes192_z80_sdcc_O0ries/aes192_   aes192
     000006BF  C$aes192.c$93$5_0$30               aes192
     000006C2  A$aes192_z80_sdcc_O0ries/aes192_   aes192
     000006C3  A$aes192_z80_sdcc_O0ries/aes192_   aes192
     000006C6  A$aes192_z80_sdcc_O0ries/aes192_   aes192
     000006C9  A$aes192_z80_sdcc_O0ries/aes192_   aes192
     000006CA  A$aes192_z80_sdcc_O0ries/aes192_   aes192
     000006CD  A$aes192_z80_sdcc_O0ries/aes192_   aes192
     000006D0  A$aes192_z80_sdcc_O0ries/aes192_   aes192
     000006D3  A$aes192_z80_sdcc_O0ries/aes192_   aes192
     000006D4  A$aes192_z80_sdcc_O0ries/aes192_   aes192
     000006D5  A$aes192_z80_sdcc_O0ries/aes192_   aes192
     000006D8  A$aes192_z80_sdcc_O0ries/aes192_   aes192
     000006DB  A$aes192_z80_sdcc_O0ries/aes192_   aes192
     000006DC  A$aes192_z80_sdcc_O0ries/aes192_   aes192
     000006DD  A$aes192_z80_sdcc_O0ries/aes192_   aes192
     000006E0  A$aes192_z80_sdcc_O0ries/aes192_   aes192
     000006E3  A$aes192_z80_sdcc_O0ries/aes192_   aes192
     000006E4  A$aes192_z80_sdcc_O0ries/aes192_   aes192
     000006E4  C$aes192.c$92$4_0$29               aes192
     000006E5  A$aes192_z80_sdcc_O0ries/aes192_   aes192
     000006E8  A$aes192_z80_sdcc_O0ries/aes192_   aes192
     000006E8  C$aes192.c$91$2_0$27               aes192
     000006E9  A$aes192_z80_sdcc_O0ries/aes192_   aes192
     000006EC  A$aes192_z80_sdcc_O0ries/aes192_   aes192
     000006EE  A$aes192_z80_sdcc_O0ries/aes192_   aes192
     000006F0  A$aes192_z80_sdcc_O0ries/aes192_   aes192
     000006F0  C$aes192.c$96$2_0$27               aes192
     000006F0  XFaes192$add_round_key$0$0         aes192
     000006F1  A$aes192_z80_sdcc_O0ries/aes192_   aes192
     000006F1  C$aes192.c$98$2_0$32               aes192
     000006F1  Faes192$key_expansion_192$0$0      aes192
     000006F3  A$aes192_z80_sdcc_O0ries/aes192_   aes192
     000006F7  A$aes192_z80_sdcc_O0ries/aes192_   aes192
     000006F9  A$aes192_z80_sdcc_O0ries/aes192_   aes192
     000006FC  A$aes192_z80_sdcc_O0ries/aes192_   aes192
     000006FD  A$aes192_z80_sdcc_O0ries/aes192_   aes192
     000006FE  A$aes192_z80_sdcc_O0ries/aes192_   aes192
     000006FE  C$aes192.c$105$3_0$34              aes192
     00000701  A$aes192_z80_sdcc_O0ries/aes192_   aes192
     00000704  A$aes192_z80_sdcc_O0ries/aes192_   aes192
     00000707  A$aes192_z80_sdcc_O0ries/aes192_   aes192
     0000070A  A$aes192_z80_sdcc_O0ries/aes192_   aes192
     0000070D  A$aes192_z80_sdcc_O0ries/aes192_   aes192
     00000710  A$aes192_z80_sdcc_O0ries/aes192_   aes192
     00000713  A$aes192_z80_sdcc_O0ries/aes192_   aes192
     00000716  A$aes192_z80_sdcc_O0ries/aes192_   aes192
     00000719  A$aes192_z80_sdcc_O0ries/aes192_   aes192
     0000071C  A$aes192_z80_sdcc_O0ries/aes192_   aes192
ASxxxx Linker V03.00 + NoICE + sdld,  page 14.
Hexadecimal  [32-Bits]

Area                                    Addr        Size        Decimal Bytes (Attributes)
--------------------------------        ----        ----        ------- ----- ------------
_CODE                               00000200    00001BA8 =        7080. bytes (REL,CON)

      Value  Global                              Global Defined In Module
      -----  --------------------------------   ------------------------
     0000071F  A$aes192_z80_sdcc_O0ries/aes192_   aes192
     00000722  A$aes192_z80_sdcc_O0ries/aes192_   aes192
     00000725  A$aes192_z80_sdcc_O0ries/aes192_   aes192
     00000728  A$aes192_z80_sdcc_O0ries/aes192_   aes192
     0000072B  A$aes192_z80_sdcc_O0ries/aes192_   aes192
     0000072E  A$aes192_z80_sdcc_O0ries/aes192_   aes192
     00000731  A$aes192_z80_sdcc_O0ries/aes192_   aes192
     00000734  A$aes192_z80_sdcc_O0ries/aes192_   aes192
     00000737  A$aes192_z80_sdcc_O0ries/aes192_   aes192
     0000073A  A$aes192_z80_sdcc_O0ries/aes192_   aes192
     0000073B  A$aes192_z80_sdcc_O0ries/aes192_   aes192
     0000073E  A$aes192_z80_sdcc_O0ries/aes192_   aes192
     00000741  A$aes192_z80_sdcc_O0ries/aes192_   aes192
     00000744  A$aes192_z80_sdcc_O0ries/aes192_   aes192
     00000746  A$aes192_z80_sdcc_O0ries/aes192_   aes192
     00000749  A$aes192_z80_sdcc_O0ries/aes192_   aes192
     0000074A  A$aes192_z80_sdcc_O0ries/aes192_   aes192
     0000074B  A$aes192_z80_sdcc_O0ries/aes192_   aes192
     0000074C  A$aes192_z80_sdcc_O0ries/aes192_   aes192
     0000074E  A$aes192_z80_sdcc_O0ries/aes192_   aes192
     00000751  A$aes192_z80_sdcc_O0ries/aes192_   aes192
     00000751  C$aes192.c$106$3_0$34              aes192
     00000754  A$aes192_z80_sdcc_O0ries/aes192_   aes192
     00000757  A$aes192_z80_sdcc_O0ries/aes192_   aes192
     0000075A  A$aes192_z80_sdcc_O0ries/aes192_   aes192
     0000075D  A$aes192_z80_sdcc_O0ries/aes192_   aes192
     00000760  A$aes192_z80_sdcc_O0ries/aes192_   aes192
     00000761  A$aes192_z80_sdcc_O0ries/aes192_   aes192
     00000763  A$aes192_z80_sdcc_O0ries/aes192_   aes192
     00000764  A$aes192_z80_sdcc_O0ries/aes192_   aes192
     00000767  A$aes192_z80_sdcc_O0ries/aes192_   aes192
     0000076A  A$aes192_z80_sdcc_O0ries/aes192_   aes192
     0000076C  A$aes192_z80_sdcc_O0ries/aes192_   aes192
     0000076F  A$aes192_z80_sdcc_O0ries/aes192_   aes192
     00000772  A$aes192_z80_sdcc_O0ries/aes192_   aes192
     00000774  A$aes192_z80_sdcc_O0ries/aes192_   aes192
     00000777  A$aes192_z80_sdcc_O0ries/aes192_   aes192
     0000077A  A$aes192_z80_sdcc_O0ries/aes192_   aes192
     0000077B  A$aes192_z80_sdcc_O0ries/aes192_   aes192
     0000077E  A$aes192_z80_sdcc_O0ries/aes192_   aes192
     00000781  A$aes192_z80_sdcc_O0ries/aes192_   aes192
     00000784  A$aes192_z80_sdcc_O0ries/aes192_   aes192
     00000787  A$aes192_z80_sdcc_O0ries/aes192_   aes192
     0000078A  A$aes192_z80_sdcc_O0ries/aes192_   aes192
     0000078D  A$aes192_z80_sdcc_O0ries/aes192_   aes192
     00000790  A$aes192_z80_sdcc_O0ries/aes192_   aes192
     00000792  A$aes192_z80_sdcc_O0ries/aes192_   aes192
     00000794  A$aes192_z80_sdcc_O0ries/aes192_   aes192
     00000796  A$aes192_z80_sdcc_O0ries/aes192_   aes192
     00000798  A$aes192_z80_sdcc_O0ries/aes192_   aes192
     00000799  A$aes192_z80_sdcc_O0ries/aes192_   aes192
ASxxxx Linker V03.00 + NoICE + sdld,  page 15.
Hexadecimal  [32-Bits]

Area                                    Addr        Size        Decimal Bytes (Attributes)
--------------------------------        ----        ----        ------- ----- ------------
_CODE                               00000200    00001BA8 =        7080. bytes (REL,CON)

      Value  Global                              Global Defined In Module
      -----  --------------------------------   ------------------------
     0000079A  A$aes192_z80_sdcc_O0ries/aes192_   aes192
     0000079B  A$aes192_z80_sdcc_O0ries/aes192_   aes192
     0000079C  A$aes192_z80_sdcc_O0ries/aes192_   aes192
     0000079F  A$aes192_z80_sdcc_O0ries/aes192_   aes192
     000007A2  A$aes192_z80_sdcc_O0ries/aes192_   aes192
     000007A3  A$aes192_z80_sdcc_O0ries/aes192_   aes192
     000007A4  A$aes192_z80_sdcc_O0ries/aes192_   aes192
     000007A7  A$aes192_z80_sdcc_O0ries/aes192_   aes192
     000007A8  A$aes192_z80_sdcc_O0ries/aes192_   aes192
     000007AB  A$aes192_z80_sdcc_O0ries/aes192_   aes192
     000007AE  A$aes192_z80_sdcc_O0ries/aes192_   aes192
     000007AF  A$aes192_z80_sdcc_O0ries/aes192_   aes192
     000007B2  A$aes192_z80_sdcc_O0ries/aes192_   aes192
     000007B3  A$aes192_z80_sdcc_O0ries/aes192_   aes192
     000007B4  A$aes192_z80_sdcc_O0ries/aes192_   aes192
     000007B7  A$aes192_z80_sdcc_O0ries/aes192_   aes192
     000007BA  A$aes192_z80_sdcc_O0ries/aes192_   aes192
     000007BB  A$aes192_z80_sdcc_O0ries/aes192_   aes192
     000007BC  A$aes192_z80_sdcc_O0ries/aes192_   aes192
     000007BF  A$aes192_z80_sdcc_O0ries/aes192_   aes192
     000007C0  A$aes192_z80_sdcc_O0ries/aes192_   aes192
     000007C1  A$aes192_z80_sdcc_O0ries/aes192_   aes192
     000007C4  A$aes192_z80_sdcc_O0ries/aes192_   aes192
     000007C5  A$aes192_z80_sdcc_O0ries/aes192_   aes192
     000007C8  A$aes192_z80_sdcc_O0ries/aes192_   aes192
     000007CB  A$aes192_z80_sdcc_O0ries/aes192_   aes192
     000007CD  A$aes192_z80_sdcc_O0ries/aes192_   aes192
     000007CF  A$aes192_z80_sdcc_O0ries/aes192_   aes192
     000007D1  A$aes192_z80_sdcc_O0ries/aes192_   aes192
     000007D3  A$aes192_z80_sdcc_O0ries/aes192_   aes192
     000007D6  A$aes192_z80_sdcc_O0ries/aes192_   aes192
     000007D9  A$aes192_z80_sdcc_O0ries/aes192_   aes192
     000007DA  A$aes192_z80_sdcc_O0ries/aes192_   aes192
     000007DB  A$aes192_z80_sdcc_O0ries/aes192_   aes192
     000007DC  A$aes192_z80_sdcc_O0ries/aes192_   aes192
     000007DC  C$aes192.c$107$3_0$34              aes192
     000007DF  A$aes192_z80_sdcc_O0ries/aes192_   aes192
     000007E2  A$aes192_z80_sdcc_O0ries/aes192_   aes192
     000007E5  A$aes192_z80_sdcc_O0ries/aes192_   aes192
     000007E6  A$aes192_z80_sdcc_O0ries/aes192_   aes192
     000007E9  A$aes192_z80_sdcc_O0ries/aes192_   aes192
     000007EC  A$aes192_z80_sdcc_O0ries/aes192_   aes192
     000007EF  A$aes192_z80_sdcc_O0ries/aes192_   aes192
     000007F1  A$aes192_z80_sdcc_O0ries/aes192_   aes192
     000007F3  A$aes192_z80_sdcc_O0ries/aes192_   aes192
     000007F5  A$aes192_z80_sdcc_O0ries/aes192_   aes192
     000007F7  A$aes192_z80_sdcc_O0ries/aes192_   aes192
     000007F8  A$aes192_z80_sdcc_O0ries/aes192_   aes192
     000007F9  A$aes192_z80_sdcc_O0ries/aes192_   aes192
     000007FA  A$aes192_z80_sdcc_O0ries/aes192_   aes192
     000007FB  A$aes192_z80_sdcc_O0ries/aes192_   aes192
ASxxxx Linker V03.00 + NoICE + sdld,  page 16.
Hexadecimal  [32-Bits]

Area                                    Addr        Size        Decimal Bytes (Attributes)
--------------------------------        ----        ----        ------- ----- ------------
_CODE                               00000200    00001BA8 =        7080. bytes (REL,CON)

      Value  Global                              Global Defined In Module
      -----  --------------------------------   ------------------------
     000007FE  A$aes192_z80_sdcc_O0ries/aes192_   aes192
     00000801  A$aes192_z80_sdcc_O0ries/aes192_   aes192
     00000802  A$aes192_z80_sdcc_O0ries/aes192_   aes192
     00000805  A$aes192_z80_sdcc_O0ries/aes192_   aes192
     00000806  A$aes192_z80_sdcc_O0ries/aes192_   aes192
     00000807  A$aes192_z80_sdcc_O0ries/aes192_   aes192
     0000080A  A$aes192_z80_sdcc_O0ries/aes192_   aes192
     0000080D  A$aes192_z80_sdcc_O0ries/aes192_   aes192
     0000080E  A$aes192_z80_sdcc_O0ries/aes192_   aes192
     00000811  A$aes192_z80_sdcc_O0ries/aes192_   aes192
     00000814  A$aes192_z80_sdcc_O0ries/aes192_   aes192
     00000815  A$aes192_z80_sdcc_O0ries/aes192_   aes192
     00000816  A$aes192_z80_sdcc_O0ries/aes192_   aes192
     00000817  A$aes192_z80_sdcc_O0ries/aes192_   aes192
     0000081A  A$aes192_z80_sdcc_O0ries/aes192_   aes192
     0000081D  A$aes192_z80_sdcc_O0ries/aes192_   aes192
     0000081E  A$aes192_z80_sdcc_O0ries/aes192_   aes192
     0000081F  A$aes192_z80_sdcc_O0ries/aes192_   aes192
     00000822  A$aes192_z80_sdcc_O0ries/aes192_   aes192
     00000825  A$aes192_z80_sdcc_O0ries/aes192_   aes192
     00000826  A$aes192_z80_sdcc_O0ries/aes192_   aes192
     00000826  C$aes192.c$108$3_0$34              aes192
     00000829  A$aes192_z80_sdcc_O0ries/aes192_   aes192
     0000082C  A$aes192_z80_sdcc_O0ries/aes192_   aes192
     0000082F  A$aes192_z80_sdcc_O0ries/aes192_   aes192
     00000830  A$aes192_z80_sdcc_O0ries/aes192_   aes192
     00000833  A$aes192_z80_sdcc_O0ries/aes192_   aes192
     00000836  A$aes192_z80_sdcc_O0ries/aes192_   aes192
     00000839  A$aes192_z80_sdcc_O0ries/aes192_   aes192
     0000083B  A$aes192_z80_sdcc_O0ries/aes192_   aes192
     0000083D  A$aes192_z80_sdcc_O0ries/aes192_   aes192
     0000083F  A$aes192_z80_sdcc_O0ries/aes192_   aes192
     00000841  A$aes192_z80_sdcc_O0ries/aes192_   aes192
     00000842  A$aes192_z80_sdcc_O0ries/aes192_   aes192
     00000843  A$aes192_z80_sdcc_O0ries/aes192_   aes192
     00000844  A$aes192_z80_sdcc_O0ries/aes192_   aes192
     00000845  A$aes192_z80_sdcc_O0ries/aes192_   aes192
     00000848  A$aes192_z80_sdcc_O0ries/aes192_   aes192
     0000084B  A$aes192_z80_sdcc_O0ries/aes192_   aes192
     0000084C  A$aes192_z80_sdcc_O0ries/aes192_   aes192
     0000084F  A$aes192_z80_sdcc_O0ries/aes192_   aes192
     00000850  A$aes192_z80_sdcc_O0ries/aes192_   aes192
     00000851  A$aes192_z80_sdcc_O0ries/aes192_   aes192
     00000854  A$aes192_z80_sdcc_O0ries/aes192_   aes192
     00000857  A$aes192_z80_sdcc_O0ries/aes192_   aes192
     00000858  A$aes192_z80_sdcc_O0ries/aes192_   aes192
     0000085B  A$aes192_z80_sdcc_O0ries/aes192_   aes192
     0000085E  A$aes192_z80_sdcc_O0ries/aes192_   aes192
     0000085F  A$aes192_z80_sdcc_O0ries/aes192_   aes192
     00000860  A$aes192_z80_sdcc_O0ries/aes192_   aes192
     00000861  A$aes192_z80_sdcc_O0ries/aes192_   aes192
ASxxxx Linker V03.00 + NoICE + sdld,  page 17.
Hexadecimal  [32-Bits]

Area                                    Addr        Size        Decimal Bytes (Attributes)
--------------------------------        ----        ----        ------- ----- ------------
_CODE                               00000200    00001BA8 =        7080. bytes (REL,CON)

      Value  Global                              Global Defined In Module
      -----  --------------------------------   ------------------------
     00000862  A$aes192_z80_sdcc_O0ries/aes192_   aes192
     00000865  A$aes192_z80_sdcc_O0ries/aes192_   aes192
     00000868  A$aes192_z80_sdcc_O0ries/aes192_   aes192
     00000869  A$aes192_z80_sdcc_O0ries/aes192_   aes192
     0000086A  A$aes192_z80_sdcc_O0ries/aes192_   aes192
     0000086D  A$aes192_z80_sdcc_O0ries/aes192_   aes192
     00000870  A$aes192_z80_sdcc_O0ries/aes192_   aes192
     00000871  A$aes192_z80_sdcc_O0ries/aes192_   aes192
     00000871  C$aes192.c$109$3_0$34              aes192
     00000874  A$aes192_z80_sdcc_O0ries/aes192_   aes192
     00000877  A$aes192_z80_sdcc_O0ries/aes192_   aes192
     0000087A  A$aes192_z80_sdcc_O0ries/aes192_   aes192
     0000087B  A$aes192_z80_sdcc_O0ries/aes192_   aes192
     0000087E  A$aes192_z80_sdcc_O0ries/aes192_   aes192
     00000881  A$aes192_z80_sdcc_O0ries/aes192_   aes192
     00000884  A$aes192_z80_sdcc_O0ries/aes192_   aes192
     00000886  A$aes192_z80_sdcc_O0ries/aes192_   aes192
     00000888  A$aes192_z80_sdcc_O0ries/aes192_   aes192
     0000088A  A$aes192_z80_sdcc_O0ries/aes192_   aes192
     0000088C  A$aes192_z80_sdcc_O0ries/aes192_   aes192
     0000088D  A$aes192_z80_sdcc_O0ries/aes192_   aes192
     0000088E  A$aes192_z80_sdcc_O0ries/aes192_   aes192
     0000088F  A$aes192_z80_sdcc_O0ries/aes192_   aes192
     00000890  A$aes192_z80_sdcc_O0ries/aes192_   aes192
     00000893  A$aes192_z80_sdcc_O0ries/aes192_   aes192
     00000896  A$aes192_z80_sdcc_O0ries/aes192_   aes192
     00000897  A$aes192_z80_sdcc_O0ries/aes192_   aes192
     0000089A  A$aes192_z80_sdcc_O0ries/aes192_   aes192
     0000089B  A$aes192_z80_sdcc_O0ries/aes192_   aes192
     0000089C  A$aes192_z80_sdcc_O0ries/aes192_   aes192
     0000089F  A$aes192_z80_sdcc_O0ries/aes192_   aes192
     000008A0  A$aes192_z80_sdcc_O0ries/aes192_   aes192
     000008A1  A$aes192_z80_sdcc_O0ries/aes192_   aes192
     000008A4  A$aes192_z80_sdcc_O0ries/aes192_   aes192
     000008A5  A$aes192_z80_sdcc_O0ries/aes192_   aes192
     000008A6  A$aes192_z80_sdcc_O0ries/aes192_   aes192
     000008A7  A$aes192_z80_sdcc_O0ries/aes192_   aes192
     000008A8  A$aes192_z80_sdcc_O0ries/aes192_   aes192
     000008AB  A$aes192_z80_sdcc_O0ries/aes192_   aes192
     000008AE  A$aes192_z80_sdcc_O0ries/aes192_   aes192
     000008AF  A$aes192_z80_sdcc_O0ries/aes192_   aes192
     000008B0  A$aes192_z80_sdcc_O0ries/aes192_   aes192
     000008B1  A$aes192_z80_sdcc_O0ries/aes192_   aes192
     000008B1  C$aes192.c$105$2_0$33              aes192
     000008B4  A$aes192_z80_sdcc_O0ries/aes192_   aes192
     000008B7  A$aes192_z80_sdcc_O0ries/aes192_   aes192
     000008BA  A$aes192_z80_sdcc_O0ries/aes192_   aes192
     000008BD  A$aes192_z80_sdcc_O0ries/aes192_   aes192
     000008BD  C$aes192.c$113$5_0$38              aes192
     000008C0  A$aes192_z80_sdcc_O0ries/aes192_   aes192
     000008C3  A$aes192_z80_sdcc_O0ries/aes192_   aes192
ASxxxx Linker V03.00 + NoICE + sdld,  page 18.
Hexadecimal  [32-Bits]

Area                                    Addr        Size        Decimal Bytes (Attributes)
--------------------------------        ----        ----        ------- ----- ------------
_CODE                               00000200    00001BA8 =        7080. bytes (REL,CON)

      Value  Global                              Global Defined In Module
      -----  --------------------------------   ------------------------
     000008C6  A$aes192_z80_sdcc_O0ries/aes192_   aes192
     000008C9  A$aes192_z80_sdcc_O0ries/aes192_   aes192
     000008CC  A$aes192_z80_sdcc_O0ries/aes192_   aes192
     000008CF  A$aes192_z80_sdcc_O0ries/aes192_   aes192
     000008D2  A$aes192_z80_sdcc_O0ries/aes192_   aes192
     000008D5  A$aes192_z80_sdcc_O0ries/aes192_   aes192
     000008D8  A$aes192_z80_sdcc_O0ries/aes192_   aes192
     000008DB  A$aes192_z80_sdcc_O0ries/aes192_   aes192
     000008DE  A$aes192_z80_sdcc_O0ries/aes192_   aes192
     000008E1  A$aes192_z80_sdcc_O0ries/aes192_   aes192
     000008E5  A$aes192_z80_sdcc_O0ries/aes192_   aes192
     000008E6  A$aes192_z80_sdcc_O0ries/aes192_   aes192
     000008E9  A$aes192_z80_sdcc_O0ries/aes192_   aes192
     000008EC  A$aes192_z80_sdcc_O0ries/aes192_   aes192
     000008EE  A$aes192_z80_sdcc_O0ries/aes192_   aes192
     000008F1  A$aes192_z80_sdcc_O0ries/aes192_   aes192
     000008F2  A$aes192_z80_sdcc_O0ries/aes192_   aes192
     000008F3  A$aes192_z80_sdcc_O0ries/aes192_   aes192
     000008F4  A$aes192_z80_sdcc_O0ries/aes192_   aes192
     000008F6  A$aes192_z80_sdcc_O0ries/aes192_   aes192
     000008F9  A$aes192_z80_sdcc_O0ries/aes192_   aes192
     000008F9  C$aes192.c$114$3_0$36              aes192
     000008FC  A$aes192_z80_sdcc_O0ries/aes192_   aes192
     000008FE  A$aes192_z80_sdcc_O0ries/aes192_   aes192
     00000901  A$aes192_z80_sdcc_O0ries/aes192_   aes192
     00000904  A$aes192_z80_sdcc_O0ries/aes192_   aes192
     00000906  A$aes192_z80_sdcc_O0ries/aes192_   aes192
     00000909  A$aes192_z80_sdcc_O0ries/aes192_   aes192
     00000909  C$aes192.c$115$3_0$36              aes192
     0000090C  A$aes192_z80_sdcc_O0ries/aes192_   aes192
     0000090E  A$aes192_z80_sdcc_O0ries/aes192_   aes192
     00000911  A$aes192_z80_sdcc_O0ries/aes192_   aes192
     00000914  A$aes192_z80_sdcc_O0ries/aes192_   aes192
     00000916  A$aes192_z80_sdcc_O0ries/aes192_   aes192
     00000919  A$aes192_z80_sdcc_O0ries/aes192_   aes192
     00000919  C$aes192.c$117$5_0$38              aes192
     0000091C  A$aes192_z80_sdcc_O0ries/aes192_   aes192
     0000091E  A$aes192_z80_sdcc_O0ries/aes192_   aes192
     00000921  A$aes192_z80_sdcc_O0ries/aes192_   aes192
     00000924  A$aes192_z80_sdcc_O0ries/aes192_   aes192
     00000926  A$aes192_z80_sdcc_O0ries/aes192_   aes192
     00000929  A$aes192_z80_sdcc_O0ries/aes192_   aes192
     0000092C  A$aes192_z80_sdcc_O0ries/aes192_   aes192
     0000092D  A$aes192_z80_sdcc_O0ries/aes192_   aes192
     0000092E  A$aes192_z80_sdcc_O0ries/aes192_   aes192
     0000092F  A$aes192_z80_sdcc_O0ries/aes192_   aes192
     00000930  A$aes192_z80_sdcc_O0ries/aes192_   aes192
     00000931  A$aes192_z80_sdcc_O0ries/aes192_   aes192
     00000932  A$aes192_z80_sdcc_O0ries/aes192_   aes192
     00000935  A$aes192_z80_sdcc_O0ries/aes192_   aes192
     00000936  A$aes192_z80_sdcc_O0ries/aes192_   aes192
ASxxxx Linker V03.00 + NoICE + sdld,  page 19.
Hexadecimal  [32-Bits]

Area                                    Addr        Size        Decimal Bytes (Attributes)
--------------------------------        ----        ----        ------- ----- ------------
_CODE                               00000200    00001BA8 =        7080. bytes (REL,CON)

      Value  Global                              Global Defined In Module
      -----  --------------------------------   ------------------------
     00000937  A$aes192_z80_sdcc_O0ries/aes192_   aes192
     0000093A  A$aes192_z80_sdcc_O0ries/aes192_   aes192
     0000093D  A$aes192_z80_sdcc_O0ries/aes192_   aes192
     00000940  A$aes192_z80_sdcc_O0ries/aes192_   aes192
     00000941  A$aes192_z80_sdcc_O0ries/aes192_   aes192
     00000944  A$aes192_z80_sdcc_O0ries/aes192_   aes192
     00000947  A$aes192_z80_sdcc_O0ries/aes192_   aes192
     0000094A  A$aes192_z80_sdcc_O0ries/aes192_   aes192
     0000094B  A$aes192_z80_sdcc_O0ries/aes192_   aes192
     0000094D  A$aes192_z80_sdcc_O0ries/aes192_   aes192
     0000094E  A$aes192_z80_sdcc_O0ries/aes192_   aes192
     00000951  A$aes192_z80_sdcc_O0ries/aes192_   aes192
     00000952  A$aes192_z80_sdcc_O0ries/aes192_   aes192
     00000955  A$aes192_z80_sdcc_O0ries/aes192_   aes192
     00000958  A$aes192_z80_sdcc_O0ries/aes192_   aes192
     00000958  C$aes192.c$118$5_0$38              aes192
     0000095B  A$aes192_z80_sdcc_O0ries/aes192_   aes192
     0000095E  A$aes192_z80_sdcc_O0ries/aes192_   aes192
     00000961  A$aes192_z80_sdcc_O0ries/aes192_   aes192
     00000964  A$aes192_z80_sdcc_O0ries/aes192_   aes192
     00000967  A$aes192_z80_sdcc_O0ries/aes192_   aes192
     0000096A  A$aes192_z80_sdcc_O0ries/aes192_   aes192
     0000096D  A$aes192_z80_sdcc_O0ries/aes192_   aes192
     00000970  A$aes192_z80_sdcc_O0ries/aes192_   aes192
     00000973  A$aes192_z80_sdcc_O0ries/aes192_   aes192
     00000976  A$aes192_z80_sdcc_O0ries/aes192_   aes192
     00000979  A$aes192_z80_sdcc_O0ries/aes192_   aes192
     0000097A  A$aes192_z80_sdcc_O0ries/aes192_   aes192
     0000097D  A$aes192_z80_sdcc_O0ries/aes192_   aes192
     00000980  A$aes192_z80_sdcc_O0ries/aes192_   aes192
     00000983  A$aes192_z80_sdcc_O0ries/aes192_   aes192
     00000986  A$aes192_z80_sdcc_O0ries/aes192_   aes192
     00000989  A$aes192_z80_sdcc_O0ries/aes192_   aes192
     0000098C  A$aes192_z80_sdcc_O0ries/aes192_   aes192
     0000098F  A$aes192_z80_sdcc_O0ries/aes192_   aes192
     00000991  A$aes192_z80_sdcc_O0ries/aes192_   aes192
     00000993  A$aes192_z80_sdcc_O0ries/aes192_   aes192
     00000995  A$aes192_z80_sdcc_O0ries/aes192_   aes192
     00000997  A$aes192_z80_sdcc_O0ries/aes192_   aes192
     00000998  A$aes192_z80_sdcc_O0ries/aes192_   aes192
     00000999  A$aes192_z80_sdcc_O0ries/aes192_   aes192
     0000099A  A$aes192_z80_sdcc_O0ries/aes192_   aes192
     0000099B  A$aes192_z80_sdcc_O0ries/aes192_   aes192
     0000099E  A$aes192_z80_sdcc_O0ries/aes192_   aes192
     0000099F  A$aes192_z80_sdcc_O0ries/aes192_   aes192
     000009A0  A$aes192_z80_sdcc_O0ries/aes192_   aes192
     000009A3  A$aes192_z80_sdcc_O0ries/aes192_   aes192
     000009A4  A$aes192_z80_sdcc_O0ries/aes192_   aes192
     000009A5  A$aes192_z80_sdcc_O0ries/aes192_   aes192
     000009A8  A$aes192_z80_sdcc_O0ries/aes192_   aes192
     000009AB  A$aes192_z80_sdcc_O0ries/aes192_   aes192
ASxxxx Linker V03.00 + NoICE + sdld,  page 20.
Hexadecimal  [32-Bits]

Area                                    Addr        Size        Decimal Bytes (Attributes)
--------------------------------        ----        ----        ------- ----- ------------
_CODE                               00000200    00001BA8 =        7080. bytes (REL,CON)

      Value  Global                              Global Defined In Module
      -----  --------------------------------   ------------------------
     000009AC  A$aes192_z80_sdcc_O0ries/aes192_   aes192
     000009AD  A$aes192_z80_sdcc_O0ries/aes192_   aes192
     000009AE  A$aes192_z80_sdcc_O0ries/aes192_   aes192
     000009B1  A$aes192_z80_sdcc_O0ries/aes192_   aes192
     000009B4  A$aes192_z80_sdcc_O0ries/aes192_   aes192
     000009B5  A$aes192_z80_sdcc_O0ries/aes192_   aes192
     000009B6  A$aes192_z80_sdcc_O0ries/aes192_   aes192
     000009B9  A$aes192_z80_sdcc_O0ries/aes192_   aes192
     000009BC  A$aes192_z80_sdcc_O0ries/aes192_   aes192
     000009BD  A$aes192_z80_sdcc_O0ries/aes192_   aes192
     000009BD  C$aes192.c$117$4_0$37              aes192
     000009C0  A$aes192_z80_sdcc_O0ries/aes192_   aes192
     000009C3  A$aes192_z80_sdcc_O0ries/aes192_   aes192
     000009C6  A$aes192_z80_sdcc_O0ries/aes192_   aes192
     000009C9  A$aes192_z80_sdcc_O0ries/aes192_   aes192
     000009CB  A$aes192_z80_sdcc_O0ries/aes192_   aes192
     000009CE  A$aes192_z80_sdcc_O0ries/aes192_   aes192
     000009CF  A$aes192_z80_sdcc_O0ries/aes192_   aes192
     000009D0  A$aes192_z80_sdcc_O0ries/aes192_   aes192
     000009D1  A$aes192_z80_sdcc_O0ries/aes192_   aes192
     000009D3  A$aes192_z80_sdcc_O0ries/aes192_   aes192
     000009D6  A$aes192_z80_sdcc_O0ries/aes192_   aes192
     000009D6  C$aes192.c$121$2_0$32              aes192
     000009D9  A$aes192_z80_sdcc_O0ries/aes192_   aes192
     000009DA  A$aes192_z80_sdcc_O0ries/aes192_   aes192
     000009DD  A$aes192_z80_sdcc_O0ries/aes192_   aes192
     000009E0  A$aes192_z80_sdcc_O0ries/aes192_   aes192
     000009E1  A$aes192_z80_sdcc_O0ries/aes192_   aes192
     000009E4  A$aes192_z80_sdcc_O0ries/aes192_   aes192
     000009E5  A$aes192_z80_sdcc_O0ries/aes192_   aes192
     000009E6  A$aes192_z80_sdcc_O0ries/aes192_   aes192
     000009E9  A$aes192_z80_sdcc_O0ries/aes192_   aes192
     000009EC  A$aes192_z80_sdcc_O0ries/aes192_   aes192
     000009EF  A$aes192_z80_sdcc_O0ries/aes192_   aes192
     000009F2  A$aes192_z80_sdcc_O0ries/aes192_   aes192
     000009F5  A$aes192_z80_sdcc_O0ries/aes192_   aes192
     000009F5  C$aes192.c$123$4_0$39              aes192
     000009F8  A$aes192_z80_sdcc_O0ries/aes192_   aes192
     000009FB  A$aes192_z80_sdcc_O0ries/aes192_   aes192
     000009FC  A$aes192_z80_sdcc_O0ries/aes192_   aes192
     000009FF  A$aes192_z80_sdcc_O0ries/aes192_   aes192
     000009FF  C$aes192.c$124$4_0$39              aes192
     00000A02  A$aes192_z80_sdcc_O0ries/aes192_   aes192
     00000A04  A$aes192_z80_sdcc_O0ries/aes192_   aes192
     00000A07  A$aes192_z80_sdcc_O0ries/aes192_   aes192
     00000A0A  A$aes192_z80_sdcc_O0ries/aes192_   aes192
     00000A0C  A$aes192_z80_sdcc_O0ries/aes192_   aes192
     00000A0F  A$aes192_z80_sdcc_O0ries/aes192_   aes192
     00000A12  A$aes192_z80_sdcc_O0ries/aes192_   aes192
     00000A15  A$aes192_z80_sdcc_O0ries/aes192_   aes192
     00000A16  A$aes192_z80_sdcc_O0ries/aes192_   aes192
ASxxxx Linker V03.00 + NoICE + sdld,  page 21.
Hexadecimal  [32-Bits]

Area                                    Addr        Size        Decimal Bytes (Attributes)
--------------------------------        ----        ----        ------- ----- ------------
_CODE                               00000200    00001BA8 =        7080. bytes (REL,CON)

      Value  Global                              Global Defined In Module
      -----  --------------------------------   ------------------------
     00000A19  A$aes192_z80_sdcc_O0ries/aes192_   aes192
     00000A1C  A$aes192_z80_sdcc_O0ries/aes192_   aes192
     00000A1F  A$aes192_z80_sdcc_O0ries/aes192_   aes192
     00000A22  A$aes192_z80_sdcc_O0ries/aes192_   aes192
     00000A23  A$aes192_z80_sdcc_O0ries/aes192_   aes192
     00000A23  C$aes192.c$125$4_0$39              aes192
     00000A26  A$aes192_z80_sdcc_O0ries/aes192_   aes192
     00000A28  A$aes192_z80_sdcc_O0ries/aes192_   aes192
     00000A2B  A$aes192_z80_sdcc_O0ries/aes192_   aes192
     00000A2E  A$aes192_z80_sdcc_O0ries/aes192_   aes192
     00000A30  A$aes192_z80_sdcc_O0ries/aes192_   aes192
     00000A33  A$aes192_z80_sdcc_O0ries/aes192_   aes192
     00000A36  A$aes192_z80_sdcc_O0ries/aes192_   aes192
     00000A39  A$aes192_z80_sdcc_O0ries/aes192_   aes192
     00000A3A  A$aes192_z80_sdcc_O0ries/aes192_   aes192
     00000A3D  A$aes192_z80_sdcc_O0ries/aes192_   aes192
     00000A40  A$aes192_z80_sdcc_O0ries/aes192_   aes192
     00000A43  A$aes192_z80_sdcc_O0ries/aes192_   aes192
     00000A46  A$aes192_z80_sdcc_O0ries/aes192_   aes192
     00000A47  A$aes192_z80_sdcc_O0ries/aes192_   aes192
     00000A47  C$aes192.c$126$4_0$39              aes192
     00000A4A  A$aes192_z80_sdcc_O0ries/aes192_   aes192
     00000A4C  A$aes192_z80_sdcc_O0ries/aes192_   aes192
     00000A4F  A$aes192_z80_sdcc_O0ries/aes192_   aes192
     00000A52  A$aes192_z80_sdcc_O0ries/aes192_   aes192
     00000A54  A$aes192_z80_sdcc_O0ries/aes192_   aes192
     00000A57  A$aes192_z80_sdcc_O0ries/aes192_   aes192
     00000A5A  A$aes192_z80_sdcc_O0ries/aes192_   aes192
     00000A5D  A$aes192_z80_sdcc_O0ries/aes192_   aes192
     00000A5E  A$aes192_z80_sdcc_O0ries/aes192_   aes192
     00000A61  A$aes192_z80_sdcc_O0ries/aes192_   aes192
     00000A64  A$aes192_z80_sdcc_O0ries/aes192_   aes192
     00000A65  A$aes192_z80_sdcc_O0ries/aes192_   aes192
     00000A65  C$aes192.c$127$4_0$39              aes192
     00000A68  A$aes192_z80_sdcc_O0ries/aes192_   aes192
     00000A6B  A$aes192_z80_sdcc_O0ries/aes192_   aes192
     00000A6E  A$aes192_z80_sdcc_O0ries/aes192_   aes192
     00000A6F  A$aes192_z80_sdcc_O0ries/aes192_   aes192
     00000A6F  C$aes192.c$130$2_0$32              aes192
     00000A70  A$aes192_z80_sdcc_O0ries/aes192_   aes192
     00000A73  A$aes192_z80_sdcc_O0ries/aes192_   aes192
     00000A76  A$aes192_z80_sdcc_O0ries/aes192_   aes192
     00000A76  C$aes192.c$131$6_0$41              aes192
     00000A79  A$aes192_z80_sdcc_O0ries/aes192_   aes192
     00000A7C  A$aes192_z80_sdcc_O0ries/aes192_   aes192
     00000A7F  A$aes192_z80_sdcc_O0ries/aes192_   aes192
     00000A82  A$aes192_z80_sdcc_O0ries/aes192_   aes192
     00000A85  A$aes192_z80_sdcc_O0ries/aes192_   aes192
     00000A88  A$aes192_z80_sdcc_O0ries/aes192_   aes192
     00000A8B  A$aes192_z80_sdcc_O0ries/aes192_   aes192
     00000A8E  A$aes192_z80_sdcc_O0ries/aes192_   aes192
ASxxxx Linker V03.00 + NoICE + sdld,  page 22.
Hexadecimal  [32-Bits]

Area                                    Addr        Size        Decimal Bytes (Attributes)
--------------------------------        ----        ----        ------- ----- ------------
_CODE                               00000200    00001BA8 =        7080. bytes (REL,CON)

      Value  Global                              Global Defined In Module
      -----  --------------------------------   ------------------------
     00000A8F  A$aes192_z80_sdcc_O0ries/aes192_   aes192
     00000A92  A$aes192_z80_sdcc_O0ries/aes192_   aes192
     00000A94  A$aes192_z80_sdcc_O0ries/aes192_   aes192
     00000A95  A$aes192_z80_sdcc_O0ries/aes192_   aes192
     00000A96  A$aes192_z80_sdcc_O0ries/aes192_   aes192
     00000A99  A$aes192_z80_sdcc_O0ries/aes192_   aes192
     00000A9C  A$aes192_z80_sdcc_O0ries/aes192_   aes192
     00000A9D  A$aes192_z80_sdcc_O0ries/aes192_   aes192
     00000A9D  C$aes192.c$130$5_0$40              aes192
     00000AA0  A$aes192_z80_sdcc_O0ries/aes192_   aes192
     00000AA3  A$aes192_z80_sdcc_O0ries/aes192_   aes192
     00000AA6  A$aes192_z80_sdcc_O0ries/aes192_   aes192
     00000AA9  A$aes192_z80_sdcc_O0ries/aes192_   aes192
     00000AAB  A$aes192_z80_sdcc_O0ries/aes192_   aes192
     00000AAE  A$aes192_z80_sdcc_O0ries/aes192_   aes192
     00000AAF  A$aes192_z80_sdcc_O0ries/aes192_   aes192
     00000AB0  A$aes192_z80_sdcc_O0ries/aes192_   aes192
     00000AB1  A$aes192_z80_sdcc_O0ries/aes192_   aes192
     00000AB3  A$aes192_z80_sdcc_O0ries/aes192_   aes192
     00000AB6  A$aes192_z80_sdcc_O0ries/aes192_   aes192
     00000AB6  C$aes192.c$134$4_0$39              aes192
     00000AB9  A$aes192_z80_sdcc_O0ries/aes192_   aes192
     00000ABC  A$aes192_z80_sdcc_O0ries/aes192_   aes192
     00000ABD  A$aes192_z80_sdcc_O0ries/aes192_   aes192
     00000ABE  A$aes192_z80_sdcc_O0ries/aes192_   aes192
     00000AC1  A$aes192_z80_sdcc_O0ries/aes192_   aes192
     00000AC2  A$aes192_z80_sdcc_O0ries/aes192_   aes192
     00000AC5  A$aes192_z80_sdcc_O0ries/aes192_   aes192
     00000AC8  A$aes192_z80_sdcc_O0ries/aes192_   aes192
     00000AC9  A$aes192_z80_sdcc_O0ries/aes192_   aes192
     00000ACC  A$aes192_z80_sdcc_O0ries/aes192_   aes192
     00000ACD  A$aes192_z80_sdcc_O0ries/aes192_   aes192
     00000ACE  A$aes192_z80_sdcc_O0ries/aes192_   aes192
     00000ACF  A$aes192_z80_sdcc_O0ries/aes192_   aes192
     00000AD2  A$aes192_z80_sdcc_O0ries/aes192_   aes192
     00000AD3  A$aes192_z80_sdcc_O0ries/aes192_   aes192
     00000AD4  A$aes192_z80_sdcc_O0ries/aes192_   aes192
     00000AD5  A$aes192_z80_sdcc_O0ries/aes192_   aes192
     00000AD8  A$aes192_z80_sdcc_O0ries/aes192_   aes192
     00000ADB  A$aes192_z80_sdcc_O0ries/aes192_   aes192
     00000ADC  A$aes192_z80_sdcc_O0ries/aes192_   aes192
     00000ADC  C$aes192.c$137$2_0$32              aes192
     00000ADF  A$aes192_z80_sdcc_O0ries/aes192_   aes192
     00000AE1  A$aes192_z80_sdcc_O0ries/aes192_   aes192
     00000AE4  A$aes192_z80_sdcc_O0ries/aes192_   aes192
     00000AE7  A$aes192_z80_sdcc_O0ries/aes192_   aes192
     00000AE9  A$aes192_z80_sdcc_O0ries/aes192_   aes192
     00000AEC  A$aes192_z80_sdcc_O0ries/aes192_   aes192
     00000AEF  A$aes192_z80_sdcc_O0ries/aes192_   aes192
     00000AF1  A$aes192_z80_sdcc_O0ries/aes192_   aes192
     00000AF4  A$aes192_z80_sdcc_O0ries/aes192_   aes192
ASxxxx Linker V03.00 + NoICE + sdld,  page 23.
Hexadecimal  [32-Bits]

Area                                    Addr        Size        Decimal Bytes (Attributes)
--------------------------------        ----        ----        ------- ----- ------------
_CODE                               00000200    00001BA8 =        7080. bytes (REL,CON)

      Value  Global                              Global Defined In Module
      -----  --------------------------------   ------------------------
     00000AF7  A$aes192_z80_sdcc_O0ries/aes192_   aes192
     00000AF9  A$aes192_z80_sdcc_O0ries/aes192_   aes192
     00000AFC  A$aes192_z80_sdcc_O0ries/aes192_   aes192
     00000AFF  A$aes192_z80_sdcc_O0ries/aes192_   aes192
     00000B00  A$aes192_z80_sdcc_O0ries/aes192_   aes192
     00000B03  A$aes192_z80_sdcc_O0ries/aes192_   aes192
     00000B06  A$aes192_z80_sdcc_O0ries/aes192_   aes192
     00000B07  A$aes192_z80_sdcc_O0ries/aes192_   aes192
     00000B0A  A$aes192_z80_sdcc_O0ries/aes192_   aes192
     00000B0B  A$aes192_z80_sdcc_O0ries/aes192_   aes192
     00000B0C  A$aes192_z80_sdcc_O0ries/aes192_   aes192
     00000B0F  A$aes192_z80_sdcc_O0ries/aes192_   aes192
     00000B12  A$aes192_z80_sdcc_O0ries/aes192_   aes192
     00000B15  A$aes192_z80_sdcc_O0ries/aes192_   aes192
     00000B16  A$aes192_z80_sdcc_O0ries/aes192_   aes192
     00000B18  A$aes192_z80_sdcc_O0ries/aes192_   aes192
     00000B19  A$aes192_z80_sdcc_O0ries/aes192_   aes192
     00000B1C  A$aes192_z80_sdcc_O0ries/aes192_   aes192
     00000B1F  A$aes192_z80_sdcc_O0ries/aes192_   aes192
     00000B20  A$aes192_z80_sdcc_O0ries/aes192_   aes192
     00000B23  A$aes192_z80_sdcc_O0ries/aes192_   aes192
     00000B26  A$aes192_z80_sdcc_O0ries/aes192_   aes192
     00000B27  A$aes192_z80_sdcc_O0ries/aes192_   aes192
     00000B2A  A$aes192_z80_sdcc_O0ries/aes192_   aes192
     00000B2B  A$aes192_z80_sdcc_O0ries/aes192_   aes192
     00000B2C  A$aes192_z80_sdcc_O0ries/aes192_   aes192
     00000B2F  A$aes192_z80_sdcc_O0ries/aes192_   aes192
     00000B32  A$aes192_z80_sdcc_O0ries/aes192_   aes192
     00000B35  A$aes192_z80_sdcc_O0ries/aes192_   aes192
     00000B36  A$aes192_z80_sdcc_O0ries/aes192_   aes192
     00000B38  A$aes192_z80_sdcc_O0ries/aes192_   aes192
     00000B39  A$aes192_z80_sdcc_O0ries/aes192_   aes192
     00000B3C  A$aes192_z80_sdcc_O0ries/aes192_   aes192
     00000B3D  A$aes192_z80_sdcc_O0ries/aes192_   aes192
     00000B40  A$aes192_z80_sdcc_O0ries/aes192_   aes192
     00000B43  A$aes192_z80_sdcc_O0ries/aes192_   aes192
     00000B43  C$aes192.c$138$5_0$43              aes192
     00000B46  A$aes192_z80_sdcc_O0ries/aes192_   aes192
     00000B49  A$aes192_z80_sdcc_O0ries/aes192_   aes192
     00000B4C  A$aes192_z80_sdcc_O0ries/aes192_   aes192
     00000B4D  A$aes192_z80_sdcc_O0ries/aes192_   aes192
     00000B50  A$aes192_z80_sdcc_O0ries/aes192_   aes192
     00000B53  A$aes192_z80_sdcc_O0ries/aes192_   aes192
     00000B56  A$aes192_z80_sdcc_O0ries/aes192_   aes192
     00000B57  A$aes192_z80_sdcc_O0ries/aes192_   aes192
     00000B59  A$aes192_z80_sdcc_O0ries/aes192_   aes192
     00000B5B  A$aes192_z80_sdcc_O0ries/aes192_   aes192
     00000B5D  A$aes192_z80_sdcc_O0ries/aes192_   aes192
     00000B5F  A$aes192_z80_sdcc_O0ries/aes192_   aes192
     00000B60  A$aes192_z80_sdcc_O0ries/aes192_   aes192
     00000B61  A$aes192_z80_sdcc_O0ries/aes192_   aes192
ASxxxx Linker V03.00 + NoICE + sdld,  page 24.
Hexadecimal  [32-Bits]

Area                                    Addr        Size        Decimal Bytes (Attributes)
--------------------------------        ----        ----        ------- ----- ------------
_CODE                               00000200    00001BA8 =        7080. bytes (REL,CON)

      Value  Global                              Global Defined In Module
      -----  --------------------------------   ------------------------
     00000B62  A$aes192_z80_sdcc_O0ries/aes192_   aes192
     00000B63  A$aes192_z80_sdcc_O0ries/aes192_   aes192
     00000B66  A$aes192_z80_sdcc_O0ries/aes192_   aes192
     00000B69  A$aes192_z80_sdcc_O0ries/aes192_   aes192
     00000B6A  A$aes192_z80_sdcc_O0ries/aes192_   aes192
     00000B6D  A$aes192_z80_sdcc_O0ries/aes192_   aes192
     00000B70  A$aes192_z80_sdcc_O0ries/aes192_   aes192
     00000B72  A$aes192_z80_sdcc_O0ries/aes192_   aes192
     00000B74  A$aes192_z80_sdcc_O0ries/aes192_   aes192
     00000B76  A$aes192_z80_sdcc_O0ries/aes192_   aes192
     00000B78  A$aes192_z80_sdcc_O0ries/aes192_   aes192
     00000B79  A$aes192_z80_sdcc_O0ries/aes192_   aes192
     00000B7A  A$aes192_z80_sdcc_O0ries/aes192_   aes192
     00000B7D  A$aes192_z80_sdcc_O0ries/aes192_   aes192
     00000B7E  A$aes192_z80_sdcc_O0ries/aes192_   aes192
     00000B7F  A$aes192_z80_sdcc_O0ries/aes192_   aes192
     00000B82  A$aes192_z80_sdcc_O0ries/aes192_   aes192
     00000B83  A$aes192_z80_sdcc_O0ries/aes192_   aes192
     00000B83  C$aes192.c$139$5_0$43              aes192
     00000B86  A$aes192_z80_sdcc_O0ries/aes192_   aes192
     00000B89  A$aes192_z80_sdcc_O0ries/aes192_   aes192
     00000B8C  A$aes192_z80_sdcc_O0ries/aes192_   aes192
     00000B8D  A$aes192_z80_sdcc_O0ries/aes192_   aes192
     00000B90  A$aes192_z80_sdcc_O0ries/aes192_   aes192
     00000B93  A$aes192_z80_sdcc_O0ries/aes192_   aes192
     00000B96  A$aes192_z80_sdcc_O0ries/aes192_   aes192
     00000B98  A$aes192_z80_sdcc_O0ries/aes192_   aes192
     00000B9A  A$aes192_z80_sdcc_O0ries/aes192_   aes192
     00000B9C  A$aes192_z80_sdcc_O0ries/aes192_   aes192
     00000B9E  A$aes192_z80_sdcc_O0ries/aes192_   aes192
     00000B9F  A$aes192_z80_sdcc_O0ries/aes192_   aes192
     00000BA0  A$aes192_z80_sdcc_O0ries/aes192_   aes192
     00000BA1  A$aes192_z80_sdcc_O0ries/aes192_   aes192
     00000BA2  A$aes192_z80_sdcc_O0ries/aes192_   aes192
     00000BA3  A$aes192_z80_sdcc_O0ries/aes192_   aes192
     00000BA6  A$aes192_z80_sdcc_O0ries/aes192_   aes192
     00000BA7  A$aes192_z80_sdcc_O0ries/aes192_   aes192
[...]
     00000E85  A$aes192_z80_sdcc_O0ries/aes192_   aes192
     00000E87  A$aes192_z80_sdcc_O0ries/aes192_   aes192
     00000E8A  A$aes192_z80_sdcc_O0ries/aes192_   aes192
     00000E8B  A$aes192_z80_sdcc_O0ries/aes192_   aes192
     00000E8D  A$aes192_z80_sdcc_O0ries/aes192_   aes192
     00000E90  A$aes192_z80_sdcc_O0ries/aes192_   aes192
     00000E91  A$aes192_z80_sdcc_O0ries/aes192_   aes192
     00000E93  A$aes192_z80_sdcc_O0ries/aes192_   aes192
     00000E96  A$aes192_z80_sdcc_O0ries/aes192_   aes192
     00000E97  A$aes192_z80_sdcc_O0ries/aes192_   aes192
     00000E99  A$aes192_z80_sdcc_O0ries/aes192_   aes192
     00000E9C  A$aes192_z80_sdcc_O0ries/aes192_   aes192
     00000E9D  A$aes192_z80_sdcc_O0ries/aes192_   aes192
     00000E9F  A$aes192_z80_sdcc_O0ries/aes192_   aes192
     00000EA2  A$aes192_z80_sdcc_O0ries/aes192_   aes192
     00000EA3  A$aes192_z80_sdcc_O0ries/aes192_   aes192
     00000EA5  A$aes192_z80_sdcc_O0ries/aes192_   aes192
     00000EA8  A$aes192_z80_sdcc_O0ries/aes192_   aes192
     00000EA9  A$aes192_z80_sdcc_O0ries/aes192_   aes192
     00000EAB  A$aes192_z80_sdcc_O0ries/aes192_   aes192
     00000EAE  A$aes192_z80_sdcc_O0ries/aes192_   aes192
     00000EAF  A$aes192_z80_sdcc_O0ries/aes192_   aes192
     00000EB1  A$aes192_z80_sdcc_O0ries/aes192_   aes192
     00000EB4  A$aes192_z80_sdcc_O0ries/aes192_   aes192
     00000EB5  A$aes192_z80_sdcc_O0ries/aes192_   aes192
     00000EB7  A$aes192_z80_sdcc_O0ries/aes192_   aes192
     00000EBA  A$aes192_z80_sdcc_O0ries/aes192_   aes192
     00000EBB  A$aes192_z80_sdcc_O0ries/aes192_   aes192
     00000EBD  A$aes192_z80_sdcc_O0ries/aes192_   aes192
     00000EC0  A$aes192_z80_sdcc_O0ries/aes192_   aes192
     00000EC1  A$aes192_z80_sdcc_O0ries/aes192_   aes192
     00000EC3  A$aes192_z80_sdcc_O0ries/aes192_   aes192
     00000EC6  A$aes192_z80_sdcc_O0ries/aes192_   aes192
     00000EC7  A$aes192_z80_sdcc_O0ries/aes192_   aes192
     00000EC9  A$aes192_z80_sdcc_O0ries/aes192_   aes192
     00000ECC  A$aes192_z80_sdcc_O0ries/aes192_   aes192
ASxxxx Linker V03.00 + NoICE + sdld,  page 33.
Hexadecimal  [32-Bits]

Area                                    Addr        Size        Decimal Bytes (Attributes)
--------------------------------        ----        ----        ------- ----- ------------
_CODE                               00000200    00001BA8 =        7080. bytes (REL,CON)

      Value  Global                              Global Defined In Module
      -----  --------------------------------   ------------------------
     00000ECD  A$aes192_z80_sdcc_O0ries/aes192_   aes192
     00000ECF  A$aes192_z80_sdcc_O0ries/aes192_   aes192
     00000ECF  C$aes192.c$189$2_0$57              aes192
     00000ED2  A$aes192_z80_sdcc_O0ries/aes192_   aes192
     00000ED3  A$aes192_z80_sdcc_O0ries/aes192_   aes192
     00000ED4  A$aes192_z80_sdcc_O0ries/aes192_   aes192
     00000ED6  A$aes192_z80_sdcc_O0ries/aes192_   aes192
     00000ED7  A$aes192_z80_sdcc_O0ries/aes192_   aes192
     00000ED8  A$aes192_z80_sdcc_O0ries/aes192_   aes192
     00000ED9  A$aes192_z80_sdcc_O0ries/aes192_   aes192
     00000EDA  A$aes192_z80_sdcc_O0ries/aes192_   aes192
     00000EDC  A$aes192_z80_sdcc_O0ries/aes192_   aes192
     00000EDD  A$aes192_z80_sdcc_O0ries/aes192_   aes192
     00000EDE  A$aes192_z80_sdcc_O0ries/aes192_   aes192
     00000EDF  A$aes192_z80_sdcc_O0ries/aes192_   aes192
     00000EE0  A$aes192_z80_sdcc_O0ries/aes192_   aes192
     00000EE2  A$aes192_z80_sdcc_O0ries/aes192_   aes192
     00000EE3  A$aes192_z80_sdcc_O0ries/aes192_   aes192
     00000EE4  A$aes192_z80_sdcc_O0ries/aes192_   aes192
     00000EE5  A$aes192_z80_sdcc_O0ries/aes192_   aes192
     00000EE6  A$aes192_z80_sdcc_O0ries/aes192_   aes192
     00000EE7  A$aes192_z80_sdcc_O0ries/aes192_   aes192
     00000EE9  A$aes192_z80_sdcc_O0ries/aes192_   aes192
     00000EEC  A$aes192_z80_sdcc_O0ries/aes192_   aes192
     00000EED  A$aes192_z80_sdcc_O0ries/aes192_   aes192
     00000EEF  A$aes192_z80_sdcc_O0ries/aes192_   aes192
     00000EF2  A$aes192_z80_sdcc_O0ries/aes192_   aes192
     00000EF3  A$aes192_z80_sdcc_O0ries/aes192_   aes192
     00000EF5  A$aes192_z80_sdcc_O0ries/aes192_   aes192
     00000EF8  A$aes192_z80_sdcc_O0ries/aes192_   aes192
     00000EF9  A$aes192_z80_sdcc_O0ries/aes192_   aes192
     00000EFB  A$aes192_z80_sdcc_O0ries/aes192_   aes192
     00000EFE  A$aes192_z80_sdcc_O0ries/aes192_   aes192
     00000EFF  A$aes192_z80_sdcc_O0ries/aes192_   aes192
     00000F01  A$aes192_z80_sdcc_O0ries/aes192_   aes192
     00000F04  A$aes192_z80_sdcc_O0ries/aes192_   aes192
     00000F05  A$aes192_z80_sdcc_O0ries/aes192_   aes192
     00000F07  A$aes192_z80_sdcc_O0ries/aes192_   aes192
     00000F0A  A$aes192_z80_sdcc_O0ries/aes192_   aes192
     00000F0B  A$aes192_z80_sdcc_O0ries/aes192_   aes192
     00000F0D  A$aes192_z80_sdcc_O0ries/aes192_   aes192
     00000F10  A$aes192_z80_sdcc_O0ries/aes192_   aes192
     00000F11  A$aes192_z80_sdcc_O0ries/aes192_   aes192
     00000F13  A$aes192_z80_sdcc_O0ries/aes192_   aes192
     00000F16  A$aes192_z80_sdcc_O0ries/aes192_   aes192
     00000F17  A$aes192_z80_sdcc_O0ries/aes192_   aes192
     00000F19  A$aes192_z80_sdcc_O0ries/aes192_   aes192
     00000F1C  A$aes192_z80_sdcc_O0ries/aes192_   aes192
     00000F1D  A$aes192_z80_sdcc_O0ries/aes192_   aes192
     00000F1F  A$aes192_z80_sdcc_O0ries/aes192_   aes192
     00000F22  A$aes192_z80_sdcc_O0ries/aes192_   aes192
ASxxxx Linker V03.00 + NoICE + sdld,  page 34.
Hexadecimal  [32-Bits]

Area                                    Addr        Size        Decimal Bytes (Attributes)
--------------------------------        ----        ----        ------- ----- ------------
_CODE                               00000200    00001BA8 =        7080. bytes (REL,CON)

      Value  Global                              Global Defined In Module
      -----  --------------------------------   ------------------------
     00000F23  A$aes192_z80_sdcc_O0ries/aes192_   aes192
     00000F25  A$aes192_z80_sdcc_O0ries/aes192_   aes192
     00000F28  A$aes192_z80_sdcc_O0ries/aes192_   aes192
     00000F29  A$aes192_z80_sdcc_O0ries/aes192_   aes192
     00000F2B  A$aes192_z80_sdcc_O0ries/aes192_   aes192
     00000F2E  A$aes192_z80_sdcc_O0ries/aes192_   aes192
     00000F2F  A$aes192_z80_sdcc_O0ries/aes192_   aes192
     00000F31  A$aes192_z80_sdcc_O0ries/aes192_   aes192
     00000F34  A$aes192_z80_sdcc_O0ries/aes192_   aes192
     00000F35  A$aes192_z80_sdcc_O0ries/aes192_   aes192
     00000F37  A$aes192_z80_sdcc_O0ries/aes192_   aes192
     00000F3A  A$aes192_z80_sdcc_O0ries/aes192_   aes192
     00000F3B  A$aes192_z80_sdcc_O0ries/aes192_   aes192
     00000F3D  A$aes192_z80_sdcc_O0ries/aes192_   aes192
     00000F40  A$aes192_z80_sdcc_O0ries/aes192_   aes192
     00000F41  A$aes192_z80_sdcc_O0ries/aes192_   aes192
     00000F43  A$aes192_z80_sdcc_O0ries/aes192_   aes192
     00000F46  A$aes192_z80_sdcc_O0ries/aes192_   aes192
     00000F47  A$aes192_z80_sdcc_O0ries/aes192_   aes192
     00000F49  A$aes192_z80_sdcc_O0ries/aes192_   aes192
     00000F4C  A$aes192_z80_sdcc_O0ries/aes192_   aes192
     00000F4D  A$aes192_z80_sdcc_O0ries/aes192_   aes192
     00000F4F  A$aes192_z80_sdcc_O0ries/aes192_   aes192
     00000F52  A$aes192_z80_sdcc_O0ries/aes192_   aes192
     00000F53  A$aes192_z80_sdcc_O0ries/aes192_   aes192
     00000F55  A$aes192_z80_sdcc_O0ries/aes192_   aes192
     00000F58  A$aes192_z80_sdcc_O0ries/aes192_   aes192
     00000F59  A$aes192_z80_sdcc_O0ries/aes192_   aes192
     00000F5B  A$aes192_z80_sdcc_O0ries/aes192_   aes192
     00000F5E  A$aes192_z80_sdcc_O0ries/aes192_   aes192
     00000F5F  A$aes192_z80_sdcc_O0ries/aes192_   aes192
     00000F61  A$aes192_z80_sdcc_O0ries/aes192_   aes192
     00000F61  C$aes192.c$197$1_0$57              aes192
     00000F64  A$aes192_z80_sdcc_O0ries/aes192_   aes192
     00000F65  A$aes192_z80_sdcc_O0ries/aes192_   aes192
     00000F68  A$aes192_z80_sdcc_O0ries/aes192_   aes192
     00000F6B  A$aes192_z80_sdcc_O0ries/aes192_   aes192
     00000F6E  A$aes192_z80_sdcc_O0ries/aes192_   aes192
     00000F71  A$aes192_z80_sdcc_O0ries/aes192_   aes192
     00000F72  A$aes192_z80_sdcc_O0ries/aes192_   aes192
     00000F73  A$aes192_z80_sdcc_O0ries/aes192_   aes192
     00000F74  A$aes192_z80_sdcc_O0ries/aes192_   aes192
     00000F77  A$aes192_z80_sdcc_O0ries/aes192_   aes192
     00000F7A  A$aes192_z80_sdcc_O0ries/aes192_   aes192
     00000F7B  A$aes192_z80_sdcc_O0ries/aes192_   aes192
     00000F7C  A$aes192_z80_sdcc_O0ries/aes192_   aes192
     00000F7C  C$aes192.c$199$1_0$57              aes192
     00000F7F  A$aes192_z80_sdcc_O0ries/aes192_   aes192
     00000F80  A$aes192_z80_sdcc_O0ries/aes192_   aes192
     00000F83  A$aes192_z80_sdcc_O0ries/aes192_   aes192
     00000F84  A$aes192_z80_sdcc_O0ries/aes192_   aes192
ASxxxx Linker V03.00 + NoICE + sdld,  page 35.
Hexadecimal  [32-Bits]

Area                                    Addr        Size        Decimal Bytes (Attributes)
--------------------------------        ----        ----        ------- ----- ------------
_CODE                               00000200    00001BA8 =        7080. bytes (REL,CON)

      Value  Global                              Global Defined In Module
      -----  --------------------------------   ------------------------
     00000F84  C$aes192.c$200$1_0$57              aes192
     00000F87  A$aes192_z80_sdcc_O0ries/aes192_   aes192
     00000F88  A$aes192_z80_sdcc_O0ries/aes192_   aes192
     00000F8B  A$aes192_z80_sdcc_O0ries/aes192_   aes192
     00000F8C  A$aes192_z80_sdcc_O0ries/aes192_   aes192
     00000F8C  C$aes192.c$201$3_0$59              aes192
     00000F8F  A$aes192_z80_sdcc_O0ries/aes192_   aes192
     00000F90  A$aes192_z80_sdcc_O0ries/aes192_   aes192
     00000F92  A$aes192_z80_sdcc_O0ries/aes192_   aes192
     00000F93  A$aes192_z80_sdcc_O0ries/aes192_   aes192
     00000F94  A$aes192_z80_sdcc_O0ries/aes192_   aes192
     00000F95  A$aes192_z80_sdcc_O0ries/aes192_   aes192
     00000F96  A$aes192_z80_sdcc_O0ries/aes192_   aes192
     00000F98  A$aes192_z80_sdcc_O0ries/aes192_   aes192
     00000F9B  A$aes192_z80_sdcc_O0ries/aes192_   aes192
     00000F9B  C$aes192.c$202$3_0$59              aes192
     00000F9E  A$aes192_z80_sdcc_O0ries/aes192_   aes192
     00000FA1  A$aes192_z80_sdcc_O0ries/aes192_   aes192
     00000FA2  A$aes192_z80_sdcc_O0ries/aes192_   aes192
     00000FA3  A$aes192_z80_sdcc_O0ries/aes192_   aes192
     00000FA5  A$aes192_z80_sdcc_O0ries/aes192_   aes192
     00000FA6  A$aes192_z80_sdcc_O0ries/aes192_   aes192
     00000FA7  A$aes192_z80_sdcc_O0ries/aes192_   aes192
     00000FAA  A$aes192_z80_sdcc_O0ries/aes192_   aes192
     00000FAB  A$aes192_z80_sdcc_O0ries/aes192_   aes192
     00000FAE  A$aes192_z80_sdcc_O0ries/aes192_   aes192
     00000FAF  A$aes192_z80_sdcc_O0ries/aes192_   aes192
     00000FB0  A$aes192_z80_sdcc_O0ries/aes192_   aes192
     00000FB1  A$aes192_z80_sdcc_O0ries/aes192_   aes192
     00000FB1  C$aes192.c$201$2_0$58              aes192
     00000FB2  A$aes192_z80_sdcc_O0ries/aes192_   aes192
     00000FB5  A$aes192_z80_sdcc_O0ries/aes192_   aes192
     00000FB5  C$aes192.c$204$1_0$57              aes192
     00000FB8  A$aes192_z80_sdcc_O0ries/aes192_   aes192
     00000FB9  A$aes192_z80_sdcc_O0ries/aes192_   aes192
     00000FBC  A$aes192_z80_sdcc_O0ries/aes192_   aes192
     00000FBD  A$aes192_z80_sdcc_O0ries/aes192_   aes192
     00000FBD  C$aes192.c$206$1_0$57              aes192
     00000FC0  A$aes192_z80_sdcc_O0ries/aes192_   aes192
     00000FC2  A$aes192_z80_sdcc_O0ries/aes192_   aes192
     00000FC4  A$aes192_z80_sdcc_O0ries/aes192_   aes192
     00000FC4  C$aes192.c$207$1_0$57              aes192
     00000FC4  XG$main$0$0                        aes192
     00000FC5  Faes192$__str_1$0_0$0              aes192
     00000FD5  Faes192$__str_2$0_0$0              aes192
     00000FE2  Faes192$__str_3$0_0$0              aes192
     00000FE8  Faes192$__str_5$0_0$0              aes192
     00000FE9  _puts                              puts
     0000101B  _vprintf                           vprintf
     00001043  _printf                            vprintf
     00001060  __modschar                         
ASxxxx Linker V03.00 + NoICE + sdld,  page 36.
Hexadecimal  [32-Bits]

Area                                    Addr        Size        Decimal Bytes (Attributes)
--------------------------------        ----        ----        ------- ----- ------------
_CODE                               00000200    00001BA8 =        7080. bytes (REL,CON)

      Value  Global                              Global Defined In Module
      -----  --------------------------------   ------------------------
     0000106D  __modsint                          
     00001079  __divsint                          
     00001082  __divschar                         
     00001089  __div8                             
     0000108D  __div_signexte                     
     00001091  __div16                            
     000010B7  __get_remainder                    
     000011E7  __print_format                     printf_large
     00001D57  __divuint                          
     00001D5F  __divuchar                         
     00001D66  __divu8                            
     00001D69  __divu16                           
     00001D98  ___sdcc_call_hl                    
     00001D99  _strlen                            

ASxxxx Linker V03.00 + NoICE + sdld,  page 37.
Hexadecimal  [32-Bits]

Area                                    Addr        Size        Decimal Bytes (Attributes)
--------------------------------        ----        ----        ------- ----- ------------
_HEADER0                            00000000    00000003 =           3. bytes (ABS,CON)

      Value  Global                              Global Defined In Module
      -----  --------------------------------   ------------------------
ASxxxx Linker V03.00 + NoICE + sdld,  page 38.
Hexadecimal  [32-Bits]

Area                                    Addr        Size        Decimal Bytes (Attributes)
--------------------------------        ----        ----        ------- ----- ------------
_HEADER1                            00000000    00000004 =           4. bytes (ABS,CON)

      Value  Global                              Global Defined In Module
      -----  --------------------------------   ------------------------
ASxxxx Linker V03.00 + NoICE + sdld,  page 39.
Hexadecimal  [32-Bits]

Area                                    Addr        Size        Decimal Bytes (Attributes)
--------------------------------        ----        ----        ------- ----- ------------
_HEADER2                            00000000    00000003 =           3. bytes (ABS,CON)

      Value  Global                              Global Defined In Module
      -----  --------------------------------   ------------------------
ASxxxx Linker V03.00 + NoICE + sdld,  page 40.
Hexadecimal  [32-Bits]

Area                                    Addr        Size        Decimal Bytes (Attributes)
--------------------------------        ----        ----        ------- ----- ------------
_HEADER3                            00000000    00000003 =           3. bytes (ABS,CON)

      Value  Global                              Global Defined In Module
      -----  --------------------------------   ------------------------
ASxxxx Linker V03.00 + NoICE + sdld,  page 41.
Hexadecimal  [32-Bits]

Area                                    Addr        Size        Decimal Bytes (Attributes)
--------------------------------        ----        ----        ------- ----- ------------
_HEADER4                            00000000    00000003 =           3. bytes (ABS,CON)

      Value  Global                              Global Defined In Module
      -----  --------------------------------   ------------------------
ASxxxx Linker V03.00 + NoICE + sdld,  page 42.
Hexadecimal  [32-Bits]

Area                                    Addr        Size        Decimal Bytes (Attributes)
--------------------------------        ----        ----        ------- ----- ------------
_HEADER5                            00000000    00000003 =           3. bytes (ABS,CON)

      Value  Global                              Global Defined In Module
      -----  --------------------------------   ------------------------
ASxxxx Linker V03.00 + NoICE + sdld,  page 43.
Hexadecimal  [32-Bits]

Area                                    Addr        Size        Decimal Bytes (Attributes)
--------------------------------        ----        ----        ------- ----- ------------
_HEADER6                            00000000    00000003 =           3. bytes (ABS,CON)

      Value  Global                              Global Defined In Module
      -----  --------------------------------   ------------------------
ASxxxx Linker V03.00 + NoICE + sdld,  page 44.
Hexadecimal  [32-Bits]

Area                                    Addr        Size        Decimal Bytes (Attributes)
--------------------------------        ----        ----        ------- ----- ------------
_HEADER7                            00000000    00000003 =           3. bytes (ABS,CON)

      Value  Global                              Global Defined In Module
      -----  --------------------------------   ------------------------
ASxxxx Linker V03.00 + NoICE + sdld,  page 45.
Hexadecimal  [32-Bits]

Area                                    Addr        Size        Decimal Bytes (Attributes)
--------------------------------        ----        ----        ------- ----- ------------
_HEADER8                            00000000    0000000C =          12. bytes (ABS,CON)

      Value  Global                              Global Defined In Module
      -----  --------------------------------   ------------------------
ASxxxx Linker V03.00 + NoICE + sdld,  page 46.
Hexadecimal  [32-Bits]

Area                                    Addr        Size        Decimal Bytes (Attributes)
--------------------------------        ----        ----        ------- ----- ------------
_GSINIT                             00001DA8    0000000F =          15. bytes (REL,CON)

      Value  Global                              Global Defined In Module
      -----  --------------------------------   ------------------------
     00001DA8  gsinit                             crt0

ASxxxx Linker V03.00 + NoICE + sdld,  page 47.
Hexadecimal  [32-Bits]

Area                                    Addr        Size        Decimal Bytes (Attributes)
--------------------------------        ----        ----        ------- ----- ------------
_GSFINAL                            00001DB7    00000001 =           1. bytes (REL,CON)

      Value  Global                              Global Defined In Module
      -----  --------------------------------   ------------------------
ASxxxx Linker V03.00 + NoICE + sdld,  page 48.

Files Linked                              [ module(s) ]

/usr/bin/../share/sdcc/lib/z80/crt0.rel   [ crt0 ]
/work/dataset_binaries/aes192_z80_sdcc_O0.rel
                                          [ aes192 ]


Libraries Linked                          [ object file ]

/usr/bin/../share/sdcc/lib/z80/z80.lib    [ puts.rel ]
/usr/bin/../share/sdcc/lib/z80/z80.lib    [ vprintf.rel ]
/usr/bin/../share/sdcc/lib/z80/z80.lib    [ modsigned.rel ]
/usr/bin/../share/sdcc/lib/z80/z80.lib    [ divsigned.rel ]
/usr/bin/../share/sdcc/lib/z80/z80.lib    [ printf_large.rel ]
/usr/bin/../share/sdcc/lib/z80/z80.lib    [ divunsigned.rel ]
/usr/bin/../share/sdcc/lib/z80/z80.lib    [ __sdcc_call_hl.rel ]
/usr/bin/../share/sdcc/lib/z80/z80.lib    [ strlen.rel ]

ASxxxx Linker V03.00 + NoICE + sdld,  page 49.

User Base Address Definitions

_CODE = 0x0200
_DATA = 0x8000


?ASlink-Warning-Undefined Global '_putchar' referenced by module 'puts'

?ASlink-Warning-Undefined Global '_putchar' referenced by module 'vprintf'
